#Date        Time         gpu    pwr  gtemp  mtemp 
#YYYYMMDD    HH:MM:SS     Idx      W      C      C 
 20260323    15:21:49       0     81     34     41 
 20260323    15:21:49       1     97     35     43 
 20260323    15:21:49       2     97     34     44 
 20260323    15:21:49       3     96     32     40 
 20260323    15:22:19       0     81     34     41 
 20260323    15:22:19       1     96     35     43 
 20260323    15:22:19       2     96     34     44 
 20260323    15:22:19       3     96     32     40 
 20260323    15:22:49       0    128     36     42 
 20260323    15:22:49       1    145     37     45 
 20260323    15:22:49       2    145     36     44 
 20260323    15:22:49       3    143     34     40 
 20260323    15:23:19       0    136     37     41 
 20260323    15:23:19       1    156     38     45 
 20260323    15:23:19       2    153     37     46 
 20260323    15:23:19       3    152     35     41 
 20260323    15:23:49       0    153     38     43 
 20260323    15:23:49       1    171     39     46 
 20260323    15:23:49       2    169     38     46 
 20260323    15:23:49       3    167     36     41 
 20260323    15:24:19       0    150     38     44 
 20260323    15:24:19       1    169     39     46 
 20260323    15:24:19       2    171     38     46 
 20260323    15:24:19       3    168     37     42 
 20260323    15:24:49       0    152     38     44 
 20260323    15:24:49       1    171     39     46 
 20260323    15:24:49       2    170     38     46 
 20260323    15:24:49       3    167     37     42 
 20260323    15:25:19       0    153     38     43 
 20260323    15:25:19       1    173     40     46 
 20260323    15:25:19       2    169     38     46 
 20260323    15:25:19       3    167     37     42 
 20260323    15:25:49       0    151     38     43 
 20260323    15:25:49       1    168     40     46 
 20260323    15:25:49       2    169     38     46 
 20260323    15:25:49       3    167     37     42 
 20260323    15:26:19       0    150     38     43 
 20260323    15:26:19       1    169     40     46 
 20260323    15:26:19       2    168     38     46 
 20260323    15:26:19       3    166     37     42 
 20260323    15:26:49       0    151     38     43 
 20260323    15:26:49       1    169     40     46 
 20260323    15:26:49       2    169     38     46 
 20260323    15:26:49       3    167     37     43 
#Date        Time         gpu    pwr  gtemp  mtemp 
#YYYYMMDD    HH:MM:SS     Idx      W      C      C 
 20260323    15:27:19       0    149     38     43 
 20260323    15:27:19       1    168     40     46 
 20260323    15:27:19       2    170     38     46 
 20260323    15:27:19       3    166     37     43 
 20260323    15:27:49       0    150     38     43 
 20260323    15:27:49       1    168     40     46 
 20260323    15:27:49       2    166     38     46 
 20260323    15:27:49       3    165     37     43 
 20260323    15:28:19       0    153     39     43 
 20260323    15:28:19       1    168     40     47 
 20260323    15:28:19       2    168     39     46 
 20260323    15:28:19       3    167     37     43 
 20260323    15:28:49       0    150     38     43 
 20260323    15:28:49       1    169     40     47 
 20260323    15:28:49       2    169     38     46 
 20260323    15:28:49       3    167     37     43 
 20260323    15:29:19       0    149     39     43 
 20260323    15:29:19       1    168     40     46 
 20260323    15:29:19       2    169     39     46 
 20260323    15:29:19       3    166     37     43 
 20260323    15:29:49       0    150     38     43 
 20260323    15:29:49       1    167     40     46 
 20260323    15:29:49       2    169     38     46 
 20260323    15:29:49       3    167     37     43 
 20260323    15:30:19       0    151     38     43 
 20260323    15:30:19       1    167     40     46 
 20260323    15:30:19       2    169     38     47 
 20260323    15:30:19       3    166     37     43 
 20260323    15:30:49       0    150     38     43 
 20260323    15:30:49       1    168     40     47 
 20260323    15:30:49       2    169     38     46 
 20260323    15:30:49       3    167     37     43 
 20260323    15:31:19       0    147     38     43 
 20260323    15:31:19       1    164     40     46 
 20260323    15:31:19       2    166     39     46 
 20260323    15:31:19       3    164     37     43 
 20260323    15:31:49       0    151     38     43 
 20260323    15:31:49       1    167     40     46 
 20260323    15:31:49       2    168     38     47 
 20260323    15:31:49       3    168     37     43 
 20260323    15:32:19       0    150     38     43 
 20260323    15:32:19       1    168     40     48 
 20260323    15:32:19       2    168     38     47 
 20260323    15:32:19       3    166     37     43 
#Date        Time         gpu    pwr  gtemp  mtemp 
#YYYYMMDD    HH:MM:SS     Idx      W      C      C 
 20260323    15:32:49       0    154     38     43 
 20260323    15:32:49       1    170     40     46 
 20260323    15:32:49       2    172     38     47 
 20260323    15:32:49       3    172     37     43 
 20260323    15:33:19       0    151     38     43 
 20260323    15:33:19       1    168     40     47 
 20260323    15:33:19       2    167     38     46 
 20260323    15:33:19       3    166     37     43 
 20260323    15:33:49       0    152     38     43 
 20260323    15:33:49       1    167     40     46 
 20260323    15:33:49       2    168     38     46 
 20260323    15:33:49       3    166     37     43 
 20260323    15:34:19       0    133     37     43 
 20260323    15:34:19       1    149     38     46 
 20260323    15:34:19       2    150     37     47 
 20260323    15:34:19       3    150     35     42 
 20260323    15:34:49       0    487     50     59 
 20260323    15:34:49       1    490     53     63 
 20260323    15:34:49       2    492     52     62 
 20260323    15:34:49       3    488     49     56 
 20260323    15:35:19       0    480     49     58 
 20260323    15:35:19       1    490     52     62 
 20260323    15:35:19       2    488     51     62 
 20260323    15:35:19       3    488     48     56 
 20260323    15:35:49       0    492     47     55 
 20260323    15:35:49       1    518     50     59 
 20260323    15:35:49       2    529     50     62 
 20260323    15:35:49       3    515     43     51 
 20260323    15:36:19       0    133     39     47 
 20260323    15:36:19       1    151     42     53 
 20260323    15:36:19       2    154     41     52 
 20260323    15:36:19       3    150     38     46 
 20260323    15:36:49       0    150     38     45 
 20260323    15:36:49       1    169     41     49 
 20260323    15:36:49       2    169     39     48 
 20260323    15:36:49       3    165     37     44 
 20260323    15:37:19       0    149     38     45 
 20260323    15:37:19       1    168     40     48 
 20260323    15:37:19       2    168     39     49 
 20260323    15:37:19       3    166     37     43 
 20260323    15:37:49       0    149     38     44 
 20260323    15:37:49       1    168     40     47 
 20260323    15:37:49       2    167     39     48 
 20260323    15:37:49       3    165     37     43 
#Date        Time         gpu    pwr  gtemp  mtemp 
#YYYYMMDD    HH:MM:SS     Idx      W      C      C 
 20260323    15:38:19       0    150     38     43 
 20260323    15:38:19       1    168     40     47 
 20260323    15:38:19       2    168     39     48 
 20260323    15:38:19       3    166     37     43 
 20260323    15:38:49       0    149     38     43 
 20260323    15:38:49       1    168     40     47 
 20260323    15:38:49       2    169     38     48 
 20260323    15:38:49       3    166     37     43 
 20260323    15:39:19       0    150     38     43 
 20260323    15:39:19       1    168     40     47 
 20260323    15:39:19       2    168     38     48 
 20260323    15:39:19       3    166     36     43 
 20260323    15:39:49       0    148     38     43 
 20260323    15:39:49       1    168     40     46 
 20260323    15:39:49       2    168     38     48 
 20260323    15:39:49       3    165     37     43 
 20260323    15:40:19       0    481     49     59 
 20260323    15:40:19       1    489     51     62 
 20260323    15:40:19       2    489     50     61 
 20260323    15:40:19       3    488     48     55 
 20260323    15:40:49       0    485     49     59 
 20260323    15:40:49       1    490     51     61 
 20260323    15:40:49       2    494     51     63 
 20260323    15:40:49       3    499     46     55 
 20260323    15:41:19       0    506     46     53 
 20260323    15:41:19       1    493     51     60 
 20260323    15:41:19       2    503     52     64 
 20260323    15:41:19       3    506     48     57 
 20260323    15:41:49       0    487     50     59 
 20260323    15:41:49       1    489     54     65 
 20260323    15:41:49       2    492     52     64 
 20260323    15:41:49       3    494     49     57 
 20260323    15:42:19       0    156     39     46 
 20260323    15:42:19       1    172     41     48 
 20260323    15:42:19       2    174     40     50 
 20260323    15:42:19       3    170     37     43 
 20260323    15:42:49       0    157     37     43 
 20260323    15:42:49       1    182     40     48 
 20260323    15:42:49       2    179     39     48 
 20260323    15:42:49       3    175     36     43 
 20260323    15:43:19       0    481     50     59 
 20260323    15:43:19       1    490     53     64 
 20260323    15:43:19       2    492     52     63 
 20260323    15:43:19       3    492     49     57 
#Date        Time         gpu    pwr  gtemp  mtemp 
#YYYYMMDD    HH:MM:SS     Idx      W      C      C 
 20260323    15:43:49       0    486     49     59 
 20260323    15:43:49       1    491     53     63 
 20260323    15:43:49       2    494     52     64 
 20260323    15:43:49       3    492     48     57 
 20260323    15:44:19       0    482     49     57 
 20260323    15:44:19       1    489     53     65 
 20260323    15:44:19       2    491     51     65 
 20260323    15:44:19       3    491     48     57 
 20260323    15:44:49       0    145     39     47 
 20260323    15:44:49       1    162     43     52 
 20260323    15:44:49       2    164     41     52 
 20260323    15:44:49       3    159     38     45 
 20260323    15:45:19       0    488     48     56 
 20260323    15:45:19       1    492     52     63 
 20260323    15:45:19       2    495     49     59 
 20260323    15:45:19       3    495     46     54 
 20260323    15:45:49       0    521     47     55 
 20260323    15:45:49       1    523     51     60 
 20260323    15:45:49       2    504     51     62 
 20260323    15:45:49       3    507     46     54 
 20260323    15:46:19       0    486     51     60 
 20260323    15:46:19       1    488     54     64 
 20260323    15:46:19       2    494     53     65 
 20260323    15:46:19       3    492     49     57 
 20260323    15:46:49       0    353     47     48 
 20260323    15:46:49       1    366     50     53 
 20260323    15:46:49       2    366     49     54 
 20260323    15:46:49       3    370     46     48 
 20260323    15:47:19       0    271     43     49 
 20260323    15:47:19       1    416     51     56 
 20260323    15:47:19       2    411     49     56 
 20260323    15:47:19       3    410     46     49 
 20260323    15:47:49       0    292     43     49 
 20260323    15:47:49       1    366     48     54 
 20260323    15:47:49       2    378     47     54 
 20260323    15:47:49       3    370     44     47 
 20260323    15:48:19       0    261     43     48 
 20260323    15:48:19       1    372     48     54 
 20260323    15:48:19       2    370     47     53 
 20260323    15:48:19       3    368     44     47 
 20260323    15:48:49       0    261     42     47 
 20260323    15:48:49       1    396     50     54 
 20260323    15:48:49       2    390     48     55 
 20260323    15:48:49       3    385     45     47 
#Date        Time         gpu    pwr  gtemp  mtemp 
#YYYYMMDD    HH:MM:SS     Idx      W      C      C 
 20260323    15:49:19       0    272     43     48 
 20260323    15:49:19       1    424     50     55 
 20260323    15:49:19       2    414     49     54 
 20260323    15:49:19       3    408     46     49 
 20260323    15:49:49       0    268     43     48 
 20260323    15:49:49       1    380     48     54 
 20260323    15:49:49       2    375     47     54 
 20260323    15:49:49       3    368     44     47 
 20260323    15:50:19       0    277     45     50 
 20260323    15:50:19       1    345     44     51 
 20260323    15:50:19       2    336     46     52 
 20260323    15:50:19       3    337     41     46 
 20260323    15:50:49       0    252     42     47 
 20260323    15:50:49       1    375     48     55 
 20260323    15:50:49       2    370     47     54 
 20260323    15:50:49       3    371     44     48 
 20260323    15:51:19       0    418     48     51 
 20260323    15:51:19       1    150     41     50 
 20260323    15:51:19       2    151     40     50 
 20260323    15:51:19       3    147     37     44 
 20260323    15:51:49       0    343     47     49 
 20260323    15:51:49       1    265     43     51 
 20260323    15:51:49       2    272     42     52 
 20260323    15:51:49       3    253     38     45 
 20260323    15:52:19       0    312     45     47 
 20260323    15:52:19       1    307     46     53 
 20260323    15:52:19       2    311     45     52 
 20260323    15:52:19       3    297     42     47 
 20260323    15:52:49       0    294     46     49 
 20260323    15:52:49       1    327     44     51 
 20260323    15:52:49       2    323     43     52 
 20260323    15:52:49       3    303     39     45 
 20260323    15:53:19       0    412     47     49 
 20260323    15:53:19       1    160     41     50 
 20260323    15:53:19       2    190     40     51 
 20260323    15:53:19       3    148     37     44 
 20260323    15:53:49       0    153     38     44 
 20260323    15:53:49       1    170     40     48 
 20260323    15:53:49       2    170     39     48 
 20260323    15:53:49       3    168     36     43 
 20260323    15:54:19       0    130     36     43 
 20260323    15:54:19       1    146     38     47 
 20260323    15:54:19       2    147     37     46 
 20260323    15:54:19       3    145     35     42 
