#Date        Time         gpu    pwr  gtemp  mtemp 
#YYYYMMDD    HH:MM:SS     Idx      W      C      C 
 20260323    21:11:42       0     91     34     43 
 20260323    21:11:42       1     93     34     44 
 20260323    21:11:42       2     78     34     43 
 20260323    21:11:42       3     96     34     43 
 20260323    21:12:12       0    138     37     42 
 20260323    21:12:12       1    142     36     44 
 20260323    21:12:12       2    124     36     44 
 20260323    21:12:12       3    142     36     44 
 20260323    21:12:42       0    139     37     42 
 20260323    21:12:42       1    144     36     45 
 20260323    21:12:42       2    126     36     44 
 20260323    21:12:42       3    144     36     44 
 20260323    21:13:12       0    363     47     51 
 20260323    21:13:12       1    369     47     51 
 20260323    21:13:12       2    351     46     52 
 20260323    21:13:12       3    373     46     51 
 20260323    21:13:42       0    154     41     48 
 20260323    21:13:42       1    159     41     49 
 20260323    21:13:42       2    138     40     50 
 20260323    21:13:42       3    158     41     49 
 20260323    21:14:12       0    542     52     62 
 20260323    21:14:12       1    547     53     63 
 20260323    21:14:12       2    530     52     62 
 20260323    21:14:12       3    545     52     61 
 20260323    21:14:42       0    539     53     65 
 20260323    21:14:42       1    547     54     66 
 20260323    21:14:42       2    527     53     64 
 20260323    21:14:42       3    545     53     63 
 20260323    21:15:12       0    536     53     65 
 20260323    21:15:12       1    544     54     64 
 20260323    21:15:12       2    526     53     65 
 20260323    21:15:12       3    542     52     65 
 20260323    21:15:42       0    537     54     65 
 20260323    21:15:42       1    544     54     67 
 20260323    21:15:42       2    523     53     64 
 20260323    21:15:42       3    543     53     63 
 20260323    21:16:12       0    539     54     66 
 20260323    21:16:12       1    541     54     66 
 20260323    21:16:12       2    522     54     64 
 20260323    21:16:12       3    543     53     64 
 20260323    21:16:42       0    537     54     65 
 20260323    21:16:42       1    543     54     68 
 20260323    21:16:42       2    525     54     65 
 20260323    21:16:42       3    544     53     65 
#Date        Time         gpu    pwr  gtemp  mtemp 
#YYYYMMDD    HH:MM:SS     Idx      W      C      C 
 20260323    21:17:12       0    144     43     52 
 20260323    21:17:12       1    149     43     54 
 20260323    21:17:12       2    130     42     53 
 20260323    21:17:12       3    151     42     53 
 20260323    21:17:42       0    168     41     48 
 20260323    21:17:42       1    173     41     48 
 20260323    21:17:42       2    155     40     49 
 20260323    21:17:42       3    176     40     49 
 20260323    21:18:12       0    168     40     48 
 20260323    21:18:12       1    172     40     48 
 20260323    21:18:12       2    154     39     49 
 20260323    21:18:12       3    175     39     49 
 20260323    21:18:42       0    170     40     48 
 20260323    21:18:42       1    176     40     48 
 20260323    21:18:42       2    153     39     47 
 20260323    21:18:42       3    176     39     47 
 20260323    21:19:12       0    170     40     46 
 20260323    21:19:12       1    174     40     48 
 20260323    21:19:12       2    154     39     47 
 20260323    21:19:12       3    176     39     47 
 20260323    21:19:42       0    168     40     46 
 20260323    21:19:42       1    172     39     47 
 20260323    21:19:42       2    153     39     47 
 20260323    21:19:42       3    177     39     47 
 20260323    21:20:12       0    540     53     64 
 20260323    21:20:12       1    545     53     64 
 20260323    21:20:12       2    529     53     63 
 20260323    21:20:12       3    545     52     62 
 20260323    21:20:42       0    538     53     64 
 20260323    21:20:42       1    540     54     66 
 20260323    21:20:42       2    526     53     64 
 20260323    21:20:42       3    544     53     64 
 20260323    21:21:12       0    539     53     64 
 20260323    21:21:12       1    543     54     66 
 20260323    21:21:12       2    524     54     65 
 20260323    21:21:12       3    546     53     65 
 20260323    21:21:42       0    539     54     66 
 20260323    21:21:42       1    542     54     67 
 20260323    21:21:42       2    523     54     67 
 20260323    21:21:42       3    546     53     64 
 20260323    21:22:12       0    536     54     66 
 20260323    21:22:12       1    542     54     68 
 20260323    21:22:12       2    522     54     65 
 20260323    21:22:12       3    543     53     64 
#Date        Time         gpu    pwr  gtemp  mtemp 
#YYYYMMDD    HH:MM:SS     Idx      W      C      C 
 20260323    21:22:42       0    541     54     65 
 20260323    21:22:42       1    541     55     68 
 20260323    21:22:42       2    523     53     66 
 20260323    21:22:42       3    541     53     66 
 20260323    21:23:12       0    354     50     57 
 20260323    21:23:12       1    367     50     56 
 20260323    21:23:12       2    335     50     57 
 20260323    21:23:12       3    355     50     57 
 20260323    21:23:42       0    528     53     63 
 20260323    21:23:42       1    536     54     64 
 20260323    21:23:42       2    519     53     64 
 20260323    21:23:42       3    538     51     61 
 20260323    21:24:12       0    535     54     66 
 20260323    21:24:12       1    542     55     66 
 20260323    21:24:12       2    526     54     64 
 20260323    21:24:12       3    543     53     64 
 20260323    21:24:42       0    534     54     66 
 20260323    21:24:42       1    539     55     66 
 20260323    21:24:42       2    521     54     67 
 20260323    21:24:42       3    539     53     64 
 20260323    21:25:12       0    541     54     66 
 20260323    21:25:12       1    540     55     67 
 20260323    21:25:12       2    523     54     67 
 20260323    21:25:12       3    542     54     66 
 20260323    21:25:42       0    532     54     66 
 20260323    21:25:42       1    541     55     66 
 20260323    21:25:42       2    520     54     67 
 20260323    21:25:42       3    543     54     65 
 20260323    21:26:12       0    534     54     66 
 20260323    21:26:12       1    541     55     66 
 20260323    21:26:12       2    518     54     67 
 20260323    21:26:12       3    540     54     66 
 20260323    21:26:42       0    537     54     67 
 20260323    21:26:42       1    530     55     67 
 20260323    21:26:42       2    523     54     67 
 20260323    21:26:42       3    543     54     66 
 20260323    21:27:12       0    534     54     66 
 20260323    21:27:12       1    540     55     66 
 20260323    21:27:12       2    522     54     65 
 20260323    21:27:12       3    544     54     66 
 20260323    21:27:42       0    536     54     66 
 20260323    21:27:42       1    543     55     66 
 20260323    21:27:42       2    522     53     65 
 20260323    21:27:42       3    542     54     66 
#Date        Time         gpu    pwr  gtemp  mtemp 
#YYYYMMDD    HH:MM:SS     Idx      W      C      C 
 20260323    21:28:12       0    539     55     66 
 20260323    21:28:12       1    542     56     68 
 20260323    21:28:12       2    518     54     65 
 20260323    21:28:12       3    541     54     66 
 20260323    21:28:42       0    530     54     66 
 20260323    21:28:42       1    539     55     68 
 20260323    21:28:42       2    520     54     67 
 20260323    21:28:42       3    543     54     66 
 20260323    21:29:12       0    532     54     68 
 20260323    21:29:12       1    540     55     68 
 20260323    21:29:12       2    521     54     66 
 20260323    21:29:12       3    543     54     67 
 20260323    21:29:42       0    535     55     67 
 20260323    21:29:42       1    544     56     68 
 20260323    21:29:42       2    523     54     68 
 20260323    21:29:42       3    541     54     65 
 20260323    21:30:12       0    337     48     55 
 20260323    21:30:12       1    416     51     59 
 20260323    21:30:12       2    402     51     58 
 20260323    21:30:12       3    427     51     57 
 20260323    21:30:42       0    320     47     54 
 20260323    21:30:42       1    425     51     57 
 20260323    21:30:42       2    406     50     57 
 20260323    21:30:42       3    427     50     55 
 20260323    21:31:12       0    301     47     52 
 20260323    21:31:12       1    409     51     56 
 20260323    21:31:12       2    392     50     55 
 20260323    21:31:12       3    415     50     55 
 20260323    21:31:42       0    431     50     55 
 20260323    21:31:42       1    145     41     51 
 20260323    21:31:42       2    126     41     51 
 20260323    21:31:42       3    146     40     51 
 20260323    21:32:12       0    370     48     54 
 20260323    21:32:12       1    243     45     52 
 20260323    21:32:12       2    244     45     52 
 20260323    21:32:12       3    249     45     52 
 20260323    21:32:42       0    333     46     53 
 20260323    21:32:42       1    326     47     53 
 20260323    21:32:42       2    311     47     54 
 20260323    21:32:42       3    334     47     53 
 20260323    21:33:12       0    310     46     52 
 20260323    21:33:12       1    345     47     53 
 20260323    21:33:12       2    331     47     53 
 20260323    21:33:12       3    351     47     52 
#Date        Time         gpu    pwr  gtemp  mtemp 
#YYYYMMDD    HH:MM:SS     Idx      W      C      C 
 20260323    21:33:42       0    288     45     52 
 20260323    21:33:42       1    383     49     54 
 20260323    21:33:42       2    369     48     55 
 20260323    21:33:42       3    388     48     55 
 20260323    21:34:12       0    311     46     52 
 20260323    21:34:12       1    420     50     55 
 20260323    21:34:12       2    398     49     55 
 20260323    21:34:12       3    422     49     55 
 20260323    21:34:42       0    321     46     52 
 20260323    21:34:42       1    421     50     55 
 20260323    21:34:42       2    407     49     55 
 20260323    21:34:42       3    426     49     55 
 20260323    21:35:12       0    333     47     54 
 20260323    21:35:12       1    424     50     56 
 20260323    21:35:12       2    400     49     55 
 20260323    21:35:12       3    427     49     54 
 20260323    21:35:42       0    286     45     52 
 20260323    21:35:42       1    382     49     54 
 20260323    21:35:42       2    364     48     54 
 20260323    21:35:42       3    385     48     54 
 20260323    21:36:12       0    257     44     52 
 20260323    21:36:12       1    388     49     53 
 20260323    21:36:12       2    373     48     54 
 20260323    21:36:12       3    397     48     54 
 20260323    21:36:42       0    273     44     50 
 20260323    21:36:42       1    385     48     54 
 20260323    21:36:42       2    370     48     55 
 20260323    21:36:42       3    388     48     53 
 20260323    21:37:12       0    294     45     52 
 20260323    21:37:12       1    408     49     53 
 20260323    21:37:12       2    387     48     53 
 20260323    21:37:12       3    411     48     53 
 20260323    21:37:42       0    302     45     51 
 20260323    21:37:42       1    405     49     54 
 20260323    21:37:42       2    389     49     55 
 20260323    21:37:42       3    411     49     53 
 20260323    21:38:12       0    304     45     51 
 20260323    21:38:12       1    411     49     54 
 20260323    21:38:12       2    397     49     54 
 20260323    21:38:12       3    411     49     54 
 20260323    21:38:42       0    301     46     51 
 20260323    21:38:42       1    409     50     55 
 20260323    21:38:42       2    393     49     55 
 20260323    21:38:42       3    411     49     53 
#Date        Time         gpu    pwr  gtemp  mtemp 
#YYYYMMDD    HH:MM:SS     Idx      W      C      C 
 20260323    21:39:12       0    306     46     51 
 20260323    21:39:12       1    410     50     55 
 20260323    21:39:12       2    393     49     55 
 20260323    21:39:12       3    411     49     54 
 20260323    21:39:42       0    296     45     51 
 20260323    21:39:42       1    398     49     55 
 20260323    21:39:42       2    374     49     55 
 20260323    21:39:42       3    398     48     53 
 20260323    21:40:12       0    283     45     51 
 20260323    21:40:12       1    379     49     53 
 20260323    21:40:12       2    360     48     54 
 20260323    21:40:12       3    382     48     53 
 20260323    21:40:42       0    292     46     53 
 20260323    21:40:42       1    378     48     53 
 20260323    21:40:42       2    355     47     53 
 20260323    21:40:42       3    377     47     53 
 20260323    21:41:12       0    311     46     50 
 20260323    21:41:12       1    347     45     52 
 20260323    21:41:12       2    325     45     52 
 20260323    21:41:12       3    349     44     51 
 20260323    21:41:42       0    368     48     53 
 20260323    21:41:42       1    280     43     52 
 20260323    21:41:42       2    245     43     51 
 20260323    21:41:42       3    280     42     51 
 20260323    21:42:12       0    298     47     52 
 20260323    21:42:12       1    301     43     51 
 20260323    21:42:12       2    265     43     51 
 20260323    21:42:12       3    312     43     51 
 20260323    21:42:42       0    149     41     48 
 20260323    21:42:42       1    152     41     50 
 20260323    21:42:42       2    130     40     50 
 20260323    21:42:42       3    156     40     50 
 20260323    21:43:12       0    140     38     46 
 20260323    21:43:12       1    143     38     47 
 20260323    21:43:12       2    124     37     47 
 20260323    21:43:12       3    145     37     46 
 20260323    21:43:42       0    139     37     45 
 20260323    21:43:42       1    142     37     45 
 20260323    21:43:42       2    124     37     45 
 20260323    21:43:42       3    144     37     45 
