#Date        Time         gpu    pwr  gtemp  mtemp 
#YYYYMMDD    HH:MM:SS     Idx      W      C      C 
 20260323    21:11:42       0     99     34     43 
 20260323    21:11:42       1     87     34     41 
 20260323    21:11:42       2     89     33     43 
 20260323    21:11:42       3     95     34     43 
 20260323    21:12:12       0    149     37     43 
 20260323    21:12:12       1    137     36     43 
 20260323    21:12:12       2    139     36     45 
 20260323    21:12:12       3    144     37     45 
 20260323    21:12:42       0    268     42     46 
 20260323    21:12:42       1    251     41     47 
 20260323    21:12:42       2    251     40     47 
 20260323    21:12:42       3    251     42     47 
 20260323    21:13:12       0    252     44     48 
 20260323    21:13:12       1    237     44     49 
 20260323    21:13:12       2    237     43     47 
 20260323    21:13:12       3    244     44     49 
 20260323    21:13:42       0    469     46     53 
 20260323    21:13:42       1    458     47     53 
 20260323    21:13:42       2    456     46     53 
 20260323    21:13:42       3    471     46     54 
 20260323    21:14:12       0    399     50     60 
 20260323    21:14:12       1    375     50     61 
 20260323    21:14:12       2    378     49     59 
 20260323    21:14:12       3    384     49     59 
 20260323    21:14:42       0    536     52     61 
 20260323    21:14:42       1    518     53     62 
 20260323    21:14:42       2    507     51     59 
 20260323    21:14:42       3    527     52     62 
 20260323    21:15:12       0    397     50     60 
 20260323    21:15:12       1    367     51     61 
 20260323    21:15:12       2    372     50     60 
 20260323    21:15:12       3    386     51     61 
 20260323    21:15:42       0    189     43     52 
 20260323    21:15:42       1    171     44     51 
 20260323    21:15:42       2    173     43     51 
 20260323    21:15:42       3    182     44     53 
 20260323    21:16:12       0    181     40     48 
 20260323    21:16:12       1    165     40     47 
 20260323    21:16:12       2    163     40     48 
 20260323    21:16:12       3    177     41     49 
 20260323    21:16:42       0    179     40     47 
 20260323    21:16:42       1    164     40     47 
 20260323    21:16:42       2    162     39     47 
 20260323    21:16:42       3    174     40     48 
#Date        Time         gpu    pwr  gtemp  mtemp 
#YYYYMMDD    HH:MM:SS     Idx      W      C      C 
 20260323    21:17:12       0    189     39     47 
 20260323    21:17:12       1    174     40     47 
 20260323    21:17:12       2    175     39     47 
 20260323    21:17:12       3    186     40     47 
 20260323    21:17:42       0    389     51     60 
 20260323    21:17:42       1    368     51     60 
 20260323    21:17:42       2    362     50     61 
 20260323    21:17:42       3    374     51     61 
 20260323    21:18:12       0    538     52     62 
 20260323    21:18:12       1    514     52     61 
 20260323    21:18:12       2    518     52     63 
 20260323    21:18:12       3    524     53     63 
 20260323    21:18:42       0    396     50     60 
 20260323    21:18:42       1    373     50     60 
 20260323    21:18:42       2    367     49     60 
 20260323    21:18:42       3    387     50     60 
 20260323    21:19:12       0    500     53     60 
 20260323    21:19:12       1    467     51     59 
 20260323    21:19:12       2    487     49     57 
 20260323    21:19:12       3    500     49     57 
 20260323    21:19:42       0    163     40     49 
 20260323    21:19:42       1    145     40     49 
 20260323    21:19:42       2    147     39     49 
 20260323    21:19:42       3    154     40     49 
 20260323    21:20:12       0    435     52     61 
 20260323    21:20:12       1    424     53     61 
 20260323    21:20:12       2    386     52     62 
 20260323    21:20:12       3    414     52     63 
 20260323    21:20:42       0    523     50     58 
 20260323    21:20:42       1    488     54     64 
 20260323    21:20:42       2    478     50     59 
 20260323    21:20:42       3    520     51     59 
 20260323    21:21:12       0    389     49     59 
 20260323    21:21:12       1    366     49     59 
 20260323    21:21:12       2    366     48     59 
 20260323    21:21:12       3    381     49     59 
 20260323    21:21:42       0    479     47     55 
 20260323    21:21:42       1    435     51     61 
 20260323    21:21:42       2    443     47     55 
 20260323    21:21:42       3    451     48     57 
 20260323    21:22:12       0    509     52     61 
 20260323    21:22:12       1    463     53     62 
 20260323    21:22:12       2    488     51     63 
 20260323    21:22:12       3    480     53     63 
#Date        Time         gpu    pwr  gtemp  mtemp 
#YYYYMMDD    HH:MM:SS     Idx      W      C      C 
 20260323    21:22:42       0    532     53     62 
 20260323    21:22:42       1    514     53     63 
 20260323    21:22:42       2    506     52     62 
 20260323    21:22:42       3    530     53     63 
 20260323    21:23:12       0    529     53     64 
 20260323    21:23:12       1    517     54     64 
 20260323    21:23:12       2    506     52     61 
 20260323    21:23:12       3    528     53     63 
 20260323    21:23:42       0    381     48     57 
 20260323    21:23:42       1    364     50     62 
 20260323    21:23:42       2    357     48     59 
 20260323    21:23:42       3    375     49     61 
 20260323    21:24:12       0    381     50     60 
 20260323    21:24:12       1    360     50     62 
 20260323    21:24:12       2    356     50     59 
 20260323    21:24:12       3    370     50     62 
 20260323    21:24:42       0    430     51     55 
 20260323    21:24:42       1    407     52     56 
 20260323    21:24:42       2    406     50     56 
 20260323    21:24:42       3    419     51     56 
 20260323    21:25:12       0    428     51     55 
 20260323    21:25:12       1    408     52     55 
 20260323    21:25:12       2    407     50     57 
 20260323    21:25:12       3    418     51     56 
 20260323    21:25:42       0    353     46     52 
 20260323    21:25:42       1    347     46     53 
 20260323    21:25:42       2    346     45     53 
 20260323    21:25:42       3    358     46     53 
 20260323    21:26:12       0    425     50     54 
 20260323    21:26:12       1    407     51     57 
 20260323    21:26:12       2    405     50     54 
 20260323    21:26:12       3    417     51     55 
 20260323    21:26:42       0    331     47     52 
 20260323    21:26:42       1    330     49     54 
 20260323    21:26:42       2    329     48     55 
 20260323    21:26:42       3    344     49     53 
 20260323    21:27:12       0    428     51     54 
 20260323    21:27:12       1    407     51     57 
 20260323    21:27:12       2    407     50     55 
 20260323    21:27:12       3    417     51     57 
 20260323    21:27:42       0    428     50     55 
 20260323    21:27:42       1    408     51     55 
 20260323    21:27:42       2    405     50     55 
 20260323    21:27:42       3    418     51     55 
#Date        Time         gpu    pwr  gtemp  mtemp 
#YYYYMMDD    HH:MM:SS     Idx      W      C      C 
 20260323    21:28:12       0    362     46     52 
 20260323    21:28:12       1    350     46     53 
 20260323    21:28:12       2    342     44     53 
 20260323    21:28:12       3    365     46     53 
 20260323    21:28:42       0    430     51     56 
 20260323    21:28:42       1    408     51     57 
 20260323    21:28:42       2    407     50     55 
 20260323    21:28:42       3    418     51     55 
 20260323    21:29:12       0    304     44     49 
 20260323    21:29:12       1    286     44     50 
 20260323    21:29:12       2    284     45     49 
 20260323    21:29:12       3    295     43     49 
 20260323    21:29:42       0    153     38     47 
 20260323    21:29:42       1    136     38     45 
 20260323    21:29:42       2    139     37     47 
 20260323    21:29:42       3    146     38     47 
