#Date        Time         gpu    pwr  gtemp  mtemp 
#YYYYMMDD    HH:MM:SS     Idx      W      C      C 
 20260320    11:27:14       0     83     32     41 
 20260320    11:27:14       1     87     34     43 
 20260320    11:27:14       2    100     33     44 
 20260320    11:27:14       3     94     32     41 
 20260320    11:27:44       0    132     35     43 
 20260320    11:27:44       1    134     36     44 
 20260320    11:27:44       2    147     35     43 
 20260320    11:27:44       3    141     34     41 
 20260320    11:28:14       0    281     42     47 
 20260320    11:28:14       1    279     43     49 
 20260320    11:28:14       2    295     42     49 
 20260320    11:28:14       3    294     42     46 
 20260320    11:28:44       0    281     42     47 
 20260320    11:28:44       1    281     43     48 
 20260320    11:28:44       2    294     42     49 
 20260320    11:28:44       3    292     42     46 
 20260320    11:29:14       0    205     37     45 
 20260320    11:29:14       1    201     39     48 
 20260320    11:29:14       2    213     39     47 
 20260320    11:29:14       3    217     37     44 
 20260320    11:29:44       0    417     47     59 
 20260320    11:29:44       1    416     48     58 
 20260320    11:29:44       2    426     47     59 
 20260320    11:29:44       3    417     45     56 
 20260320    11:30:14       0    424     46     57 
 20260320    11:30:14       1    417     48     60 
 20260320    11:30:14       2    431     47     59 
 20260320    11:30:14       3    421     45     55 
 20260320    11:30:44       0    424     43     53 
 20260320    11:30:44       1    422     47     56 
 20260320    11:30:44       2    432     45     55 
 20260320    11:30:44       3    433     41     51 
 20260320    11:31:14       0    503     50     61 
 20260320    11:31:14       1    495     52     62 
 20260320    11:31:14       2    506     50     63 
 20260320    11:31:14       3    517     46     55 
 20260320    11:31:44       0    511     46     57 
 20260320    11:31:44       1    506     52     63 
 20260320    11:31:44       2    510     50     62 
 20260320    11:31:44       3    513     45     56 
 20260320    11:32:14       0    474     45     55 
 20260320    11:32:14       1    474     50     64 
 20260320    11:32:14       2    488     47     57 
 20260320    11:32:14       3    480     45     56 
#Date        Time         gpu    pwr  gtemp  mtemp 
#YYYYMMDD    HH:MM:SS     Idx      W      C      C 
 20260320    11:32:44       0    519     50     61 
 20260320    11:32:44       1    516     52     64 
 20260320    11:32:44       2    532     50     62 
 20260320    11:32:44       3    517     48     58 
 20260320    11:33:14       0    160     38     47 
 20260320    11:33:14       1    166     41     52 
 20260320    11:33:14       2    177     40     52 
 20260320    11:33:14       3    173     38     46 
 20260320    11:33:44       0    158     37     45 
 20260320    11:33:44       1    161     40     48 
 20260320    11:33:44       2    175     39     49 
 20260320    11:33:44       3    171     37     44 
 20260320    11:34:14       0    158     37     43 
 20260320    11:34:14       1    162     39     48 
 20260320    11:34:14       2    176     38     47 
 20260320    11:34:14       3    173     37     45 
 20260320    11:34:44       0    158     37     43 
 20260320    11:34:44       1    161     39     48 
 20260320    11:34:44       2    175     38     47 
 20260320    11:34:44       3    171     37     44 
 20260320    11:35:14       0    158     36     43 
 20260320    11:35:14       1    162     39     46 
 20260320    11:35:14       2    175     38     47 
 20260320    11:35:14       3    171     37     44 
 20260320    11:35:44       0    159     36     43 
 20260320    11:35:44       1    162     39     46 
 20260320    11:35:44       2    175     38     47 
 20260320    11:35:44       3    172     37     44 
 20260320    11:36:14       0    145     36     43 
 20260320    11:36:14       1    149     38     47 
 20260320    11:36:14       2    161     37     47 
 20260320    11:36:14       3    156     36     42 
 20260320    11:36:44       0    511     49     60 
 20260320    11:36:44       1    514     51     60 
 20260320    11:36:44       2    529     50     62 
 20260320    11:36:44       3    518     48     56 
 20260320    11:37:14       0    516     50     62 
 20260320    11:37:14       1    516     51     63 
 20260320    11:37:14       2    529     50     63 
 20260320    11:37:14       3    517     48     59 
 20260320    11:37:44       0    385     48     59 
 20260320    11:37:44       1    386     49     60 
 20260320    11:37:44       2    394     48     60 
 20260320    11:37:44       3    390     46     57 
#Date        Time         gpu    pwr  gtemp  mtemp 
#YYYYMMDD    HH:MM:SS     Idx      W      C      C 
 20260320    11:38:14       0    421     48     61 
 20260320    11:38:14       1    419     50     60 
 20260320    11:38:14       2    431     48     61 
 20260320    11:38:14       3    425     46     58 
 20260320    11:38:44       0    416     47     61 
 20260320    11:38:44       1    415     50     62 
 20260320    11:38:44       2    430     49     61 
 20260320    11:38:44       3    426     46     56 
 20260320    11:39:14       0    416     47     59 
 20260320    11:39:14       1    419     50     62 
 20260320    11:39:14       2    430     49     63 
 20260320    11:39:14       3    423     46     56 
 20260320    11:39:44       0    415     47     60 
 20260320    11:39:44       1    419     49     61 
 20260320    11:39:44       2    432     48     61 
 20260320    11:39:44       3    422     46     57 
 20260320    11:40:14       0    258     39     47 
 20260320    11:40:14       1    258     42     50 
 20260320    11:40:14       2    274     41     51 
 20260320    11:40:14       3    270     39     46 
 20260320    11:40:44       0    518     50     61 
 20260320    11:40:44       1    514     52     62 
 20260320    11:40:44       2    527     50     62 
 20260320    11:40:44       3    515     48     59 
 20260320    11:41:15       0    517     50     61 
 20260320    11:41:15       1    516     52     63 
 20260320    11:41:15       2    534     51     63 
 20260320    11:41:15       3    527     48     60 
 20260320    11:41:45       0    511     49     63 
 20260320    11:41:45       1    516     52     63 
 20260320    11:41:45       2    531     51     64 
 20260320    11:41:45       3    523     48     58 
 20260320    11:42:15       0    516     50     63 
 20260320    11:42:15       1    518     52     63 
 20260320    11:42:15       2    531     51     63 
 20260320    11:42:15       3    514     48     59 
 20260320    11:42:45       0    417     49     61 
 20260320    11:42:45       1    413     51     62 
 20260320    11:42:45       2    433     50     61 
 20260320    11:42:45       3    422     48     59 
 20260320    11:43:15       0    415     49     61 
 20260320    11:43:15       1    445     52     62 
 20260320    11:43:15       2    465     50     62 
 20260320    11:43:15       3    457     48     59 
#Date        Time         gpu    pwr  gtemp  mtemp 
#YYYYMMDD    HH:MM:SS     Idx      W      C      C 
 20260320    11:43:45       0    449     49     61 
 20260320    11:43:45       1    457     52     63 
 20260320    11:43:45       2    463     50     63 
 20260320    11:43:45       3    458     48     59 
 20260320    11:44:15       0    420     45     57 
 20260320    11:44:15       1    422     48     59 
 20260320    11:44:15       2    433     47     60 
 20260320    11:44:15       3    422     42     52 
 20260320    11:44:45       0    517     50     63 
 20260320    11:44:45       1    510     49     58 
 20260320    11:44:45       2    500     51     63 
 20260320    11:44:45       3    506     46     56 
 20260320    11:45:15       0    517     50     63 
 20260320    11:45:15       1    520     52     63 
 20260320    11:45:15       2    532     51     63 
 20260320    11:45:15       3    524     48     58 
 20260320    11:45:45       0    515     50     61 
 20260320    11:45:45       1    519     52     64 
 20260320    11:45:45       2    530     51     64 
 20260320    11:45:45       3    526     49     58 
 20260320    11:46:15       0    514     50     61 
 20260320    11:46:15       1    515     52     63 
 20260320    11:46:15       2    532     51     63 
 20260320    11:46:15       3    525     48     59 
 20260320    11:46:45       0    519     50     63 
 20260320    11:46:45       1    517     52     63 
 20260320    11:46:45       2    530     51     63 
 20260320    11:46:45       3    526     48     60 
 20260320    11:47:15       0    516     50     61 
 20260320    11:47:15       1    516     52     64 
 20260320    11:47:15       2    531     51     63 
 20260320    11:47:15       3    521     48     58 
 20260320    11:47:45       0    517     50     63 
 20260320    11:47:45       1    518     52     63 
 20260320    11:47:45       2    531     51     62 
 20260320    11:47:45       3    522     48     59 
 20260320    11:48:15       0    395     47     53 
 20260320    11:48:15       1    401     49     55 
 20260320    11:48:15       2    408     48     55 
 20260320    11:48:15       3    402     46     51 
 20260320    11:48:45       0    394     47     52 
 20260320    11:48:45       1    399     49     56 
 20260320    11:48:45       2    411     48     55 
 20260320    11:48:45       3    408     46     50 
#Date        Time         gpu    pwr  gtemp  mtemp 
#YYYYMMDD    HH:MM:SS     Idx      W      C      C 
 20260320    11:49:15       0    394     47     53 
 20260320    11:49:15       1    404     49     56 
 20260320    11:49:15       2    399     48     56 
 20260320    11:49:15       3    406     46     50 
 20260320    11:49:45       0    396     47     52 
 20260320    11:49:45       1    405     49     55 
 20260320    11:49:45       2    415     48     55 
 20260320    11:49:45       3    405     46     50 
 20260320    11:50:15       0    397     47     53 
 20260320    11:50:15       1    395     49     54 
 20260320    11:50:15       2    415     48     54 
 20260320    11:50:15       3    407     45     51 
 20260320    11:50:45       0    394     47     52 
 20260320    11:50:45       1    403     49     55 
 20260320    11:50:45       2    412     48     56 
 20260320    11:50:45       3    407     46     50 
 20260320    11:51:15       0    348     44     51 
 20260320    11:51:15       1    345     47     54 
 20260320    11:51:15       2    378     47     54 
 20260320    11:51:15       3    338     42     49 
 20260320    11:51:45       0    343     46     52 
 20260320    11:51:45       1    338     48     55 
 20260320    11:51:45       2    358     47     55 
 20260320    11:51:45       3    317     44     50 
 20260320    11:52:15       0    394     47     53 
 20260320    11:52:15       1    400     50     56 
 20260320    11:52:15       2    410     48     56 
 20260320    11:52:15       3    404     46     50 
 20260320    11:52:45       0    380     43     51 
 20260320    11:52:45       1    396     48     54 
 20260320    11:52:45       2    408     48     55 
 20260320    11:52:45       3    398     44     50 
 20260320    11:53:15       0    392     47     53 
 20260320    11:53:15       1    398     50     56 
 20260320    11:53:15       2    411     48     55 
 20260320    11:53:15       3    401     46     51 
 20260320    11:53:45       0    390     47     54 
 20260320    11:53:45       1    401     49     55 
 20260320    11:53:45       2    409     48     55 
 20260320    11:53:45       3    409     46     50 
 20260320    11:54:15       0    392     47     52 
 20260320    11:54:15       1    401     49     55 
 20260320    11:54:15       2    409     48     55 
 20260320    11:54:15       3    409     46     52 
#Date        Time         gpu    pwr  gtemp  mtemp 
#YYYYMMDD    HH:MM:SS     Idx      W      C      C 
 20260320    11:54:45       0    334     44     50 
 20260320    11:54:45       1    395     49     52 
 20260320    11:54:45       2    409     48     53 
 20260320    11:54:45       3    399     46     48 
 20260320    11:55:15       0    391     47     53 
 20260320    11:55:15       1    399     49     56 
 20260320    11:55:15       2    410     48     57 
 20260320    11:55:15       3    407     46     50 
 20260320    11:55:45       0    393     47     51 
 20260320    11:55:45       1    402     49     55 
 20260320    11:55:45       2    410     48     56 
 20260320    11:55:45       3    406     46     50 
 20260320    11:56:15       0    391     47     52 
 20260320    11:56:15       1    397     49     55 
 20260320    11:56:15       2    408     48     55 
 20260320    11:56:15       3    409     46     50 
 20260320    11:56:45       0    396     47     53 
 20260320    11:56:45       1    400     49     56 
 20260320    11:56:45       2    410     48     57 
 20260320    11:56:45       3    405     46     50 
 20260320    11:57:15       0    328     46     47 
 20260320    11:57:15       1    338     47     50 
 20260320    11:57:15       2    348     46     51 
 20260320    11:57:15       3    341     45     46 
 20260320    11:57:45       0    132     35     43 
 20260320    11:57:45       1    137     38     46 
 20260320    11:57:45       2    150     37     47 
 20260320    11:57:45       3    144     35     42 
 20260320    11:58:15       0    130     35     44 
 20260320    11:58:15       1    133     37     46 
 20260320    11:58:15       2    148     36     45 
 20260320    11:58:15       3    142     34     42 
