#Date        Time         gpu    pwr  gtemp  mtemp 
#YYYYMMDD    HH:MM:SS     Idx      W      C      C 
 20260323    21:20:39       0     76     35     44 
 20260323    21:20:39       1     83     34     46 
 20260323    21:20:39       2     84     35     45 
 20260323    21:20:39       3     95     35     45 
 20260323    21:21:09       0     76     35     44 
 20260323    21:21:09       1     83     34     45 
 20260323    21:21:09       2     84     35     45 
 20260323    21:21:09       3     94     35     45 
 20260323    21:21:39       0    124     37     45 
 20260323    21:21:39       1    133     36     45 
 20260323    21:21:39       2    132     37     45 
 20260323    21:21:39       3    146     37     45 
 20260323    21:22:09       0    136     38     46 
 20260323    21:22:09       1    145     37     46 
 20260323    21:22:09       2    144     38     45 
 20260323    21:22:09       3    161     38     45 
 20260323    21:22:39       0    147     39     46 
 20260323    21:22:39       1    156     38     48 
 20260323    21:22:39       2    154     39     47 
 20260323    21:22:39       3    172     39     46 
 20260323    21:23:09       0    148     39     46 
 20260323    21:23:09       1    155     38     47 
 20260323    21:23:09       2    154     39     45 
 20260323    21:23:09       3    170     39     46 
 20260323    21:23:39       0    148     39     46 
 20260323    21:23:39       1    156     38     47 
 20260323    21:23:39       2    155     39     46 
 20260323    21:23:39       3    171     39     46 
 20260323    21:24:09       0    148     39     46 
 20260323    21:24:09       1    156     38     47 
 20260323    21:24:09       2    154     39     47 
 20260323    21:24:09       3    171     39     46 
 20260323    21:24:39       0    146     39     46 
 20260323    21:24:39       1    155     38     47 
 20260323    21:24:39       2    153     39     46 
 20260323    21:24:39       3    170     39     46 
 20260323    21:25:09       0    146     39     48 
 20260323    21:25:09       1    156     38     47 
 20260323    21:25:09       2    154     39     46 
 20260323    21:25:09       3    172     39     46 
 20260323    21:25:39       0    146     39     46 
 20260323    21:25:39       1    156     38     47 
 20260323    21:25:39       2    154     39     46 
 20260323    21:25:39       3    172     39     46 
#Date        Time         gpu    pwr  gtemp  mtemp 
#YYYYMMDD    HH:MM:SS     Idx      W      C      C 
 20260323    21:26:09       0    146     40     46 
 20260323    21:26:09       1    155     38     47 
 20260323    21:26:09       2    153     39     45 
 20260323    21:26:09       3    169     39     46 
 20260323    21:26:39       0    146     39     46 
 20260323    21:26:39       1    155     38     47 
 20260323    21:26:39       2    154     39     45 
 20260323    21:26:39       3    171     39     46 
 20260323    21:27:09       0    145     38     46 
 20260323    21:27:09       1    151     37     47 
 20260323    21:27:09       2    149     38     45 
 20260323    21:27:09       3    167     38     46 
 20260323    21:27:39       0    146     39     46 
 20260323    21:27:39       1    154     38     47 
 20260323    21:27:39       2    152     39     45 
 20260323    21:27:39       3    171     39     46 
 20260323    21:28:09       0    147     39     46 
 20260323    21:28:09       1    155     38     47 
 20260323    21:28:09       2    153     39     46 
 20260323    21:28:09       3    170     39     46 
 20260323    21:28:39       0    145     39     46 
 20260323    21:28:39       1    157     38     47 
 20260323    21:28:39       2    155     39     45 
 20260323    21:28:39       3    173     39     46 
 20260323    21:29:09       0    148     39     46 
 20260323    21:29:09       1    156     38     47 
 20260323    21:29:09       2    153     39     46 
 20260323    21:29:09       3    172     39     46 
 20260323    21:29:39       0    147     39     46 
 20260323    21:29:39       1    157     38     47 
 20260323    21:29:39       2    155     39     46 
 20260323    21:29:39       3    173     39     46 
 20260323    21:30:09       0    146     39     46 
 20260323    21:30:09       1    156     39     47 
 20260323    21:30:09       2    154     39     46 
 20260323    21:30:09       3    173     39     46 
 20260323    21:30:39       0    146     39     46 
 20260323    21:30:39       1    155     38     46 
 20260323    21:30:39       2    153     39     45 
 20260323    21:30:39       3    170     39     46 
 20260323    21:31:09       0    147     39     46 
 20260323    21:31:09       1    155     38     47 
 20260323    21:31:09       2    153     39     45 
 20260323    21:31:09       3    172     39     46 
#Date        Time         gpu    pwr  gtemp  mtemp 
#YYYYMMDD    HH:MM:SS     Idx      W      C      C 
 20260323    21:31:39       0    146     39     46 
 20260323    21:31:39       1    153     38     47 
 20260323    21:31:39       2    153     39     45 
 20260323    21:31:39       3    169     39     46 
 20260323    21:32:09       0    145     39     46 
 20260323    21:32:09       1    155     38     47 
 20260323    21:32:09       2    153     39     45 
 20260323    21:32:09       3    171     39     46 
 20260323    21:32:39       0    146     39     46 
 20260323    21:32:39       1    154     38     47 
 20260323    21:32:39       2    153     39     45 
 20260323    21:32:39       3    169     39     46 
 20260323    21:33:09       0    162     39     46 
 20260323    21:33:09       1    171     38     47 
 20260323    21:33:09       2    169     39     45 
 20260323    21:33:09       3    187     39     46 
 20260323    21:33:39       0    475     51     61 
 20260323    21:33:39       1    485     53     64 
 20260323    21:33:39       2    477     53     62 
 20260323    21:33:39       3    490     52     62 
 20260323    21:34:09       0    477     51     62 
 20260323    21:34:09       1    485     52     62 
 20260323    21:34:09       2    478     52     61 
 20260323    21:34:09       3    497     51     62 
 20260323    21:34:39       0    477     52     64 
 20260323    21:34:39       1    482     54     64 
 20260323    21:34:39       2    479     54     63 
 20260323    21:34:39       3    490     53     62 
 20260323    21:35:09       0    145     41     50 
 20260323    21:35:09       1    156     40     51 
 20260323    21:35:09       2    152     41     49 
 20260323    21:35:09       3    171     41     50 
 20260323    21:35:39       0    145     39     48 
 20260323    21:35:39       1    153     39     48 
 20260323    21:35:39       2    150     39     47 
 20260323    21:35:39       3    167     39     47 
 20260323    21:36:09       0    144     39     48 
 20260323    21:36:09       1    155     38     48 
 20260323    21:36:09       2    153     39     47 
 20260323    21:36:09       3    170     39     47 
 20260323    21:36:39       0    144     39     46 
 20260323    21:36:39       1    155     38     48 
 20260323    21:36:39       2    151     39     47 
 20260323    21:36:39       3    170     39     46 
#Date        Time         gpu    pwr  gtemp  mtemp 
#YYYYMMDD    HH:MM:SS     Idx      W      C      C 
 20260323    21:37:09       0    146     39     46 
 20260323    21:37:09       1    154     38     47 
 20260323    21:37:09       2    152     39     47 
 20260323    21:37:09       3    168     39     47 
 20260323    21:37:39       0    145     39     46 
 20260323    21:37:39       1    155     38     47 
 20260323    21:37:39       2    153     39     47 
 20260323    21:37:39       3    169     39     46 
 20260323    21:38:09       0    145     39     46 
 20260323    21:38:09       1    154     38     47 
 20260323    21:38:09       2    152     39     45 
 20260323    21:38:09       3    170     39     46 
 20260323    21:38:39       0    146     39     46 
 20260323    21:38:39       1    154     38     47 
 20260323    21:38:39       2    152     39     45 
 20260323    21:38:39       3    168     39     46 
 20260323    21:39:09       0    514     51     62 
 20260323    21:39:09       1    519     52     62 
 20260323    21:39:09       2    522     53     61 
 20260323    21:39:09       3    523     51     60 
 20260323    21:39:39       0    478     52     63 
 20260323    21:39:39       1    484     53     65 
 20260323    21:39:39       2    477     53     62 
 20260323    21:39:39       3    495     53     63 
 20260323    21:40:09       0    478     51     62 
 20260323    21:40:09       1    483     53     63 
 20260323    21:40:09       2    479     53     61 
 20260323    21:40:09       3    495     52     63 
 20260323    21:40:39       0    518     51     62 
 20260323    21:40:39       1    527     53     64 
 20260323    21:40:39       2    522     53     62 
 20260323    21:40:39       3    537     52     63 
 20260323    21:41:09       0    152     40     48 
 20260323    21:41:09       1    158     39     48 
 20260323    21:41:09       2    156     40     47 
 20260323    21:41:09       3    173     39     48 
 20260323    21:41:39       0    512     47     54 
 20260323    21:41:39       1    509     47     54 
 20260323    21:41:39       2    506     47     53 
 20260323    21:41:39       3    530     46     53 
 20260323    21:42:09       0    475     52     64 
 20260323    21:42:09       1    483     53     65 
 20260323    21:42:09       2    479     54     64 
 20260323    21:42:09       3    495     53     63 
#Date        Time         gpu    pwr  gtemp  mtemp 
#YYYYMMDD    HH:MM:SS     Idx      W      C      C 
 20260323    21:42:39       0    479     52     64 
 20260323    21:42:39       1    484     54     64 
 20260323    21:42:39       2    478     54     63 
 20260323    21:42:39       3    495     53     64 
 20260323    21:43:09       0    475     51     63 
 20260323    21:43:09       1    482     53     64 
 20260323    21:43:09       2    479     53     63 
 20260323    21:43:09       3    491     52     63 
 20260323    21:43:39       0    475     52     64 
 20260323    21:43:39       1    481     53     66 
 20260323    21:43:39       2    470     53     63 
 20260323    21:43:39       3    491     52     62 
 20260323    21:44:09       0    479     52     64 
 20260323    21:44:09       1    480     53     65 
 20260323    21:44:09       2    478     53     65 
 20260323    21:44:09       3    494     53     64 
 20260323    21:44:39       0    476     51     64 
 20260323    21:44:39       1    483     52     65 
 20260323    21:44:39       2    475     53     63 
 20260323    21:44:39       3    492     52     64 
 20260323    21:45:09       0    523     52     64 
 20260323    21:45:09       1    532     54     65 
 20260323    21:45:09       2    505     54     65 
 20260323    21:45:09       3    542     51     60 
 20260323    21:45:39       0    258     45     53 
 20260323    21:45:39       1    397     49     56 
 20260323    21:45:39       2    390     50     54 
 20260323    21:45:39       3    418     49     55 
 20260323    21:46:09       0    390     47     54 
 20260323    21:46:09       1    170     44     54 
 20260323    21:46:09       2    183     44     52 
 20260323    21:46:09       3    185     45     52 
 20260323    21:46:39       0    247     44     52 
 20260323    21:46:39       1    394     49     55 
 20260323    21:46:39       2    387     50     54 
 20260323    21:46:39       3    415     49     55 
 20260323    21:47:09       0    250     44     52 
 20260323    21:47:09       1    354     47     54 
 20260323    21:47:09       2    336     47     51 
 20260323    21:47:09       3    383     47     53 
 20260323    21:47:39       0    252     44     51 
 20260323    21:47:39       1    382     48     54 
 20260323    21:47:39       2    381     49     53 
 20260323    21:47:39       3    398     48     53 
#Date        Time         gpu    pwr  gtemp  mtemp 
#YYYYMMDD    HH:MM:SS     Idx      W      C      C 
 20260323    21:48:09       0    420     49     54 
 20260323    21:48:09       1    136     40     51 
 20260323    21:48:09       2    134     40     49 
 20260323    21:48:09       3    149     40     49 
 20260323    21:48:39       0    248     44     50 
 20260323    21:48:39       1    395     49     56 
 20260323    21:48:39       2    391     49     53 
 20260323    21:48:39       3    418     49     55 
 20260323    21:49:09       0    255     44     50 
 20260323    21:49:09       1    369     48     54 
 20260323    21:49:09       2    363     49     53 
 20260323    21:49:09       3    390     48     53 
 20260323    21:49:39       0    415     49     53 
 20260323    21:49:39       1    136     41     51 
 20260323    21:49:39       2    141     40     49 
 20260323    21:49:39       3    150     40     49 
 20260323    21:50:09       0    240     44     50 
 20260323    21:50:09       1    351     47     53 
 20260323    21:50:09       2    341     47     51 
 20260323    21:50:09       3    380     47     52 
 20260323    21:50:39       0    341     48     54 
 20260323    21:50:39       1    236     42     51 
 20260323    21:50:39       2    255     42     49 
 20260323    21:50:39       3    251     42     50 
 20260323    21:51:09       0    258     44     51 
 20260323    21:51:09       1    355     47     53 
 20260323    21:51:09       2    349     47     52 
 20260323    21:51:09       3    377     47     53 
 20260323    21:51:39       0    245     44     50 
 20260323    21:51:39       1    356     47     53 
 20260323    21:51:39       2    351     48     53 
 20260323    21:51:39       3    376     47     53 
 20260323    21:52:09       0    240     43     51 
 20260323    21:52:09       1    353     47     54 
 20260323    21:52:09       2    346     48     51 
 20260323    21:52:09       3    379     48     53 
 20260323    21:52:39       0    130     39     48 
 20260323    21:52:39       1    138     39     49 
 20260323    21:52:39       2    140     39     47 
 20260323    21:52:39       3    157     39     49 
 20260323    21:53:09       0    124     37     46 
 20260323    21:53:09       1    134     37     47 
 20260323    21:53:09       2    133     38     45 
 20260323    21:53:09       3    147     37     46 
