#Date        Time         gpu    pwr  gtemp  mtemp 
#YYYYMMDD    HH:MM:SS     Idx      W      C      C 
 20260323    15:21:49       0     80     34     43 
 20260323    15:21:49       1     86     34     43 
 20260323    15:21:49       2     84     34     43 
 20260323    15:21:49       3     99     33     44 
 20260323    15:22:19       0     80     34     43 
 20260323    15:22:19       1     86     34     43 
 20260323    15:22:19       2     84     34     43 
 20260323    15:22:19       3     98     33     44 
 20260323    15:22:49       0    129     36     43 
 20260323    15:22:49       1    137     36     43 
 20260323    15:22:49       2    136     37     45 
 20260323    15:22:49       3    150     36     45 
 20260323    15:23:19       0    133     37     45 
 20260323    15:23:19       1    138     37     44 
 20260323    15:23:19       2    138     37     45 
 20260323    15:23:19       3    152     36     46 
 20260323    15:23:49       0    142     40     47 
 20260323    15:23:49       1    148     40     49 
 20260323    15:23:49       2    148     40     49 
 20260323    15:23:49       3    161     39     49 
 20260323    15:24:19       0    529     54     65 
 20260323    15:24:19       1    532     54     63 
 20260323    15:24:19       2    522     54     63 
 20260323    15:24:19       3    544     52     63 
 20260323    15:24:49       0    524     54     65 
 20260323    15:24:49       1    527     55     65 
 20260323    15:24:49       2    519     54     64 
 20260323    15:24:49       3    537     53     63 
 20260323    15:25:19       0    523     55     66 
 20260323    15:25:19       1    525     55     67 
 20260323    15:25:19       2    516     54     65 
 20260323    15:25:19       3    536     54     64 
 20260323    15:25:49       0    166     41     49 
 20260323    15:25:49       1    168     41     50 
 20260323    15:25:49       2    171     42     51 
 20260323    15:25:49       3    186     41     50 
 20260323    15:26:19       0    162     40     48 
 20260323    15:26:19       1    166     40     49 
 20260323    15:26:19       2    171     41     50 
 20260323    15:26:19       3    182     40     49 
 20260323    15:26:49       0    164     40     48 
 20260323    15:26:49       1    168     40     47 
 20260323    15:26:49       2    171     41     49 
 20260323    15:26:49       3    183     40     49 
#Date        Time         gpu    pwr  gtemp  mtemp 
#YYYYMMDD    HH:MM:SS     Idx      W      C      C 
 20260323    15:27:19       0    524     54     63 
 20260323    15:27:19       1    528     54     63 
 20260323    15:27:19       2    521     54     64 
 20260323    15:27:19       3    537     53     63 
 20260323    15:27:49       0    520     55     65 
 20260323    15:27:49       1    518     55     67 
 20260323    15:27:49       2    519     54     65 
 20260323    15:27:49       3    532     54     65 
 20260323    15:28:19       0    526     55     67 
 20260323    15:28:19       1    527     55     67 
 20260323    15:28:19       2    516     55     65 
 20260323    15:28:19       3    535     54     65 
 20260323    15:28:49       0    397     51     57 
 20260323    15:28:49       1    394     51     57 
 20260323    15:28:49       2    402     52     57 
 20260323    15:28:49       3    398     51     57 
 20260323    15:29:19       0    526     55     65 
 20260323    15:29:19       1    523     55     65 
 20260323    15:29:19       2    520     55     64 
 20260323    15:29:19       3    526     54     65 
 20260323    15:29:49       0    522     55     67 
 20260323    15:29:49       1    523     55     67 
 20260323    15:29:49       2    516     55     66 
 20260323    15:29:49       3    534     54     65 
 20260323    15:30:19       0    521     55     66 
 20260323    15:30:19       1    523     56     67 
 20260323    15:30:19       2    515     55     65 
 20260323    15:30:19       3    533     54     65 
 20260323    15:30:49       0    530     54     64 
 20260323    15:30:49       1    529     54     65 
 20260323    15:30:49       2    520     54     65 
 20260323    15:30:49       3    539     53     65 
 20260323    15:31:19       0    524     56     66 
 20260323    15:31:19       1    518     56     68 
 20260323    15:31:19       2    514     55     66 
 20260323    15:31:19       3    533     54     65 
 20260323    15:31:49       0    520     55     66 
 20260323    15:31:49       1    524     56     69 
 20260323    15:31:49       2    515     55     67 
 20260323    15:31:49       3    536     55     67 
 20260323    15:32:19       0    520     55     64 
 20260323    15:32:19       1    514     55     65 
 20260323    15:32:19       2    515     55     67 
 20260323    15:32:19       3    528     54     64 
#Date        Time         gpu    pwr  gtemp  mtemp 
#YYYYMMDD    HH:MM:SS     Idx      W      C      C 
 20260323    15:32:49       0    265     46     53 
 20260323    15:32:49       1    404     51     58 
 20260323    15:32:49       2    408     52     58 
 20260323    15:32:49       3    417     50     57 
 20260323    15:33:19       0    262     46     53 
 20260323    15:33:19       1    386     50     57 
 20260323    15:33:19       2    398     51     56 
 20260323    15:33:19       3    400     49     55 
 20260323    15:33:49       0    261     46     53 
 20260323    15:33:49       1    381     48     55 
 20260323    15:33:49       2    393     49     56 
 20260323    15:33:49       3    395     48     55 
 20260323    15:34:19       0    428     51     54 
 20260323    15:34:19       1    138     41     51 
 20260323    15:34:19       2    138     41     51 
 20260323    15:34:19       3    152     40     51 
 20260323    15:34:49       0    282     46     52 
 20260323    15:34:49       1    300     47     53 
 20260323    15:34:49       2    305     47     53 
 20260323    15:34:49       3    313     46     54 
 20260323    15:35:19       0    255     45     51 
 20260323    15:35:19       1    354     48     54 
 20260323    15:35:19       2    356     48     54 
 20260323    15:35:19       3    361     47     53 
 20260323    15:35:49       0    263     45     51 
 20260323    15:35:49       1    345     48     53 
 20260323    15:35:49       2    353     48     54 
 20260323    15:35:49       3    357     47     54 
 20260323    15:36:19       0    253     44     51 
 20260323    15:36:19       1    347     48     54 
 20260323    15:36:19       2    352     49     53 
 20260323    15:36:19       3    358     47     53 
 20260323    15:36:49       0    251     45     51 
 20260323    15:36:49       1    354     48     53 
 20260323    15:36:49       2    364     49     54 
 20260323    15:36:49       3    371     47     54 
 20260323    15:37:19       0    277     46     52 
 20260323    15:37:19       1    304     46     51 
 20260323    15:37:19       2    306     47     53 
 20260323    15:37:19       3    311     45     52 
 20260323    15:37:49       0    293     46     52 
 20260323    15:37:49       1    307     46     53 
 20260323    15:37:49       2    305     46     52 
 20260323    15:37:49       3    317     45     52 
#Date        Time         gpu    pwr  gtemp  mtemp 
#YYYYMMDD    HH:MM:SS     Idx      W      C      C 
 20260323    15:38:19       0    248     44     51 
 20260323    15:38:19       1    354     48     54 
 20260323    15:38:19       2    364     49     54 
 20260323    15:38:19       3    374     48     54 
 20260323    15:38:49       0    258     45     51 
 20260323    15:38:49       1    343     48     53 
 20260323    15:38:49       2    352     48     54 
 20260323    15:38:49       3    360     47     54 
 20260323    15:39:19       0    257     45     51 
 20260323    15:39:19       1    310     45     51 
 20260323    15:39:19       2    299     45     51 
 20260323    15:39:19       3    324     45     51 
 20260323    15:39:49       0    370     50     51 
 20260323    15:39:49       1    377     49     51 
 20260323    15:39:49       2    385     49     51 
 20260323    15:39:49       3    394     46     50 
 20260323    15:40:19       0    174     39     47 
 20260323    15:40:19       1    176     39     47 
 20260323    15:40:19       2    177     40     47 
 20260323    15:40:19       3    190     39     48 
 20260323    15:40:49       0    130     37     46 
 20260323    15:40:49       1    137     37     45 
 20260323    15:40:49       2    136     38     47 
 20260323    15:40:49       3    150     37     47 
