#Date        Time         gpu    pwr  gtemp  mtemp 
#YYYYMMDD    HH:MM:SS     Idx      W      C      C 
 20260323    21:11:42       0     86     32     41 
 20260323    21:11:42       1     93     35     43 
 20260323    21:11:42       2     92     35     43 
 20260323    21:11:42       3    100     33     41 
 20260323    21:12:12       0    132     34     41 
 20260323    21:12:12       1    142     37     44 
 20260323    21:12:12       2    140     37     43 
 20260323    21:12:12       3    150     35     41 
 20260323    21:12:42       0    133     34     42 
 20260323    21:12:42       1    143     37     44 
 20260323    21:12:42       2    141     37     43 
 20260323    21:12:42       3    152     36     41 
 20260323    21:13:12       0    146     35     42 
 20260323    21:13:12       1    155     38     45 
 20260323    21:13:12       2    153     38     45 
 20260323    21:13:12       3    167     37     41 
 20260323    21:13:42       0    149     35     42 
 20260323    21:13:42       1    161     38     45 
 20260323    21:13:42       2    159     39     45 
 20260323    21:13:42       3    170     37     41 
 20260323    21:14:12       0    148     35     42 
 20260323    21:14:12       1    159     38     45 
 20260323    21:14:12       2    157     39     45 
 20260323    21:14:12       3    169     37     42 
 20260323    21:14:42       0    149     35     42 
 20260323    21:14:42       1    160     39     45 
 20260323    21:14:42       2    158     39     45 
 20260323    21:14:42       3    170     37     42 
 20260323    21:15:12       0    149     36     42 
 20260323    21:15:12       1    158     39     45 
 20260323    21:15:12       2    158     39     46 
 20260323    21:15:12       3    169     38     43 
 20260323    21:15:42       0    147     35     42 
 20260323    21:15:42       1    158     39     45 
 20260323    21:15:42       2    157     39     45 
 20260323    21:15:42       3    169     37     42 
 20260323    21:16:12       0    148     36     43 
 20260323    21:16:12       1    161     40     45 
 20260323    21:16:12       2    159     39     45 
 20260323    21:16:12       3    170     37     42 
 20260323    21:16:42       0    149     35     42 
 20260323    21:16:42       1    158     38     45 
 20260323    21:16:42       2    157     39     45 
 20260323    21:16:42       3    168     37     42 
#Date        Time         gpu    pwr  gtemp  mtemp 
#YYYYMMDD    HH:MM:SS     Idx      W      C      C 
 20260323    21:17:12       0    149     35     42 
 20260323    21:17:12       1    158     39     45 
 20260323    21:17:12       2    158     39     45 
 20260323    21:17:12       3    169     38     42 
 20260323    21:17:42       0    150     36     42 
 20260323    21:17:42       1    162     39     45 
 20260323    21:17:42       2    160     39     45 
 20260323    21:17:42       3    171     38     43 
 20260323    21:18:12       0    140     35     42 
 20260323    21:18:12       1    150     38     45 
 20260323    21:18:12       2    147     38     45 
 20260323    21:18:12       3    160     37     42 
 20260323    21:18:42       0    149     35     42 
 20260323    21:18:42       1    158     39     45 
 20260323    21:18:42       2    158     39     45 
 20260323    21:18:42       3    170     37     42 
 20260323    21:19:12       0    149     35     42 
 20260323    21:19:12       1    159     39     46 
 20260323    21:19:12       2    159     39     45 
 20260323    21:19:12       3    170     37     43 
 20260323    21:19:42       0    149     35     42 
 20260323    21:19:42       1    160     39     46 
 20260323    21:19:42       2    158     39     45 
 20260323    21:19:42       3    170     37     42 
 20260323    21:20:12       0    149     35     42 
 20260323    21:20:12       1    159     39     45 
 20260323    21:20:12       2    159     39     45 
 20260323    21:20:12       3    170     38     43 
 20260323    21:20:42       0    148     35     42 
 20260323    21:20:42       1    160     38     45 
 20260323    21:20:42       2    158     39     45 
 20260323    21:20:42       3    169     37     41 
 20260323    21:21:12       0    150     35     42 
 20260323    21:21:12       1    158     38     45 
 20260323    21:21:12       2    158     39     45 
 20260323    21:21:12       3    170     37     42 
 20260323    21:21:42       0    148     35     42 
 20260323    21:21:42       1    160     38     45 
 20260323    21:21:42       2    159     39     45 
 20260323    21:21:42       3    169     37     41 
 20260323    21:22:12       0    148     35     42 
 20260323    21:22:12       1    159     38     45 
 20260323    21:22:12       2    158     39     46 
 20260323    21:22:12       3    169     37     42 
#Date        Time         gpu    pwr  gtemp  mtemp 
#YYYYMMDD    HH:MM:SS     Idx      W      C      C 
 20260323    21:22:42       0    149     35     42 
 20260323    21:22:42       1    158     38     45 
 20260323    21:22:42       2    158     39     46 
 20260323    21:22:42       3    170     37     41 
 20260323    21:23:12       0    149     35     42 
 20260323    21:23:12       1    159     38     45 
 20260323    21:23:12       2    157     39     46 
 20260323    21:23:12       3    170     37     42 
 20260323    21:23:42       0    149     35     42 
 20260323    21:23:42       1    161     39     45 
 20260323    21:23:42       2    158     39     45 
 20260323    21:23:42       3    169     37     42 
 20260323    21:24:12       0    148     35     42 
 20260323    21:24:12       1    159     38     45 
 20260323    21:24:12       2    157     39     46 
 20260323    21:24:12       3    169     37     42 
 20260323    21:24:42       0    148     35     42 
 20260323    21:24:42       1    161     39     46 
 20260323    21:24:42       2    157     39     45 
 20260323    21:24:42       3    169     37     42 
 20260323    21:25:12       0    151     35     42 
 20260323    21:25:12       1    159     39     45 
 20260323    21:25:12       2    157     39     45 
 20260323    21:25:12       3    170     37     42 
 20260323    21:25:42       0    150     35     42 
 20260323    21:25:42       1    159     39     45 
 20260323    21:25:42       2    158     39     45 
 20260323    21:25:42       3    170     37     43 
 20260323    21:26:12       0    149     35     42 
 20260323    21:26:12       1    160     39     45 
 20260323    21:26:12       2    158     39     45 
 20260323    21:26:12       3    170     38     43 
 20260323    21:26:42       0    150     36     42 
 20260323    21:26:42       1    160     39     46 
 20260323    21:26:42       2    158     39     45 
 20260323    21:26:42       3    171     38     43 
 20260323    21:27:12       0    148     35     42 
 20260323    21:27:12       1    160     39     46 
 20260323    21:27:12       2    158     39     45 
 20260323    21:27:12       3    170     38     43 
 20260323    21:27:42       0    150     36     42 
 20260323    21:27:42       1    159     39     45 
 20260323    21:27:42       2    157     39     45 
 20260323    21:27:42       3    170     38     43 
#Date        Time         gpu    pwr  gtemp  mtemp 
#YYYYMMDD    HH:MM:SS     Idx      W      C      C 
 20260323    21:28:12       0    149     36     42 
 20260323    21:28:12       1    159     39     46 
 20260323    21:28:12       2    159     39     45 
 20260323    21:28:12       3    170     38     42 
 20260323    21:28:42       0    148     35     42 
 20260323    21:28:42       1    159     39     46 
 20260323    21:28:42       2    157     39     45 
 20260323    21:28:42       3    169     38     43 
 20260323    21:29:12       0    150     36     42 
 20260323    21:29:12       1    160     39     45 
 20260323    21:29:12       2    158     39     45 
 20260323    21:29:12       3    170     38     43 
 20260323    21:29:42       0    149     36     42 
 20260323    21:29:42       1    158     39     45 
 20260323    21:29:42       2    159     39     45 
 20260323    21:29:42       3    170     38     43 
 20260323    21:30:12       0    151     36     42 
 20260323    21:30:12       1    161     39     45 
 20260323    21:30:12       2    162     40     45 
 20260323    21:30:12       3    172     38     43 
 20260323    21:30:42       0    149     36     43 
 20260323    21:30:42       1    159     39     45 
 20260323    21:30:42       2    159     39     45 
 20260323    21:30:42       3    170     38     43 
 20260323    21:31:12       0    154     36     42 
 20260323    21:31:12       1    163     40     46 
 20260323    21:31:12       2    164     39     45 
 20260323    21:31:12       3    176     38     43 
 20260323    21:31:42       0    149     35     42 
 20260323    21:31:42       1    158     39     45 
 20260323    21:31:42       2    158     39     45 
 20260323    21:31:42       3    170     38     43 
 20260323    21:32:12       0    150     35     42 
 20260323    21:32:12       1    160     39     45 
 20260323    21:32:12       2    160     39     45 
 20260323    21:32:12       3    172     38     43 
 20260323    21:32:42       0    148     35     42 
 20260323    21:32:42       1    159     39     45 
 20260323    21:32:42       2    158     39     45 
 20260323    21:32:42       3    171     38     43 
 20260323    21:33:12       0    151     35     42 
 20260323    21:33:12       1    160     39     45 
 20260323    21:33:12       2    159     39     45 
 20260323    21:33:12       3    171     38     42 
#Date        Time         gpu    pwr  gtemp  mtemp 
#YYYYMMDD    HH:MM:SS     Idx      W      C      C 
 20260323    21:33:42       0    149     35     42 
 20260323    21:33:42       1    159     39     46 
 20260323    21:33:42       2    158     39     45 
 20260323    21:33:42       3    171     37     43 
 20260323    21:34:12       0    149     35     42 
 20260323    21:34:12       1    160     39     46 
 20260323    21:34:12       2    158     39     45 
 20260323    21:34:12       3    170     37     42 
 20260323    21:34:42       0    141     35     42 
 20260323    21:34:42       1    151     38     45 
 20260323    21:34:42       2    149     38     45 
 20260323    21:34:42       3    160     37     42 
 20260323    21:35:12       0    149     35     42 
 20260323    21:35:12       1    161     39     46 
 20260323    21:35:12       2    159     39     45 
 20260323    21:35:12       3    170     37     42 
 20260323    21:35:42       0    150     36     42 
 20260323    21:35:42       1    160     39     45 
 20260323    21:35:42       2    160     39     45 
 20260323    21:35:42       3    172     38     42 
 20260323    21:36:12       0    148     35     42 
 20260323    21:36:12       1    160     39     45 
 20260323    21:36:12       2    158     39     45 
 20260323    21:36:12       3    170     37     42 
 20260323    21:36:42       0    149     35     42 
 20260323    21:36:42       1    158     39     45 
 20260323    21:36:42       2    158     39     45 
 20260323    21:36:42       3    169     37     43 
 20260323    21:37:12       0    148     35     42 
 20260323    21:37:12       1    160     39     46 
 20260323    21:37:12       2    158     39     45 
 20260323    21:37:12       3    169     37     42 
 20260323    21:37:42       0    149     35     42 
 20260323    21:37:42       1    159     38     46 
 20260323    21:37:42       2    157     39     45 
 20260323    21:37:42       3    169     37     42 
 20260323    21:38:12       0    148     35     42 
 20260323    21:38:12       1    160     39     45 
 20260323    21:38:12       2    159     39     45 
 20260323    21:38:12       3    170     37     42 
 20260323    21:38:42       0    150     35     42 
 20260323    21:38:42       1    158     39     46 
 20260323    21:38:42       2    157     39     45 
 20260323    21:38:42       3    170     37     42 
#Date        Time         gpu    pwr  gtemp  mtemp 
#YYYYMMDD    HH:MM:SS     Idx      W      C      C 
 20260323    21:39:12       0    149     35     42 
 20260323    21:39:12       1    159     39     46 
 20260323    21:39:12       2    157     39     45 
 20260323    21:39:12       3    169     38     43 
 20260323    21:39:42       0    149     35     42 
 20260323    21:39:42       1    158     39     46 
 20260323    21:39:42       2    157     39     45 
 20260323    21:39:42       3    170     37     42 
 20260323    21:40:12       0    149     35     42 
 20260323    21:40:12       1    158     38     45 
 20260323    21:40:12       2    158     39     45 
 20260323    21:40:12       3    170     37     42 
 20260323    21:40:42       0    149     35     42 
 20260323    21:40:42       1    158     39     45 
 20260323    21:40:42       2    157     39     45 
 20260323    21:40:42       3    170     37     42 
 20260323    21:41:12       0    149     35     42 
 20260323    21:41:12       1    162     39     45 
 20260323    21:41:12       2    159     39     45 
 20260323    21:41:12       3    171     37     43 
 20260323    21:41:42       0    150     35     42 
 20260323    21:41:42       1    161     38     45 
 20260323    21:41:42       2    159     39     45 
 20260323    21:41:42       3    171     37     42 
 20260323    21:42:12       0    148     35     42 
 20260323    21:42:12       1    159     38     45 
 20260323    21:42:12       2    157     39     45 
 20260323    21:42:12       3    169     37     42 
 20260323    21:42:42       0    148     35     42 
 20260323    21:42:42       1    162     38     45 
 20260323    21:42:42       2    158     39     45 
 20260323    21:42:42       3    170     37     43 
 20260323    21:43:12       0    150     35     42 
 20260323    21:43:12       1    160     39     46 
 20260323    21:43:12       2    159     39     45 
 20260323    21:43:12       3    171     37     42 
 20260323    21:43:42       0    149     35     42 
 20260323    21:43:42       1    158     38     46 
 20260323    21:43:42       2    159     39     45 
 20260323    21:43:42       3    170     37     42 
 20260323    21:44:12       0    150     35     42 
 20260323    21:44:12       1    161     39     45 
 20260323    21:44:12       2    160     39     45 
 20260323    21:44:12       3    171     37     42 
#Date        Time         gpu    pwr  gtemp  mtemp 
#YYYYMMDD    HH:MM:SS     Idx      W      C      C 
 20260323    21:44:42       0    149     35     42 
 20260323    21:44:42       1    158     39     46 
 20260323    21:44:42       2    158     39     45 
 20260323    21:44:42       3    170     37     42 
 20260323    21:45:12       0    148     35     42 
 20260323    21:45:12       1    159     39     46 
 20260323    21:45:12       2    157     39     45 
 20260323    21:45:12       3    169     37     42 
 20260323    21:45:42       0    149     35     42 
 20260323    21:45:42       1    160     39     45 
 20260323    21:45:42       2    159     39     45 
 20260323    21:45:42       3    170     37     43 
 20260323    21:46:12       0    149     36     42 
 20260323    21:46:12       1    159     39     46 
 20260323    21:46:12       2    159     39     45 
 20260323    21:46:12       3    170     38     43 
 20260323    21:46:42       0    149     35     42 
 20260323    21:46:42       1    158     38     45 
 20260323    21:46:42       2    158     39     45 
 20260323    21:46:42       3    170     37     42 
 20260323    21:47:12       0    149     35     42 
 20260323    21:47:12       1    159     39     46 
 20260323    21:47:12       2    158     39     45 
 20260323    21:47:12       3    170     37     42 
 20260323    21:47:42       0    148     36     42 
 20260323    21:47:42       1    159     39     45 
 20260323    21:47:42       2    158     39     45 
 20260323    21:47:42       3    169     38     42 
 20260323    21:48:12       0    148     36     42 
 20260323    21:48:12       1    159     39     45 
 20260323    21:48:12       2    158     39     45 
 20260323    21:48:12       3    170     38     43 
 20260323    21:48:42       0    148     35     42 
 20260323    21:48:42       1    159     39     45 
 20260323    21:48:42       2    158     39     45 
 20260323    21:48:42       3    170     37     43 
 20260323    21:49:12       0    148     35     42 
 20260323    21:49:12       1    159     39     45 
 20260323    21:49:12       2    159     39     45 
 20260323    21:49:12       3    170     38     43 
 20260323    21:49:42       0    151     35     42 
 20260323    21:49:42       1    160     39     46 
 20260323    21:49:42       2    160     39     45 
 20260323    21:49:42       3    172     38     43 
#Date        Time         gpu    pwr  gtemp  mtemp 
#YYYYMMDD    HH:MM:SS     Idx      W      C      C 
 20260323    21:50:12       0    149     36     42 
 20260323    21:50:12       1    161     39     46 
 20260323    21:50:12       2    159     39     45 
 20260323    21:50:12       3    171     38     43 
 20260323    21:50:42       0    148     35     42 
 20260323    21:50:42       1    159     39     45 
 20260323    21:50:42       2    157     39     45 
 20260323    21:50:42       3    169     37     43 
 20260323    21:51:12       0    149     35     42 
 20260323    21:51:12       1    159     39     46 
 20260323    21:51:12       2    159     39     45 
 20260323    21:51:12       3    170     37     43 
 20260323    21:51:42       0    151     35     42 
 20260323    21:51:42       1    159     39     45 
 20260323    21:51:42       2    159     39     45 
 20260323    21:51:42       3    172     37     43 
 20260323    21:52:12       0    150     35     42 
 20260323    21:52:12       1    160     38     45 
 20260323    21:52:12       2    159     39     45 
 20260323    21:52:12       3    171     37     42 
 20260323    21:52:42       0    148     35     42 
 20260323    21:52:42       1    159     38     46 
 20260323    21:52:42       2    158     39     45 
 20260323    21:52:42       3    169     37     42 
 20260323    21:53:12       0    150     35     42 
 20260323    21:53:12       1    160     39     46 
 20260323    21:53:12       2    159     39     45 
 20260323    21:53:12       3    170     37     42 
 20260323    21:53:42       0    150     35     42 
 20260323    21:53:42       1    161     38     46 
 20260323    21:53:42       2    158     39     45 
 20260323    21:53:42       3    170     37     42 
 20260323    21:54:12       0    148     35     42 
 20260323    21:54:12       1    159     38     45 
 20260323    21:54:12       2    158     39     45 
 20260323    21:54:12       3    169     37     42 
 20260323    21:54:42       0    150     35     42 
 20260323    21:54:42       1    161     38     45 
 20260323    21:54:42       2    158     39     45 
 20260323    21:54:42       3    170     37     42 
 20260323    21:55:12       0    150     35     42 
 20260323    21:55:12       1    160     39     46 
 20260323    21:55:12       2    159     39     45 
 20260323    21:55:12       3    171     37     43 
#Date        Time         gpu    pwr  gtemp  mtemp 
#YYYYMMDD    HH:MM:SS     Idx      W      C      C 
 20260323    21:55:42       0    139     35     42 
 20260323    21:55:42       1    149     38     45 
 20260323    21:55:42       2    147     38     46 
 20260323    21:55:42       3    159     37     42 
 20260323    21:56:12       0    150     35     42 
 20260323    21:56:12       1    161     39     46 
 20260323    21:56:12       2    159     39     45 
 20260323    21:56:12       3    171     37     42 
 20260323    21:56:42       0    149     35     42 
 20260323    21:56:42       1    159     38     45 
 20260323    21:56:42       2    157     39     45 
 20260323    21:56:42       3    169     37     43 
 20260323    21:57:12       0    148     35     42 
 20260323    21:57:12       1    161     38     45 
 20260323    21:57:12       2    159     39     45 
 20260323    21:57:12       3    170     37     42 
 20260323    21:57:42       0    148     35     42 
 20260323    21:57:42       1    159     38     45 
 20260323    21:57:42       2    157     39     45 
 20260323    21:57:42       3    169     37     42 
 20260323    21:58:12       0    148     35     42 
 20260323    21:58:12       1    160     38     46 
 20260323    21:58:12       2    158     39     45 
 20260323    21:58:12       3    169     37     42 
 20260323    21:58:42       0    148     36     42 
 20260323    21:58:42       1    159     39     46 
 20260323    21:58:42       2    158     40     45 
 20260323    21:58:42       3    169     38     42 
 20260323    21:59:12       0    149     35     42 
 20260323    21:59:12       1    160     39     45 
 20260323    21:59:12       2    160     39     45 
 20260323    21:59:12       3    171     37     43 
 20260323    21:59:42       0    149     35     42 
 20260323    21:59:42       1    159     38     46 
 20260323    21:59:42       2    157     39     45 
 20260323    21:59:42       3    169     37     41 
 20260323    22:00:12       0    150     35     42 
 20260323    22:00:12       1    161     38     46 
 20260323    22:00:12       2    160     39     45 
 20260323    22:00:12       3    171     37     42 
 20260323    22:00:42       0    148     35     42 
 20260323    22:00:42       1    159     38     45 
 20260323    22:00:42       2    158     39     45 
 20260323    22:00:42       3    169     37     41 
#Date        Time         gpu    pwr  gtemp  mtemp 
#YYYYMMDD    HH:MM:SS     Idx      W      C      C 
 20260323    22:01:12       0    151     35     42 
 20260323    22:01:12       1    162     38     45 
 20260323    22:01:12       2    160     38     45 
 20260323    22:01:12       3    170     37     41 
 20260323    22:01:42       0    148     35     42 
 20260323    22:01:42       1    159     38     46 
 20260323    22:01:42       2    157     39     45 
 20260323    22:01:42       3    169     37     42 
 20260323    22:02:12       0    148     35     42 
 20260323    22:02:12       1    159     38     45 
 20260323    22:02:12       2    157     39     45 
 20260323    22:02:12       3    169     37     42 
 20260323    22:02:42       0    150     35     42 
 20260323    22:02:42       1    158     38     45 
 20260323    22:02:42       2    159     39     45 
 20260323    22:02:42       3    170     37     42 
 20260323    22:03:12       0    149     35     42 
 20260323    22:03:12       1    159     38     45 
 20260323    22:03:12       2    158     39     45 
 20260323    22:03:12       3    170     37     42 
 20260323    22:03:42       0    149     35     42 
 20260323    22:03:42       1    160     38     45 
 20260323    22:03:42       2    160     39     45 
 20260323    22:03:42       3    171     37     41 
 20260323    22:04:12       0    149     35     42 
 20260323    22:04:12       1    161     38     45 
 20260323    22:04:12       2    160     39     45 
 20260323    22:04:12       3    171     37     42 
 20260323    22:04:42       0    148     35     42 
 20260323    22:04:42       1    159     38     46 
 20260323    22:04:42       2    157     39     45 
 20260323    22:04:42       3    169     37     41 
 20260323    22:05:12       0    149     35     42 
 20260323    22:05:12       1    159     38     45 
 20260323    22:05:12       2    158     39     45 
 20260323    22:05:12       3    171     37     42 
 20260323    22:05:42       0    148     35     42 
 20260323    22:05:42       1    158     38     46 
 20260323    22:05:42       2    157     39     45 
 20260323    22:05:42       3    169     37     42 
 20260323    22:06:12       0    149     35     42 
 20260323    22:06:12       1    159     39     46 
 20260323    22:06:12       2    158     39     45 
 20260323    22:06:12       3    171     37     42 
#Date        Time         gpu    pwr  gtemp  mtemp 
#YYYYMMDD    HH:MM:SS     Idx      W      C      C 
 20260323    22:06:42       0    147     35     42 
 20260323    22:06:42       1    159     39     46 
 20260323    22:06:42       2    158     39     45 
 20260323    22:06:42       3    169     38     42 
 20260323    22:07:12       0    148     35     42 
 20260323    22:07:12       1    159     38     45 
 20260323    22:07:12       2    157     39     45 
 20260323    22:07:12       3    169     37     42 
 20260323    22:07:42       0    148     35     42 
 20260323    22:07:42       1    160     39     45 
 20260323    22:07:42       2    158     39     46 
 20260323    22:07:42       3    169     37     43 
 20260323    22:08:12       0    148     36     42 
 20260323    22:08:12       1    160     39     45 
 20260323    22:08:12       2    158     39     45 
 20260323    22:08:12       3    170     38     43 
 20260323    22:08:42       0    146     35     42 
 20260323    22:08:42       1    157     38     45 
 20260323    22:08:42       2    156     39     45 
 20260323    22:08:42       3    168     37     42 
 20260323    22:09:12       0    465     47     55 
 20260323    22:09:12       1    490     51     59 
 20260323    22:09:12       2    474     51     59 
 20260323    22:09:12       3    494     48     54 
 20260323    22:09:42       0    413     42     49 
 20260323    22:09:42       1    426     49     57 
 20260323    22:09:42       2    420     47     53 
 20260323    22:09:42       3    429     43     49 
 20260323    22:10:12       0    439     43     50 
 20260323    22:10:12       1    454     48     55 
 20260323    22:10:12       2    440     47     55 
 20260323    22:10:12       3    454     44     51 
 20260323    22:10:42       0    474     47     55 
 20260323    22:10:42       1    492     52     60 
 20260323    22:10:42       2    486     50     57 
 20260323    22:10:42       3    476     48     57 
 20260323    22:11:12       0    478     47     56 
 20260323    22:11:12       1    491     52     61 
 20260323    22:11:12       2    484     52     61 
 20260323    22:11:12       3    492     48     57 
 20260323    22:11:42       0    472     47     56 
 20260323    22:11:42       1    483     51     61 
 20260323    22:11:42       2    480     52     61 
 20260323    22:11:42       3    491     47     57 
#Date        Time         gpu    pwr  gtemp  mtemp 
#YYYYMMDD    HH:MM:SS     Idx      W      C      C 
 20260323    22:12:12       0    416     46     55 
 20260323    22:12:12       1    424     51     60 
 20260323    22:12:12       2    426     51     62 
 20260323    22:12:12       3    453     47     56 
 20260323    22:12:42       0    407     45     54 
 20260323    22:12:42       1    424     50     60 
 20260323    22:12:42       2    417     51     60 
 20260323    22:12:42       3    427     46     55 
 20260323    22:13:12       0    134     37     46 
 20260323    22:13:12       1    148     42     51 
 20260323    22:13:12       2    146     42     51 
 20260323    22:13:12       3    159     38     45 
 20260323    22:13:42       0    144     36     42 
 20260323    22:13:42       1    157     39     47 
 20260323    22:13:42       2    155     40     47 
 20260323    22:13:42       3    169     38     44 
 20260323    22:14:12       0    146     35     42 
 20260323    22:14:12       1    160     39     47 
 20260323    22:14:12       2    157     39     47 
 20260323    22:14:12       3    170     38     43 
 20260323    22:14:42       0    147     35     42 
 20260323    22:14:42       1    160     39     46 
 20260323    22:14:42       2    159     39     47 
 20260323    22:14:42       3    171     37     43 
 20260323    22:15:12       0    147     35     42 
 20260323    22:15:12       1    158     39     46 
 20260323    22:15:12       2    158     39     47 
 20260323    22:15:12       3    170     37     43 
 20260323    22:15:42       0    142     35     42 
 20260323    22:15:42       1    153     39     45 
 20260323    22:15:42       2    151     39     45 
 20260323    22:15:42       3    162     37     43 
 20260323    22:16:12       0    150     35     43 
 20260323    22:16:12       1    160     39     45 
 20260323    22:16:12       2    158     39     45 
 20260323    22:16:12       3    170     37     43 
 20260323    22:16:42       0    148     36     43 
 20260323    22:16:42       1    159     39     45 
 20260323    22:16:42       2    158     39     45 
 20260323    22:16:42       3    169     37     43 
 20260323    22:17:12       0    148     35     42 
 20260323    22:17:12       1    159     39     45 
 20260323    22:17:12       2    157     39     45 
 20260323    22:17:12       3    169     37     43 
#Date        Time         gpu    pwr  gtemp  mtemp 
#YYYYMMDD    HH:MM:SS     Idx      W      C      C 
 20260323    22:17:42       0    155     36     42 
 20260323    22:17:42       1    162     39     45 
 20260323    22:17:42       2    163     39     45 
 20260323    22:17:42       3    175     38     43 
 20260323    22:18:12       0    148     35     42 
 20260323    22:18:12       1    158     39     46 
 20260323    22:18:12       2    158     39     45 
 20260323    22:18:12       3    169     37     42 
 20260323    22:18:42       0    148     35     42 
 20260323    22:18:42       1    158     38     46 
 20260323    22:18:42       2    156     39     45 
 20260323    22:18:42       3    169     37     42 
 20260323    22:19:12       0    148     35     42 
 20260323    22:19:12       1    160     38     46 
 20260323    22:19:12       2    157     39     45 
 20260323    22:19:12       3    169     37     43 
 20260323    22:19:42       0    148     35     42 
 20260323    22:19:42       1    159     38     45 
 20260323    22:19:42       2    157     39     45 
 20260323    22:19:42       3    169     37     42 
 20260323    22:20:12       0    147     35     42 
 20260323    22:20:12       1    159     38     45 
 20260323    22:20:12       2    157     39     45 
 20260323    22:20:12       3    168     37     43 
 20260323    22:20:42       0    149     35     42 
 20260323    22:20:42       1    159     39     46 
 20260323    22:20:42       2    157     39     45 
 20260323    22:20:42       3    169     37     43 
 20260323    22:21:12       0    150     35     42 
 20260323    22:21:12       1    160     39     45 
 20260323    22:21:12       2    158     39     45 
 20260323    22:21:12       3    170     37     42 
 20260323    22:21:42       0    147     35     42 
 20260323    22:21:42       1    157     38     45 
 20260323    22:21:42       2    156     39     45 
 20260323    22:21:42       3    168     37     42 
 20260323    22:22:12       0    149     35     42 
 20260323    22:22:12       1    161     39     46 
 20260323    22:22:12       2    160     39     45 
 20260323    22:22:12       3    170     37     42 
 20260323    22:22:42       0    148     36     42 
 20260323    22:22:42       1    160     39     46 
 20260323    22:22:42       2    156     39     45 
 20260323    22:22:42       3    169     37     42 
#Date        Time         gpu    pwr  gtemp  mtemp 
#YYYYMMDD    HH:MM:SS     Idx      W      C      C 
 20260323    22:23:12       0    147     35     42 
 20260323    22:23:12       1    157     38     45 
 20260323    22:23:12       2    157     39     45 
 20260323    22:23:12       3    167     37     42 
 20260323    22:23:42       0    150     35     42 
 20260323    22:23:42       1    160     38     46 
 20260323    22:23:42       2    159     39     45 
 20260323    22:23:42       3    171     37     42 
 20260323    22:24:12       0    148     35     42 
 20260323    22:24:12       1    160     39     45 
 20260323    22:24:12       2    158     39     45 
 20260323    22:24:12       3    169     37     42 
 20260323    22:24:42       0    149     35     42 
 20260323    22:24:42       1    158     38     46 
 20260323    22:24:42       2    157     39     45 
 20260323    22:24:42       3    169     37     42 
 20260323    22:25:12       0    149     35     42 
 20260323    22:25:12       1    160     38     45 
 20260323    22:25:12       2    159     39     45 
 20260323    22:25:12       3    170     37     42 
 20260323    22:25:42       0    149     35     42 
 20260323    22:25:42       1    158     38     45 
 20260323    22:25:42       2    156     39     45 
 20260323    22:25:42       3    168     37     42 
 20260323    22:26:12       0    150     35     42 
 20260323    22:26:12       1    159     38     45 
 20260323    22:26:12       2    158     39     45 
 20260323    22:26:12       3    171     37     42 
 20260323    22:26:42       0    148     35     42 
 20260323    22:26:42       1    159     38     45 
 20260323    22:26:42       2    157     39     46 
 20260323    22:26:42       3    168     37     42 
 20260323    22:27:12       0    149     35     42 
 20260323    22:27:12       1    160     38     45 
 20260323    22:27:12       2    158     39     45 
 20260323    22:27:12       3    168     37     41 
 20260323    22:27:42       0    148     35     42 
 20260323    22:27:42       1    158     38     45 
 20260323    22:27:42       2    157     39     45 
 20260323    22:27:42       3    168     37     42 
 20260323    22:28:12       0    149     35     42 
 20260323    22:28:12       1    158     38     45 
 20260323    22:28:12       2    158     39     45 
 20260323    22:28:12       3    169     37     42 
#Date        Time         gpu    pwr  gtemp  mtemp 
#YYYYMMDD    HH:MM:SS     Idx      W      C      C 
 20260323    22:28:42       0    148     35     42 
 20260323    22:28:42       1    159     38     45 
 20260323    22:28:42       2    156     39     45 
 20260323    22:28:42       3    168     37     41 
 20260323    22:29:12       0    149     35     42 
 20260323    22:29:12       1    158     38     45 
 20260323    22:29:12       2    157     39     46 
 20260323    22:29:12       3    169     37     42 
 20260323    22:29:42       0    149     35     42 
 20260323    22:29:42       1    161     38     45 
 20260323    22:29:42       2    159     39     45 
 20260323    22:29:42       3    169     37     41 
 20260323    22:30:12       0    199     35     42 
 20260323    22:30:12       1    212     38     46 
 20260323    22:30:12       2    209     38     45 
 20260323    22:30:12       3    218     37     43 
 20260323    22:30:42       0    454     46     54 
 20260323    22:30:42       1    489     51     59 
 20260323    22:30:42       2    480     51     59 
 20260323    22:30:42       3    475     47     55 
 20260323    22:31:12       0    412     41     50 
 20260323    22:31:12       1    425     50     59 
 20260323    22:31:12       2    426     49     57 
 20260323    22:31:12       3    432     43     51 
 20260323    22:31:42       0    428     45     55 
 20260323    22:31:42       1    454     50     59 
 20260323    22:31:42       2    424     50     60 
 20260323    22:31:42       3    448     47     57 
 20260323    22:32:12       0    439     46     55 
 20260323    22:32:12       1    466     51     59 
 20260323    22:32:12       2    470     51     60 
 20260323    22:32:12       3    463     47     56 
 20260323    22:32:42       0    419     46     56 
 20260323    22:32:42       1    433     51     61 
 20260323    22:32:42       2    443     51     61 
 20260323    22:32:42       3    431     47     55 
 20260323    22:33:12       0    438     46     54 
 20260323    22:33:12       1    449     51     61 
 20260323    22:33:12       2    461     51     61 
 20260323    22:33:12       3    478     47     55 
 20260323    22:33:42       0    408     46     54 
 20260323    22:33:42       1    443     51     60 
 20260323    22:33:42       2    417     51     61 
 20260323    22:33:42       3    439     46     56 
#Date        Time         gpu    pwr  gtemp  mtemp 
#YYYYMMDD    HH:MM:SS     Idx      W      C      C 
 20260323    22:34:12       0    459     46     56 
 20260323    22:34:12       1    481     52     61 
 20260323    22:34:12       2    471     52     61 
 20260323    22:34:12       3    476     48     57 
 20260323    22:34:42       0    410     46     56 
 20260323    22:34:42       1    436     51     60 
 20260323    22:34:42       2    421     51     60 
 20260323    22:34:42       3    430     47     55 
 20260323    22:35:12       0    148     36     42 
 20260323    22:35:12       1    160     39     47 
 20260323    22:35:12       2    159     40     47 
 20260323    22:35:12       3    172     38     43 
 20260323    22:35:42       0    148     35     42 
 20260323    22:35:42       1    160     39     47 
 20260323    22:35:42       2    158     39     47 
 20260323    22:35:42       3    172     38     43 
 20260323    22:36:12       0    149     35     42 
 20260323    22:36:12       1    160     39     46 
 20260323    22:36:12       2    158     39     47 
 20260323    22:36:12       3    171     38     43 
 20260323    22:36:42       0    139     35     42 
 20260323    22:36:42       1    149     38     46 
 20260323    22:36:42       2    147     38     45 
 20260323    22:36:42       3    160     37     43 
 20260323    22:37:12       0    148     35     43 
 20260323    22:37:12       1    160     39     45 
 20260323    22:37:12       2    160     39     46 
 20260323    22:37:12       3    171     37     43 
 20260323    22:37:42       0    148     35     42 
 20260323    22:37:42       1    156     39     45 
 20260323    22:37:42       2    156     39     45 
 20260323    22:37:42       3    169     37     43 
 20260323    22:38:12       0    145     35     42 
 20260323    22:38:12       1    157     39     45 
 20260323    22:38:12       2    155     39     45 
 20260323    22:38:12       3    167     37     43 
 20260323    22:38:42       0    150     35     43 
 20260323    22:38:42       1    160     39     45 
 20260323    22:38:42       2    160     39     45 
 20260323    22:38:42       3    172     38     43 
 20260323    22:39:12       0    139     35     42 
 20260323    22:39:12       1    149     38     45 
 20260323    22:39:12       2    148     38     45 
 20260323    22:39:12       3    160     37     42 
#Date        Time         gpu    pwr  gtemp  mtemp 
#YYYYMMDD    HH:MM:SS     Idx      W      C      C 
 20260323    22:39:43       0    150     35     42 
 20260323    22:39:43       1    159     39     45 
 20260323    22:39:43       2    159     39     45 
 20260323    22:39:43       3    171     37     43 
 20260323    22:40:13       0    145     35     42 
 20260323    22:40:13       1    156     38     45 
 20260323    22:40:13       2    156     39     45 
 20260323    22:40:13       3    167     37     43 
 20260323    22:40:43       0    457     44     50 
 20260323    22:40:43       1    462     47     54 
 20260323    22:40:43       2    443     48     55 
 20260323    22:40:43       3    472     45     51 
 20260323    22:41:13       0    414     41     48 
 20260323    22:41:13       1    428     47     54 
 20260323    22:41:13       2    421     49     58 
 20260323    22:41:13       3    429     43     50 
 20260323    22:41:43       0    450     42     50 
 20260323    22:41:43       1    454     52     61 
 20260323    22:41:43       2    465     49     57 
 20260323    22:41:43       3    472     44     51 
 20260323    22:42:13       0    418     44     53 
 20260323    22:42:13       1    429     48     55 
 20260323    22:42:13       2    434     47     55 
 20260323    22:42:13       3    435     45     53 
 20260323    22:42:43       0    453     47     54 
 20260323    22:42:43       1    458     48     55 
 20260323    22:42:43       2    435     49     57 
 20260323    22:42:43       3    472     44     51 
 20260323    22:43:13       0    424     46     54 
 20260323    22:43:13       1    458     48     55 
 20260323    22:43:13       2    439     49     57 
 20260323    22:43:13       3    442     48     55 
 20260323    22:43:43       0    416     43     52 
 20260323    22:43:43       1    427     48     58 
 20260323    22:43:43       2    423     48     56 
 20260323    22:43:43       3    431     44     51 
 20260323    22:44:13       0    414     45     53 
 20260323    22:44:13       1    426     50     60 
 20260323    22:44:13       2    420     51     61 
 20260323    22:44:13       3    427     43     49 
 20260323    22:44:43       0    212     38     46 
 20260323    22:44:43       1    208     43     52 
 20260323    22:44:43       2    223     43     52 
 20260323    22:44:43       3    226     39     47 
#Date        Time         gpu    pwr  gtemp  mtemp 
#YYYYMMDD    HH:MM:SS     Idx      W      C      C 
 20260323    22:45:13       0    409     44     52 
 20260323    22:45:13       1    423     49     57 
 20260323    22:45:13       2    422     47     55 
 20260323    22:45:13       3    430     43     51 
 20260323    22:45:43       0    412     42     50 
 20260323    22:45:43       1    425     48     55 
 20260323    22:45:43       2    421     49     57 
 20260323    22:45:43       3    442     43     51 
 20260323    22:46:13       0    418     42     50 
 20260323    22:46:13       1    430     49     59 
 20260323    22:46:13       2    419     49     57 
 20260323    22:46:13       3    455     44     51 
 20260323    22:46:43       0    412     46     56 
 20260323    22:46:43       1    435     51     60 
 20260323    22:46:43       2    447     51     61 
 20260323    22:46:43       3    458     47     56 
 20260323    22:47:13       0    475     46     56 
 20260323    22:47:13       1    462     51     60 
 20260323    22:47:13       2    483     51     61 
 20260323    22:47:13       3    471     48     57 
 20260323    22:47:43       0    475     46     56 
 20260323    22:47:43       1    489     51     62 
 20260323    22:47:43       2    470     52     61 
 20260323    22:47:43       3    466     47     56 
 20260323    22:48:13       0    461     47     57 
 20260323    22:48:13       1    476     51     61 
 20260323    22:48:13       2    474     52     61 
 20260323    22:48:13       3    482     47     56 
 20260323    22:48:43       0    430     42     50 
 20260323    22:48:43       1    454     48     56 
 20260323    22:48:43       2    456     49     57 
 20260323    22:48:43       3    457     43     51 
 20260323    22:49:13       0    411     45     53 
 20260323    22:49:13       1    430     49     57 
 20260323    22:49:13       2    421     48     55 
 20260323    22:49:13       3    433     46     53 
 20260323    22:49:43       0    141     35     43 
 20260323    22:49:43       1    154     39     47 
 20260323    22:49:43       2    151     39     47 
 20260323    22:49:43       3    163     37     44 
 20260323    22:50:13       0    144     35     42 
 20260323    22:50:13       1    149     38     46 
 20260323    22:50:13       2    152     39     47 
 20260323    22:50:13       3    165     37     43 
#Date        Time         gpu    pwr  gtemp  mtemp 
#YYYYMMDD    HH:MM:SS     Idx      W      C      C 
 20260323    22:50:43       0    331     44     47 
 20260323    22:50:43       1    301     43     50 
 20260323    22:50:43       2    298     43     49 
 20260323    22:50:43       3    317     39     45 
 20260323    22:51:13       0    374     42     46 
 20260323    22:51:13       1    234     46     51 
 20260323    22:51:13       2    234     46     51 
 20260323    22:51:13       3    246     43     47 
 20260323    22:51:43       0    311     41     46 
 20260323    22:51:43       1    356     48     52 
 20260323    22:51:43       2    332     48     52 
 20260323    22:51:43       3    347     45     47 
 20260323    22:52:13       0    341     44     48 
 20260323    22:52:13       1    300     43     50 
 20260323    22:52:13       2    315     43     49 
 20260323    22:52:13       3    327     39     45 
 20260323    22:52:43       0    371     42     47 
 20260323    22:52:43       1    227     45     52 
 20260323    22:52:43       2    215     46     53 
 20260323    22:52:43       3    241     43     47 
 20260323    22:53:13       0    337     41     46 
 20260323    22:53:13       1    292     47     52 
 20260323    22:53:13       2    292     48     53 
 20260323    22:53:13       3    309     45     47 
 20260323    22:53:43       0    332     44     48 
 20260323    22:53:43       1    329     43     50 
 20260323    22:53:43       2    323     43     49 
 20260323    22:53:43       3    328     40     45 
 20260323    22:54:13       0    365     42     47 
 20260323    22:54:13       1    240     46     52 
 20260323    22:54:13       2    240     46     51 
 20260323    22:54:13       3    249     43     47 
 20260323    22:54:43       0    320     41     46 
 20260323    22:54:43       1    327     48     52 
 20260323    22:54:43       2    333     48     52 
 20260323    22:54:43       3    325     45     47 
 20260323    22:55:13       0    357     44     48 
 20260323    22:55:13       1    251     41     50 
 20260323    22:55:13       2    256     42     49 
 20260323    22:55:13       3    279     38     45 
 20260323    22:55:43       0    357     42     47 
 20260323    22:55:43       1    263     45     51 
 20260323    22:55:43       2    261     46     51 
 20260323    22:55:43       3    273     43     48 
#Date        Time         gpu    pwr  gtemp  mtemp 
#YYYYMMDD    HH:MM:SS     Idx      W      C      C 
 20260323    22:56:13       0    332     41     46 
 20260323    22:56:13       1    326     48     52 
 20260323    22:56:13       2    323     48     52 
 20260323    22:56:13       3    316     45     47 
 20260323    22:56:43       0    336     44     47 
 20260323    22:56:43       1    283     42     50 
 20260323    22:56:43       2    310     43     49 
 20260323    22:56:43       3    311     39     45 
 20260323    22:57:13       0    369     43     47 
 20260323    22:57:13       1    241     45     51 
 20260323    22:57:13       2    236     46     52 
 20260323    22:57:13       3    249     42     47 
 20260323    22:57:43       0    350     42     47 
 20260323    22:57:43       1    295     48     52 
 20260323    22:57:43       2    297     48     52 
 20260323    22:57:43       3    314     44     47 
 20260323    22:58:13       0    388     44     46 
 20260323    22:58:13       1    199     41     49 
 20260323    22:58:13       2    215     41     49 
 20260323    22:58:13       3    218     38     45 
 20260323    22:58:43       0    370     42     47 
 20260323    22:58:43       1    232     45     52 
 20260323    22:58:43       2    230     45     52 
 20260323    22:58:43       3    239     43     47 
 20260323    22:59:13       0    346     42     47 
 20260323    22:59:13       1    286     48     52 
 20260323    22:59:13       2    298     48     53 
 20260323    22:59:13       3    289     45     48 
 20260323    22:59:43       0    234     39     45 
 20260323    22:59:43       1    341     47     52 
 20260323    22:59:43       2    339     47     52 
 20260323    22:59:43       3    334     44     47 
 20260323    23:00:13       0    347     44     48 
 20260323    23:00:13       1    277     42     50 
 20260323    23:00:13       2    290     42     49 
 20260323    23:00:13       3    293     39     45 
 20260323    23:00:43       0    373     42     48 
 20260323    23:00:43       1    254     47     52 
 20260323    23:00:43       2    232     47     53 
 20260323    23:00:43       3    255     44     48 
 20260323    23:01:13       0    310     41     46 
 20260323    23:01:13       1    360     48     53 
 20260323    23:01:13       2    363     49     52 
 20260323    23:01:13       3    364     45     48 
#Date        Time         gpu    pwr  gtemp  mtemp 
#YYYYMMDD    HH:MM:SS     Idx      W      C      C 
 20260323    23:01:43       0    359     44     48 
 20260323    23:01:43       1    252     44     52 
 20260323    23:01:43       2    252     45     53 
 20260323    23:01:43       3    263     42     47 
 20260323    23:02:13       0    344     42     46 
 20260323    23:02:13       1    307     48     52 
 20260323    23:02:13       2    303     48     51 
 20260323    23:02:13       3    305     45     48 
 20260323    23:02:43       0    287     41     46 
 20260323    23:02:43       1    418     49     53 
 20260323    23:02:43       2    411     49     53 
 20260323    23:02:43       3    417     45     48 
 20260323    23:03:13       0    166     36     42 
 20260323    23:03:13       1    179     40     47 
 20260323    23:03:13       2    176     40     47 
 20260323    23:03:13       3    188     37     43 
 20260323    23:03:43       0    133     34     42 
 20260323    23:03:43       1    143     37     45 
 20260323    23:03:43       2    141     38     45 
 20260323    23:03:43       3    154     36     42 
