#Date        Time         gpu    pwr  gtemp  mtemp 
#YYYYMMDD    HH:MM:SS     Idx      W      C      C 
 20260323    15:21:44       0     95     32     42 
 20260323    15:21:44       1     99     34     43 
 20260323    15:21:44       2     90     34     42 
 20260323    15:21:44       3     88     32     41 
 20260323    15:22:14       0    142     34     42 
 20260323    15:22:14       1    147     36     44 
 20260323    15:22:14       2    138     36     44 
 20260323    15:22:14       3    137     34     41 
 20260323    15:22:44       0    142     34     42 
 20260323    15:22:44       1    148     36     43 
 20260323    15:22:44       2    138     36     44 
 20260323    15:22:44       3    138     35     41 
 20260323    15:23:14       0    392     45     48 
 20260323    15:23:14       1    406     48     51 
 20260323    15:23:14       2    385     49     52 
 20260323    15:23:14       3    388     46     48 
 20260323    15:23:44       0    146     35     42 
 20260323    15:23:44       1    153     37     45 
 20260323    15:23:44       2    143     38     46 
 20260323    15:23:44       3    141     35     43 
 20260323    15:24:14       0    510     49     56 
 20260323    15:24:14       1    529     53     62 
 20260323    15:24:14       2    515     53     61 
 20260323    15:24:14       3    523     49     59 
 20260323    15:24:44       0    518     49     58 
 20260323    15:24:44       1    537     54     65 
 20260323    15:24:44       2    525     53     63 
 20260323    15:24:44       3    530     50     59 
 20260323    15:25:14       0    519     49     58 
 20260323    15:25:14       1    541     55     65 
 20260323    15:25:14       2    524     54     64 
 20260323    15:25:14       3    528     50     58 
 20260323    15:25:44       0    518     49     59 
 20260323    15:25:44       1    538     55     65 
 20260323    15:25:44       2    524     54     63 
 20260323    15:25:44       3    532     50     60 
 20260323    15:26:14       0    519     50     58 
 20260323    15:26:14       1    539     55     65 
 20260323    15:26:14       2    525     54     64 
 20260323    15:26:14       3    534     50     61 
 20260323    15:26:44       0    519     50     58 
 20260323    15:26:44       1    539     55     67 
 20260323    15:26:44       2    520     54     64 
 20260323    15:26:44       3    533     50     59 
#Date        Time         gpu    pwr  gtemp  mtemp 
#YYYYMMDD    HH:MM:SS     Idx      W      C      C 
 20260323    15:27:14       0    170     37     46 
 20260323    15:27:14       1    182     41     51 
 20260323    15:27:14       2    168     41     50 
 20260323    15:27:14       3    169     38     46 
 20260323    15:27:44       0    515     49     58 
 20260323    15:27:44       1    541     55     65 
 20260323    15:27:44       2    523     54     64 
 20260323    15:27:44       3    532     50     61 
 20260323    15:28:14       0    518     50     59 
 20260323    15:28:14       1    541     55     65 
 20260323    15:28:14       2    523     54     64 
 20260323    15:28:14       3    528     50     59 
 20260323    15:28:44       0    511     50     59 
 20260323    15:28:44       1    528     55     66 
 20260323    15:28:44       2    519     55     64 
 20260323    15:28:44       3    520     50     59 
 20260323    15:29:14       0    519     50     58 
 20260323    15:29:14       1    543     56     65 
 20260323    15:29:14       2    525     55     64 
 20260323    15:29:14       3    530     50     61 
 20260323    15:29:44       0    518     50     58 
 20260323    15:29:44       1    541     56     67 
 20260323    15:29:44       2    525     55     65 
 20260323    15:29:44       3    532     50     60 
 20260323    15:30:14       0    518     50     60 
 20260323    15:30:14       1    542     56     67 
 20260323    15:30:14       2    524     55     64 
 20260323    15:30:14       3    532     50     61 
 20260323    15:30:44       0    143     37     46 
 20260323    15:30:44       1    155     41     51 
 20260323    15:30:44       2    142     41     50 
 20260323    15:30:44       3    142     37     46 
 20260323    15:31:14       0    513     49     57 
 20260323    15:31:14       1    541     55     65 
 20260323    15:31:14       2    522     54     62 
 20260323    15:31:14       3    531     50     60 
 20260323    15:31:44       0    516     49     58 
 20260323    15:31:44       1    541     55     67 
 20260323    15:31:44       2    525     54     65 
 20260323    15:31:44       3    529     50     61 
 20260323    15:32:14       0    517     49     59 
 20260323    15:32:14       1    542     55     65 
 20260323    15:32:14       2    524     54     65 
 20260323    15:32:14       3    532     50     60 
#Date        Time         gpu    pwr  gtemp  mtemp 
#YYYYMMDD    HH:MM:SS     Idx      W      C      C 
 20260323    15:32:44       0    514     49     58 
 20260323    15:32:44       1    540     55     67 
 20260323    15:32:44       2    524     54     65 
 20260323    15:32:44       3    529     50     61 
 20260323    15:33:14       0    515     49     58 
 20260323    15:33:14       1    544     55     65 
 20260323    15:33:14       2    522     54     64 
 20260323    15:33:14       3    532     50     62 
 20260323    15:33:44       0    515     49     58 
 20260323    15:33:44       1    529     55     65 
 20260323    15:33:44       2    516     54     63 
 20260323    15:33:44       3    513     49     60 
 20260323    15:34:14       0    516     49     58 
 20260323    15:34:14       1    541     55     66 
 20260323    15:34:14       2    521     54     64 
 20260323    15:34:14       3    531     49     58 
 20260323    15:34:44       0    518     49     60 
 20260323    15:34:44       1    541     55     66 
 20260323    15:34:44       2    522     54     64 
 20260323    15:34:44       3    534     50     61 
 20260323    15:35:14       0    517     49     59 
 20260323    15:35:14       1    541     55     65 
 20260323    15:35:14       2    522     54     65 
 20260323    15:35:14       3    533     50     61 
 20260323    15:35:44       0    516     49     60 
 20260323    15:35:44       1    540     55     68 
 20260323    15:35:44       2    524     54     64 
 20260323    15:35:44       3    533     50     61 
 20260323    15:36:14       0    517     49     60 
 20260323    15:36:14       1    539     55     67 
 20260323    15:36:14       2    521     54     64 
 20260323    15:36:14       3    532     50     61 
 20260323    15:36:44       0    518     49     60 
 20260323    15:36:44       1    539     55     67 
 20260323    15:36:44       2    524     55     64 
 20260323    15:36:44       3    534     50     60 
 20260323    15:37:15       0    511     49     60 
 20260323    15:37:15       1    534     55     66 
 20260323    15:37:15       2    517     54     64 
 20260323    15:37:15       3    530     50     60 
 20260323    15:37:45       0    395     46     50 
 20260323    15:37:45       1    415     52     58 
 20260323    15:37:45       2    397     51     56 
 20260323    15:37:45       3    403     47     50 
#Date        Time         gpu    pwr  gtemp  mtemp 
#YYYYMMDD    HH:MM:SS     Idx      W      C      C 
 20260323    15:38:15       0    397     46     50 
 20260323    15:38:15       1    423     52     57 
 20260323    15:38:15       2    397     51     56 
 20260323    15:38:15       3    404     47     51 
 20260323    15:38:45       0    400     46     52 
 20260323    15:38:45       1    423     52     57 
 20260323    15:38:45       2    400     51     56 
 20260323    15:38:45       3    410     47     50 
 20260323    15:39:15       0    399     46     50 
 20260323    15:39:15       1    428     52     57 
 20260323    15:39:15       2    400     51     54 
 20260323    15:39:15       3    403     46     53 
 20260323    15:39:45       0    400     46     50 
 20260323    15:39:45       1    425     51     57 
 20260323    15:39:45       2    400     51     55 
 20260323    15:39:45       3    402     46     52 
 20260323    15:40:15       0    399     46     50 
 20260323    15:40:15       1    427     51     56 
 20260323    15:40:15       2    397     50     54 
 20260323    15:40:15       3    401     46     50 
 20260323    15:40:45       0    398     46     50 
 20260323    15:40:45       1    424     51     55 
 20260323    15:40:45       2    395     50     55 
 20260323    15:40:45       3    401     46     52 
 20260323    15:41:15       0    399     46     50 
 20260323    15:41:15       1    418     51     56 
 20260323    15:41:15       2    398     50     55 
 20260323    15:41:15       3    401     46     51 
 20260323    15:41:45       0    292     42     47 
 20260323    15:41:45       1    352     48     53 
 20260323    15:41:45       2    332     48     53 
 20260323    15:41:45       3    335     44     48 
 20260323    15:42:15       0    397     46     49 
 20260323    15:42:15       1    422     51     56 
 20260323    15:42:15       2    394     50     56 
 20260323    15:42:15       3    402     46     51 
 20260323    15:42:45       0    398     46     50 
 20260323    15:42:45       1    422     51     55 
 20260323    15:42:45       2    394     50     55 
 20260323    15:42:45       3    402     46     52 
 20260323    15:43:15       0    396     46     50 
 20260323    15:43:15       1    418     51     55 
 20260323    15:43:15       2    396     50     56 
 20260323    15:43:15       3    403     46     50 
#Date        Time         gpu    pwr  gtemp  mtemp 
#YYYYMMDD    HH:MM:SS     Idx      W      C      C 
 20260323    15:43:45       0    397     46     50 
 20260323    15:43:45       1    421     51     57 
 20260323    15:43:45       2    395     50     55 
 20260323    15:43:45       3    403     46     50 
 20260323    15:44:15       0    397     46     50 
 20260323    15:44:15       1    421     51     57 
 20260323    15:44:15       2    395     50     55 
 20260323    15:44:15       3    402     46     50 
 20260323    15:44:45       0    396     46     50 
 20260323    15:44:45       1    419     51     56 
 20260323    15:44:45       2    395     50     54 
 20260323    15:44:45       3    409     47     51 
 20260323    15:45:15       0    399     46     50 
 20260323    15:45:15       1    420     51     55 
 20260323    15:45:15       2    396     50     54 
 20260323    15:45:15       3    408     47     50 
 20260323    15:45:45       0    397     46     50 
 20260323    15:45:45       1    418     51     57 
 20260323    15:45:45       2    395     50     54 
 20260323    15:45:45       3    399     46     51 
 20260323    15:46:15       0    341     44     48 
 20260323    15:46:15       1    152     39     49 
 20260323    15:46:15       2    137     39     48 
 20260323    15:46:15       3    139     36     45 
 20260323    15:46:45       0    372     46     47 
 20260323    15:46:45       1    392     50     51 
 20260323    15:46:45       2    371     50     52 
 20260323    15:46:45       3    382     47     47 
 20260323    15:47:15       0    145     35     42 
 20260323    15:47:15       1    155     37     47 
 20260323    15:47:15       2    141     38     46 
 20260323    15:47:15       3    142     35     42 
 20260323    15:47:45       0    140     35     42 
 20260323    15:47:45       1    150     37     46 
 20260323    15:47:45       2    137     38     46 
 20260323    15:47:45       3    139     35     42 
 20260323    15:48:15       0    141     35     42 
 20260323    15:48:15       1    149     37     45 
 20260323    15:48:15       2    137     37     46 
 20260323    15:48:15       3    138     35     42 
