#Date        Time         gpu    pwr  gtemp  mtemp 
#YYYYMMDD    HH:MM:SS     Idx      W      C      C 
 20260320    11:27:15       0     94     33     41 
 20260320    11:27:15       1     98     33     42 
 20260320    11:27:15       2     90     34     43 
 20260320    11:27:15       3     95     32     41 
 20260320    11:27:45       0    149     35     42 
 20260320    11:27:45       1    150     35     42 
 20260320    11:27:45       2    143     36     42 
 20260320    11:27:45       3    147     34     41 
 20260320    11:28:15       0    143     35     41 
 20260320    11:28:15       1    145     35     43 
 20260320    11:28:15       2    137     36     44 
 20260320    11:28:15       3    143     34     41 
 20260320    11:28:45       0    150     36     43 
 20260320    11:28:45       1    152     36     44 
 20260320    11:28:45       2    144     37     44 
 20260320    11:28:45       3    150     35     43 
 20260320    11:29:15       0    159     37     43 
 20260320    11:29:15       1    162     37     44 
 20260320    11:29:15       2    154     38     46 
 20260320    11:29:15       3    161     36     43 
 20260320    11:29:45       0    161     37     43 
 20260320    11:29:45       1    164     37     44 
 20260320    11:29:45       2    155     38     46 
 20260320    11:29:45       3    161     36     44 
 20260320    11:30:15       0    160     37     43 
 20260320    11:30:15       1    163     37     45 
 20260320    11:30:15       2    155     38     46 
 20260320    11:30:15       3    161     36     43 
 20260320    11:30:45       0    162     37     43 
 20260320    11:30:45       1    163     37     44 
 20260320    11:30:45       2    155     38     46 
 20260320    11:30:45       3    162     36     43 
 20260320    11:31:15       0    161     37     44 
 20260320    11:31:15       1    164     37     44 
 20260320    11:31:15       2    156     38     46 
 20260320    11:31:15       3    162     36     44 
 20260320    11:31:45       0    161     37     43 
 20260320    11:31:45       1    163     37     44 
 20260320    11:31:45       2    155     38     46 
 20260320    11:31:45       3    161     36     44 
 20260320    11:32:15       0    150     36     43 
 20260320    11:32:15       1    152     36     44 
 20260320    11:32:15       2    145     37     46 
 20260320    11:32:15       3    150     35     43 
#Date        Time         gpu    pwr  gtemp  mtemp 
#YYYYMMDD    HH:MM:SS     Idx      W      C      C 
 20260320    11:32:45       0    159     37     43 
 20260320    11:32:45       1    162     37     44 
 20260320    11:32:45       2    154     38     46 
 20260320    11:32:45       3    160     37     43 
 20260320    11:33:15       0    161     37     43 
 20260320    11:33:15       1    163     37     44 
 20260320    11:33:15       2    154     38     46 
 20260320    11:33:15       3    161     37     43 
 20260320    11:33:45       0    160     37     43 
 20260320    11:33:45       1    162     37     44 
 20260320    11:33:45       2    154     38     46 
 20260320    11:33:45       3    161     37     43 
 20260320    11:34:15       0    159     37     43 
 20260320    11:34:15       1    162     37     44 
 20260320    11:34:15       2    154     38     46 
 20260320    11:34:15       3    161     37     43 
 20260320    11:34:45       0    161     37     43 
 20260320    11:34:45       1    164     37     44 
 20260320    11:34:45       2    156     38     46 
 20260320    11:34:45       3    162     36     43 
 20260320    11:35:15       0    162     37     43 
 20260320    11:35:15       1    164     37     44 
 20260320    11:35:15       2    156     38     46 
 20260320    11:35:15       3    162     37     43 
 20260320    11:35:45       0    162     37     43 
 20260320    11:35:45       1    165     37     44 
 20260320    11:35:45       2    156     38     46 
 20260320    11:35:45       3    163     37     43 
 20260320    11:36:15       0    160     37     43 
 20260320    11:36:15       1    163     37     44 
 20260320    11:36:15       2    156     38     46 
 20260320    11:36:15       3    162     37     43 
 20260320    11:36:45       0    161     37     43 
 20260320    11:36:45       1    163     37     44 
 20260320    11:36:45       2    155     38     46 
 20260320    11:36:45       3    161     37     43 
 20260320    11:37:15       0    159     37     43 
 20260320    11:37:15       1    163     37     44 
 20260320    11:37:15       2    154     38     46 
 20260320    11:37:15       3    160     37     43 
 20260320    11:37:45       0    159     37     43 
 20260320    11:37:45       1    163     38     44 
 20260320    11:37:45       2    154     38     46 
 20260320    11:37:45       3    161     37     43 
#Date        Time         gpu    pwr  gtemp  mtemp 
#YYYYMMDD    HH:MM:SS     Idx      W      C      C 
 20260320    11:38:15       0    160     38     43 
 20260320    11:38:15       1    164     38     44 
 20260320    11:38:15       2    157     38     46 
 20260320    11:38:15       3    162     37     43 
 20260320    11:38:45       0    160     37     43 
 20260320    11:38:45       1    164     38     44 
 20260320    11:38:45       2    156     38     46 
 20260320    11:38:45       3    162     37     43 
 20260320    11:39:15       0    160     37     43 
 20260320    11:39:15       1    163     38     44 
 20260320    11:39:15       2    154     38     47 
 20260320    11:39:15       3    161     37     43 
 20260320    11:39:45       0    160     37     43 
 20260320    11:39:45       1    164     37     44 
 20260320    11:39:45       2    155     38     46 
 20260320    11:39:45       3    160     37     43 
 20260320    11:40:15       0    162     37     43 
 20260320    11:40:15       1    166     37     44 
 20260320    11:40:15       2    157     38     46 
 20260320    11:40:15       3    162     37     43 
 20260320    11:40:45       0    160     37     43 
 20260320    11:40:45       1    164     37     44 
 20260320    11:40:45       2    155     38     46 
 20260320    11:40:45       3    162     37     43 
 20260320    11:41:15       0    159     37     43 
 20260320    11:41:15       1    163     38     44 
 20260320    11:41:15       2    155     38     46 
 20260320    11:41:15       3    161     37     43 
 20260320    11:41:45       0    162     37     43 
 20260320    11:41:45       1    165     37     44 
 20260320    11:41:45       2    156     38     46 
 20260320    11:41:45       3    162     37     43 
 20260320    11:42:15       0    162     37     43 
 20260320    11:42:15       1    165     37     44 
 20260320    11:42:15       2    156     39     46 
 20260320    11:42:15       3    162     37     43 
 20260320    11:42:45       0    160     37     43 
 20260320    11:42:45       1    163     38     44 
 20260320    11:42:45       2    155     38     46 
 20260320    11:42:45       3    161     37     43 
 20260320    11:43:15       0    159     37     43 
 20260320    11:43:15       1    163     38     44 
 20260320    11:43:15       2    155     38     46 
 20260320    11:43:15       3    161     37     43 
#Date        Time         gpu    pwr  gtemp  mtemp 
#YYYYMMDD    HH:MM:SS     Idx      W      C      C 
 20260320    11:43:45       0    159     37     43 
 20260320    11:43:45       1    163     37     44 
 20260320    11:43:45       2    154     38     46 
 20260320    11:43:45       3    160     37     43 
 20260320    11:44:15       0    162     37     43 
 20260320    11:44:15       1    165     37     44 
 20260320    11:44:15       2    156     38     46 
 20260320    11:44:15       3    162     37     43 
 20260320    11:44:45       0    160     37     43 
 20260320    11:44:45       1    163     37     44 
 20260320    11:44:45       2    155     38     46 
 20260320    11:44:45       3    160     36     43 
 20260320    11:45:15       0    161     37     44 
 20260320    11:45:15       1    164     37     44 
 20260320    11:45:15       2    156     38     46 
 20260320    11:45:15       3    163     37     43 
 20260320    11:45:45       0    161     38     43 
 20260320    11:45:45       1    164     38     44 
 20260320    11:45:45       2    156     38     46 
 20260320    11:45:45       3    162     37     43 
 20260320    11:46:15       0    159     37     43 
 20260320    11:46:15       1    163     38     44 
 20260320    11:46:15       2    154     38     46 
 20260320    11:46:15       3    161     37     43 
 20260320    11:46:45       0    160     37     43 
 20260320    11:46:45       1    164     37     44 
 20260320    11:46:45       2    156     38     46 
 20260320    11:46:45       3    161     37     43 
 20260320    11:47:15       0    160     37     43 
 20260320    11:47:15       1    163     37     44 
 20260320    11:47:15       2    155     38     46 
 20260320    11:47:15       3    160     37     43 
 20260320    11:47:45       0    161     38     43 
 20260320    11:47:45       1    164     38     44 
 20260320    11:47:45       2    157     38     46 
 20260320    11:47:45       3    163     36     43 
 20260320    11:48:15       0    159     37     43 
 20260320    11:48:15       1    163     37     44 
 20260320    11:48:15       2    155     38     46 
 20260320    11:48:15       3    161     36     43 
 20260320    11:48:45       0    159     37     43 
 20260320    11:48:45       1    163     37     44 
 20260320    11:48:45       2    155     38     46 
 20260320    11:48:45       3    161     37     43 
#Date        Time         gpu    pwr  gtemp  mtemp 
#YYYYMMDD    HH:MM:SS     Idx      W      C      C 
 20260320    11:49:15       0    159     37     43 
 20260320    11:49:15       1    163     37     44 
 20260320    11:49:15       2    155     38     46 
 20260320    11:49:15       3    161     37     43 
 20260320    11:49:45       0    159     37     43 
 20260320    11:49:45       1    163     37     44 
 20260320    11:49:45       2    154     38     46 
 20260320    11:49:45       3    161     37     43 
 20260320    11:50:15       0    150     36     43 
 20260320    11:50:15       1    154     37     44 
 20260320    11:50:15       2    146     38     46 
 20260320    11:50:15       3    152     36     43 
 20260320    11:50:45       0    159     38     43 
 20260320    11:50:45       1    163     38     44 
 20260320    11:50:45       2    155     38     46 
 20260320    11:50:45       3    161     37     44 
 20260320    11:51:15       0    161     38     43 
 20260320    11:51:15       1    165     38     44 
 20260320    11:51:15       2    157     38     46 
 20260320    11:51:15       3    163     37     43 
 20260320    11:51:45       0    161     37     43 
 20260320    11:51:45       1    164     38     44 
 20260320    11:51:45       2    156     38     47 
 20260320    11:51:45       3    161     37     43 
 20260320    11:52:15       0    163     38     43 
 20260320    11:52:15       1    167     38     45 
 20260320    11:52:15       2    157     38     46 
 20260320    11:52:15       3    161     37     43 
 20260320    11:52:45       0    159     37     43 
 20260320    11:52:45       1    162     38     44 
 20260320    11:52:45       2    154     38     46 
 20260320    11:52:45       3    161     37     43 
 20260320    11:53:15       0    161     37     43 
 20260320    11:53:15       1    164     38     44 
 20260320    11:53:15       2    155     38     46 
 20260320    11:53:15       3    161     37     43 
 20260320    11:53:45       0    159     37     43 
 20260320    11:53:45       1    162     37     44 
 20260320    11:53:45       2    154     38     46 
 20260320    11:53:45       3    161     37     43 
 20260320    11:54:15       0    160     37     43 
 20260320    11:54:15       1    163     38     44 
 20260320    11:54:15       2    155     38     46 
 20260320    11:54:15       3    160     37     43 
#Date        Time         gpu    pwr  gtemp  mtemp 
#YYYYMMDD    HH:MM:SS     Idx      W      C      C 
 20260320    11:54:45       0    162     38     43 
 20260320    11:54:45       1    166     37     44 
 20260320    11:54:45       2    157     38     46 
 20260320    11:54:45       3    162     37     43 
 20260320    11:55:15       0    159     37     43 
 20260320    11:55:15       1    163     37     44 
 20260320    11:55:15       2    154     38     46 
 20260320    11:55:15       3    160     36     43 
 20260320    11:55:45       0    160     37     43 
 20260320    11:55:45       1    164     37     44 
 20260320    11:55:45       2    156     38     46 
 20260320    11:55:45       3    162     36     43 
 20260320    11:56:15       0    160     37     43 
 20260320    11:56:15       1    163     37     44 
 20260320    11:56:15       2    155     38     46 
 20260320    11:56:15       3    161     36     43 
 20260320    11:56:45       0    160     37     43 
 20260320    11:56:45       1    163     37     44 
 20260320    11:56:45       2    155     38     46 
 20260320    11:56:45       3    161     37     43 
 20260320    11:57:15       0    160     37     43 
 20260320    11:57:15       1    164     37     44 
 20260320    11:57:15       2    155     38     46 
 20260320    11:57:15       3    160     37     43 
 20260320    11:57:45       0    161     37     44 
 20260320    11:57:45       1    165     37     44 
 20260320    11:57:45       2    156     38     46 
 20260320    11:57:45       3    161     36     43 
 20260320    11:58:15       0    161     38     43 
 20260320    11:58:15       1    165     38     44 
 20260320    11:58:15       2    156     38     46 
 20260320    11:58:15       3    161     36     44 
 20260320    11:58:45       0    162     37     44 
 20260320    11:58:45       1    164     37     44 
 20260320    11:58:45       2    156     38     46 
 20260320    11:58:45       3    163     37     43 
 20260320    11:59:15       0    161     37     43 
 20260320    11:59:15       1    164     37     44 
 20260320    11:59:15       2    156     38     46 
 20260320    11:59:15       3    161     36     43 
 20260320    11:59:45       0    160     37     43 
 20260320    11:59:45       1    163     37     44 
 20260320    11:59:45       2    155     38     46 
 20260320    11:59:45       3    162     36     43 
#Date        Time         gpu    pwr  gtemp  mtemp 
#YYYYMMDD    HH:MM:SS     Idx      W      C      C 
 20260320    12:00:15       0    160     37     43 
 20260320    12:00:15       1    163     37     44 
 20260320    12:00:15       2    155     38     46 
 20260320    12:00:15       3    162     36     43 
 20260320    12:00:45       0    162     37     43 
 20260320    12:00:45       1    165     37     44 
 20260320    12:00:45       2    157     38     46 
 20260320    12:00:45       3    162     37     43 
 20260320    12:01:15       0    161     37     43 
 20260320    12:01:15       1    164     37     44 
 20260320    12:01:15       2    156     38     46 
 20260320    12:01:15       3    161     37     43 
 20260320    12:01:45       0    163     37     43 
 20260320    12:01:45       1    165     37     44 
 20260320    12:01:45       2    157     38     46 
 20260320    12:01:45       3    163     37     43 
 20260320    12:02:15       0    163     37     43 
 20260320    12:02:15       1    165     37     44 
 20260320    12:02:15       2    156     38     46 
 20260320    12:02:15       3    162     37     43 
 20260320    12:02:45       0    161     37     43 
 20260320    12:02:45       1    163     37     44 
 20260320    12:02:45       2    155     38     46 
 20260320    12:02:45       3    162     37     43 
 20260320    12:03:15       0    161     37     43 
 20260320    12:03:15       1    164     38     44 
 20260320    12:03:15       2    155     38     46 
 20260320    12:03:15       3    161     36     43 
 20260320    12:03:45       0    163     37     43 
 20260320    12:03:45       1    165     37     44 
 20260320    12:03:45       2    157     38     46 
 20260320    12:03:45       3    162     37     43 
 20260320    12:04:15       0    160     37     43 
 20260320    12:04:15       1    164     38     44 
 20260320    12:04:15       2    155     38     46 
 20260320    12:04:15       3    160     37     43 
 20260320    12:04:45       0    161     37     43 
 20260320    12:04:45       1    165     37     44 
 20260320    12:04:45       2    157     38     46 
 20260320    12:04:45       3    162     37     43 
 20260320    12:05:15       0    161     37     43 
 20260320    12:05:15       1    164     37     44 
 20260320    12:05:15       2    156     38     46 
 20260320    12:05:15       3    161     36     43 
#Date        Time         gpu    pwr  gtemp  mtemp 
#YYYYMMDD    HH:MM:SS     Idx      W      C      C 
 20260320    12:05:45       0    160     37     43 
 20260320    12:05:45       1    163     37     44 
 20260320    12:05:45       2    155     38     46 
 20260320    12:05:45       3    161     36     44 
 20260320    12:06:15       0    162     37     43 
 20260320    12:06:15       1    165     37     44 
 20260320    12:06:15       2    156     38     46 
 20260320    12:06:15       3    162     37     44 
 20260320    12:06:45       0    160     37     43 
 20260320    12:06:45       1    163     37     44 
 20260320    12:06:45       2    155     38     46 
 20260320    12:06:45       3    160     36     43 
 20260320    12:07:15       0    162     38     43 
 20260320    12:07:15       1    163     38     44 
 20260320    12:07:15       2    155     38     46 
 20260320    12:07:15       3    161     36     43 
 20260320    12:07:45       0    160     37     43 
 20260320    12:07:45       1    163     37     44 
 20260320    12:07:45       2    155     38     46 
 20260320    12:07:45       3    161     36     44 
 20260320    12:08:15       0    160     37     43 
 20260320    12:08:15       1    163     37     44 
 20260320    12:08:15       2    155     38     46 
 20260320    12:08:15       3    161     36     43 
 20260320    12:08:45       0    161     37     43 
 20260320    12:08:45       1    164     37     44 
 20260320    12:08:45       2    156     38     46 
 20260320    12:08:45       3    162     36     43 
 20260320    12:09:15       0    160     37     43 
 20260320    12:09:15       1    163     37     44 
 20260320    12:09:15       2    155     38     46 
 20260320    12:09:15       3    160     37     43 
 20260320    12:09:45       0    161     37     43 
 20260320    12:09:45       1    165     37     44 
 20260320    12:09:45       2    156     38     46 
 20260320    12:09:45       3    162     36     43 
 20260320    12:10:15       0    162     37     43 
 20260320    12:10:15       1    166     37     44 
 20260320    12:10:15       2    158     38     46 
 20260320    12:10:15       3    162     37     43 
 20260320    12:10:45       0    159     37     43 
 20260320    12:10:45       1    162     37     44 
 20260320    12:10:45       2    154     38     46 
 20260320    12:10:45       3    163     36     43 
#Date        Time         gpu    pwr  gtemp  mtemp 
#YYYYMMDD    HH:MM:SS     Idx      W      C      C 
 20260320    12:11:15       0    156     36     43 
 20260320    12:11:15       1    156     37     44 
 20260320    12:11:15       2    148     37     46 
 20260320    12:11:15       3    153     36     43 
 20260320    12:11:45       0    159     37     43 
 20260320    12:11:45       1    163     37     44 
 20260320    12:11:45       2    155     38     46 
 20260320    12:11:45       3    161     37     43 
 20260320    12:12:15       0    160     37     43 
 20260320    12:12:15       1    164     37     44 
 20260320    12:12:15       2    156     38     46 
 20260320    12:12:15       3    163     37     43 
 20260320    12:12:45       0    162     37     43 
 20260320    12:12:45       1    165     37     44 
 20260320    12:12:45       2    157     38     46 
 20260320    12:12:45       3    163     37     43 
 20260320    12:13:15       0    161     37     44 
 20260320    12:13:15       1    164     37     44 
 20260320    12:13:15       2    156     38     46 
 20260320    12:13:15       3    163     36     43 
 20260320    12:13:45       0    160     37     44 
 20260320    12:13:45       1    163     37     44 
 20260320    12:13:45       2    155     38     46 
 20260320    12:13:45       3    160     36     43 
 20260320    12:14:15       0    160     37     43 
 20260320    12:14:15       1    164     37     44 
 20260320    12:14:15       2    156     38     46 
 20260320    12:14:15       3    161     37     43 
 20260320    12:14:45       0    159     37     43 
 20260320    12:14:45       1    163     37     44 
 20260320    12:14:45       2    154     38     46 
 20260320    12:14:45       3    160     36     43 
 20260320    12:15:15       0    159     37     43 
 20260320    12:15:15       1    163     37     44 
 20260320    12:15:15       2    154     38     46 
 20260320    12:15:15       3    160     36     43 
 20260320    12:15:45       0    159     37     43 
 20260320    12:15:45       1    163     37     44 
 20260320    12:15:45       2    154     38     46 
 20260320    12:15:45       3    161     36     43 
 20260320    12:16:15       0    159     37     43 
 20260320    12:16:15       1    162     37     44 
 20260320    12:16:15       2    154     38     46 
 20260320    12:16:15       3    161     36     44 
#Date        Time         gpu    pwr  gtemp  mtemp 
#YYYYMMDD    HH:MM:SS     Idx      W      C      C 
 20260320    12:16:45       0    166     37     43 
 20260320    12:16:45       1    169     38     44 
 20260320    12:16:45       2    161     38     46 
 20260320    12:16:45       3    167     37     43 
 20260320    12:17:15       0    161     37     43 
 20260320    12:17:15       1    164     37     44 
 20260320    12:17:15       2    156     38     46 
 20260320    12:17:15       3    162     36     43 
 20260320    12:17:45       0    160     37     44 
 20260320    12:17:45       1    163     37     44 
 20260320    12:17:45       2    154     38     46 
 20260320    12:17:45       3    160     36     43 
 20260320    12:18:15       0    160     37     43 
 20260320    12:18:15       1    163     37     44 
 20260320    12:18:15       2    155     38     46 
 20260320    12:18:15       3    161     36     43 
 20260320    12:18:45       0    160     37     43 
 20260320    12:18:45       1    163     37     44 
 20260320    12:18:45       2    155     38     46 
 20260320    12:18:45       3    161     36     43 
 20260320    12:19:15       0    161     38     43 
 20260320    12:19:15       1    163     38     44 
 20260320    12:19:15       2    155     38     46 
 20260320    12:19:15       3    163     36     44 
 20260320    12:19:45       0    161     37     43 
 20260320    12:19:45       1    164     37     44 
 20260320    12:19:45       2    156     38     46 
 20260320    12:19:45       3    162     36     43 
 20260320    12:20:15       0    161     37     43 
 20260320    12:20:15       1    164     37     44 
 20260320    12:20:15       2    156     38     46 
 20260320    12:20:15       3    163     36     44 
 20260320    12:20:45       0    160     37     43 
 20260320    12:20:45       1    163     37     44 
 20260320    12:20:45       2    155     38     46 
 20260320    12:20:45       3    160     36     43 
 20260320    12:21:15       0    162     37     44 
 20260320    12:21:15       1    165     37     44 
 20260320    12:21:15       2    156     38     46 
 20260320    12:21:15       3    162     36     43 
 20260320    12:21:45       0    159     37     43 
 20260320    12:21:45       1    162     37     44 
 20260320    12:21:45       2    154     38     46 
 20260320    12:21:45       3    161     36     44 
#Date        Time         gpu    pwr  gtemp  mtemp 
#YYYYMMDD    HH:MM:SS     Idx      W      C      C 
 20260320    12:22:15       0    160     37     44 
 20260320    12:22:15       1    163     37     44 
 20260320    12:22:15       2    155     38     46 
 20260320    12:22:15       3    163     37     43 
 20260320    12:22:45       0    160     37     44 
 20260320    12:22:45       1    163     37     44 
 20260320    12:22:45       2    155     38     46 
 20260320    12:22:45       3    161     36     43 
 20260320    12:23:15       0    160     37     44 
 20260320    12:23:15       1    163     37     44 
 20260320    12:23:15       2    155     38     46 
 20260320    12:23:15       3    162     37     43 
 20260320    12:23:45       0    159     37     43 
 20260320    12:23:45       1    162     37     44 
 20260320    12:23:45       2    154     38     46 
 20260320    12:23:45       3    160     36     43 
 20260320    12:24:15       0    158     37     44 
 20260320    12:24:15       1    161     37     44 
 20260320    12:24:15       2    153     38     46 
 20260320    12:24:15       3    158     36     43 
 20260320    12:24:45       0    500     49     56 
 20260320    12:24:45       1    488     49     60 
 20260320    12:24:45       2    489     49     60 
 20260320    12:24:45       3    490     48     58 
 20260320    12:25:15       0    499     49     57 
 20260320    12:25:15       1    490     50     60 
 20260320    12:25:15       2    485     50     62 
 20260320    12:25:15       3    486     48     58 
 20260320    12:25:45       0    433     49     58 
 20260320    12:25:45       1    435     49     60 
 20260320    12:25:45       2    419     49     60 
 20260320    12:25:45       3    425     46     56 
 20260320    12:26:15       0    440     49     58 
 20260320    12:26:15       1    454     49     61 
 20260320    12:26:15       2    451     50     61 
 20260320    12:26:15       3    438     47     59 
 20260320    12:26:45       0    461     49     59 
 20260320    12:26:45       1    468     50     62 
 20260320    12:26:45       2    466     50     62 
 20260320    12:26:45       3    447     48     59 
 20260320    12:27:15       0    478     49     59 
 20260320    12:27:15       1    462     50     62 
 20260320    12:27:15       2    469     50     62 
 20260320    12:27:15       3    491     48     59 
#Date        Time         gpu    pwr  gtemp  mtemp 
#YYYYMMDD    HH:MM:SS     Idx      W      C      C 
 20260320    12:27:45       0    501     50     60 
 20260320    12:27:45       1    495     51     61 
 20260320    12:27:45       2    488     51     62 
 20260320    12:27:45       3    492     48     59 
 20260320    12:28:15       0    499     50     58 
 20260320    12:28:15       1    495     50     62 
 20260320    12:28:15       2    485     51     62 
 20260320    12:28:15       3    492     48     59 
 20260320    12:28:45       0    149     38     47 
 20260320    12:28:45       1    156     40     50 
 20260320    12:28:45       2    149     40     50 
 20260320    12:28:45       3    151     37     47 
 20260320    12:29:15       0    157     37     45 
 20260320    12:29:15       1    162     38     46 
 20260320    12:29:15       2    155     39     48 
 20260320    12:29:15       3    159     37     45 
 20260320    12:29:45       0    160     37     45 
 20260320    12:29:45       1    164     38     46 
 20260320    12:29:45       2    157     38     46 
 20260320    12:29:45       3    162     37     45 
 20260320    12:30:15       0    161     37     43 
 20260320    12:30:15       1    165     38     46 
 20260320    12:30:15       2    157     38     46 
 20260320    12:30:15       3    161     37     45 
 20260320    12:30:45       0    157     37     43 
 20260320    12:30:45       1    161     38     46 
 20260320    12:30:45       2    154     38     46 
 20260320    12:30:45       3    158     37     43 
 20260320    12:31:15       0    160     37     43 
 20260320    12:31:15       1    163     37     45 
 20260320    12:31:15       2    155     38     47 
 20260320    12:31:15       3    159     36     43 
 20260320    12:31:45       0    161     37     43 
 20260320    12:31:45       1    164     37     44 
 20260320    12:31:45       2    156     38     46 
 20260320    12:31:45       3    162     36     43 
 20260320    12:32:15       0    159     37     43 
 20260320    12:32:15       1    161     37     44 
 20260320    12:32:15       2    153     38     47 
 20260320    12:32:15       3    160     36     43 
 20260320    12:32:45       0    159     37     43 
 20260320    12:32:45       1    162     37     46 
 20260320    12:32:45       2    155     38     47 
 20260320    12:32:45       3    160     36     43 
#Date        Time         gpu    pwr  gtemp  mtemp 
#YYYYMMDD    HH:MM:SS     Idx      W      C      C 
 20260320    12:33:15       0    150     37     44 
 20260320    12:33:15       1    153     37     44 
 20260320    12:33:15       2    145     38     46 
 20260320    12:33:15       3    150     36     43 
 20260320    12:33:45       0    158     38     43 
 20260320    12:33:45       1    161     37     44 
 20260320    12:33:45       2    153     38     46 
 20260320    12:33:45       3    159     36     43 
 20260320    12:34:15       0    158     37     43 
 20260320    12:34:15       1    161     37     44 
 20260320    12:34:15       2    153     38     46 
 20260320    12:34:15       3    158     36     43 
 20260320    12:34:45       0    160     37     43 
 20260320    12:34:45       1    162     37     44 
 20260320    12:34:45       2    154     38     46 
 20260320    12:34:45       3    161     36     43 
 20260320    12:35:15       0    161     37     43 
 20260320    12:35:15       1    164     37     44 
 20260320    12:35:15       2    156     38     46 
 20260320    12:35:15       3    162     37     43 
 20260320    12:35:45       0    161     37     43 
 20260320    12:35:45       1    165     37     44 
 20260320    12:35:45       2    155     38     46 
 20260320    12:35:45       3    160     37     43 
 20260320    12:36:15       0    160     37     43 
 20260320    12:36:15       1    163     37     44 
 20260320    12:36:15       2    155     38     46 
 20260320    12:36:15       3    160     36     43 
 20260320    12:36:45       0    162     37     43 
 20260320    12:36:45       1    165     37     44 
 20260320    12:36:45       2    157     38     46 
 20260320    12:36:45       3    162     36     43 
 20260320    12:37:15       0    160     37     43 
 20260320    12:37:15       1    163     37     44 
 20260320    12:37:15       2    155     38     46 
 20260320    12:37:15       3    161     37     43 
 20260320    12:37:45       0    160     37     43 
 20260320    12:37:45       1    163     37     44 
 20260320    12:37:45       2    155     38     46 
 20260320    12:37:45       3    160     37     43 
 20260320    12:38:15       0    161     37     43 
 20260320    12:38:15       1    163     37     44 
 20260320    12:38:15       2    156     38     46 
 20260320    12:38:15       3    162     36     43 
#Date        Time         gpu    pwr  gtemp  mtemp 
#YYYYMMDD    HH:MM:SS     Idx      W      C      C 
 20260320    12:38:45       0    160     37     43 
 20260320    12:38:45       1    163     37     44 
 20260320    12:38:45       2    155     38     46 
 20260320    12:38:45       3    158     36     43 
 20260320    12:39:15       0    158     37     43 
 20260320    12:39:15       1    162     37     44 
 20260320    12:39:15       2    154     38     46 
 20260320    12:39:15       3    158     36     43 
 20260320    12:39:45       0    159     37     43 
 20260320    12:39:45       1    163     37     44 
 20260320    12:39:45       2    154     38     46 
 20260320    12:39:45       3    160     37     43 
 20260320    12:40:15       0    161     38     43 
 20260320    12:40:15       1    165     38     44 
 20260320    12:40:15       2    157     38     46 
 20260320    12:40:15       3    162     37     43 
 20260320    12:40:45       0    160     37     43 
 20260320    12:40:45       1    164     37     45 
 20260320    12:40:45       2    155     38     46 
 20260320    12:40:45       3    160     37     43 
 20260320    12:41:15       0    159     37     43 
 20260320    12:41:15       1    163     37     44 
 20260320    12:41:15       2    155     38     46 
 20260320    12:41:15       3    160     37     43 
 20260320    12:41:45       0    159     37     43 
 20260320    12:41:45       1    163     37     44 
 20260320    12:41:45       2    154     38     46 
 20260320    12:41:45       3    162     36     43 
 20260320    12:42:15       0    162     37     43 
 20260320    12:42:15       1    164     38     44 
 20260320    12:42:15       2    157     38     46 
 20260320    12:42:15       3    162     37     43 
 20260320    12:42:45       0    160     38     43 
 20260320    12:42:45       1    162     38     44 
 20260320    12:42:45       2    155     38     46 
 20260320    12:42:45       3    160     37     43 
 20260320    12:43:15       0    159     37     43 
 20260320    12:43:15       1    163     37     44 
 20260320    12:43:15       2    155     38     46 
 20260320    12:43:15       3    161     37     43 
 20260320    12:43:45       0    159     37     43 
 20260320    12:43:45       1    162     37     44 
 20260320    12:43:45       2    154     38     46 
 20260320    12:43:45       3    160     37     43 
#Date        Time         gpu    pwr  gtemp  mtemp 
#YYYYMMDD    HH:MM:SS     Idx      W      C      C 
 20260320    12:44:15       0    160     37     43 
 20260320    12:44:15       1    163     37     44 
 20260320    12:44:15       2    157     38     46 
 20260320    12:44:15       3    161     37     43 
 20260320    12:44:45       0    158     37     43 
 20260320    12:44:45       1    162     37     44 
 20260320    12:44:45       2    154     38     46 
 20260320    12:44:45       3    159     36     43 
 20260320    12:45:15       0    158     37     43 
 20260320    12:45:15       1    162     37     44 
 20260320    12:45:15       2    154     38     46 
 20260320    12:45:15       3    159     36     44 
 20260320    12:45:45       0    165     37     43 
 20260320    12:45:45       1    168     37     45 
 20260320    12:45:45       2    160     38     46 
 20260320    12:45:45       3    165     36     43 
 20260320    12:46:15       0    418     47     56 
 20260320    12:46:15       1    413     48     59 
 20260320    12:46:15       2    416     48     59 
 20260320    12:46:15       3    414     46     55 
 20260320    12:46:45       0    315     39     49 
 20260320    12:46:45       1    321     41     51 
 20260320    12:46:45       2    296     42     52 
 20260320    12:46:45       3    327     38     47 
 20260320    12:47:15       0    435     49     57 
 20260320    12:47:15       1    427     49     60 
 20260320    12:47:15       2    424     48     60 
 20260320    12:47:15       3    434     46     56 
 20260320    12:47:45       0    492     49     58 
 20260320    12:47:45       1    479     50     60 
 20260320    12:47:45       2    488     50     63 
 20260320    12:47:45       3    491     47     59 
 20260320    12:48:15       0    498     49     57 
 20260320    12:48:15       1    488     50     61 
 20260320    12:48:15       2    485     51     63 
 20260320    12:48:15       3    484     48     59 
 20260320    12:48:45       0    436     47     55 
 20260320    12:48:45       1    428     48     58 
 20260320    12:48:45       2    425     46     57 
 20260320    12:48:45       3    428     44     56 
 20260320    12:49:15       0    474     49     59 
 20260320    12:49:15       1    468     50     63 
 20260320    12:49:15       2    454     50     62 
 20260320    12:49:15       3    456     48     59 
#Date        Time         gpu    pwr  gtemp  mtemp 
#YYYYMMDD    HH:MM:SS     Idx      W      C      C 
 20260320    12:49:45       0    445     44     51 
 20260320    12:49:45       1    449     46     54 
 20260320    12:49:45       2    428     46     56 
 20260320    12:49:45       3    446     42     53 
 20260320    12:50:15       0    151     38     47 
 20260320    12:50:15       1    157     40     50 
 20260320    12:50:15       2    151     40     50 
 20260320    12:50:15       3    153     37     47 
 20260320    12:50:45       0    161     37     45 
 20260320    12:50:45       1    165     38     46 
 20260320    12:50:45       2    159     39     48 
 20260320    12:50:45       3    162     37     45 
 20260320    12:51:15       0    161     37     44 
 20260320    12:51:15       1    166     38     46 
 20260320    12:51:15       2    158     38     46 
 20260320    12:51:15       3    162     36     43 
 20260320    12:51:45       0    157     37     43 
 20260320    12:51:45       1    162     37     46 
 20260320    12:51:45       2    154     38     46 
 20260320    12:51:45       3    159     36     43 
 20260320    12:52:15       0    160     37     43 
 20260320    12:52:15       1    161     37     46 
 20260320    12:52:15       2    158     38     46 
 20260320    12:52:15       3    158     36     43 
 20260320    12:52:45       0    152     36     43 
 20260320    12:52:45       1    158     37     44 
 20260320    12:52:45       2    147     37     46 
 20260320    12:52:45       3    157     35     43 
 20260320    12:53:15       0    161     38     43 
 20260320    12:53:15       1    161     38     45 
 20260320    12:53:15       2    157     38     46 
 20260320    12:53:15       3    163     38     45 
 20260320    12:53:45       0    161     37     43 
 20260320    12:53:45       1    165     37     44 
 20260320    12:53:45       2    157     38     47 
 20260320    12:53:45       3    162     37     43 
 20260320    12:54:15       0    161     37     43 
 20260320    12:54:15       1    165     37     44 
 20260320    12:54:15       2    157     38     46 
 20260320    12:54:15       3    162     36     43 
 20260320    12:54:45       0    157     37     43 
 20260320    12:54:45       1    162     37     44 
 20260320    12:54:45       2    154     38     46 
 20260320    12:54:45       3    159     36     43 
#Date        Time         gpu    pwr  gtemp  mtemp 
#YYYYMMDD    HH:MM:SS     Idx      W      C      C 
 20260320    12:55:15       0    161     37     43 
 20260320    12:55:15       1    165     37     44 
 20260320    12:55:15       2    156     38     46 
 20260320    12:55:15       3    162     36     43 
 20260320    12:55:45       0    157     37     43 
 20260320    12:55:45       1    161     37     44 
 20260320    12:55:45       2    153     38     46 
 20260320    12:55:45       3    160     37     43 
 20260320    12:56:15       0    437     46     53 
 20260320    12:56:15       1    431     47     55 
 20260320    12:56:15       2    420     45     54 
 20260320    12:56:15       3    428     42     51 
 20260320    12:56:45       0    436     47     57 
 20260320    12:56:45       1    431     48     60 
 20260320    12:56:45       2    423     49     60 
 20260320    12:56:45       3    429     47     57 
 20260320    12:57:15       0    498     49     59 
 20260320    12:57:15       1    492     50     61 
 20260320    12:57:15       2    487     50     61 
 20260320    12:57:15       3    493     48     59 
 20260320    12:57:45       0    471     50     59 
 20260320    12:57:45       1    481     50     61 
 20260320    12:57:45       2    486     50     61 
 20260320    12:57:45       3    480     44     54 
 20260320    12:58:15       0    482     50     59 
 20260320    12:58:15       1    480     47     56 
 20260320    12:58:15       2    461     51     63 
 20260320    12:58:15       3    487     44     55 
 20260320    12:58:45       0    433     48     57 
 20260320    12:58:45       1    429     49     61 
 20260320    12:58:45       2    425     49     60 
 20260320    12:58:45       3    424     46     57 
 20260320    12:59:15       0    501     50     60 
 20260320    12:59:15       1    494     51     62 
 20260320    12:59:15       2    489     51     64 
 20260320    12:59:15       3    482     48     61 
 20260320    12:59:45       0    459     44     53 
 20260320    12:59:45       1    449     46     55 
 20260320    12:59:45       2    464     47     57 
 20260320    12:59:45       3    431     45     55 
 20260320    13:00:15       0    167     38     45 
 20260320    13:00:15       1    174     40     48 
 20260320    13:00:15       2    166     40     50 
 20260320    13:00:15       3    170     38     45 
#Date        Time         gpu    pwr  gtemp  mtemp 
#YYYYMMDD    HH:MM:SS     Idx      W      C      C 
 20260320    13:00:45       0    465     49     59 
 20260320    13:00:45       1    453     50     61 
 20260320    13:00:45       2    443     50     61 
 20260320    13:00:45       3    451     48     59 
 20260320    13:01:15       0    496     50     58 
 20260320    13:01:15       1    492     51     63 
 20260320    13:01:15       2    475     51     63 
 20260320    13:01:15       3    482     48     57 
 20260320    13:01:45       0    495     50     59 
 20260320    13:01:45       1    496     51     62 
 20260320    13:01:45       2    488     51     63 
 20260320    13:01:45       3    489     48     59 
 20260320    13:02:15       0    435     49     57 
 20260320    13:02:15       1    443     50     60 
 20260320    13:02:15       2    443     49     61 
 20260320    13:02:15       3    444     47     59 
 20260320    13:02:45       0    484     49     59 
 20260320    13:02:45       1    489     51     62 
 20260320    13:02:45       2    484     51     62 
 20260320    13:02:45       3    484     48     59 
 20260320    13:03:15       0    501     49     60 
 20260320    13:03:15       1    493     51     62 
 20260320    13:03:15       2    488     51     63 
 20260320    13:03:15       3    486     48     59 
 20260320    13:03:45       0    498     49     57 
 20260320    13:03:45       1    497     51     62 
 20260320    13:03:45       2    488     51     63 
 20260320    13:03:45       3    491     48     57 
 20260320    13:04:15       0    501     50     59 
 20260320    13:04:15       1    495     51     62 
 20260320    13:04:15       2    489     50     63 
 20260320    13:04:15       3    493     48     60 
 20260320    13:04:45       0    148     38     47 
 20260320    13:04:45       1    154     40     50 
 20260320    13:04:45       2    148     40     50 
 20260320    13:04:45       3    150     37     47 
 20260320    13:05:15       0    153     37     45 
 20260320    13:05:15       1    159     38     46 
 20260320    13:05:15       2    150     38     48 
 20260320    13:05:15       3    154     36     45 
 20260320    13:05:45       0    150     37     43 
 20260320    13:05:45       1    154     37     46 
 20260320    13:05:45       2    146     38     46 
 20260320    13:05:45       3    151     36     43 
#Date        Time         gpu    pwr  gtemp  mtemp 
#YYYYMMDD    HH:MM:SS     Idx      W      C      C 
 20260320    13:06:15       0    396     47     49 
 20260320    13:06:15       1    213     40     49 
 20260320    13:06:15       2    201     41     51 
 20260320    13:06:15       3    208     37     45 
 20260320    13:06:45       0    286     42     48 
 20260320    13:06:45       1    416     47     52 
 20260320    13:06:45       2    407     47     53 
 20260320    13:06:45       3    412     45     49 
 20260320    13:07:15       0    393     44     49 
 20260320    13:07:15       1    217     44     51 
 20260320    13:07:15       2    217     45     52 
 20260320    13:07:15       3    220     43     48 
 20260320    13:07:45       0    355     43     48 
 20260320    13:07:45       1    282     46     54 
 20260320    13:07:45       2    277     46     52 
 20260320    13:07:45       3    296     44     50 
 20260320    13:08:15       0    320     46     49 
 20260320    13:08:15       1    349     43     50 
 20260320    13:08:15       2    345     43     50 
 20260320    13:08:15       3    361     39     47 
 20260320    13:08:45       0    300     43     49 
 20260320    13:08:45       1    388     47     52 
 20260320    13:08:45       2    375     47     54 
 20260320    13:08:45       3    372     45     50 
 20260320    13:09:15       0    276     42     48 
 20260320    13:09:15       1    416     47     52 
 20260320    13:09:15       2    408     47     54 
 20260320    13:09:15       3    408     45     49 
 20260320    13:09:45       0    372     47     49 
 20260320    13:09:45       1    274     40     49 
 20260320    13:09:45       2    246     41     50 
 20260320    13:09:45       3    269     38     47 
 20260320    13:10:16       0    295     42     47 
 20260320    13:10:16       1    409     46     51 
 20260320    13:10:16       2    405     47     52 
 20260320    13:10:16       3    411     45     49 
 20260320    13:10:46       0    345     46     49 
 20260320    13:10:46       1    396     48     50 
 20260320    13:10:46       2    392     48     51 
 20260320    13:10:46       3    397     46     47 
 20260320    13:11:16       0    372     47     49 
 20260320    13:11:16       1    264     40     49 
 20260320    13:11:16       2    238     41     50 
 20260320    13:11:16       3    234     37     46 
#Date        Time         gpu    pwr  gtemp  mtemp 
#YYYYMMDD    HH:MM:SS     Idx      W      C      C 
 20260320    13:11:46       0    289     42     48 
 20260320    13:11:46       1    403     47     52 
 20260320    13:11:46       2    404     47     53 
 20260320    13:11:46       3    406     45     50 
 20260320    13:12:16       0    331     46     49 
 20260320    13:12:16       1    323     41     49 
 20260320    13:12:16       2    322     42     50 
 20260320    13:12:16       3    323     39     47 
 20260320    13:12:46       0    352     46     49 
 20260320    13:12:46       1    284     41     49 
 20260320    13:12:46       2    291     41     50 
 20260320    13:12:46       3    294     38     47 
 20260320    13:13:16       0    303     42     47 
 20260320    13:13:16       1    356     46     51 
 20260320    13:13:16       2    331     47     52 
 20260320    13:13:16       3    353     45     50 
 20260320    13:13:46       0    332     46     49 
 20260320    13:13:46       1    337     42     50 
 20260320    13:13:46       2    335     42     50 
 20260320    13:13:46       3    327     39     48 
 20260320    13:14:16       0    356     46     49 
 20260320    13:14:16       1    278     41     49 
 20260320    13:14:16       2    286     41     50 
 20260320    13:14:16       3    266     38     47 
 20260320    13:14:46       0    283     42     47 
 20260320    13:14:46       1    412     47     52 
 20260320    13:14:46       2    404     47     52 
 20260320    13:14:46       3    412     45     50 
 20260320    13:15:16       0    387     45     49 
 20260320    13:15:16       1    213     39     48 
 20260320    13:15:16       2    199     42     50 
 20260320    13:15:16       3    204     40     48 
 20260320    13:15:46       0    380     45     49 
 20260320    13:15:46       1    215     39     48 
 20260320    13:15:46       2    209     42     51 
 20260320    13:15:46       3    213     40     48 
 20260320    13:16:16       0    278     42     47 
 20260320    13:16:16       1    415     47     52 
 20260320    13:16:16       2    401     47     52 
 20260320    13:16:16       3    411     45     51 
 20260320    13:16:46       0    381     47     49 
 20260320    13:16:46       1    251     40     49 
 20260320    13:16:46       2    241     40     50 
 20260320    13:16:46       3    239     37     45 
#Date        Time         gpu    pwr  gtemp  mtemp 
#YYYYMMDD    HH:MM:SS     Idx      W      C      C 
 20260320    13:17:16       0    229     40     47 
 20260320    13:17:16       1    358     45     50 
 20260320    13:17:16       2    359     46     52 
 20260320    13:17:16       3    372     44     49 
 20260320    13:17:46       0    292     42     47 
 20260320    13:17:46       1    412     47     52 
 20260320    13:17:46       2    401     47     53 
 20260320    13:17:46       3    410     45     49 
 20260320    13:18:16       0    387     46     49 
 20260320    13:18:16       1    219     39     48 
 20260320    13:18:16       2    207     42     52 
 20260320    13:18:16       3    214     37     45 
 20260320    13:18:46       0    280     42     48 
 20260320    13:18:46       1    413     47     52 
 20260320    13:18:46       2    407     47     54 
 20260320    13:18:46       3    410     45     51 
 20260320    13:19:16       0    158     38     45 
 20260320    13:19:16       1    163     39     47 
 20260320    13:19:16       2    154     39     48 
 20260320    13:19:16       3    158     37     45 
 20260320    13:19:46       0    144     36     43 
 20260320    13:19:46       1    148     36     45 
 20260320    13:19:46       2    140     37     46 
 20260320    13:19:46       3    144     35     43 
