#Date        Time         gpu    pwr  gtemp  mtemp 
#YYYYMMDD    HH:MM:SS     Idx      W      C      C 
 20260320    11:27:14       0     97     32     41 
 20260320    11:27:14       1     90     34     43 
 20260320    11:27:14       2     98     33     42 
 20260320    11:27:14       3     85     32     41 
 20260320    11:27:44       0     97     32     41 
 20260320    11:27:44       1     90     34     43 
 20260320    11:27:44       2     97     33     42 
 20260320    11:27:44       3    129     34     42 
 20260320    11:28:14       0    143     34     41 
 20260320    11:28:14       1    139     36     45 
 20260320    11:28:14       2    143     35     42 
 20260320    11:28:14       3    131     35     41 
 20260320    11:28:44       0    151     35     42 
 20260320    11:28:44       1    146     37     45 
 20260320    11:28:44       2    151     36     43 
 20260320    11:28:44       3    136     35     41 
 20260320    11:29:14       0    168     37     44 
 20260320    11:29:14       1    162     39     47 
 20260320    11:29:14       2    165     37     44 
 20260320    11:29:14       3    149     36     43 
 20260320    11:29:44       0    168     36     43 
 20260320    11:29:44       1    163     39     47 
 20260320    11:29:44       2    166     37     44 
 20260320    11:29:44       3    150     36     43 
 20260320    11:30:14       0    168     37     43 
 20260320    11:30:14       1    164     39     47 
 20260320    11:30:14       2    167     37     45 
 20260320    11:30:14       3    150     36     44 
 20260320    11:30:44       0    169     37     44 
 20260320    11:30:44       1    162     39     47 
 20260320    11:30:44       2    166     37     44 
 20260320    11:30:44       3    151     36     43 
 20260320    11:31:14       0    168     37     43 
 20260320    11:31:14       1    161     39     47 
 20260320    11:31:14       2    166     37     44 
 20260320    11:31:14       3    150     36     43 
 20260320    11:31:44       0    167     37     44 
 20260320    11:31:44       1    163     39     47 
 20260320    11:31:44       2    167     37     44 
 20260320    11:31:44       3    149     36     43 
 20260320    11:32:14       0    167     37     43 
 20260320    11:32:14       1    160     39     47 
 20260320    11:32:14       2    165     37     44 
 20260320    11:32:14       3    149     36     43 
#Date        Time         gpu    pwr  gtemp  mtemp 
#YYYYMMDD    HH:MM:SS     Idx      W      C      C 
 20260320    11:32:44       0    166     37     44 
 20260320    11:32:44       1    162     39     47 
 20260320    11:32:44       2    166     37     45 
 20260320    11:32:44       3    147     36     43 
 20260320    11:33:14       0    167     37     43 
 20260320    11:33:14       1    162     39     47 
 20260320    11:33:14       2    166     37     45 
 20260320    11:33:14       3    149     36     43 
 20260320    11:33:44       0    167     37     44 
 20260320    11:33:44       1    162     39     47 
 20260320    11:33:44       2    166     38     45 
 20260320    11:33:44       3    149     36     44 
 20260320    11:34:14       0    166     37     43 
 20260320    11:34:14       1    162     39     47 
 20260320    11:34:14       2    165     37     45 
 20260320    11:34:14       3    149     36     44 
 20260320    11:34:44       0    167     37     44 
 20260320    11:34:44       1    161     39     48 
 20260320    11:34:44       2    166     37     45 
 20260320    11:34:44       3    150     36     43 
 20260320    11:35:14       0    167     37     43 
 20260320    11:35:14       1    162     39     47 
 20260320    11:35:14       2    166     37     44 
 20260320    11:35:14       3    150     36     43 
 20260320    11:35:44       0    166     37     43 
 20260320    11:35:44       1    161     39     47 
 20260320    11:35:44       2    165     37     45 
 20260320    11:35:44       3    150     36     43 
 20260320    11:36:14       0    168     37     43 
 20260320    11:36:14       1    164     39     47 
 20260320    11:36:14       2    166     37     45 
 20260320    11:36:14       3    150     36     43 
 20260320    11:36:44       0    156     37     43 
 20260320    11:36:44       1    152     39     47 
 20260320    11:36:44       2    156     37     45 
 20260320    11:36:44       3    142     36     44 
 20260320    11:37:14       0    167     37     43 
 20260320    11:37:14       1    161     39     48 
 20260320    11:37:14       2    164     37     45 
 20260320    11:37:14       3    149     36     43 
 20260320    11:37:44       0    166     37     43 
 20260320    11:37:44       1    163     39     47 
 20260320    11:37:44       2    166     38     45 
 20260320    11:37:44       3    150     36     43 
#Date        Time         gpu    pwr  gtemp  mtemp 
#YYYYMMDD    HH:MM:SS     Idx      W      C      C 
 20260320    11:38:14       0    166     37     43 
 20260320    11:38:14       1    163     39     48 
 20260320    11:38:14       2    166     38     45 
 20260320    11:38:14       3    149     36     43 
 20260320    11:38:44       0    165     37     43 
 20260320    11:38:44       1    162     39     48 
 20260320    11:38:44       2    166     37     45 
 20260320    11:38:44       3    149     36     43 
 20260320    11:39:14       0    166     37     43 
 20260320    11:39:14       1    162     39     47 
 20260320    11:39:14       2    165     37     45 
 20260320    11:39:14       3    149     36     43 
 20260320    11:39:44       0    166     37     43 
 20260320    11:39:44       1    165     40     47 
 20260320    11:39:44       2    167     38     45 
 20260320    11:39:44       3    150     36     43 
 20260320    11:40:14       0    498     48     57 
 20260320    11:40:14       1    486     52     64 
 20260320    11:40:14       2    495     51     60 
 20260320    11:40:14       3    481     49     59 
 20260320    11:40:44       0    549     49     59 
 20260320    11:40:44       1    534     54     65 
 20260320    11:40:44       2    545     52     63 
 20260320    11:40:44       3    529     50     59 
 20260320    11:41:14       0    508     49     61 
 20260320    11:41:14       1    517     54     65 
 20260320    11:41:14       2    531     52     61 
 20260320    11:41:14       3    493     49     61 
 20260320    11:41:44       0    498     48     59 
 20260320    11:41:44       1    487     53     67 
 20260320    11:41:44       2    495     52     61 
 20260320    11:41:44       3    476     49     59 
 20260320    11:42:14       0    165     37     45 
 20260320    11:42:14       1    159     40     49 
 20260320    11:42:14       2    165     38     46 
 20260320    11:42:14       3    147     36     45 
 20260320    11:42:45       0    166     37     44 
 20260320    11:42:45       1    159     40     49 
 20260320    11:42:45       2    164     38     45 
 20260320    11:42:45       3    147     36     43 
 20260320    11:43:15       0    165     37     44 
 20260320    11:43:15       1    160     39     48 
 20260320    11:43:15       2    165     38     45 
 20260320    11:43:15       3    149     36     43 
#Date        Time         gpu    pwr  gtemp  mtemp 
#YYYYMMDD    HH:MM:SS     Idx      W      C      C 
 20260320    11:43:45       0    166     37     43 
 20260320    11:43:45       1    159     39     47 
 20260320    11:43:45       2    164     38     45 
 20260320    11:43:45       3    149     36     43 
 20260320    11:44:15       0    165     37     43 
 20260320    11:44:15       1    159     39     47 
 20260320    11:44:15       2    164     37     45 
 20260320    11:44:15       3    148     36     43 
 20260320    11:44:45       0    165     36     43 
 20260320    11:44:45       1    158     39     47 
 20260320    11:44:45       2    163     37     45 
 20260320    11:44:45       3    149     36     43 
 20260320    11:45:15       0    166     37     43 
 20260320    11:45:15       1    160     39     48 
 20260320    11:45:15       2    164     37     45 
 20260320    11:45:15       3    150     36     43 
 20260320    11:45:45       0    525     45     51 
 20260320    11:45:45       1    528     48     57 
 20260320    11:45:45       2    528     46     53 
 20260320    11:45:45       3    516     46     55 
 20260320    11:46:15       0    494     49     59 
 20260320    11:46:15       1    488     53     66 
 20260320    11:46:15       2    496     51     60 
 20260320    11:46:15       3    478     49     59 
 20260320    11:46:45       0    497     49     58 
 20260320    11:46:45       1    486     54     65 
 20260320    11:46:45       2    495     52     62 
 20260320    11:46:45       3    481     49     60 
 20260320    11:47:15       0    499     48     59 
 20260320    11:47:15       1    488     53     65 
 20260320    11:47:15       2    495     51     62 
 20260320    11:47:15       3    476     49     60 
 20260320    11:47:45       0    168     37     45 
 20260320    11:47:45       1    164     40     49 
 20260320    11:47:45       2    170     38     47 
 20260320    11:47:45       3    153     36     45 
 20260320    11:48:15       0    165     37     45 
 20260320    11:48:15       1    160     40     49 
 20260320    11:48:15       2    166     38     46 
 20260320    11:48:15       3    151     36     43 
 20260320    11:48:45       0    496     47     56 
 20260320    11:48:45       1    491     52     63 
 20260320    11:48:45       2    498     50     60 
 20260320    11:48:45       3    479     48     59 
#Date        Time         gpu    pwr  gtemp  mtemp 
#YYYYMMDD    HH:MM:SS     Idx      W      C      C 
 20260320    11:49:15       0    499     44     51 
 20260320    11:49:15       1    489     49     59 
 20260320    11:49:15       2    498     50     60 
 20260320    11:49:15       3    479     44     53 
 20260320    11:49:45       0    535     44     54 
 20260320    11:49:45       1    534     53     65 
 20260320    11:49:45       2    536     49     58 
 20260320    11:49:45       3    497     50     61 
 20260320    11:50:15       0    494     49     59 
 20260320    11:50:15       1    489     54     65 
 20260320    11:50:15       2    494     52     62 
 20260320    11:50:15       3    478     49     61 
 20260320    11:50:45       0    510     44     52 
 20260320    11:50:45       1    497     48     59 
 20260320    11:50:45       2    484     48     56 
 20260320    11:50:45       3    481     49     61 
 20260320    11:51:15       0    517     48     59 
 20260320    11:51:15       1    527     54     67 
 20260320    11:51:15       2    535     52     63 
 20260320    11:51:15       3    515     49     61 
 20260320    11:51:45       0    504     49     58 
 20260320    11:51:45       1    495     54     66 
 20260320    11:51:45       2    502     53     63 
 20260320    11:51:45       3    478     49     61 
 20260320    11:52:15       0    163     37     47 
 20260320    11:52:15       1    160     42     53 
 20260320    11:52:15       2    167     40     50 
 20260320    11:52:15       3    148     37     47 
 20260320    11:52:45       0    281     41     48 
 20260320    11:52:45       1    376     49     56 
 20260320    11:52:45       2    378     47     53 
 20260320    11:52:45       3    365     45     49 
 20260320    11:53:15       0    292     42     48 
 20260320    11:53:15       1    372     48     55 
 20260320    11:53:15       2    376     47     52 
 20260320    11:53:15       3    357     44     49 
 20260320    11:53:45       0    298     42     47 
 20260320    11:53:45       1    408     49     56 
 20260320    11:53:45       2    410     48     52 
 20260320    11:53:45       3    396     46     50 
 20260320    11:54:15       0    302     42     48 
 20260320    11:54:15       1    399     49     55 
 20260320    11:54:15       2    405     48     52 
 20260320    11:54:15       3    391     46     50 
#Date        Time         gpu    pwr  gtemp  mtemp 
#YYYYMMDD    HH:MM:SS     Idx      W      C      C 
 20260320    11:54:45       0    378     43     48 
 20260320    11:54:45       1    263     47     53 
 20260320    11:54:45       2    259     45     50 
 20260320    11:54:45       3    246     43     49 
 20260320    11:55:15       0    323     41     47 
 20260320    11:55:15       1    329     47     54 
 20260320    11:55:15       2    319     45     51 
 20260320    11:55:15       3    317     44     48 
 20260320    11:55:45       0    283     41     48 
 20260320    11:55:45       1    409     49     55 
 20260320    11:55:45       2    410     47     52 
 20260320    11:55:45       3    400      0     51 
 20260320    11:56:15       0    273     41     48 
 20260320    11:56:15       1    372     48     55 
 20260320    11:56:15       2    372     46     51 
 20260320    11:56:15       3    360     44     49 
 20260320    11:56:45       0    269     41     47 
 20260320    11:56:45       1    376     48     54 
 20260320    11:56:45       2    375     47     51 
 20260320    11:56:45       3    363     45     49 
 20260320    11:57:15       0    298     42     47 
 20260320    11:57:15       1    408     49     55 
 20260320    11:57:15       2    409     47     52 
 20260320    11:57:15       3    398     45     49 
 20260320    11:57:45       0    284     41     47 
 20260320    11:57:45       1    370     48     54 
 20260320    11:57:45       2    368     46     51 
 20260320    11:57:45       3    358     44     50 
 20260320    11:58:15       0    319     44     47 
 20260320    11:58:15       1    302     43     51 
 20260320    11:58:15       2    309     42     50 
 20260320    11:58:15       3    293     39     47 
 20260320    11:58:45       0    316     44     48 
 20260320    11:58:45       1    274     42     51 
 20260320    11:58:45       2    291     41     48 
 20260320    11:58:45       3    251     38     45 
 20260320    11:59:15       0    180     36     43 
 20260320    11:59:15       1    176     39     49 
 20260320    11:59:15       2    179     38     46 
 20260320    11:59:15       3    165     36     43 
 20260320    11:59:45       0    144     35     43 
 20260320    11:59:45       1    141     38     47 
 20260320    11:59:45       2    146     36     45 
 20260320    11:59:45       3    130     35     43 
