#Date        Time         gpu    pwr  gtemp  mtemp 
#YYYYMMDD    HH:MM:SS     Idx      W      C      C 
 20260323    21:31:09       0    100     36     45 
 20260323    21:31:09       1     98     35     45 
 20260323    21:31:09       2     97     35     44 
 20260323    21:31:09       3     87     34     43 
 20260323    21:31:39       0    145     37     44 
 20260323    21:31:39       1    144     37     45 
 20260323    21:31:39       2    145     37     44 
 20260323    21:31:39       3    135     36     45 
 20260323    21:32:09       0    144     37     43 
 20260323    21:32:09       1    144     37     45 
 20260323    21:32:09       2    145     37     44 
 20260323    21:32:09       3    135     36     45 
 20260323    21:32:39       0    144     36     43 
 20260323    21:32:39       1    144     37     46 
 20260323    21:32:39       2    145     37     45 
 20260323    21:32:39       3    134     36     45 
 20260323    21:33:09       0    144     36     44 
 20260323    21:33:09       1    144     37     45 
 20260323    21:33:09       2    145     37     45 
 20260323    21:33:09       3    134     36     45 
 20260323    21:33:39       0    144     36     43 
 20260323    21:33:39       1    144     37     46 
 20260323    21:33:39       2    145     37     44 
 20260323    21:33:39       3    134     36     45 
 20260323    21:34:09       0    144     36     44 
 20260323    21:34:09       1    144     37     45 
 20260323    21:34:09       2    145     37     44 
 20260323    21:34:09       3    134     36     45 
 20260323    21:34:39       0    144     36     44 
 20260323    21:34:39       1    144     37     45 
 20260323    21:34:39       2    145     37     45 
 20260323    21:34:39       3    134     36     45 
 20260323    21:35:09       0    144     36     43 
 20260323    21:35:09       1    144     37     45 
 20260323    21:35:09       2    145     37     44 
 20260323    21:35:09       3    134     36     45 
 20260323    21:35:39       0    144     36     43 
 20260323    21:35:39       1    144     37     45 
 20260323    21:35:39       2    144     37     44 
 20260323    21:35:39       3    134     36     45 
 20260323    21:36:09       0    144     36     43 
 20260323    21:36:09       1    144     37     45 
 20260323    21:36:09       2    144     37     44 
 20260323    21:36:09       3    135     36     45 
#Date        Time         gpu    pwr  gtemp  mtemp 
#YYYYMMDD    HH:MM:SS     Idx      W      C      C 
 20260323    21:36:39       0    144     36     43 
 20260323    21:36:39       1    144     37     45 
 20260323    21:36:39       2    145     37     44 
 20260323    21:36:39       3    135     36     45 
 20260323    21:37:09       0    150     38     45 
 20260323    21:37:09       1    154     40     47 
 20260323    21:37:09       2    150     39     46 
 20260323    21:37:09       3    141     38     47 
 20260323    21:37:39       0    159     38     45 
 20260323    21:37:39       1    159     39     47 
 20260323    21:37:39       2    160     38     46 
 20260323    21:37:39       3    148     37     45 
 20260323    21:38:09       0    158     38     45 
 20260323    21:38:09       1    158     39     45 
 20260323    21:38:09       2    159     38     45 
 20260323    21:38:09       3    147     37     45 
 20260323    21:38:39       0    159     38     45 
 20260323    21:38:39       1    158     39     47 
 20260323    21:38:39       2    159     38     46 
 20260323    21:38:39       3    148     37     45 
 20260323    21:39:09       0    159     38     45 
 20260323    21:39:09       1    158     39     47 
 20260323    21:39:09       2    159     38     46 
 20260323    21:39:09       3    148     38     45 
 20260323    21:39:39       0    159     38     45 
 20260323    21:39:39       1    159     39     47 
 20260323    21:39:39       2    159     38     46 
 20260323    21:39:39       3    148     38     45 
 20260323    21:40:09       0    159     38     45 
 20260323    21:40:09       1    159     39     47 
 20260323    21:40:09       2    159     38     46 
 20260323    21:40:09       3    148     38     45 
 20260323    21:40:39       0    144     37     44 
 20260323    21:40:39       1    144     38     45 
 20260323    21:40:39       2    145     37     44 
 20260323    21:40:39       3    134     37     45 
 20260323    21:41:09       0    159     38     44 
 20260323    21:41:09       1    159     39     47 
 20260323    21:41:09       2    159     38     46 
 20260323    21:41:09       3    147     37     45 
 20260323    21:41:39       0    159     38     45 
 20260323    21:41:39       1    159     39     47 
 20260323    21:41:39       2    159     38     45 
 20260323    21:41:39       3    148     37     45 
#Date        Time         gpu    pwr  gtemp  mtemp 
#YYYYMMDD    HH:MM:SS     Idx      W      C      C 
 20260323    21:42:09       0    159     38     45 
 20260323    21:42:09       1    159     39     47 
 20260323    21:42:09       2    159     38     46 
 20260323    21:42:09       3    148     38     45 
 20260323    21:42:39       0    159     38     45 
 20260323    21:42:39       1    158     39     47 
 20260323    21:42:39       2    159     38     46 
 20260323    21:42:39       3    148     38     45 
 20260323    21:43:09       0    144     37     43 
 20260323    21:43:09       1    144     38     45 
 20260323    21:43:09       2    145     37     44 
 20260323    21:43:09       3    134     36     45 
 20260323    21:43:39       0    159     38     45 
 20260323    21:43:39       1    158     39     47 
 20260323    21:43:39       2    159     38     46 
 20260323    21:43:39       3    148     37     45 
 20260323    21:44:09       0    158     38     45 
 20260323    21:44:09       1    157     39     47 
 20260323    21:44:09       2    158     38     46 
 20260323    21:44:09       3    148     37     45 
 20260323    21:44:39       0    159     38     45 
 20260323    21:44:39       1    159     39     47 
 20260323    21:44:39       2    159     38     46 
 20260323    21:44:39       3    148     38     45 
 20260323    21:45:09       0    159     38     45 
 20260323    21:45:09       1    158     39     47 
 20260323    21:45:09       2    159     38     46 
 20260323    21:45:09       3    148     38     45 
 20260323    21:45:39       0    309     41     48 
 20260323    21:45:39       1    309     42     49 
 20260323    21:45:39       2    310     42     50 
 20260323    21:45:39       3    297     40     49 
 20260323    21:46:09       0    312     43     53 
 20260323    21:46:09       1    314     46     56 
 20260323    21:46:09       2    319     43     56 
 20260323    21:46:09       3    306     43     55 
 20260323    21:46:39       0    160     38     45 
 20260323    21:46:39       1    159     39     47 
 20260323    21:46:39       2    159     38     46 
 20260323    21:46:39       3    148     38     45 
 20260323    21:47:09       0    159     38     45 
 20260323    21:47:09       1    159     39     47 
 20260323    21:47:09       2    159     38     46 
 20260323    21:47:09       3    148     38     45 
#Date        Time         gpu    pwr  gtemp  mtemp 
#YYYYMMDD    HH:MM:SS     Idx      W      C      C 
 20260323    21:47:39       0    160     38     45 
 20260323    21:47:39       1    159     39     47 
 20260323    21:47:39       2    160     38     46 
 20260323    21:47:39       3    149     38     45 
 20260323    21:48:09       0    144     37     44 
 20260323    21:48:09       1    144     38     45 
 20260323    21:48:09       2    145     37     44 
 20260323    21:48:09       3    135     37     46 
 20260323    21:48:39       0    159     38     45 
 20260323    21:48:39       1    159     39     47 
 20260323    21:48:39       2    159     38     46 
 20260323    21:48:39       3    148     38     46 
 20260323    21:49:09       0    159     38     45 
 20260323    21:49:09       1    159     39     47 
 20260323    21:49:09       2    159     38     46 
 20260323    21:49:09       3    148     38     45 
 20260323    21:49:39       0    159     38     45 
 20260323    21:49:39       1    158     39     47 
 20260323    21:49:39       2    159     38     46 
 20260323    21:49:39       3    147     38     45 
 20260323    21:50:09       0    160     38     45 
 20260323    21:50:09       1    159     39     47 
 20260323    21:50:09       2    159     38     46 
 20260323    21:50:09       3    148     38     45 
 20260323    21:50:39       0    160     38     45 
 20260323    21:50:39       1    159     39     47 
 20260323    21:50:39       2    160     38     46 
 20260323    21:50:39       3    148     38     47 
 20260323    21:51:09       0    160     38     45 
 20260323    21:51:09       1    160     39     47 
 20260323    21:51:09       2    160     38     46 
 20260323    21:51:09       3    149     38     47 
 20260323    21:51:39       0    159     38     45 
 20260323    21:51:39       1    158     39     47 
 20260323    21:51:39       2    159     38     46 
 20260323    21:51:39       3    148     38     46 
 20260323    21:52:09       0    159     38     45 
 20260323    21:52:09       1    159     39     47 
 20260323    21:52:09       2    159     38     46 
 20260323    21:52:09       3    148     38     46 
 20260323    21:52:39       0    159     38     45 
 20260323    21:52:39       1    159     39     47 
 20260323    21:52:39       2    159     38     46 
 20260323    21:52:39       3    149     38     45 
#Date        Time         gpu    pwr  gtemp  mtemp 
#YYYYMMDD    HH:MM:SS     Idx      W      C      C 
 20260323    21:53:09       0    159     38     45 
 20260323    21:53:09       1    158     39     47 
 20260323    21:53:09       2    159     38     46 
 20260323    21:53:09       3    148     37     45 
 20260323    21:53:39       0    159     38     45 
 20260323    21:53:39       1    159     39     47 
 20260323    21:53:39       2    159     38     46 
 20260323    21:53:39       3    148     37     45 
 20260323    21:54:09       0    159     38     45 
 20260323    21:54:09       1    158     39     47 
 20260323    21:54:09       2    159     38     46 
 20260323    21:54:09       3    148     37     45 
 20260323    21:54:39       0    145     36     44 
 20260323    21:54:39       1    144     37     45 
 20260323    21:54:39       2    145     37     44 
 20260323    21:54:39       3    134     36     45 
 20260323    21:55:09       0    159     38     45 
 20260323    21:55:09       1    159     39     47 
 20260323    21:55:09       2    159     38     46 
 20260323    21:55:09       3    149     38     45 
 20260323    21:55:39       0    158     38     45 
 20260323    21:55:39       1    158     39     47 
 20260323    21:55:39       2    158     38     45 
 20260323    21:55:39       3    148     37     45 
 20260323    21:56:09       0    158     38     45 
 20260323    21:56:09       1    158     39     47 
 20260323    21:56:09       2    158     38     46 
 20260323    21:56:09       3    148     38     45 
 20260323    21:56:39       0    159     38     45 
 20260323    21:56:39       1    159     39     47 
 20260323    21:56:39       2    160     38     46 
 20260323    21:56:39       3    149     38     45 
 20260323    21:57:09       0    159     38     45 
 20260323    21:57:09       1    159     39     47 
 20260323    21:57:09       2    159     38     46 
 20260323    21:57:09       3    149     37     46 
 20260323    21:57:39       0    159     38     45 
 20260323    21:57:39       1    158     39     47 
 20260323    21:57:39       2    159     38     46 
 20260323    21:57:39       3    149     38     45 
 20260323    21:58:09       0    159     38     45 
 20260323    21:58:09       1    158     39     47 
 20260323    21:58:09       2    159     38     46 
 20260323    21:58:09       3    147     38     45 
#Date        Time         gpu    pwr  gtemp  mtemp 
#YYYYMMDD    HH:MM:SS     Idx      W      C      C 
 20260323    21:58:39       0    159     38     45 
 20260323    21:58:39       1    158     39     47 
 20260323    21:58:39       2    159     38     46 
 20260323    21:58:39       3    148     38     45 
 20260323    21:59:09       0    159     38     45 
 20260323    21:59:09       1    158     39     47 
 20260323    21:59:09       2    158     38     46 
 20260323    21:59:09       3    148     37     45 
 20260323    21:59:39       0    159     38     45 
 20260323    21:59:39       1    158     39     47 
 20260323    21:59:39       2    159     38     46 
 20260323    21:59:39       3    148     38     47 
 20260323    22:00:09       0    159     38     45 
 20260323    22:00:09       1    158     39     47 
 20260323    22:00:09       2    159     38     46 
 20260323    22:00:09       3    148     38     47 
 20260323    22:00:39       0    160     38     45 
 20260323    22:00:39       1    159     39     47 
 20260323    22:00:39       2    159     38     46 
 20260323    22:00:39       3    148     38     47 
 20260323    22:01:09       0    159     38     45 
 20260323    22:01:09       1    159     39     47 
 20260323    22:01:09       2    159     38     46 
 20260323    22:01:09       3    148     38     47 
 20260323    22:01:39       0    159     38     45 
 20260323    22:01:39       1    158     39     47 
 20260323    22:01:39       2    159     38     46 
 20260323    22:01:39       3    148     38     47 
 20260323    22:02:09       0    145     36     44 
 20260323    22:02:09       1    145     37     45 
 20260323    22:02:09       2    145     37     45 
 20260323    22:02:09       3    133     36     45 
 20260323    22:02:39       0    158     38     44 
 20260323    22:02:39       1    158     39     47 
 20260323    22:02:39       2    159     38     46 
 20260323    22:02:39       3    147     37     45 
 20260323    22:03:09       0    159     38     45 
 20260323    22:03:09       1    158     39     47 
 20260323    22:03:09       2    159     38     46 
 20260323    22:03:09       3    147     37     45 
 20260323    22:03:39       0    159     38     45 
 20260323    22:03:39       1    159     39     47 
 20260323    22:03:39       2    159     38     45 
 20260323    22:03:39       3    147     37     45 
#Date        Time         gpu    pwr  gtemp  mtemp 
#YYYYMMDD    HH:MM:SS     Idx      W      C      C 
 20260323    22:04:09       0    159     38     45 
 20260323    22:04:09       1    159     39     47 
 20260323    22:04:09       2    159     38     46 
 20260323    22:04:09       3    148     37     45 
 20260323    22:04:39       0    160     38     45 
 20260323    22:04:39       1    159     39     47 
 20260323    22:04:39       2    160     38     46 
 20260323    22:04:39       3    148     37     45 
 20260323    22:05:09       0    159     38     45 
 20260323    22:05:09       1    159     39     47 
 20260323    22:05:09       2    159     38     46 
 20260323    22:05:09       3    149     38     47 
 20260323    22:05:39       0    159     38     45 
 20260323    22:05:39       1    159     39     47 
 20260323    22:05:39       2    159     38     46 
 20260323    22:05:39       3    148     38     45 
 20260323    22:06:09       0    159     38     45 
 20260323    22:06:09       1    158     39     47 
 20260323    22:06:09       2    159     38     46 
 20260323    22:06:09       3    148     38     45 
 20260323    22:06:39       0    159     38     45 
 20260323    22:06:39       1    159     39     47 
 20260323    22:06:39       2    159     38     46 
 20260323    22:06:39       3    148     37     45 
 20260323    22:07:09       0    160     38     45 
 20260323    22:07:09       1    159     39     47 
 20260323    22:07:09       2    160     38     46 
 20260323    22:07:09       3    149     38     45 
 20260323    22:07:39       0    159     38     45 
 20260323    22:07:39       1    159     39     47 
 20260323    22:07:39       2    159     38     46 
 20260323    22:07:39       3    148     38     45 
 20260323    22:08:09       0    159     38     45 
 20260323    22:08:09       1    159     39     47 
 20260323    22:08:09       2    159     38     46 
 20260323    22:08:09       3    148     38     45 
 20260323    22:08:39       0    145     37     43 
 20260323    22:08:39       1    145     38     45 
 20260323    22:08:39       2    145     37     44 
 20260323    22:08:39       3    134     36     45 
 20260323    22:09:09       0    159     38     45 
 20260323    22:09:09       1    158     39     47 
 20260323    22:09:09       2    159     38     44 
 20260323    22:09:09       3    148     37     45 
#Date        Time         gpu    pwr  gtemp  mtemp 
#YYYYMMDD    HH:MM:SS     Idx      W      C      C 
 20260323    22:09:39       0    159     38     44 
 20260323    22:09:39       1    159     39     47 
 20260323    22:09:39       2    159     38     46 
 20260323    22:09:39       3    147     38     45 
 20260323    22:10:09       0    159     38     45 
 20260323    22:10:09       1    159     39     47 
 20260323    22:10:09       2    159     38     46 
 20260323    22:10:09       3    148     38     45 
 20260323    22:10:39       0    158     38     45 
 20260323    22:10:39       1    158     39     47 
 20260323    22:10:39       2    158     38     45 
 20260323    22:10:39       3    147     37     45 
 20260323    22:11:09       0    160     38     45 
 20260323    22:11:09       1    159     39     47 
 20260323    22:11:09       2    160     38     46 
 20260323    22:11:09       3    148     37     45 
 20260323    22:11:39       0    159     38     45 
 20260323    22:11:39       1    159     39     47 
 20260323    22:11:39       2    159     38     45 
 20260323    22:11:39       3    148     37     45 
 20260323    22:12:09       0    159     38     45 
 20260323    22:12:09       1    158     39     47 
 20260323    22:12:09       2    159     38     46 
 20260323    22:12:09       3    147     37     45 
 20260323    22:12:39       0    159     38     45 
 20260323    22:12:39       1    158     39     47 
 20260323    22:12:39       2    158     38     46 
 20260323    22:12:39       3    147     38     45 
 20260323    22:13:09       0    159     38     45 
 20260323    22:13:09       1    159     39     47 
 20260323    22:13:09       2    159     38     46 
 20260323    22:13:09       3    148     37     45 
 20260323    22:13:39       0    160     38     45 
 20260323    22:13:39       1    159     39     47 
 20260323    22:13:39       2    159     38     46 
 20260323    22:13:39       3    148     38     45 
 20260323    22:14:09       0    160     38     45 
 20260323    22:14:09       1    159     39     47 
 20260323    22:14:09       2    159     38     46 
 20260323    22:14:09       3    148     38     47 
 20260323    22:14:39       0    160     38     45 
 20260323    22:14:39       1    159     39     47 
 20260323    22:14:39       2    160     38     46 
 20260323    22:14:39       3    148     38     46 
#Date        Time         gpu    pwr  gtemp  mtemp 
#YYYYMMDD    HH:MM:SS     Idx      W      C      C 
 20260323    22:15:09       0    160     38     45 
 20260323    22:15:09       1    159     39     47 
 20260323    22:15:09       2    159     38     46 
 20260323    22:15:09       3    148     38     46 
 20260323    22:15:39       0    159     38     45 
 20260323    22:15:39       1    159     39     47 
 20260323    22:15:39       2    159     38     46 
 20260323    22:15:39       3    147     38     45 
 20260323    22:16:09       0    144     36     43 
 20260323    22:16:09       1    144     37     45 
 20260323    22:16:09       2    145     37     45 
 20260323    22:16:09       3    134     36     45 
 20260323    22:16:39       0    159     38     45 
 20260323    22:16:39       1    159     39     47 
 20260323    22:16:39       2    159     38     46 
 20260323    22:16:39       3    148     38     45 
 20260323    22:17:09       0    159     38     45 
 20260323    22:17:09       1    159     39     47 
 20260323    22:17:09       2    159     38     46 
 20260323    22:17:09       3    148     37     45 
 20260323    22:17:39       0    159     38     45 
 20260323    22:17:39       1    159     39     47 
 20260323    22:17:39       2    160     38     44 
 20260323    22:17:39       3    148     37     45 
 20260323    22:18:09       0    159     38     45 
 20260323    22:18:09       1    159     39     47 
 20260323    22:18:09       2    159     38     46 
 20260323    22:18:09       3    148     37     45 
 20260323    22:18:39       0    159     38     45 
 20260323    22:18:39       1    158     39     47 
 20260323    22:18:39       2    159     38     46 
 20260323    22:18:39       3    147     37     45 
 20260323    22:19:09       0    160     38     45 
 20260323    22:19:09       1    159     39     47 
 20260323    22:19:09       2    159     38     46 
 20260323    22:19:09       3    148     38     47 
 20260323    22:19:39       0    158     38     45 
 20260323    22:19:39       1    158     39     47 
 20260323    22:19:39       2    159     38     46 
 20260323    22:19:39       3    147     37     45 
 20260323    22:20:09       0    159     38     45 
 20260323    22:20:09       1    158     39     47 
 20260323    22:20:09       2    159     38     46 
 20260323    22:20:09       3    148     37     45 
#Date        Time         gpu    pwr  gtemp  mtemp 
#YYYYMMDD    HH:MM:SS     Idx      W      C      C 
 20260323    22:20:39       0    159     38     45 
 20260323    22:20:39       1    158     39     47 
 20260323    22:20:39       2    159     38     46 
 20260323    22:20:39       3    148     38     45 
 20260323    22:21:09       0    159     38     45 
 20260323    22:21:09       1    158     39     47 
 20260323    22:21:09       2    158     38     46 
 20260323    22:21:09       3    148     37     45 
 20260323    22:21:39       0    159     38     45 
 20260323    22:21:39       1    158     39     47 
 20260323    22:21:39       2    159     38     46 
 20260323    22:21:39       3    147     37     45 
 20260323    22:22:09       0    159     38     45 
 20260323    22:22:09       1    158     39     47 
 20260323    22:22:09       2    159     38     46 
 20260323    22:22:09       3    148     37     45 
 20260323    22:22:39       0    144     36     43 
 20260323    22:22:39       1    145     37     45 
 20260323    22:22:39       2    144     37     45 
 20260323    22:22:39       3    134     36     45 
 20260323    22:23:09       0    159     38     45 
 20260323    22:23:09       1    159     39     47 
 20260323    22:23:09       2    159     38     45 
 20260323    22:23:09       3    148     37     45 
 20260323    22:23:39       0    159     38     45 
 20260323    22:23:39       1    159     39     47 
 20260323    22:23:39       2    159     38     46 
 20260323    22:23:39       3    148     37     45 
 20260323    22:24:09       0    159     38     45 
 20260323    22:24:09       1    159     39     47 
 20260323    22:24:09       2    160     38     46 
 20260323    22:24:09       3    148     37     45 
 20260323    22:24:39       0    159     38     45 
 20260323    22:24:39       1    159     39     47 
 20260323    22:24:39       2    159     38     46 
 20260323    22:24:39       3    148     37     45 
 20260323    22:25:09       0    159     38     44 
 20260323    22:25:09       1    159     39     47 
 20260323    22:25:09       2    159     38     44 
 20260323    22:25:09       3    148     37     45 
 20260323    22:25:39       0    159     38     45 
 20260323    22:25:39       1    159     39     47 
 20260323    22:25:39       2    159     38     46 
 20260323    22:25:39       3    148     37     45 
#Date        Time         gpu    pwr  gtemp  mtemp 
#YYYYMMDD    HH:MM:SS     Idx      W      C      C 
 20260323    22:26:09       0    159     38     45 
 20260323    22:26:09       1    158     39     47 
 20260323    22:26:09       2    158     38     44 
 20260323    22:26:09       3    147     37     45 
 20260323    22:26:39       0    159     38     45 
 20260323    22:26:39       1    158     39     47 
 20260323    22:26:39       2    159     38     45 
 20260323    22:26:39       3    147     37     45 
 20260323    22:27:09       0    159     38     45 
 20260323    22:27:09       1    159     39     47 
 20260323    22:27:09       2    159     38     45 
 20260323    22:27:09       3    147     37     45 
 20260323    22:27:39       0    160     38     45 
 20260323    22:27:39       1    159     39     47 
 20260323    22:27:39       2    159     38     46 
 20260323    22:27:39       3    148     38     45 
 20260323    22:28:09       0    159     38     45 
 20260323    22:28:09       1    159     39     47 
 20260323    22:28:09       2    159     38     46 
 20260323    22:28:09       3    148     38     45 
 20260323    22:28:39       0    160     38     45 
 20260323    22:28:39       1    159     39     47 
 20260323    22:28:39       2    160     38     46 
 20260323    22:28:39       3    148     38     45 
 20260323    22:29:09       0    160     38     45 
 20260323    22:29:09       1    159     39     47 
 20260323    22:29:09       2    159     38     46 
 20260323    22:29:09       3    148     38     45 
 20260323    22:29:39       0    159     38     45 
 20260323    22:29:39       1    158     39     47 
 20260323    22:29:39       2    159     38     46 
 20260323    22:29:39       3    147     37     45 
 20260323    22:30:09       0    144     36     44 
 20260323    22:30:09       1    144     37     45 
 20260323    22:30:09       2    144     37     44 
 20260323    22:30:09       3    134     36     45 
 20260323    22:30:39       0    159     38     45 
 20260323    22:30:39       1    158     39     47 
 20260323    22:30:39       2    158     38     44 
 20260323    22:30:39       3    147     37     45 
 20260323    22:31:09       0    159     38     45 
 20260323    22:31:09       1    158     39     47 
 20260323    22:31:09       2    159     38     45 
 20260323    22:31:09       3    147     37     45 
#Date        Time         gpu    pwr  gtemp  mtemp 
#YYYYMMDD    HH:MM:SS     Idx      W      C      C 
 20260323    22:31:39       0    158     37     43 
 20260323    22:31:39       1    158     39     47 
 20260323    22:31:39       2    159     38     45 
 20260323    22:31:39       3    147     37     45 
 20260323    22:32:09       0    159     38     45 
 20260323    22:32:09       1    158     39     47 
 20260323    22:32:09       2    159     38     44 
 20260323    22:32:09       3    148     37     45 
 20260323    22:32:39       0    159     38     45 
 20260323    22:32:39       1    159     39     47 
 20260323    22:32:39       2    159     38     44 
 20260323    22:32:39       3    147     37     45 
 20260323    22:33:09       0    159     38     45 
 20260323    22:33:09       1    159     39     47 
 20260323    22:33:09       2    159     38     46 
 20260323    22:33:09       3    148     37     45 
 20260323    22:33:39       0    159     38     44 
 20260323    22:33:39       1    159     39     47 
 20260323    22:33:39       2    159     38     45 
 20260323    22:33:39       3    148     37     45 
 20260323    22:34:09       0    159     38     44 
 20260323    22:34:09       1    158     39     47 
 20260323    22:34:09       2    159     38     44 
 20260323    22:34:09       3    148     37     45 
 20260323    22:34:39       0    159     38     43 
 20260323    22:34:39       1    158     39     47 
 20260323    22:34:39       2    159     38     45 
 20260323    22:34:39       3    148     37     45 
 20260323    22:35:09       0    158     38     44 
 20260323    22:35:09       1    158     39     47 
 20260323    22:35:09       2    159     38     46 
 20260323    22:35:09       3    147     37     45 
 20260323    22:35:39       0    159     38     45 
 20260323    22:35:39       1    159     39     47 
 20260323    22:35:39       2    159     38     46 
 20260323    22:35:39       3    148     37     45 
 20260323    22:36:09       0    160     38     45 
 20260323    22:36:09       1    159     39     47 
 20260323    22:36:09       2    159     38     46 
 20260323    22:36:09       3    148     38     45 
 20260323    22:36:39       0    145     36     44 
 20260323    22:36:39       1    144     37     45 
 20260323    22:36:39       2    145     37     45 
 20260323    22:36:39       3    134     36     45 
#Date        Time         gpu    pwr  gtemp  mtemp 
#YYYYMMDD    HH:MM:SS     Idx      W      C      C 
 20260323    22:37:09       0    159     38     45 
 20260323    22:37:09       1    158     39     47 
 20260323    22:37:09       2    159     38     44 
 20260323    22:37:09       3    147     37     45 
 20260323    22:37:39       0    159     38     45 
 20260323    22:37:39       1    159     39     47 
 20260323    22:37:39       2    159     38     46 
 20260323    22:37:39       3    148     38     45 
 20260323    22:38:09       0    160     38     45 
 20260323    22:38:09       1    159     39     47 
 20260323    22:38:09       2    159     38     46 
 20260323    22:38:09       3    148     37     45 
 20260323    22:38:39       0    160     38     44 
 20260323    22:38:39       1    159     39     47 
 20260323    22:38:39       2    160     38     46 
 20260323    22:38:39       3    148     37     45 
 20260323    22:39:09       0    159     38     45 
 20260323    22:39:09       1    159     39     47 
 20260323    22:39:09       2    159     38     46 
 20260323    22:39:09       3    148     37     45 
 20260323    22:39:39       0    159     38     45 
 20260323    22:39:39       1    159     39     47 
 20260323    22:39:39       2    159     38     46 
 20260323    22:39:39       3    147     37     45 
 20260323    22:40:09       0    159     38     45 
 20260323    22:40:09       1    159     39     47 
 20260323    22:40:09       2    159     38     45 
 20260323    22:40:09       3    147     37     45 
 20260323    22:40:39       0    159     38     45 
 20260323    22:40:39       1    159     39     47 
 20260323    22:40:39       2    159     38     46 
 20260323    22:40:39       3    147     37     45 
 20260323    22:41:09       0    159     38     45 
 20260323    22:41:09       1    159     39     47 
 20260323    22:41:09       2    159     38     45 
 20260323    22:41:09       3    148     37     45 
 20260323    22:41:39       0    159     38     45 
 20260323    22:41:39       1    159     39     47 
 20260323    22:41:39       2    159     38     46 
 20260323    22:41:39       3    148     37     45 
 20260323    22:42:09       0    160     38     45 
 20260323    22:42:09       1    159     39     47 
 20260323    22:42:09       2    160     38     46 
 20260323    22:42:09       3    148     37     45 
#Date        Time         gpu    pwr  gtemp  mtemp 
#YYYYMMDD    HH:MM:SS     Idx      W      C      C 
 20260323    22:42:39       0    159     38     45 
 20260323    22:42:39       1    158     39     47 
 20260323    22:42:39       2    159     38     46 
 20260323    22:42:39       3    148     37     45 
 20260323    22:43:09       0    159     38     45 
 20260323    22:43:09       1    158     39     47 
 20260323    22:43:09       2    159     38     46 
 20260323    22:43:09       3    148     37     45 
 20260323    22:43:39       0    160     38     45 
 20260323    22:43:39       1    159     39     47 
 20260323    22:43:39       2    159     38     45 
 20260323    22:43:39       3    148     37     45 
 20260323    22:44:09       0    144     36     43 
 20260323    22:44:09       1    144     37     46 
 20260323    22:44:09       2    145     37     44 
 20260323    22:44:09       3    133     36     45 
 20260323    22:44:39       0    160     38     44 
 20260323    22:44:39       1    158     39     47 
 20260323    22:44:39       2    159     38     46 
 20260323    22:44:39       3    147     37     45 
 20260323    22:45:09       0    160     38     45 
 20260323    22:45:09       1    158     39     47 
 20260323    22:45:09       2    159     38     44 
 20260323    22:45:09       3    147     37     45 
 20260323    22:45:39       0    160     38     45 
 20260323    22:45:39       1    158     39     47 
 20260323    22:45:39       2    159     38     46 
 20260323    22:45:39       3    147     37     45 
 20260323    22:46:09       0    160     38     45 
 20260323    22:46:09       1    159     39     47 
 20260323    22:46:09       2    159     38     45 
 20260323    22:46:09       3    148     37     45 
 20260323    22:46:39       0    414     44     55 
 20260323    22:46:39       1    419     47     58 
 20260323    22:46:39       2    362     44     54 
 20260323    22:46:39       3    349     43     54 
 20260323    22:47:09       0    159     38     45 
 20260323    22:47:09       1    158     39     47 
 20260323    22:47:09       2    158     38     46 
 20260323    22:47:09       3    148     38     45 
 20260323    22:47:39       0    159     38     45 
 20260323    22:47:39       1    158     39     47 
 20260323    22:47:39       2    159     38     46 
 20260323    22:47:39       3    148     38     45 
#Date        Time         gpu    pwr  gtemp  mtemp 
#YYYYMMDD    HH:MM:SS     Idx      W      C      C 
 20260323    22:48:09       0    159     38     45 
 20260323    22:48:09       1    159     39     47 
 20260323    22:48:09       2    159     38     46 
 20260323    22:48:09       3    148     37     45 
 20260323    22:48:39       0    158     38     45 
 20260323    22:48:39       1    158     39     47 
 20260323    22:48:39       2    158     38     45 
 20260323    22:48:39       3    147     37     45 
 20260323    22:49:09       0    159     38     45 
 20260323    22:49:09       1    158     39     47 
 20260323    22:49:09       2    159     38     46 
 20260323    22:49:09       3    148     38     45 
 20260323    22:49:39       0    159     38     45 
 20260323    22:49:39       1    159     39     47 
 20260323    22:49:39       2    159     38     46 
 20260323    22:49:39       3    148     38     45 
 20260323    22:50:10       0    159     38     45 
 20260323    22:50:10       1    159     39     47 
 20260323    22:50:10       2    160     38     46 
 20260323    22:50:10       3    148     37     45 
 20260323    22:50:40       0    144     36     44 
 20260323    22:50:40       1    144     37     45 
 20260323    22:50:40       2    144     37     44 
 20260323    22:50:40       3    134     36     45 
 20260323    22:51:10       0    159     38     44 
 20260323    22:51:10       1    158     39     47 
 20260323    22:51:10       2    159     38     44 
 20260323    22:51:10       3    147     37     45 
 20260323    22:51:40       0    159     37     44 
 20260323    22:51:40       1    159     39     47 
 20260323    22:51:40       2    159     38     45 
 20260323    22:51:40       3    147     37     45 
 20260323    22:52:10       0    159     38     44 
 20260323    22:52:10       1    159     39     47 
 20260323    22:52:10       2    159     38     46 
 20260323    22:52:10       3    148     37     45 
 20260323    22:52:40       0    159     38     43 
 20260323    22:52:40       1    159     39     47 
 20260323    22:52:40       2    159     38     45 
 20260323    22:52:40       3    147     37     45 
 20260323    22:53:10       0    159     38     44 
 20260323    22:53:10       1    159     39     47 
 20260323    22:53:10       2    159     38     44 
 20260323    22:53:10       3    148     37     45 
#Date        Time         gpu    pwr  gtemp  mtemp 
#YYYYMMDD    HH:MM:SS     Idx      W      C      C 
 20260323    22:53:40       0    159     38     45 
 20260323    22:53:40       1    159     39     47 
 20260323    22:53:40       2    159     38     45 
 20260323    22:53:40       3    148     37     45 
 20260323    22:54:10       0    158     38     45 
 20260323    22:54:10       1    159     39     47 
 20260323    22:54:10       2    159     38     46 
 20260323    22:54:10       3    147     37     45 
 20260323    22:54:40       0    159     37     45 
 20260323    22:54:40       1    159     39     47 
 20260323    22:54:40       2    159     38     45 
 20260323    22:54:40       3    147     37     45 
 20260323    22:55:10       0    158     37     44 
 20260323    22:55:10       1    158     38     47 
 20260323    22:55:10       2    158     38     45 
 20260323    22:55:10       3    147     37     45 
 20260323    22:55:40       0    159     38     45 
 20260323    22:55:40       1    159     39     47 
 20260323    22:55:40       2    159     38     46 
 20260323    22:55:40       3    148     37     45 
 20260323    22:56:10       0    159     38     45 
 20260323    22:56:10       1    159     39     47 
 20260323    22:56:10       2    159     38     45 
 20260323    22:56:10       3    148     37     45 
 20260323    22:56:40       0    159     38     45 
 20260323    22:56:40       1    159     39     47 
 20260323    22:56:40       2    159     38     46 
 20260323    22:56:40       3    147     37     45 
 20260323    22:57:10       0    159     38     45 
 20260323    22:57:10       1    159     39     47 
 20260323    22:57:10       2    159     38     46 
 20260323    22:57:10       3    148     37     45 
 20260323    22:57:40       0    194     39     47 
 20260323    22:57:40       1    186     42     53 
 20260323    22:57:40       2    178     40     52 
 20260323    22:57:40       3    173     41     55 
 20260323    22:58:10       0    144     36     43 
 20260323    22:58:10       1    144     37     46 
 20260323    22:58:10       2    145     37     45 
 20260323    22:58:10       3    134     36     45 
 20260323    22:58:40       0    158     37     45 
 20260323    22:58:40       1    158     39     47 
 20260323    22:58:40       2    158     38     46 
 20260323    22:58:40       3    147     37     45 
#Date        Time         gpu    pwr  gtemp  mtemp 
#YYYYMMDD    HH:MM:SS     Idx      W      C      C 
 20260323    22:59:10       0    160     38     45 
 20260323    22:59:10       1    159     39     47 
 20260323    22:59:10       2    159     38     46 
 20260323    22:59:10       3    147     37     45 
 20260323    22:59:40       0    159     38     45 
 20260323    22:59:40       1    159     39     47 
 20260323    22:59:40       2    159     38     46 
 20260323    22:59:40       3    147     37     45 
 20260323    23:00:10       0    159     38     45 
 20260323    23:00:10       1    158     39     47 
 20260323    23:00:10       2    158     38     46 
 20260323    23:00:10       3    147     37     45 
 20260323    23:00:40       0    160     39     46 
 20260323    23:00:40       1    160     40     49 
 20260323    23:00:40       2    160     39     46 
 20260323    23:00:40       3    149     39     47 
 20260323    23:01:10       0    159     38     45 
 20260323    23:01:10       1    159     39     47 
 20260323    23:01:10       2    159     38     46 
 20260323    23:01:10       3    148     37     46 
 20260323    23:01:40       0    159     38     45 
 20260323    23:01:40       1    160     39     47 
 20260323    23:01:40       2    159     38     46 
 20260323    23:01:40       3    148     37     45 
 20260323    23:02:10       0    159     38     45 
 20260323    23:02:10       1    159     39     47 
 20260323    23:02:10       2    159     38     46 
 20260323    23:02:10       3    147     37     45 
 20260323    23:02:40       0    159     38     45 
 20260323    23:02:40       1    159     39     47 
 20260323    23:02:40       2    159     38     46 
 20260323    23:02:40       3    148     37     45 
 20260323    23:03:10       0    160     38     45 
 20260323    23:03:10       1    159     39     47 
 20260323    23:03:10       2    159     38     46 
 20260323    23:03:10       3    148     37     45 
 20260323    23:03:40       0    159     38     45 
 20260323    23:03:40       1    159     38     47 
 20260323    23:03:40       2    159     38     46 
 20260323    23:03:40       3    148     37     45 
 20260323    23:04:10       0    144     36     43 
 20260323    23:04:10       1    144     37     45 
 20260323    23:04:10       2    145     37     44 
 20260323    23:04:10       3    134     36     45 
#Date        Time         gpu    pwr  gtemp  mtemp 
#YYYYMMDD    HH:MM:SS     Idx      W      C      C 
 20260323    23:04:40       0    158     38     44 
 20260323    23:04:40       1    158     39     46 
 20260323    23:04:40       2    159     38     45 
 20260323    23:04:40       3    147     37     45 
 20260323    23:05:10       0    159     38     45 
 20260323    23:05:10       1    159     39     47 
 20260323    23:05:10       2    159     38     46 
 20260323    23:05:10       3    148     37     45 
 20260323    23:05:40       0    159     38     45 
 20260323    23:05:40       1    159     39     47 
 20260323    23:05:40       2    159     38     46 
 20260323    23:05:40       3    147     37     45 
 20260323    23:06:10       0    159     38     45 
 20260323    23:06:10       1    159     39     47 
 20260323    23:06:10       2    159     38     46 
 20260323    23:06:10       3    147     37     45 
 20260323    23:06:40       0    159     38     45 
 20260323    23:06:40       1    159     39     47 
 20260323    23:06:40       2    159     38     46 
 20260323    23:06:40       3    148     38     45 
 20260323    23:07:10       0    159     38     45 
 20260323    23:07:10       1    159     39     47 
 20260323    23:07:10       2    159     38     46 
 20260323    23:07:10       3    148     38     45 
 20260323    23:07:40       0    159     38     45 
 20260323    23:07:40       1    159     39     47 
 20260323    23:07:40       2    159     38     45 
 20260323    23:07:40       3    148     37     45 
 20260323    23:08:10       0    159     38     44 
 20260323    23:08:10       1    159     39     47 
 20260323    23:08:10       2    159     38     44 
 20260323    23:08:10       3    148     37     45 
 20260323    23:08:40       0    158     38     45 
 20260323    23:08:40       1    158     39     47 
 20260323    23:08:40       2    158     38     44 
 20260323    23:08:40       3    147     37     45 
 20260323    23:09:10       0    159     38     45 
 20260323    23:09:10       1    159     39     47 
 20260323    23:09:10       2    159     38     46 
 20260323    23:09:10       3    147     37     45 
 20260323    23:09:40       0    159     38     45 
 20260323    23:09:40       1    159     39     47 
 20260323    23:09:40       2    159     38     45 
 20260323    23:09:40       3    148     37     45 
#Date        Time         gpu    pwr  gtemp  mtemp 
#YYYYMMDD    HH:MM:SS     Idx      W      C      C 
 20260323    23:10:10       0    160     38     45 
 20260323    23:10:10       1    159     39     47 
 20260323    23:10:10       2    160     38     46 
 20260323    23:10:10       3    148     38     45 
 20260323    23:10:40       0    158     38     45 
 20260323    23:10:40       1    158     39     47 
 20260323    23:10:40       2    159     38     46 
 20260323    23:10:40       3    148     37     45 
 20260323    23:11:10       0    159     38     45 
 20260323    23:11:10       1    159     39     47 
 20260323    23:11:10       2    159     38     46 
 20260323    23:11:10       3    147     37     45 
 20260323    23:11:40       0    145     36     44 
 20260323    23:11:40       1    145     37     45 
 20260323    23:11:40       2    145     37     45 
 20260323    23:11:40       3    133     36     45 
 20260323    23:12:10       0    159     38     45 
 20260323    23:12:10       1    160     39     47 
 20260323    23:12:10       2    159     38     45 
 20260323    23:12:10       3    148     37     45 
 20260323    23:12:40       0    159     38     45 
 20260323    23:12:40       1    159     39     47 
 20260323    23:12:40       2    159     38     46 
 20260323    23:12:40       3    147     37     45 
 20260323    23:13:10       0    160     38     45 
 20260323    23:13:10       1    160     39     47 
 20260323    23:13:10       2    160     38     46 
 20260323    23:13:10       3    148     37     45 
 20260323    23:13:40       0    159     38     45 
 20260323    23:13:40       1    160     39     47 
 20260323    23:13:40       2    159     38     46 
 20260323    23:13:40       3    148     37     45 
 20260323    23:14:10       0    159     38     45 
 20260323    23:14:10       1    160     39     47 
 20260323    23:14:10       2    159     38     46 
 20260323    23:14:10       3    147     37     45 
 20260323    23:14:40       0    159     38     45 
 20260323    23:14:40       1    159     39     47 
 20260323    23:14:40       2    159     38     46 
 20260323    23:14:40       3    148     38     47 
 20260323    23:15:10       0    159     38     45 
 20260323    23:15:10       1    159     39     47 
 20260323    23:15:10       2    159     38     46 
 20260323    23:15:10       3    148     37     45 
#Date        Time         gpu    pwr  gtemp  mtemp 
#YYYYMMDD    HH:MM:SS     Idx      W      C      C 
 20260323    23:15:40       0    159     38     45 
 20260323    23:15:40       1    158     39     47 
 20260323    23:15:40       2    159     38     46 
 20260323    23:15:40       3    148     37     45 
 20260323    23:16:10       0    158     38     45 
 20260323    23:16:10       1    158     39     47 
 20260323    23:16:10       2    159     38     46 
 20260323    23:16:10       3    148     37     45 
 20260323    23:16:40       0    159     38     45 
 20260323    23:16:40       1    159     38     47 
 20260323    23:16:40       2    159     38     46 
 20260323    23:16:40       3    148     37     45 
 20260323    23:17:10       0    160     38     44 
 20260323    23:17:10       1    159     39     47 
 20260323    23:17:10       2    159     38     45 
 20260323    23:17:10       3    148     37     45 
 20260323    23:17:40       0    159     38     45 
 20260323    23:17:40       1    159     39     47 
 20260323    23:17:40       2    159     38     45 
 20260323    23:17:40       3    148     37     45 
 20260323    23:18:10       0    144     36     44 
 20260323    23:18:10       1    144     37     45 
 20260323    23:18:10       2    145     37     45 
 20260323    23:18:10       3    134     36     45 
 20260323    23:18:40       0    159     38     43 
 20260323    23:18:40       1    159     39     47 
 20260323    23:18:40       2    159     38     45 
 20260323    23:18:40       3    148     37     45 
 20260323    23:19:10       0    159     38     45 
 20260323    23:19:10       1    159     39     47 
 20260323    23:19:10       2    159     38     44 
 20260323    23:19:10       3    148     37     45 
 20260323    23:19:40       0    159     38     44 
 20260323    23:19:40       1    159     38     47 
 20260323    23:19:40       2    159     38     46 
 20260323    23:19:40       3    148     37     45 
 20260323    23:20:10       0    159     38     45 
 20260323    23:20:10       1    158     39     47 
 20260323    23:20:10       2    159     38     45 
 20260323    23:20:10       3    147     37     45 
 20260323    23:20:40       0    159     38     45 
 20260323    23:20:40       1    159     39     47 
 20260323    23:20:40       2    159     38     46 
 20260323    23:20:40       3    148     37     45 
#Date        Time         gpu    pwr  gtemp  mtemp 
#YYYYMMDD    HH:MM:SS     Idx      W      C      C 
 20260323    23:21:10       0    158     38     44 
 20260323    23:21:10       1    158     39     47 
 20260323    23:21:10       2    158     38     46 
 20260323    23:21:10       3    147     37     45 
 20260323    23:21:40       0    159     38     45 
 20260323    23:21:40       1    159     39     47 
 20260323    23:21:40       2    159     38     46 
 20260323    23:21:40       3    147     37     45 
 20260323    23:22:10       0    159     38     45 
 20260323    23:22:10       1    159     39     47 
 20260323    23:22:10       2    159     38     46 
 20260323    23:22:10       3    148     37     45 
 20260323    23:22:40       0    158     38     45 
 20260323    23:22:40       1    158     39     47 
 20260323    23:22:40       2    159     38     45 
 20260323    23:22:40       3    147     37     45 
 20260323    23:23:10       0    160     38     45 
 20260323    23:23:10       1    160     39     47 
 20260323    23:23:10       2    160     38     46 
 20260323    23:23:10       3    149     38     47 
 20260323    23:23:40       0    160     38     45 
 20260323    23:23:40       1    159     39     47 
 20260323    23:23:40       2    159     38     46 
 20260323    23:23:40       3    148     38     47 
 20260323    23:24:10       0    160     38     45 
 20260323    23:24:10       1    160     39     47 
 20260323    23:24:10       2    160     38     46 
 20260323    23:24:10       3    149     38     47 
 20260323    23:24:40       0    160     38     45 
 20260323    23:24:40       1    160     39     48 
 20260323    23:24:40       2    160     38     46 
 20260323    23:24:40       3    149     38     47 
 20260323    23:25:10       0    159     38     45 
 20260323    23:25:10       1    159     39     47 
 20260323    23:25:10       2    159     38     46 
 20260323    23:25:10       3    148     38     47 
 20260323    23:25:40       0    144     36     44 
 20260323    23:25:40       1    145     37     45 
 20260323    23:25:40       2    145     37     44 
 20260323    23:25:40       3    133     36     45 
 20260323    23:26:10       0    158     38     45 
 20260323    23:26:10       1    159     39     47 
 20260323    23:26:10       2    159     38     46 
 20260323    23:26:10       3    148     37     45 
#Date        Time         gpu    pwr  gtemp  mtemp 
#YYYYMMDD    HH:MM:SS     Idx      W      C      C 
 20260323    23:26:40       0    159     38     45 
 20260323    23:26:40       1    159     39     47 
 20260323    23:26:40       2    159     38     45 
 20260323    23:26:40       3    148     37     45 
 20260323    23:27:10       0    158     38     45 
 20260323    23:27:10       1    159     39     47 
 20260323    23:27:10       2    159     38     46 
 20260323    23:27:10       3    148     38     45 
 20260323    23:27:40       0    160     38     45 
 20260323    23:27:40       1    159     39     47 
 20260323    23:27:40       2    160     38     46 
 20260323    23:27:40       3    149     38     45 
 20260323    23:28:10       0    160     38     45 
 20260323    23:28:10       1    159     39     47 
 20260323    23:28:10       2    159     38     45 
 20260323    23:28:10       3    148     38     45 
 20260323    23:28:40       0    159     38     45 
 20260323    23:28:40       1    159     39     47 
 20260323    23:28:40       2    160     38     46 
 20260323    23:28:40       3    149     38     47 
 20260323    23:29:10       0    159     38     45 
 20260323    23:29:10       1    159     39     47 
 20260323    23:29:10       2    160     38     46 
 20260323    23:29:10       3    148     38     45 
 20260323    23:29:40       0    158     38     45 
 20260323    23:29:40       1    158     39     47 
 20260323    23:29:40       2    159     38     46 
 20260323    23:29:40       3    148     38     46 
 20260323    23:30:10       0    159     38     45 
 20260323    23:30:10       1    159     39     47 
 20260323    23:30:10       2    159     38     46 
 20260323    23:30:10       3    148     38     45 
 20260323    23:30:40       0    159     38     45 
 20260323    23:30:40       1    159     39     47 
 20260323    23:30:40       2    159     38     46 
 20260323    23:30:40       3    148     37     45 
 20260323    23:31:10       0    160     38     45 
 20260323    23:31:10       1    159     39     47 
 20260323    23:31:10       2    159     38     45 
 20260323    23:31:10       3    148     37     45 
 20260323    23:31:40       0    159     38     45 
 20260323    23:31:40       1    159     39     47 
 20260323    23:31:40       2    159     38     46 
 20260323    23:31:40       3    148     37     45 
#Date        Time         gpu    pwr  gtemp  mtemp 
#YYYYMMDD    HH:MM:SS     Idx      W      C      C 
 20260323    23:32:10       0    144     36     43 
 20260323    23:32:10       1    144     37     45 
 20260323    23:32:10       2    144     37     44 
 20260323    23:32:10       3    134     36     45 
 20260323    23:32:40       0    159     38     45 
 20260323    23:32:40       1    159     39     47 
 20260323    23:32:40       2    159     38     45 
 20260323    23:32:40       3    148     38     45 
 20260323    23:33:10       0    160     38     45 
 20260323    23:33:10       1    159     39     47 
 20260323    23:33:10       2    159     38     46 
 20260323    23:33:10       3    148     38     45 
 20260323    23:33:40       0    160     38     45 
 20260323    23:33:40       1    159     39     47 
 20260323    23:33:40       2    159     38     46 
 20260323    23:33:40       3    148     38     45 
 20260323    23:34:10       0    160     38     45 
 20260323    23:34:10       1    159     39     47 
 20260323    23:34:10       2    159     38     46 
 20260323    23:34:10       3    148     38     45 
 20260323    23:34:40       0    158     38     45 
 20260323    23:34:40       1    158     39     47 
 20260323    23:34:40       2    158     38     46 
 20260323    23:34:40       3    147     37     45 
 20260323    23:35:10       0    160     38     45 
 20260323    23:35:10       1    159     39     47 
 20260323    23:35:10       2    159     38     46 
 20260323    23:35:10       3    148     37     45 
 20260323    23:35:40       0    158     38     45 
 20260323    23:35:40       1    158     39     47 
 20260323    23:35:40       2    158     38     45 
 20260323    23:35:40       3    147     37     45 
 20260323    23:36:10       0    159     38     45 
 20260323    23:36:10       1    158     39     47 
 20260323    23:36:10       2    159     38     45 
 20260323    23:36:10       3    148     37     45 
 20260323    23:36:40       0    159     38     45 
 20260323    23:36:40       1    158     39     47 
 20260323    23:36:40       2    158     38     46 
 20260323    23:36:40       3    147     37     45 
 20260323    23:37:10       0    159     38     45 
 20260323    23:37:10       1    159     39     47 
 20260323    23:37:10       2    159     38     46 
 20260323    23:37:10       3    148     38     45 
#Date        Time         gpu    pwr  gtemp  mtemp 
#YYYYMMDD    HH:MM:SS     Idx      W      C      C 
 20260323    23:37:40       0    159     38     45 
 20260323    23:37:40       1    158     39     47 
 20260323    23:37:40       2    159     38     46 
 20260323    23:37:40       3    147     37     45 
 20260323    23:38:10       0    159     38     45 
 20260323    23:38:10       1    159     39     47 
 20260323    23:38:10       2    159     38     46 
 20260323    23:38:10       3    148     38     45 
 20260323    23:38:40       0    159     38     45 
 20260323    23:38:40       1    159     39     47 
 20260323    23:38:40       2    159     38     46 
 20260323    23:38:40       3    148     38     45 
 20260323    23:39:10       0    159     38     45 
 20260323    23:39:10       1    159     39     47 
 20260323    23:39:10       2    159     38     46 
 20260323    23:39:10       3    147     38     46 
 20260323    23:39:40       0    144     36     43 
 20260323    23:39:40       1    145     37     45 
 20260323    23:39:40       2    144     37     45 
 20260323    23:39:40       3    134     36     45 
 20260323    23:40:10       0    159     38     45 
 20260323    23:40:10       1    160     39     47 
 20260323    23:40:10       2    159     38     46 
 20260323    23:40:10       3    148     38     45 
 20260323    23:40:40       0    158     38     45 
 20260323    23:40:40       1    159     39     47 
 20260323    23:40:40       2    159     38     46 
 20260323    23:40:40       3    147     38     45 
 20260323    23:41:10       0    159     38     45 
 20260323    23:41:10       1    159     39     47 
 20260323    23:41:10       2    159     38     46 
 20260323    23:41:10       3    148     38     45 
 20260323    23:41:40       0    159     38     45 
 20260323    23:41:40       1    159     39     47 
 20260323    23:41:40       2    159     38     46 
 20260323    23:41:40       3    148     38     45 
 20260323    23:42:10       0    159     37     45 
 20260323    23:42:10       1    159     39     47 
 20260323    23:42:10       2    159     38     46 
 20260323    23:42:10       3    148     37     45 
 20260323    23:42:40       0    176     39     47 
 20260323    23:42:40       1    355     46     55 
 20260323    23:42:40       2    351     45     54 
 20260323    23:42:40       3    335     44     55 
#Date        Time         gpu    pwr  gtemp  mtemp 
#YYYYMMDD    HH:MM:SS     Idx      W      C      C 
 20260323    23:43:10       0    160     38     45 
 20260323    23:43:10       1    159     39     47 
 20260323    23:43:10       2    159     38     46 
 20260323    23:43:10       3    148     38     47 
 20260323    23:43:40       0    160     38     45 
 20260323    23:43:40       1    159     39     47 
 20260323    23:43:40       2    159     38     46 
 20260323    23:43:40       3    148     38     47 
 20260323    23:44:10       0    160     38     45 
 20260323    23:44:10       1    159     39     47 
 20260323    23:44:10       2    159     38     46 
 20260323    23:44:10       3    148     38     45 
 20260323    23:44:40       0    160     38     45 
 20260323    23:44:40       1    159     39     47 
 20260323    23:44:40       2    159     38     46 
 20260323    23:44:40       3    148     37     45 
 20260323    23:45:10       0    160     38     45 
 20260323    23:45:10       1    159     39     47 
 20260323    23:45:10       2    159     38     45 
 20260323    23:45:10       3    148     37     45 
 20260323    23:45:40       0    160     38     45 
 20260323    23:45:40       1    159     39     47 
 20260323    23:45:40       2    159     38     46 
 20260323    23:45:40       3    148     37     45 
 20260323    23:46:10       0    160     38     45 
 20260323    23:46:10       1    158     39     47 
 20260323    23:46:10       2    159     38     46 
 20260323    23:46:10       3    148     37     45 
 20260323    23:46:40       0    144     36     44 
 20260323    23:46:40       1    144     37     45 
 20260323    23:46:40       2    145     37     45 
 20260323    23:46:40       3    134     36     45 
 20260323    23:47:10       0    158     38     44 
 20260323    23:47:10       1    158     39     47 
 20260323    23:47:10       2    159     38     45 
 20260323    23:47:10       3    148     37     45 
 20260323    23:47:40       0    159     38     45 
 20260323    23:47:40       1    158     39     47 
 20260323    23:47:40       2    159     38     46 
 20260323    23:47:40       3    148     38     45 
 20260323    23:48:10       0    158     38     45 
 20260323    23:48:10       1    158     39     47 
 20260323    23:48:10       2    159     38     46 
 20260323    23:48:10       3    148     38     45 
#Date        Time         gpu    pwr  gtemp  mtemp 
#YYYYMMDD    HH:MM:SS     Idx      W      C      C 
 20260323    23:48:40       0    159     38     45 
 20260323    23:48:40       1    159     39     47 
 20260323    23:48:40       2    160     38     46 
 20260323    23:48:40       3    149     38     47 
 20260323    23:49:10       0    159     38     45 
 20260323    23:49:10       1    159     39     47 
 20260323    23:49:10       2    159     38     46 
 20260323    23:49:10       3    148     38     46 
 20260323    23:49:40       0    159     38     45 
 20260323    23:49:40       1    158     39     47 
 20260323    23:49:40       2    159     38     46 
 20260323    23:49:40       3    148     38     45 
 20260323    23:50:10       0    158     38     45 
 20260323    23:50:10       1    158     39     47 
 20260323    23:50:10       2    159     38     45 
 20260323    23:50:10       3    148     38     45 
 20260323    23:50:40       0    158     38     45 
 20260323    23:50:40       1    158     39     47 
 20260323    23:50:40       2    158     38     46 
 20260323    23:50:40       3    147     38     45 
 20260323    23:51:10       0    159     38     45 
 20260323    23:51:10       1    159     39     47 
 20260323    23:51:10       2    159     38     46 
 20260323    23:51:10       3    148     38     45 
 20260323    23:51:40       0    158     38     45 
 20260323    23:51:40       1    158     40     51 
 20260323    23:51:40       2    159     38     46 
 20260323    23:51:40       3    147     37     45 
 20260323    23:52:10       0    282     44     56 
 20260323    23:52:10       1    275     44     56 
 20260323    23:52:10       2    273     44     55 
 20260323    23:52:10       3    271     43     56 
 20260323    23:52:40       0    226     42     53 
 20260323    23:52:40       1    234     43     55 
 20260323    23:52:40       2    257     42     54 
 20260323    23:52:40       3    220     42     55 
 20260323    23:53:10       0    324     44     55 
 20260323    23:53:10       1    321     45     57 
 20260323    23:53:10       2    322     44     56 
 20260323    23:53:10       3    295     44     55 
 20260323    23:53:40       0    180     38     45 
 20260323    23:53:40       1    177     39     47 
 20260323    23:53:40       2    174     38     46 
 20260323    23:53:40       3    176     38     45 
#Date        Time         gpu    pwr  gtemp  mtemp 
#YYYYMMDD    HH:MM:SS     Idx      W      C      C 
 20260323    23:54:10       0    144     37     44 
 20260323    23:54:10       1    144     37     45 
 20260323    23:54:10       2    145     37     44 
 20260323    23:54:10       3    134     36     45 
 20260323    23:54:40       0    159     38     45 
 20260323    23:54:40       1    158     39     47 
 20260323    23:54:40       2    159     38     46 
 20260323    23:54:40       3    148     38     45 
 20260323    23:55:10       0    158     38     45 
 20260323    23:55:10       1    158     39     47 
 20260323    23:55:10       2    158     38     46 
 20260323    23:55:10       3    147     38     45 
 20260323    23:55:40       0    159     38     45 
 20260323    23:55:40       1    158     39     47 
 20260323    23:55:40       2    159     38     46 
 20260323    23:55:40       3    147     37     45 
 20260323    23:56:10       0    159     38     45 
 20260323    23:56:10       1    159     39     47 
 20260323    23:56:10       2    159     38     45 
 20260323    23:56:10       3    148     37     45 
 20260323    23:56:40       0    159     38     45 
 20260323    23:56:40       1    159     39     47 
 20260323    23:56:40       2    160     38     46 
 20260323    23:56:40       3    148     37     45 
 20260323    23:57:10       0    351     44     55 
 20260323    23:57:10       1    348     46     56 
 20260323    23:57:10       2    351     45     56 
 20260323    23:57:10       3    387     46     57 
 20260323    23:57:40       0    151     37     45 
 20260323    23:57:40       1    173     39     47 
 20260323    23:57:40       2    145     37     46 
 20260323    23:57:40       3    134     37     45 
 20260323    23:58:10       0    159     38     45 
 20260323    23:58:10       1    159     39     47 
 20260323    23:58:10       2    159     38     46 
 20260323    23:58:10       3    148     38     47 
 20260323    23:58:40       0    159     38     45 
 20260323    23:58:40       1    158     39     47 
 20260323    23:58:40       2    159     38     46 
 20260323    23:58:40       3    148     38     46 
 20260323    23:59:10       0    159     38     45 
 20260323    23:59:10       1    158     39     47 
 20260323    23:59:10       2    159     38     46 
 20260323    23:59:10       3    148     38     45 
#Date        Time         gpu    pwr  gtemp  mtemp 
#YYYYMMDD    HH:MM:SS     Idx      W      C      C 
 20260323    23:59:40       0    159     38     45 
 20260323    23:59:40       1    158     39     47 
 20260323    23:59:40       2    159     38     46 
 20260323    23:59:40       3    148     37     45 
 20260324    00:00:10       0    159     38     45 
 20260324    00:00:10       1    158     39     47 
 20260324    00:00:10       2    159     38     45 
 20260324    00:00:10       3    148     38     45 
 20260324    00:00:40       0    159     38     45 
 20260324    00:00:40       1    158     39     47 
 20260324    00:00:40       2    159     38     46 
 20260324    00:00:40       3    148     38     46 
 20260324    00:01:10       0    144     37     43 
 20260324    00:01:10       1    145     38     45 
 20260324    00:01:10       2    145     37     44 
 20260324    00:01:10       3    134     36     45 
 20260324    00:01:40       0    158     38     44 
 20260324    00:01:40       1    158     39     47 
 20260324    00:01:40       2    159     38     44 
 20260324    00:01:40       3    147     37     45 
 20260324    00:02:10       0    159     38     45 
 20260324    00:02:10       1    159     39     47 
 20260324    00:02:10       2    159     38     46 
 20260324    00:02:10       3    148     38     45 
 20260324    00:02:40       0    159     38     45 
 20260324    00:02:40       1    159     39     47 
 20260324    00:02:40       2    159     38     46 
 20260324    00:02:40       3    148     38     45 
 20260324    00:03:10       0    159     38     45 
 20260324    00:03:10       1    158     39     47 
 20260324    00:03:10       2    159     38     46 
 20260324    00:03:10       3    148     38     45 
 20260324    00:03:40       0    159     38     45 
 20260324    00:03:40       1    158     39     47 
 20260324    00:03:40       2    158     38     46 
 20260324    00:03:40       3    147     38     45 
 20260324    00:04:10       0    144     37     45 
 20260324    00:04:10       1    144     38     45 
 20260324    00:04:10       2    145     37     44 
 20260324    00:04:10       3    134     36     45 
 20260324    00:04:40       0    436     47     56 
 20260324    00:04:40       1    429     49     57 
 20260324    00:04:40       2    420     47     54 
 20260324    00:04:40       3    413     46     56 
#Date        Time         gpu    pwr  gtemp  mtemp 
#YYYYMMDD    HH:MM:SS     Idx      W      C      C 
 20260324    00:05:10       0    145     37     45 
 20260324    00:05:10       1    145     38     47 
 20260324    00:05:10       2    145     37     46 
 20260324    00:05:10       3    135     37     45 
