#Date        Time         gpu    pwr  gtemp  mtemp 
#YYYYMMDD    HH:MM:SS     Idx      W      C      C 
 20260321    07:52:44       0     78     33     41 
 20260321    07:52:44       1     92     36     43 
 20260321    07:52:44       2    103     34     42 
 20260321    07:52:44       3    101     33     40 
 20260321    07:53:14       0    124     35     41 
 20260321    07:53:14       1    143     38     44 
 20260321    07:53:14       2    153     36     44 
 20260321    07:53:14       3    147     35     40 
 20260321    07:53:44       0    125     35     41 
 20260321    07:53:44       1    143     39     45 
 20260321    07:53:44       2    153     36     44 
 20260321    07:53:44       3    147     35     40 
 20260321    07:54:14       0    124     35     41 
 20260321    07:54:14       1    143     39     44 
 20260321    07:54:14       2    153     36     44 
 20260321    07:54:14       3    147     35     40 
 20260321    07:54:44       0    124     35     41 
 20260321    07:54:44       1    143     39     44 
 20260321    07:54:44       2    153     36     44 
 20260321    07:54:44       3    147     35     40 
 20260321    07:55:14       0    124     35     41 
 20260321    07:55:14       1    143     39     44 
 20260321    07:55:14       2    153     36     44 
 20260321    07:55:14       3    147     35     40 
 20260321    07:55:44       0    124     35     41 
 20260321    07:55:44       1    143     38     44 
 20260321    07:55:44       2    153     36     44 
 20260321    07:55:44       3    147     35     40 
 20260321    07:56:14       0    124     35     41 
 20260321    07:56:14       1    143     39     44 
 20260321    07:56:14       2    153     36     44 
 20260321    07:56:14       3    147     35     40 
 20260321    07:56:44       0    124     35     41 
 20260321    07:56:44       1    143     39     44 
 20260321    07:56:44       2    153     36     44 
 20260321    07:56:44       3    146     35     40 
 20260321    07:57:14       0    124     35     41 
 20260321    07:57:14       1    143     39     44 
 20260321    07:57:14       2    153     36     44 
 20260321    07:57:14       3    147     35     40 
 20260321    07:57:44       0    124     35     41 
 20260321    07:57:44       1    143     38     44 
 20260321    07:57:44       2    153     36     44 
 20260321    07:57:44       3    147     35     40 
#Date        Time         gpu    pwr  gtemp  mtemp 
#YYYYMMDD    HH:MM:SS     Idx      W      C      C 
 20260321    07:58:14       0    124     35     41 
 20260321    07:58:14       1    143     38     45 
 20260321    07:58:14       2    153     36     44 
 20260321    07:58:14       3    147     35     40 
 20260321    07:58:44       0    124     35     41 
 20260321    07:58:44       1    143     38     44 
 20260321    07:58:44       2    153     36     44 
 20260321    07:58:44       3    147     35     40 
 20260321    07:59:14       0    124     35     41 
 20260321    07:59:14       1    143     38     45 
 20260321    07:59:14       2    153     36     44 
 20260321    07:59:14       3    147     35     41 
 20260321    07:59:45       0    124     35     41 
 20260321    07:59:45       1    143     38     44 
 20260321    07:59:45       2    152     36     44 
 20260321    07:59:45       3    146     35     40 
 20260321    08:00:15       0    124     35     41 
 20260321    08:00:15       1    143     38     45 
 20260321    08:00:15       2    152     36     44 
 20260321    08:00:15       3    146     35     40 
 20260321    08:00:45       0    124     35     41 
 20260321    08:00:45       1    143     38     45 
 20260321    08:00:45       2    152     36     44 
 20260321    08:00:45       3    146     35     40 
 20260321    08:01:15       0    124     35     41 
 20260321    08:01:15       1    143     38     44 
 20260321    08:01:15       2    153     36     44 
 20260321    08:01:15       3    146     35     40 
 20260321    08:01:45       0    124     35     41 
 20260321    08:01:45       1    143     38     45 
 20260321    08:01:45       2    152     36     44 
 20260321    08:01:45       3    147     35     40 
 20260321    08:02:15       0    124     35     41 
 20260321    08:02:15       1    143     38     45 
 20260321    08:02:15       2    153     36     44 
 20260321    08:02:15       3    146     35     40 
 20260321    08:02:45       0    124     35     41 
 20260321    08:02:45       1    143     38     44 
 20260321    08:02:45       2    153     36     44 
 20260321    08:02:45       3    146     35     41 
 20260321    08:03:15       0    124     35     41 
 20260321    08:03:15       1    143     38     44 
 20260321    08:03:15       2    153     36     44 
 20260321    08:03:15       3    146     35     40 
#Date        Time         gpu    pwr  gtemp  mtemp 
#YYYYMMDD    HH:MM:SS     Idx      W      C      C 
 20260321    08:03:45       0    124     35     41 
 20260321    08:03:45       1    143     39     44 
 20260321    08:03:45       2    153     36     44 
 20260321    08:03:45       3    147     35     40 
 20260321    08:04:15       0    124     35     41 
 20260321    08:04:15       1    143     38     44 
 20260321    08:04:15       2    153     36     44 
 20260321    08:04:15       3    147     35     40 
 20260321    08:04:45       0    124     35     41 
 20260321    08:04:45       1    143     38     45 
 20260321    08:04:45       2    153     36     44 
 20260321    08:04:45       3    146     35     41 
 20260321    08:05:15       0    124     35     41 
 20260321    08:05:15       1    143     38     44 
 20260321    08:05:15       2    153     36     44 
 20260321    08:05:15       3    147     35     40 
 20260321    08:05:45       0    124     35     41 
 20260321    08:05:45       1    143     38     45 
 20260321    08:05:45       2    153     36     44 
 20260321    08:05:45       3    147     35     40 
 20260321    08:06:15       0    124     35     41 
 20260321    08:06:15       1    143     38     44 
 20260321    08:06:15       2    153     36     44 
 20260321    08:06:15       3    147     35     40 
 20260321    08:06:45       0    124     35     41 
 20260321    08:06:45       1    143     38     44 
 20260321    08:06:45       2    153     36     44 
 20260321    08:06:45       3    146     35     40 
 20260321    08:07:15       0    124     35     41 
 20260321    08:07:15       1    143     38     44 
 20260321    08:07:15       2    153     36     44 
 20260321    08:07:15       3    146     35     40 
 20260321    08:07:45       0    124     35     41 
 20260321    08:07:45       1    143     38     44 
 20260321    08:07:45       2    153     36     44 
 20260321    08:07:45       3    146     35     40 
 20260321    08:08:15       0    124     35     41 
 20260321    08:08:15       1    143     39     44 
 20260321    08:08:15       2    153     36     44 
 20260321    08:08:15       3    147     35     40 
 20260321    08:08:45       0    124     35     41 
 20260321    08:08:45       1    143     39     44 
 20260321    08:08:45       2    153     36     44 
 20260321    08:08:45       3    146     35     40 
#Date        Time         gpu    pwr  gtemp  mtemp 
#YYYYMMDD    HH:MM:SS     Idx      W      C      C 
 20260321    08:09:15       0    124     35     41 
 20260321    08:09:15       1    143     39     44 
 20260321    08:09:15       2    153     36     44 
 20260321    08:09:15       3    147     35     40 
 20260321    08:09:45       0    124     35     41 
 20260321    08:09:45       1    143     39     44 
 20260321    08:09:45       2    153     36     44 
 20260321    08:09:45       3    147     35     40 
 20260321    08:10:15       0    124     35     41 
 20260321    08:10:15       1    143     39     44 
 20260321    08:10:15       2    153     36     44 
 20260321    08:10:15       3    147     35     40 
 20260321    08:10:45       0    124     35     41 
 20260321    08:10:45       1    143     39     44 
 20260321    08:10:45       2    152     36     44 
 20260321    08:10:45       3    146     35     40 
 20260321    08:11:15       0    124     35     41 
 20260321    08:11:15       1    143     38     44 
 20260321    08:11:15       2    153     36     44 
 20260321    08:11:15       3    147     35     40 
 20260321    08:11:45       0    124     35     41 
 20260321    08:11:45       1    143     38     44 
 20260321    08:11:45       2    152     36     44 
 20260321    08:11:45       3    146     35     40 
 20260321    08:12:15       0    124     35     41 
 20260321    08:12:15       1    143     38     44 
 20260321    08:12:15       2    153     36     44 
 20260321    08:12:15       3    146     35     40 
 20260321    08:12:45       0    124     35     41 
 20260321    08:12:45       1    143     39     44 
 20260321    08:12:45       2    153     36     44 
 20260321    08:12:45       3    147     35     40 
 20260321    08:13:15       0    124     35     41 
 20260321    08:13:15       1    143     38     44 
 20260321    08:13:15       2    153     36     44 
 20260321    08:13:15       3    146     35     40 
 20260321    08:13:45       0    124     35     41 
 20260321    08:13:45       1    143     38     44 
 20260321    08:13:45       2    152     36     44 
 20260321    08:13:45       3    147     35     40 
 20260321    08:14:15       0    124     35     41 
 20260321    08:14:15       1    143     38     44 
 20260321    08:14:15       2    152     36     44 
 20260321    08:14:15       3    146     35     40 
#Date        Time         gpu    pwr  gtemp  mtemp 
#YYYYMMDD    HH:MM:SS     Idx      W      C      C 
 20260321    08:14:45       0    124     35     41 
 20260321    08:14:45       1    143     38     44 
 20260321    08:14:45       2    153     36     44 
 20260321    08:14:45       3    147     35     40 
 20260321    08:15:15       0    124     35     41 
 20260321    08:15:15       1    143     38     44 
 20260321    08:15:15       2    152     36     44 
 20260321    08:15:15       3    146     35     40 
 20260321    08:15:45       0    124     35     41 
 20260321    08:15:45       1    143     38     44 
 20260321    08:15:45       2    153     36     44 
 20260321    08:15:45       3    146     35     40 
 20260321    08:16:15       0    124     35     41 
 20260321    08:16:15       1    143     38     44 
 20260321    08:16:15       2    153     36     44 
 20260321    08:16:15       3    147     35     40 
 20260321    08:16:45       0    124     35     41 
 20260321    08:16:45       1    143     39     44 
 20260321    08:16:45       2    152     36     44 
 20260321    08:16:45       3    147     35     40 
 20260321    08:17:15       0    124     35     41 
 20260321    08:17:15       1    143     39     44 
 20260321    08:17:15       2    153     36     44 
 20260321    08:17:15       3    147     35     40 
 20260321    08:17:45       0    124     35     41 
 20260321    08:17:45       1    143     39     44 
 20260321    08:17:45       2    155     36     44 
 20260321    08:17:45       3    149     35     40 
 20260321    08:18:15       0    124     35     41 
 20260321    08:18:15       1    143     38     44 
 20260321    08:18:15       2    155     36     44 
 20260321    08:18:15       3    149     35     40 
 20260321    08:18:45       0    125     35     41 
 20260321    08:18:45       1    144     39     44 
 20260321    08:18:45       2    155     36     44 
 20260321    08:18:45       3    149     35     40 
 20260321    08:19:15       0    133     35     42 
 20260321    08:19:15       1    153     39     44 
 20260321    08:19:15       2    162     36     44 
 20260321    08:19:15       3    158     36     40 
 20260321    08:19:45       0    125     35     41 
 20260321    08:19:45       1    145     39     44 
 20260321    08:19:45       2    154     36     44 
 20260321    08:19:45       3    147     35     40 
#Date        Time         gpu    pwr  gtemp  mtemp 
#YYYYMMDD    HH:MM:SS     Idx      W      C      C 
 20260321    08:20:15       0    125     35     41 
 20260321    08:20:15       1    144     39     44 
 20260321    08:20:15       2    154     36     44 
 20260321    08:20:15       3    147     35     40 
 20260321    08:20:45       0    126     35     41 
 20260321    08:20:45       1    144     39     44 
 20260321    08:20:45       2    155     36     44 
 20260321    08:20:45       3    148     35     40 
 20260321    08:21:15       0    125     35     41 
 20260321    08:21:15       1    144     39     44 
 20260321    08:21:15       2    154     36     44 
 20260321    08:21:15       3    147     35     40 
 20260321    08:21:45       0    125     35     41 
 20260321    08:21:45       1    144     39     44 
 20260321    08:21:45       2    154     36     44 
 20260321    08:21:45       3    147     35     40 
 20260321    08:22:15       0    125     35     41 
 20260321    08:22:15       1    144     39     44 
 20260321    08:22:15       2    155     36     44 
 20260321    08:22:15       3    148     35     40 
 20260321    08:22:45       0    125     35     41 
 20260321    08:22:45       1    144     39     44 
 20260321    08:22:45       2    154     36     44 
 20260321    08:22:45       3    148     35     40 
 20260321    08:23:15       0    125     35     41 
 20260321    08:23:15       1    144     39     44 
 20260321    08:23:15       2    154     36     44 
 20260321    08:23:15       3    148     35     40 
 20260321    08:23:45       0    126     35     41 
 20260321    08:23:45       1    143     39     44 
 20260321    08:23:45       2    154     36     44 
 20260321    08:23:45       3    148     35     40 
 20260321    08:24:15       0    125     35     41 
 20260321    08:24:15       1    143     39     44 
 20260321    08:24:15       2    154     36     44 
 20260321    08:24:15       3    148     35     40 
 20260321    08:24:45       0    132     35     43 
 20260321    08:24:45       1    152     39     44 
 20260321    08:24:45       2    163     37     44 
 20260321    08:24:45       3    156     36     40 
 20260321    08:25:15       0    125     35     41 
 20260321    08:25:15       1    144     39     44 
 20260321    08:25:15       2    154     36     44 
 20260321    08:25:15       3    148     35     40 
#Date        Time         gpu    pwr  gtemp  mtemp 
#YYYYMMDD    HH:MM:SS     Idx      W      C      C 
 20260321    08:25:45       0    125     35     41 
 20260321    08:25:45       1    144     39     44 
 20260321    08:25:45       2    154     36     44 
 20260321    08:25:45       3    148     35     40 
 20260321    08:26:15       0    144     36     43 
 20260321    08:26:15       1    176     39     44 
 20260321    08:26:15       2    178     37     44 
 20260321    08:26:15       3    176     36     42 
 20260321    08:26:45       0    125     35     41 
 20260321    08:26:45       1    144     39     44 
 20260321    08:26:45       2    156     36     44 
 20260321    08:26:45       3    147     35     40 
 20260321    08:27:15       0    125     35     41 
 20260321    08:27:15       1    144     39     44 
 20260321    08:27:15       2    155     36     44 
 20260321    08:27:15       3    147     35     40 
 20260321    08:27:45       0    125     35     41 
 20260321    08:27:45       1    144     39     44 
 20260321    08:27:45       2    155     36     44 
 20260321    08:27:45       3    148     35     40 
 20260321    08:28:15       0    124     35     41 
 20260321    08:28:15       1    144     39     44 
 20260321    08:28:15       2    155     36     44 
 20260321    08:28:15       3    147     35     40 
 20260321    08:28:45       0    124     35     41 
 20260321    08:28:45       1    144     39     44 
 20260321    08:28:45       2    155     36     44 
 20260321    08:28:45       3    147     35     40 
 20260321    08:29:15       0    126     35     41 
 20260321    08:29:15       1    144     39     44 
 20260321    08:29:15       2    154     36     44 
 20260321    08:29:15       3    147     35     40 
 20260321    08:29:45       0    125     35     41 
 20260321    08:29:45       1    144     39     44 
 20260321    08:29:45       2    154     36     44 
 20260321    08:29:45       3    147     35     40 
 20260321    08:30:15       0    125     35     41 
 20260321    08:30:15       1    144     39     44 
 20260321    08:30:15       2    154     36     44 
 20260321    08:30:15       3    147     35     40 
 20260321    08:30:45       0    126     35     41 
 20260321    08:30:45       1    143     39     44 
 20260321    08:30:45       2    155     36     44 
 20260321    08:30:45       3    148     35     40 
#Date        Time         gpu    pwr  gtemp  mtemp 
#YYYYMMDD    HH:MM:SS     Idx      W      C      C 
 20260321    08:31:15       0    126     35     41 
 20260321    08:31:15       1    143     39     44 
 20260321    08:31:15       2    154     36     44 
 20260321    08:31:15       3    148     35     40 
 20260321    08:31:45       0    126     35     41 
 20260321    08:31:45       1    143     39     45 
 20260321    08:31:45       2    154     36     44 
 20260321    08:31:45       3    148     35     40 
 20260321    08:32:15       0    125     35     41 
 20260321    08:32:15       1    144     39     44 
 20260321    08:32:15       2    156     36     44 
 20260321    08:32:15       3    148     35     40 
 20260321    08:32:45       0    124     35     41 
 20260321    08:32:45       1    144     39     45 
 20260321    08:32:45       2    156     36     44 
 20260321    08:32:45       3    148     35     40 
 20260321    08:33:15       0    127     35     41 
 20260321    08:33:15       1    144     38     44 
 20260321    08:33:15       2    156     36     44 
 20260321    08:33:15       3    149     35     40 
 20260321    08:33:45       0    125     35     41 
 20260321    08:33:45       1    143     38     44 
 20260321    08:33:45       2    154     36     44 
 20260321    08:33:45       3    148     35     40 
 20260321    08:34:15       0    125     35     41 
 20260321    08:34:15       1    143     38     44 
 20260321    08:34:15       2    154     36     44 
 20260321    08:34:15       3    148     35     40 
 20260321    08:34:45       0    131     36     42 
 20260321    08:34:45       1    151     39     44 
 20260321    08:34:45       2    162     37     44 
 20260321    08:34:45       3    154     36     40 
 20260321    08:35:15       0    125     35     41 
 20260321    08:35:15       1    144     39     44 
 20260321    08:35:15       2    155     36     44 
 20260321    08:35:15       3    148     35     40 
 20260321    08:35:45       0    125     35     41 
 20260321    08:35:45       1    144     38     45 
 20260321    08:35:45       2    154     36     44 
 20260321    08:35:45       3    148     35     40 
 20260321    08:36:15       0    126     35     41 
 20260321    08:36:15       1    144     39     44 
 20260321    08:36:15       2    156     36     44 
 20260321    08:36:15       3    148     35     40 
#Date        Time         gpu    pwr  gtemp  mtemp 
#YYYYMMDD    HH:MM:SS     Idx      W      C      C 
 20260321    08:36:45       0    126     35     41 
 20260321    08:36:45       1    144     39     44 
 20260321    08:36:45       2    155     36     44 
 20260321    08:36:45       3    148     35     40 
 20260321    08:37:15       0    125     35     41 
 20260321    08:37:15       1    143     39     44 
 20260321    08:37:15       2    155     36     44 
 20260321    08:37:15       3    147     35     40 
 20260321    08:37:45       0    133     36     43 
 20260321    08:37:45       1    152     39     44 
 20260321    08:37:45       2    163     37     44 
 20260321    08:37:45       3    156     36     40 
 20260321    08:38:15       0    124     35     41 
 20260321    08:38:15       1    143     39     44 
 20260321    08:38:15       2    155     36     44 
 20260321    08:38:15       3    148     35     40 
 20260321    08:38:45       0    124     35     41 
 20260321    08:38:45       1    143     38     44 
 20260321    08:38:45       2    155     36     44 
 20260321    08:38:45       3    148     35     40 
 20260321    08:39:15       0    125     35     41 
 20260321    08:39:15       1    144     39     44 
 20260321    08:39:15       2    155     36     44 
 20260321    08:39:15       3    147     35     40 
 20260321    08:39:45       0    125     35     41 
 20260321    08:39:45       1    144     39     44 
 20260321    08:39:45       2    155     36     44 
 20260321    08:39:45       3    147     35     40 
 20260321    08:40:15       0    125     35     41 
 20260321    08:40:15       1    143     39     44 
 20260321    08:40:15       2    154     36     44 
 20260321    08:40:15       3    147     35     40 
 20260321    08:40:45       0    125     35     41 
 20260321    08:40:45       1    144     39     44 
 20260321    08:40:45       2    154     36     44 
 20260321    08:40:45       3    147     35     40 
 20260321    08:41:15       0    125     35     42 
 20260321    08:41:15       1    144     39     44 
 20260321    08:41:15       2    154     36     44 
 20260321    08:41:15       3    147     35     40 
 20260321    08:41:45       0    137     35     41 
 20260321    08:41:45       1    152     39     44 
 20260321    08:41:45       2    165     36     44 
 20260321    08:41:45       3    158     36     40 
#Date        Time         gpu    pwr  gtemp  mtemp 
#YYYYMMDD    HH:MM:SS     Idx      W      C      C 
 20260321    08:42:15       0    127     35     41 
 20260321    08:42:15       1    143     39     44 
 20260321    08:42:15       2    155     36     44 
 20260321    08:42:15       3    148     35     40 
 20260321    08:42:45       0    126     35     41 
 20260321    08:42:45       1    143     39     44 
 20260321    08:42:45       2    155     36     44 
 20260321    08:42:45       3    148     35     40 
 20260321    08:43:15       0    127     36     43 
 20260321    08:43:15       1    146     39     44 
 20260321    08:43:15       2    156     37     45 
 20260321    08:43:15       3    150     36     40 
 20260321    08:43:45       0    126     35     42 
 20260321    08:43:45       1    144     39     44 
 20260321    08:43:45       2    155     36     44 
 20260321    08:43:45       3    147     35     40 
 20260321    08:44:15       0    125     35     41 
 20260321    08:44:15       1    144     39     44 
 20260321    08:44:15       2    155     36     44 
 20260321    08:44:15       3    147     35     40 
 20260321    08:44:45       0    127     35     41 
 20260321    08:44:45       1    143     39     44 
 20260321    08:44:45       2    155     36     44 
 20260321    08:44:45       3    148     35     40 
 20260321    08:45:15       0    126     35     41 
 20260321    08:45:15       1    143     39     44 
 20260321    08:45:15       2    155     36     44 
 20260321    08:45:15       3    147     35     40 
 20260321    08:45:45       0    125     35     41 
 20260321    08:45:45       1    143     39     44 
 20260321    08:45:45       2    154     36     44 
 20260321    08:45:45       3    147     35     40 
 20260321    08:46:15       0    124     35     43 
 20260321    08:46:15       1    143     39     44 
 20260321    08:46:15       2    154     36     45 
 20260321    08:46:15       3    147     36     42 
 20260321    08:46:45       0    125     35     41 
 20260321    08:46:45       1    144     39     44 
 20260321    08:46:45       2    154     36     44 
 20260321    08:46:45       3    147     35     40 
 20260321    08:47:15       0    125     35     41 
 20260321    08:47:15       1    144     39     44 
 20260321    08:47:15       2    154     36     44 
 20260321    08:47:15       3    147     35     40 
#Date        Time         gpu    pwr  gtemp  mtemp 
#YYYYMMDD    HH:MM:SS     Idx      W      C      C 
 20260321    08:47:45       0    125     35     41 
 20260321    08:47:45       1    145     39     44 
 20260321    08:47:45       2    155     36     44 
 20260321    08:47:45       3    148     35     40 
 20260321    08:48:15       0    126     35     41 
 20260321    08:48:15       1    146     39     44 
 20260321    08:48:15       2    156     36     44 
 20260321    08:48:15       3    149     35     40 
 20260321    08:48:45       0    126     35     41 
 20260321    08:48:45       1    146     39     44 
 20260321    08:48:45       2    156     36     44 
 20260321    08:48:45       3    149     35     40 
 20260321    08:49:15       0    129     36     42 
 20260321    08:49:15       1    148     39     44 
 20260321    08:49:15       2    158     37     44 
 20260321    08:49:15       3    151     36     40 
