#Date        Time         gpu    pwr  gtemp  mtemp 
#YYYYMMDD    HH:MM:SS     Idx      W      C      C 
 20260323    15:19:29       0     86     33     40 
 20260323    15:19:29       1     90     35     43 
 20260323    15:19:29       2     92     35     44 
 20260323    15:19:29       3     96     33     43 
 20260323    15:19:59       0    134     35     40 
 20260323    15:19:59       1    137     37     44 
 20260323    15:19:59       2    139     37     44 
 20260323    15:19:59       3    144     35     43 
 20260323    15:20:29       0    134     35     41 
 20260323    15:20:29       1    137     37     45 
 20260323    15:20:29       2    139     37     46 
 20260323    15:20:29       3    144     35     43 
 20260323    15:20:59       0    134     35     41 
 20260323    15:20:59       1    136     37     45 
 20260323    15:20:59       2    140     37     46 
 20260323    15:20:59       3    144     35     44 
 20260323    15:21:29       0    134     35     41 
 20260323    15:21:29       1    136     37     45 
 20260323    15:21:29       2    140     37     46 
 20260323    15:21:29       3    144     35     43 
 20260323    15:21:59       0    133     35     41 
 20260323    15:21:59       1    137     37     45 
 20260323    15:21:59       2    140     37     46 
 20260323    15:21:59       3    144     35     43 
 20260323    15:22:29       0    134     35     41 
 20260323    15:22:29       1    137     37     45 
 20260323    15:22:29       2    140     37     46 
 20260323    15:22:29       3    144     35     44 
 20260323    15:22:59       0    135     35     41 
 20260323    15:22:59       1    137     37     45 
 20260323    15:22:59       2    140     37     46 
 20260323    15:22:59       3    144     35     43 
 20260323    15:23:29       0    134     35     41 
 20260323    15:23:29       1    137     37     45 
 20260323    15:23:29       2    140     37     46 
 20260323    15:23:29       3    144     35     43 
 20260323    15:23:59       0    134     35     41 
 20260323    15:23:59       1    137     37     45 
 20260323    15:23:59       2    139     37     46 
 20260323    15:23:59       3    144     35     43 
 20260323    15:24:29       0    133     35     41 
 20260323    15:24:29       1    137     37     45 
 20260323    15:24:29       2    139     37     46 
 20260323    15:24:29       3    144     35     43 
#Date        Time         gpu    pwr  gtemp  mtemp 
#YYYYMMDD    HH:MM:SS     Idx      W      C      C 
 20260323    15:24:59       0    134     36     41 
 20260323    15:24:59       1    137     38     45 
 20260323    15:24:59       2    139     37     46 
 20260323    15:24:59       3    144     35     43 
 20260323    15:25:29       0    134     36     41 
 20260323    15:25:29       1    137     38     45 
 20260323    15:25:29       2    139     37     46 
 20260323    15:25:29       3    144     36     43 
 20260323    15:25:59       0    147     37     41 
 20260323    15:25:59       1    151     39     46 
 20260323    15:25:59       2    153     39     48 
 20260323    15:25:59       3    159     37     45 
 20260323    15:26:29       0    148     38     43 
 20260323    15:26:29       1    152     40     46 
 20260323    15:26:29       2    154     39     48 
 20260323    15:26:29       3    159     38     45 
 20260323    15:26:59       0    148     38     43 
 20260323    15:26:59       1    152     40     46 
 20260323    15:26:59       2    154     39     48 
 20260323    15:26:59       3    159     38     45 
 20260323    15:27:29       0    147     38     43 
 20260323    15:27:29       1    152     40     46 
 20260323    15:27:29       2    154     39     48 
 20260323    15:27:29       3    159     38     46 
 20260323    15:27:59       0    147     38     42 
 20260323    15:27:59       1    152     40     46 
 20260323    15:27:59       2    153     39     48 
 20260323    15:27:59       3    159     38     46 
 20260323    15:28:29       0    147     38     43 
 20260323    15:28:29       1    152     40     46 
 20260323    15:28:29       2    154     39     48 
 20260323    15:28:29       3    159     38     45 
 20260323    15:28:59       0    188     37     43 
 20260323    15:28:59       1    218     39     48 
 20260323    15:28:59       2    226     39     48 
 20260323    15:28:59       3    215     37     45 
 20260323    15:29:29       0    134     36     41 
 20260323    15:29:29       1    137     38     46 
 20260323    15:29:29       2    139     38     46 
 20260323    15:29:29       3    145     36     43 
 20260323    15:29:59       0    147     38     41 
 20260323    15:29:59       1    152     40     46 
 20260323    15:29:59       2    153     39     48 
 20260323    15:29:59       3    159     37     45 
#Date        Time         gpu    pwr  gtemp  mtemp 
#YYYYMMDD    HH:MM:SS     Idx      W      C      C 
 20260323    15:30:29       0    146     37     42 
 20260323    15:30:29       1    151     39     46 
 20260323    15:30:29       2    153     39     48 
 20260323    15:30:29       3    158     37     46 
 20260323    15:30:59       0    147     37     41 
 20260323    15:30:59       1    152     39     46 
 20260323    15:30:59       2    154     39     48 
 20260323    15:30:59       3    159     37     46 
 20260323    15:31:29       0    146     37     41 
 20260323    15:31:29       1    151     40     46 
 20260323    15:31:29       2    153     39     48 
 20260323    15:31:29       3    158     37     45 
 20260323    15:31:59       0    133     35     41 
 20260323    15:31:59       1    137     38     46 
 20260323    15:31:59       2    139     37     46 
 20260323    15:31:59       3    144     35     44 
 20260323    15:32:29       0    148     37     41 
 20260323    15:32:29       1    152     39     46 
 20260323    15:32:29       2    154     39     47 
 20260323    15:32:29       3    160     37     45 
 20260323    15:32:59       0    147     37     41 
 20260323    15:32:59       1    152     39     46 
 20260323    15:32:59       2    154     39     47 
 20260323    15:32:59       3    160     37     45 
 20260323    15:33:29       0    147     37     41 
 20260323    15:33:29       1    151     39     46 
 20260323    15:33:29       2    153     38     48 
 20260323    15:33:29       3    159     37     45 
 20260323    15:33:59       0    147     37     41 
 20260323    15:33:59       1    152     39     46 
 20260323    15:33:59       2    154     38     47 
 20260323    15:33:59       3    160     37     45 
 20260323    15:34:29       0    147     37     41 
 20260323    15:34:29       1    152     39     46 
 20260323    15:34:29       2    154     39     48 
 20260323    15:34:29       3    159     37     45 
 20260323    15:34:59       0    147     37     41 
 20260323    15:34:59       1    152     39     46 
 20260323    15:34:59       2    153     39     48 
 20260323    15:34:59       3    158     37     45 
 20260323    15:35:29       0    148     38     43 
 20260323    15:35:29       1    153     40     48 
 20260323    15:35:29       2    155     39     48 
 20260323    15:35:29       3    160     37     45 
#Date        Time         gpu    pwr  gtemp  mtemp 
#YYYYMMDD    HH:MM:SS     Idx      W      C      C 
 20260323    15:35:59       0    172     38     43 
 20260323    15:35:59       1    187     40     48 
 20260323    15:35:59       2    204     39     48 
 20260323    15:35:59       3    180     37     45 
 20260323    15:36:29       0    275     38     43 
 20260323    15:36:29       1    273     41     48 
 20260323    15:36:29       2    281     40     48 
 20260323    15:36:29       3    280     38     45 
 20260323    15:36:59       0    133     35     41 
 20260323    15:36:59       1    137     38     46 
 20260323    15:36:59       2    140     37     46 
 20260323    15:36:59       3    144     35     43 
 20260323    15:37:29       0    147     37     41 
 20260323    15:37:29       1    152     39     46 
 20260323    15:37:29       2    154     38     46 
 20260323    15:37:29       3    158     37     45 
 20260323    15:37:59       0    147     37     41 
 20260323    15:37:59       1    152     39     46 
 20260323    15:37:59       2    154     38     47 
 20260323    15:37:59       3    159     37     45 
 20260323    15:38:29       0    147     37     41 
 20260323    15:38:29       1    152     39     46 
 20260323    15:38:29       2    154     38     46 
 20260323    15:38:29       3    159     37     45 
 20260323    15:38:59       0    147     37     41 
 20260323    15:38:59       1    152     39     46 
 20260323    15:38:59       2    154     39     47 
 20260323    15:38:59       3    159     37     45 
 20260323    15:39:29       0    146     37     41 
 20260323    15:39:29       1    151     39     46 
 20260323    15:39:29       2    153     38     48 
 20260323    15:39:29       3    158     37     45 
 20260323    15:39:59       0    147     37     41 
 20260323    15:39:59       1    152     40     46 
 20260323    15:39:59       2    154     39     48 
 20260323    15:39:59       3    159     37     45 
 20260323    15:40:29       0    147     37     41 
 20260323    15:40:29       1    152     39     46 
 20260323    15:40:29       2    154     39     48 
 20260323    15:40:29       3    159     37     45 
 20260323    15:40:59       0    147     37     41 
 20260323    15:40:59       1    152     39     46 
 20260323    15:40:59       2    153     38     48 
 20260323    15:40:59       3    158     37     45 
#Date        Time         gpu    pwr  gtemp  mtemp 
#YYYYMMDD    HH:MM:SS     Idx      W      C      C 
 20260323    15:41:29       0    146     37     41 
 20260323    15:41:29       1    152     39     46 
 20260323    15:41:29       2    154     38     46 
 20260323    15:41:29       3    159     37     45 
 20260323    15:41:59       0    147     37     41 
 20260323    15:41:59       1    152     39     46 
 20260323    15:41:59       2    154     38     46 
 20260323    15:41:59       3    159     37     45 
 20260323    15:42:29       0    146     37     41 
 20260323    15:42:29       1    151     39     46 
 20260323    15:42:29       2    153     38     46 
 20260323    15:42:29       3    158     37     45 
 20260323    15:42:59       0    147     37     41 
 20260323    15:42:59       1    152     39     46 
 20260323    15:42:59       2    154     38     46 
 20260323    15:42:59       3    159     37     45 
 20260323    15:43:29       0    133     35     41 
 20260323    15:43:29       1    137     38     46 
 20260323    15:43:29       2    139     37     46 
 20260323    15:43:29       3    144     35     43 
 20260323    15:43:59       0    147     37     41 
 20260323    15:43:59       1    152     39     46 
 20260323    15:43:59       2    154     38     46 
 20260323    15:43:59       3    159     37     45 
 20260323    15:44:29       0    147     37     41 
 20260323    15:44:29       1    152     39     46 
 20260323    15:44:29       2    154     38     46 
 20260323    15:44:29       3    159     37     45 
 20260323    15:44:59       0    147     37     41 
 20260323    15:44:59       1    152     39     46 
 20260323    15:44:59       2    153     38     46 
 20260323    15:44:59       3    159     37     45 
 20260323    15:45:29       0    147     37     41 
 20260323    15:45:29       1    152     39     46 
 20260323    15:45:29       2    154     38     46 
 20260323    15:45:29       3    159     37     45 
 20260323    15:45:59       0    147     37     41 
 20260323    15:45:59       1    152     39     46 
 20260323    15:45:59       2    154     39     47 
 20260323    15:45:59       3    158     37     45 
 20260323    15:46:29       0    147     37     42 
 20260323    15:46:29       1    152     39     46 
 20260323    15:46:29       2    154     39     48 
 20260323    15:46:29       3    159     37     45 
#Date        Time         gpu    pwr  gtemp  mtemp 
#YYYYMMDD    HH:MM:SS     Idx      W      C      C 
 20260323    15:46:59       0    147     37     41 
 20260323    15:46:59       1    152     39     46 
 20260323    15:46:59       2    154     39     48 
 20260323    15:46:59       3    159     37     45 
 20260323    15:47:29       0    147     37     41 
 20260323    15:47:29       1    152     39     46 
 20260323    15:47:29       2    154     38     48 
 20260323    15:47:29       3    159     37     45 
 20260323    15:47:59       0    147     37     41 
 20260323    15:47:59       1    152     39     46 
 20260323    15:47:59       2    154     39     48 
 20260323    15:47:59       3    159     37     45 
 20260323    15:48:29       0    147     37     41 
 20260323    15:48:29       1    152     39     46 
 20260323    15:48:29       2    154     39     48 
 20260323    15:48:29       3    158     37     45 
 20260323    15:48:59       0    147     37     43 
 20260323    15:48:59       1    152     40     46 
 20260323    15:48:59       2    154     39     48 
 20260323    15:48:59       3    159     37     46 
 20260323    15:49:29       0    147     37     43 
 20260323    15:49:29       1    152     40     46 
 20260323    15:49:29       2    154     39     48 
 20260323    15:49:29       3    159     37     45 
 20260323    15:49:59       0    146     37     41 
 20260323    15:49:59       1    152     40     46 
 20260323    15:49:59       2    153     39     48 
 20260323    15:49:59       3    158     37     45 
 20260323    15:50:29       0    146     37     42 
 20260323    15:50:29       1    151     40     46 
 20260323    15:50:29       2    153     39     48 
 20260323    15:50:29       3    158     37     45 
 20260323    15:50:59       0    134     35     41 
 20260323    15:50:59       1    137     38     46 
 20260323    15:50:59       2    139     37     46 
 20260323    15:50:59       3    144     35     43 
 20260323    15:51:29       0    147     37     41 
 20260323    15:51:29       1    152     39     46 
 20260323    15:51:29       2    154     39     48 
 20260323    15:51:29       3    159     37     45 
 20260323    15:51:59       0    147     37     41 
 20260323    15:51:59       1    152     39     46 
 20260323    15:51:59       2    155     39     47 
 20260323    15:51:59       3    159     37     45 
#Date        Time         gpu    pwr  gtemp  mtemp 
#YYYYMMDD    HH:MM:SS     Idx      W      C      C 
 20260323    15:52:29       0    148     37     41 
 20260323    15:52:29       1    152     39     46 
 20260323    15:52:29       2    155     39     48 
 20260323    15:52:29       3    160     37     45 
 20260323    15:52:59       0    147     37     41 
 20260323    15:52:59       1    151     39     46 
 20260323    15:52:59       2    155     39     48 
 20260323    15:52:59       3    159     37     45 
 20260323    15:53:29       0    147     37     41 
 20260323    15:53:29       1    152     39     46 
 20260323    15:53:29       2    155     39     46 
 20260323    15:53:29       3    159     37     45 
 20260323    15:53:59       0    149     37     41 
 20260323    15:53:59       1    152     40     48 
 20260323    15:53:59       2    155     39     48 
 20260323    15:53:59       3    159     37     45 
 20260323    15:54:29       0    148     37     41 
 20260323    15:54:29       1    152     39     46 
 20260323    15:54:29       2    154     39     48 
 20260323    15:54:29       3    159     37     45 
 20260323    15:54:59       0    148     37     41 
 20260323    15:54:59       1    152     39     46 
 20260323    15:54:59       2    155     39     48 
 20260323    15:54:59       3    159     37     45 
 20260323    15:55:29       0    148     37     41 
 20260323    15:55:29       1    151     39     46 
 20260323    15:55:29       2    154     39     47 
 20260323    15:55:29       3    158     37     45 
 20260323    15:55:59       0    148     37     41 
 20260323    15:55:59       1    152     39     46 
 20260323    15:55:59       2    155     39     46 
 20260323    15:55:59       3    159     37     45 
 20260323    15:56:29       0    148     37     41 
 20260323    15:56:29       1    152     39     46 
 20260323    15:56:29       2    155     39     48 
 20260323    15:56:29       3    159     37     45 
 20260323    15:56:59       0    148     37     41 
 20260323    15:56:59       1    152     39     46 
 20260323    15:56:59       2    155     39     48 
 20260323    15:56:59       3    159     37     45 
 20260323    15:57:29       0    133     35     41 
 20260323    15:57:29       1    137     38     46 
 20260323    15:57:29       2    139     37     46 
 20260323    15:57:29       3    144     35     43 
#Date        Time         gpu    pwr  gtemp  mtemp 
#YYYYMMDD    HH:MM:SS     Idx      W      C      C 
 20260323    15:57:59       0    147     37     41 
 20260323    15:57:59       1    152     39     46 
 20260323    15:57:59       2    154     39     46 
 20260323    15:57:59       3    159     37     45 
 20260323    15:58:29       0    147     37     41 
 20260323    15:58:29       1    151     39     46 
 20260323    15:58:29       2    154     39     46 
 20260323    15:58:29       3    158     37     45 
 20260323    15:58:59       0    147     37     41 
 20260323    15:58:59       1    152     39     46 
 20260323    15:58:59       2    154     39     47 
 20260323    15:58:59       3    158     37     45 
 20260323    15:59:29       0    146     37     41 
 20260323    15:59:29       1    151     39     46 
 20260323    15:59:29       2    154     38     46 
 20260323    15:59:29       3    158     37     45 
 20260323    15:59:59       0    147     37     41 
 20260323    15:59:59       1    152     39     46 
 20260323    15:59:59       2    155     39     47 
 20260323    15:59:59       3    159     37     45 
 20260323    16:00:29       0    147     37     41 
 20260323    16:00:29       1    152     39     46 
 20260323    16:00:29       2    155     39     47 
 20260323    16:00:29       3    159     37     45 
 20260323    16:00:59       0    147     37     41 
 20260323    16:00:59       1    151     39     46 
 20260323    16:00:59       2    155     39     48 
 20260323    16:00:59       3    159     37     45 
 20260323    16:01:29       0    147     37     41 
 20260323    16:01:29       1    152     39     46 
 20260323    16:01:29       2    155     39     48 
 20260323    16:01:29       3    159     37     45 
 20260323    16:01:59       0    147     37     41 
 20260323    16:01:59       1    152     39     46 
 20260323    16:01:59       2    155     39     48 
 20260323    16:01:59       3    159     37     45 
 20260323    16:02:29       0    147     37     41 
 20260323    16:02:29       1    151     39     46 
 20260323    16:02:29       2    154     39     48 
 20260323    16:02:29       3    159     37     45 
 20260323    16:02:59       0    147     37     41 
 20260323    16:02:59       1    152     39     46 
 20260323    16:02:59       2    154     39     48 
 20260323    16:02:59       3    159     37     45 
#Date        Time         gpu    pwr  gtemp  mtemp 
#YYYYMMDD    HH:MM:SS     Idx      W      C      C 
 20260323    16:03:29       0    147     37     41 
 20260323    16:03:29       1    152     39     46 
 20260323    16:03:29       2    154     39     48 
 20260323    16:03:29       3    158     37     45 
 20260323    16:03:59       0    146     37     41 
 20260323    16:03:59       1    151     39     46 
 20260323    16:03:59       2    153     39     48 
 20260323    16:03:59       3    157     37     45 
 20260323    16:04:29       0    147     37     41 
 20260323    16:04:29       1    152     40     46 
 20260323    16:04:29       2    155     39     48 
 20260323    16:04:29       3    159     37     46 
 20260323    16:04:59       0    133     35     41 
 20260323    16:04:59       1    137     38     46 
 20260323    16:04:59       2    141     38     46 
 20260323    16:04:59       3    144     35     43 
 20260323    16:05:29       0    147     37     41 
 20260323    16:05:29       1    152     40     46 
 20260323    16:05:29       2    155     39     48 
 20260323    16:05:29       3    159     37     45 
 20260323    16:05:59       0    146     37     41 
 20260323    16:05:59       1    151     39     46 
 20260323    16:05:59       2    154     39     48 
 20260323    16:05:59       3    158     37     45 
 20260323    16:06:29       0    147     37     41 
 20260323    16:06:29       1    152     40     46 
 20260323    16:06:29       2    155     39     48 
 20260323    16:06:29       3    159     37     45 
 20260323    16:06:59       0    147     37     42 
 20260323    16:06:59       1    152     40     46 
 20260323    16:06:59       2    155     39     48 
 20260323    16:06:59       3    158     37     45 
 20260323    16:07:29       0    146     37     41 
 20260323    16:07:29       1    151     40     46 
 20260323    16:07:29       2    154     39     48 
 20260323    16:07:29       3    158     37     45 
 20260323    16:07:59       0    147     38     43 
 20260323    16:07:59       1    152     40     46 
 20260323    16:07:59       2    155     39     48 
 20260323    16:07:59       3    159     37     46 
 20260323    16:08:29       0    147     37     43 
 20260323    16:08:29       1    152     40     46 
 20260323    16:08:29       2    155     39     48 
 20260323    16:08:29       3    159     37     46 
#Date        Time         gpu    pwr  gtemp  mtemp 
#YYYYMMDD    HH:MM:SS     Idx      W      C      C 
 20260323    16:08:59       0    147     37     42 
 20260323    16:08:59       1    152     39     46 
 20260323    16:08:59       2    155     39     48 
 20260323    16:08:59       3    159     37     46 
 20260323    16:09:29       0    147     37     42 
 20260323    16:09:29       1    152     40     46 
 20260323    16:09:29       2    155     39     48 
 20260323    16:09:29       3    159     37     45 
 20260323    16:09:59       0    147     37     41 
 20260323    16:09:59       1    152     40     46 
 20260323    16:09:59       2    155     39     48 
 20260323    16:09:59       3    159     37     45 
 20260323    16:10:29       0    148     37     41 
 20260323    16:10:29       1    153     40     46 
 20260323    16:10:29       2    155     39     48 
 20260323    16:10:29       3    159     37     45 
 20260323    16:10:59       0    146     37     41 
 20260323    16:10:59       1    152     39     46 
 20260323    16:10:59       2    154     39     48 
 20260323    16:10:59       3    158     37     45 
 20260323    16:11:29       0    134     35     41 
 20260323    16:11:29       1    137     38     46 
 20260323    16:11:29       2    140     38     46 
 20260323    16:11:29       3    144     35     43 
 20260323    16:11:59       0    147     37     41 
 20260323    16:11:59       1    152     39     46 
 20260323    16:11:59       2    155     39     48 
 20260323    16:11:59       3    159     37     45 
 20260323    16:12:29       0    147     37     41 
 20260323    16:12:29       1    152     39     46 
 20260323    16:12:29       2    155     39     48 
 20260323    16:12:29       3    159     37     45 
 20260323    16:12:59       0    147     37     41 
 20260323    16:12:59       1    152     39     46 
 20260323    16:12:59       2    155     39     48 
 20260323    16:12:59       3    159     37     45 
 20260323    16:13:29       0    147     37     41 
 20260323    16:13:29       1    152     39     46 
 20260323    16:13:29       2    155     39     48 
 20260323    16:13:29       3    159     37     45 
 20260323    16:13:59       0    142     36     41 
 20260323    16:13:59       1    146     38     46 
 20260323    16:13:59       2    148     38     48 
 20260323    16:13:59       3    153     36     45 
#Date        Time         gpu    pwr  gtemp  mtemp 
#YYYYMMDD    HH:MM:SS     Idx      W      C      C 
 20260323    16:14:29       0    146     37     41 
 20260323    16:14:29       1    151     39     46 
 20260323    16:14:29       2    153     39     48 
 20260323    16:14:29       3    158     37     45 
 20260323    16:14:59       0    147     37     41 
 20260323    16:14:59       1    152     39     46 
 20260323    16:14:59       2    154     39     48 
 20260323    16:14:59       3    158     37     45 
 20260323    16:15:29       0    147     37     41 
 20260323    16:15:29       1    151     39     46 
 20260323    16:15:29       2    154     39     48 
 20260323    16:15:29       3    158     37     45 
 20260323    16:15:59       0    147     37     41 
 20260323    16:15:59       1    152     39     46 
 20260323    16:15:59       2    154     39     48 
 20260323    16:15:59       3    159     37     45 
 20260323    16:16:29       0    147     37     41 
 20260323    16:16:29       1    153     39     46 
 20260323    16:16:29       2    155     39     48 
 20260323    16:16:29       3    159     37     45 
 20260323    16:16:59       0    147     37     41 
 20260323    16:16:59       1    152     40     46 
 20260323    16:16:59       2    155     39     48 
 20260323    16:16:59       3    159     37     45 
 20260323    16:17:29       0    147     37     41 
 20260323    16:17:29       1    152     40     46 
 20260323    16:17:29       2    154     39     48 
 20260323    16:17:29       3    159     37     45 
 20260323    16:17:59       0    147     37     41 
 20260323    16:17:59       1    152     40     46 
 20260323    16:17:59       2    154     39     48 
 20260323    16:17:59       3    159     37     45 
 20260323    16:18:29       0    147     37     41 
 20260323    16:18:29       1    152     40     46 
 20260323    16:18:29       2    154     39     48 
 20260323    16:18:29       3    159     37     45 
 20260323    16:18:59       0    133     35     41 
 20260323    16:18:59       1    137     38     46 
 20260323    16:18:59       2    141     38     47 
 20260323    16:18:59       3    144     35     43 
 20260323    16:19:29       0    147     37     41 
 20260323    16:19:29       1    152     39     46 
 20260323    16:19:29       2    155     39     48 
 20260323    16:19:29       3    158     37     45 
#Date        Time         gpu    pwr  gtemp  mtemp 
#YYYYMMDD    HH:MM:SS     Idx      W      C      C 
 20260323    16:19:59       0    147     37     41 
 20260323    16:19:59       1    151     39     46 
 20260323    16:19:59       2    154     39     48 
 20260323    16:19:59       3    159     37     45 
 20260323    16:20:29       0    147     37     41 
 20260323    16:20:29       1    152     39     46 
 20260323    16:20:29       2    155     39     48 
 20260323    16:20:29       3    159     37     45 
 20260323    16:20:59       0    147     37     41 
 20260323    16:20:59       1    152     39     46 
 20260323    16:20:59       2    155     39     48 
 20260323    16:20:59       3    159     37     45 
 20260323    16:21:29       0    148     37     41 
 20260323    16:21:29       1    153     39     46 
 20260323    16:21:29       2    156     39     48 
 20260323    16:21:29       3    160     37     45 
 20260323    16:21:59       0    147     37     41 
 20260323    16:21:59       1    152     39     46 
 20260323    16:21:59       2    154     39     48 
 20260323    16:21:59       3    159     37     45 
 20260323    16:22:29       0    147     37     41 
 20260323    16:22:29       1    152     40     46 
 20260323    16:22:29       2    155     39     48 
 20260323    16:22:29       3    158     37     45 
 20260323    16:22:59       0    146     37     41 
 20260323    16:22:59       1    151     39     46 
 20260323    16:22:59       2    154     38     48 
 20260323    16:22:59       3    158     37     45 
 20260323    16:23:29       0    147     37     41 
 20260323    16:23:29       1    151     39     46 
 20260323    16:23:29       2    155     39     48 
 20260323    16:23:29       3    159     37     45 
 20260323    16:23:59       0    147     37     41 
 20260323    16:23:59       1    152     39     46 
 20260323    16:23:59       2    155     39     48 
 20260323    16:23:59       3    159     37     45 
 20260323    16:24:29       0    147     37     41 
 20260323    16:24:29       1    152     39     46 
 20260323    16:24:29       2    155     39     48 
 20260323    16:24:29       3    159     37     45 
 20260323    16:24:59       0    147     37     41 
 20260323    16:24:59       1    151     39     46 
 20260323    16:24:59       2    155     39     48 
 20260323    16:24:59       3    159     37     45 
#Date        Time         gpu    pwr  gtemp  mtemp 
#YYYYMMDD    HH:MM:SS     Idx      W      C      C 
 20260323    16:25:29       0    133     35     41 
 20260323    16:25:29       1    137     38     46 
 20260323    16:25:29       2    139     37     46 
 20260323    16:25:29       3    144     35     43 
 20260323    16:25:59       0    147     37     41 
 20260323    16:25:59       1    152     39     46 
 20260323    16:25:59       2    154     39     47 
 20260323    16:25:59       3    159     37     45 
 20260323    16:26:29       0    147     37     41 
 20260323    16:26:29       1    152     39     46 
 20260323    16:26:29       2    154     39     48 
 20260323    16:26:29       3    159     37     45 
 20260323    16:26:59       0    147     37     41 
 20260323    16:26:59       1    152     39     46 
 20260323    16:26:59       2    155     39     48 
 20260323    16:26:59       3    159     37     45 
 20260323    16:27:29       0    147     37     41 
 20260323    16:27:29       1    152     39     46 
 20260323    16:27:29       2    154     39     47 
 20260323    16:27:29       3    159     37     45 
 20260323    16:27:59       0    136     36     41 
 20260323    16:27:59       1    139     39     46 
 20260323    16:27:59       2    143     39     46 
 20260323    16:27:59       3    145     36     45 
 20260323    16:28:29       0    147     37     41 
 20260323    16:28:29       1    152     40     46 
 20260323    16:28:29       2    154     39     48 
 20260323    16:28:29       3    159     37     45 
 20260323    16:28:59       0    147     38     43 
 20260323    16:28:59       1    151     40     46 
 20260323    16:28:59       2    153     39     48 
 20260323    16:28:59       3    158     37     45 
 20260323    16:29:29       0    147     38     42 
 20260323    16:29:29       1    152     40     46 
 20260323    16:29:29       2    154     39     48 
 20260323    16:29:29       3    159     37     45 
 20260323    16:29:59       0    147     38     43 
 20260323    16:29:59       1    152     40     47 
 20260323    16:29:59       2    154     39     48 
 20260323    16:29:59       3    159     37     45 
 20260323    16:30:29       0    148     38     43 
 20260323    16:30:29       1    153     40     47 
 20260323    16:30:29       2    155     39     48 
 20260323    16:30:29       3    159     37     46 
#Date        Time         gpu    pwr  gtemp  mtemp 
#YYYYMMDD    HH:MM:SS     Idx      W      C      C 
 20260323    16:30:59       0    148     38     43 
 20260323    16:30:59       1    153     40     46 
 20260323    16:30:59       2    155     39     48 
 20260323    16:30:59       3    160     37     45 
 20260323    16:31:29       0    147     37     43 
 20260323    16:31:29       1    152     40     47 
 20260323    16:31:29       2    155     39     48 
 20260323    16:31:29       3    159     37     46 
 20260323    16:31:59       0    148     38     43 
 20260323    16:31:59       1    153     40     47 
 20260323    16:31:59       2    155     39     48 
 20260323    16:31:59       3    159     37     45 
 20260323    16:32:29       0    147     38     41 
 20260323    16:32:29       1    152     40     46 
 20260323    16:32:29       2    155     39     48 
 20260323    16:32:29       3    159     37     45 
 20260323    16:32:59       0    134     36     41 
 20260323    16:32:59       1    137     38     46 
 20260323    16:32:59       2    139     38     46 
 20260323    16:32:59       3    144     35     45 
 20260323    16:33:29       0    147     37     41 
 20260323    16:33:29       1    152     40     46 
 20260323    16:33:29       2    154     39     48 
 20260323    16:33:29       3    159     37     45 
 20260323    16:33:59       0    147     37     41 
 20260323    16:33:59       1    152     40     46 
 20260323    16:33:59       2    153     39     48 
 20260323    16:33:59       3    159     37     45 
 20260323    16:34:29       0    147     37     41 
 20260323    16:34:29       1    152     39     46 
 20260323    16:34:29       2    153     39     48 
 20260323    16:34:29       3    158     37     45 
 20260323    16:34:59       0    148     37     41 
 20260323    16:34:59       1    152     40     46 
 20260323    16:34:59       2    154     39     48 
 20260323    16:34:59       3    159     37     45 
 20260323    16:35:29       0    470     46     54 
 20260323    16:35:29       1    420     47     59 
 20260323    16:35:29       2    422     46     58 
 20260323    16:35:29       3    486     46     57 
 20260323    16:35:59       0    147     37     41 
 20260323    16:35:59       1    152     40     46 
 20260323    16:35:59       2    154     39     48 
 20260323    16:35:59       3    159     37     46 
#Date        Time         gpu    pwr  gtemp  mtemp 
#YYYYMMDD    HH:MM:SS     Idx      W      C      C 
 20260323    16:36:29       0    147     37     41 
 20260323    16:36:29       1    152     39     46 
 20260323    16:36:29       2    153     39     48 
 20260323    16:36:29       3    159     37     45 
 20260323    16:36:59       0    147     37     41 
 20260323    16:36:59       1    152     40     46 
 20260323    16:36:59       2    153     39     48 
 20260323    16:36:59       3    159     37     45 
 20260323    16:37:29       0    147     37     41 
 20260323    16:37:29       1    152     39     46 
 20260323    16:37:29       2    154     39     48 
 20260323    16:37:29       3    159     37     45 
 20260323    16:37:59       0    147     37     41 
 20260323    16:37:59       1    152     39     46 
 20260323    16:37:59       2    154     39     48 
 20260323    16:37:59       3    159     37     45 
 20260323    16:38:29       0    147     37     41 
 20260323    16:38:29       1    152     39     46 
 20260323    16:38:29       2    154     39     48 
 20260323    16:38:29       3    159     37     45 
 20260323    16:38:59       0    147     37     41 
 20260323    16:38:59       1    152     40     46 
 20260323    16:38:59       2    154     39     48 
 20260323    16:38:59       3    160     37     45 
 20260323    16:39:29       0    133     35     41 
 20260323    16:39:29       1    137     38     46 
 20260323    16:39:29       2    139     37     46 
 20260323    16:39:29       3    144     35     43 
 20260323    16:39:59       0    147     37     41 
 20260323    16:39:59       1    152     39     46 
 20260323    16:39:59       2    154     39     48 
 20260323    16:39:59       3    159     37     45 
 20260323    16:40:29       0    146     37     41 
 20260323    16:40:29       1    151     39     46 
 20260323    16:40:29       2    154     39     48 
 20260323    16:40:29       3    158     37     45 
 20260323    16:41:00       0    147     37     41 
 20260323    16:41:00       1    152     39     46 
 20260323    16:41:00       2    153     39     48 
 20260323    16:41:00       3    158     37     45 
 20260323    16:41:30       0    148     37     41 
 20260323    16:41:30       1    152     39     46 
 20260323    16:41:30       2    154     39     48 
 20260323    16:41:30       3    159     37     45 
#Date        Time         gpu    pwr  gtemp  mtemp 
#YYYYMMDD    HH:MM:SS     Idx      W      C      C 
 20260323    16:42:00       0    147     37     41 
 20260323    16:42:00       1    152     39     46 
 20260323    16:42:00       2    154     39     48 
 20260323    16:42:00       3    158     37     45 
 20260323    16:42:30       0    147     37     41 
 20260323    16:42:30       1    152     39     46 
 20260323    16:42:30       2    153     39     48 
 20260323    16:42:30       3    159     37     45 
 20260323    16:43:00       0    146     37     41 
 20260323    16:43:00       1    151     39     46 
 20260323    16:43:00       2    153     39     46 
 20260323    16:43:00       3    158     37     45 
 20260323    16:43:30       0    147     37     41 
 20260323    16:43:30       1    152     39     46 
 20260323    16:43:30       2    153     39     47 
 20260323    16:43:30       3    159     37     45 
 20260323    16:44:00       0    147     37     41 
 20260323    16:44:00       1    152     39     46 
 20260323    16:44:00       2    154     39     48 
 20260323    16:44:00       3    159     37     45 
 20260323    16:44:30       0    148     37     41 
 20260323    16:44:30       1    152     40     46 
 20260323    16:44:30       2    154     39     48 
 20260323    16:44:30       3    159     37     45 
 20260323    16:45:00       0    146     37     41 
 20260323    16:45:00       1    152     39     46 
 20260323    16:45:00       2    153     39     48 
 20260323    16:45:00       3    158     37     45 
 20260323    16:45:30       0    147     37     41 
 20260323    16:45:30       1    152     39     46 
 20260323    16:45:30       2    154     39     47 
 20260323    16:45:30       3    158     37     45 
 20260323    16:46:00       0    147     37     41 
 20260323    16:46:00       1    152     40     46 
 20260323    16:46:00       2    154     39     48 
 20260323    16:46:00       3    158     37     45 
 20260323    16:46:30       0    147     37     41 
 20260323    16:46:30       1    152     40     46 
 20260323    16:46:30       2    154     39     48 
 20260323    16:46:30       3    159     37     45 
 20260323    16:47:00       0    133     35     41 
 20260323    16:47:00       1    137     38     46 
 20260323    16:47:00       2    141     38     46 
 20260323    16:47:00       3    144     35     43 
#Date        Time         gpu    pwr  gtemp  mtemp 
#YYYYMMDD    HH:MM:SS     Idx      W      C      C 
 20260323    16:47:30       0    147     37     41 
 20260323    16:47:30       1    152     39     46 
 20260323    16:47:30       2    154     39     48 
 20260323    16:47:30       3    158     37     45 
 20260323    16:48:00       0    147     37     41 
 20260323    16:48:00       1    152     40     46 
 20260323    16:48:00       2    154     39     48 
 20260323    16:48:00       3    159     37     45 
 20260323    16:48:30       0    148     37     41 
 20260323    16:48:30       1    153     40     46 
 20260323    16:48:30       2    155     39     48 
 20260323    16:48:30       3    159     37     45 
 20260323    16:49:00       0    147     37     41 
 20260323    16:49:00       1    152     40     46 
 20260323    16:49:00       2    154     39     48 
 20260323    16:49:00       3    158     37     45 
 20260323    16:49:30       0    133     37     44 
 20260323    16:49:30       1    261     43     54 
 20260323    16:49:30       2    366     46     58 
 20260323    16:49:30       3    145     37     46 
 20260323    16:50:00       0    147     37     43 
 20260323    16:50:00       1    152     40     48 
 20260323    16:50:00       2    155     39     48 
 20260323    16:50:00       3    159     37     45 
 20260323    16:50:30       0    147     37     41 
 20260323    16:50:30       1    152     39     46 
 20260323    16:50:30       2    154     39     48 
 20260323    16:50:30       3    159     37     46 
 20260323    16:51:00       0    147     37     42 
 20260323    16:51:00       1    152     40     46 
 20260323    16:51:00       2    154     39     48 
 20260323    16:51:00       3    158     37     46 
 20260323    16:51:30       0    147     37     43 
 20260323    16:51:30       1    152     40     46 
 20260323    16:51:30       2    154     39     48 
 20260323    16:51:30       3    159     37     45 
 20260323    16:52:00       0    147     37     41 
 20260323    16:52:00       1    152     40     46 
 20260323    16:52:00       2    154     39     48 
 20260323    16:52:00       3    159     37     46 
 20260323    16:52:30       0    147     37     41 
 20260323    16:52:30       1    152     40     46 
 20260323    16:52:30       2    155     39     48 
 20260323    16:52:30       3    159     37     45 
#Date        Time         gpu    pwr  gtemp  mtemp 
#YYYYMMDD    HH:MM:SS     Idx      W      C      C 
 20260323    16:53:00       0    134     36     41 
 20260323    16:53:00       1    139     39     46 
 20260323    16:53:00       2    140     38     48 
 20260323    16:53:00       3    144     36     45 
 20260323    16:53:30       0    135     36     41 
 20260323    16:53:30       1    138     38     46 
 20260323    16:53:30       2    140     38     47 
 20260323    16:53:30       3    144     35     43 
 20260323    16:54:00       0    148     37     41 
 20260323    16:54:00       1    152     40     46 
 20260323    16:54:00       2    155     39     48 
 20260323    16:54:00       3    159     37     45 
 20260323    16:54:30       0    146     37     41 
 20260323    16:54:30       1    151     39     46 
 20260323    16:54:30       2    154     39     48 
 20260323    16:54:30       3    158     37     45 
 20260323    16:55:00       0    148     37     42 
 20260323    16:55:00       1    152     39     46 
 20260323    16:55:00       2    155     39     47 
 20260323    16:55:00       3    159     37     45 
 20260323    16:55:30       0    147     37     41 
 20260323    16:55:30       1    152     39     46 
 20260323    16:55:30       2    155     39     46 
 20260323    16:55:30       3    158     37     45 
 20260323    16:56:00       0    147     37     41 
 20260323    16:56:00       1    152     39     46 
 20260323    16:56:00       2    154     38     46 
 20260323    16:56:00       3    159     37     45 
 20260323    16:56:30       0    147     37     41 
 20260323    16:56:30       1    152     39     46 
 20260323    16:56:30       2    155     38     46 
 20260323    16:56:30       3    159     37     45 
 20260323    16:57:00       0    147     37     41 
 20260323    16:57:00       1    151     39     46 
 20260323    16:57:00       2    154     38     46 
 20260323    16:57:00       3    158     37     45 
 20260323    16:57:30       0    148     37     41 
 20260323    16:57:30       1    152     39     46 
 20260323    16:57:30       2    155     38     46 
 20260323    16:57:30       3    159     37     45 
 20260323    16:58:00       0    147     37     41 
 20260323    16:58:00       1    152     39     46 
 20260323    16:58:00       2    155     38     46 
 20260323    16:58:00       3    159     37     45 
#Date        Time         gpu    pwr  gtemp  mtemp 
#YYYYMMDD    HH:MM:SS     Idx      W      C      C 
 20260323    16:58:30       0    147     37     41 
 20260323    16:58:30       1    152     39     46 
 20260323    16:58:30       2    155     38     46 
 20260323    16:58:30       3    158     37     45 
 20260323    16:59:00       0    146     37     41 
 20260323    16:59:00       1    151     39     46 
 20260323    16:59:00       2    154     38     46 
 20260323    16:59:00       3    159     37     45 
 20260323    16:59:30       0    147     37     41 
 20260323    16:59:30       1    152     39     46 
 20260323    16:59:30       2    154     38     46 
 20260323    16:59:30       3    159     37     45 
 20260323    17:00:00       0    147     37     41 
 20260323    17:00:00       1    152     39     46 
 20260323    17:00:00       2    154     38     46 
 20260323    17:00:00       3    159     37     45 
 20260323    17:00:30       0    175     36     41 
 20260323    17:00:30       1    183     39     46 
 20260323    17:00:30       2    187     38     48 
 20260323    17:00:30       3    187     36     46 
 20260323    17:01:00       0    133     35     41 
 20260323    17:01:00       1    137     37     45 
 20260323    17:01:00       2    140     37     46 
 20260323    17:01:00       3    144     35     43 
 20260323    17:01:30       0    147     37     41 
 20260323    17:01:30       1    152     39     46 
 20260323    17:01:30       2    154     38     46 
 20260323    17:01:30       3    159     37     45 
 20260323    17:02:00       0    147     37     41 
 20260323    17:02:00       1    152     39     46 
 20260323    17:02:00       2    155     38     46 
 20260323    17:02:00       3    159     37     45 
 20260323    17:02:30       0    147     37     41 
 20260323    17:02:30       1    151     39     46 
 20260323    17:02:30       2    154     38     46 
 20260323    17:02:30       3    158     37     45 
 20260323    17:03:00       0    147     37     41 
 20260323    17:03:00       1    152     39     46 
 20260323    17:03:00       2    155     38     46 
 20260323    17:03:00       3    159     37     45 
 20260323    17:03:30       0    133     36     43 
 20260323    17:03:30       1    260     42     52 
 20260323    17:03:30       2    358     45     58 
 20260323    17:03:30       3    145     36     45 
#Date        Time         gpu    pwr  gtemp  mtemp 
#YYYYMMDD    HH:MM:SS     Idx      W      C      C 
 20260323    17:04:00       0    147     37     41 
 20260323    17:04:00       1    152     39     47 
 20260323    17:04:00       2    155     38     46 
 20260323    17:04:00       3    159     37     45 
 20260323    17:04:30       0    147     37     41 
 20260323    17:04:30       1    151     39     46 
 20260323    17:04:30       2    154     38     46 
 20260323    17:04:30       3    158     37     45 
 20260323    17:05:00       0    147     37     41 
 20260323    17:05:00       1    152     39     47 
 20260323    17:05:00       2    155     38     46 
 20260323    17:05:00       3    159     37     45 
 20260323    17:05:30       0    147     37     41 
 20260323    17:05:30       1    151     39     46 
 20260323    17:05:30       2    154     38     46 
 20260323    17:05:30       3    159     37     45 
 20260323    17:06:00       0    147     37     41 
 20260323    17:06:00       1    152     39     46 
 20260323    17:06:00       2    154     38     46 
 20260323    17:06:00       3    159     37     45 
 20260323    17:06:30       0    147     37     41 
 20260323    17:06:30       1    152     39     46 
 20260323    17:06:30       2    155     38     46 
 20260323    17:06:30       3    159     37     45 
 20260323    17:07:00       0    133     35     41 
 20260323    17:07:00       1    137     37     45 
 20260323    17:07:00       2    139     37     46 
 20260323    17:07:00       3    144     35     43 
 20260323    17:07:30       0    147     37     41 
 20260323    17:07:30       1    152     39     46 
 20260323    17:07:30       2    154     38     46 
 20260323    17:07:30       3    159     37     45 
 20260323    17:08:00       0    147     37     41 
 20260323    17:08:00       1    151     39     46 
 20260323    17:08:00       2    153     38     46 
 20260323    17:08:00       3    158     37     45 
 20260323    17:08:30       0    146     37     41 
 20260323    17:08:30       1    151     39     46 
 20260323    17:08:30       2    153     38     46 
 20260323    17:08:30       3    158     37     45 
 20260323    17:09:00       0    147     37     41 
 20260323    17:09:00       1    152     39     46 
 20260323    17:09:00       2    153     38     46 
 20260323    17:09:00       3    159     37     45 
#Date        Time         gpu    pwr  gtemp  mtemp 
#YYYYMMDD    HH:MM:SS     Idx      W      C      C 
 20260323    17:09:30       0    147     37     41 
 20260323    17:09:30       1    152     39     46 
 20260323    17:09:30       2    153     38     46 
 20260323    17:09:30       3    159     37     45 
 20260323    17:10:00       0    147     37     41 
 20260323    17:10:00       1    152     39     46 
 20260323    17:10:00       2    154     38     46 
 20260323    17:10:00       3    159     37     45 
 20260323    17:10:30       0    147     37     41 
 20260323    17:10:30       1    151     39     46 
 20260323    17:10:30       2    154     38     46 
 20260323    17:10:30       3    159     37     45 
 20260323    17:11:00       0    147     37     41 
 20260323    17:11:00       1    151     39     46 
 20260323    17:11:00       2    153     38     46 
 20260323    17:11:00       3    159     37     45 
 20260323    17:11:30       0    147     37     41 
 20260323    17:11:30       1    152     39     46 
 20260323    17:11:30       2    153     38     46 
 20260323    17:11:30       3    159     37     45 
 20260323    17:12:00       0    147     37     41 
 20260323    17:12:00       1    152     39     46 
 20260323    17:12:00       2    153     38     46 
 20260323    17:12:00       3    159     37     45 
 20260323    17:12:30       0    147     37     41 
 20260323    17:12:30       1    152     39     46 
 20260323    17:12:30       2    154     38     46 
 20260323    17:12:30       3    159     37     45 
 20260323    17:13:00       0    147     37     41 
 20260323    17:13:00       1    151     39     46 
 20260323    17:13:00       2    152     38     46 
 20260323    17:13:00       3    158     37     45 
 20260323    17:13:30       0    147     37     41 
 20260323    17:13:30       1    152     39     46 
 20260323    17:13:30       2    154     38     46 
 20260323    17:13:30       3    159     37     45 
 20260323    17:14:00       0    148     37     41 
 20260323    17:14:00       1    152     39     46 
 20260323    17:14:00       2    154     38     46 
 20260323    17:14:00       3    159     37     45 
 20260323    17:14:30       0    134     36     41 
 20260323    17:14:30       1    138     38     46 
 20260323    17:14:30       2    141     37     46 
 20260323    17:14:30       3    146     36     45 
#Date        Time         gpu    pwr  gtemp  mtemp 
#YYYYMMDD    HH:MM:SS     Idx      W      C      C 
 20260323    17:15:00       0    133     35     41 
 20260323    17:15:00       1    138     37     45 
 20260323    17:15:00       2    140     37     46 
 20260323    17:15:00       3    145     35     43 
 20260323    17:15:30       0    145     37     41 
 20260323    17:15:30       1    151     39     46 
 20260323    17:15:30       2    153     38     46 
 20260323    17:15:30       3    158     37     45 
 20260323    17:16:00       0    147     37     41 
 20260323    17:16:00       1    152     39     46 
 20260323    17:16:00       2    153     38     46 
 20260323    17:16:00       3    159     37     45 
 20260323    17:16:30       0    147     37     41 
 20260323    17:16:30       1    151     39     46 
 20260323    17:16:30       2    154     38     46 
 20260323    17:16:30       3    159     37     45 
 20260323    17:17:00       0    147     37     41 
 20260323    17:17:00       1    152     39     46 
 20260323    17:17:00       2    153     38     46 
 20260323    17:17:00       3    159     37     45 
 20260323    17:17:30       0    143     37     43 
 20260323    17:17:30       1    150     41     48 
 20260323    17:17:30       2    161     40     50 
 20260323    17:17:30       3    156     37     45 
 20260323    17:18:00       0    147     37     41 
 20260323    17:18:00       1    152     39     47 
 20260323    17:18:00       2    154     38     46 
 20260323    17:18:00       3    159     37     45 
 20260323    17:18:30       0    147     37     41 
 20260323    17:18:30       1    151     39     46 
 20260323    17:18:30       2    153     38     46 
 20260323    17:18:30       3    158     37     45 
 20260323    17:19:00       0    147     37     41 
 20260323    17:19:00       1    152     39     46 
 20260323    17:19:00       2    154     38     46 
 20260323    17:19:00       3    159     37     45 
 20260323    17:19:30       0    147     37     41 
 20260323    17:19:30       1    152     39     46 
 20260323    17:19:30       2    154     38     46 
 20260323    17:19:30       3    159     37     45 
 20260323    17:20:00       0    147     37     41 
 20260323    17:20:00       1    152     39     46 
 20260323    17:20:00       2    154     38     46 
 20260323    17:20:00       3    159     37     45 
#Date        Time         gpu    pwr  gtemp  mtemp 
#YYYYMMDD    HH:MM:SS     Idx      W      C      C 
 20260323    17:20:30       0    147     37     41 
 20260323    17:20:30       1    152     39     46 
 20260323    17:20:30       2    154     38     46 
 20260323    17:20:30       3    159     37     45 
 20260323    17:21:00       0    132     35     41 
 20260323    17:21:00       1    137     37     45 
 20260323    17:21:00       2    139     37     46 
 20260323    17:21:00       3    144     35     43 
 20260323    17:21:30       0    133     35     41 
 20260323    17:21:30       1    137     37     45 
 20260323    17:21:30       2    139     37     46 
 20260323    17:21:30       3    144     35     44 
 20260323    17:22:00       0    146     37     41 
 20260323    17:22:00       1    151     39     46 
 20260323    17:22:00       2    153     38     46 
 20260323    17:22:00       3    158     37     45 
 20260323    17:22:30       0    147     37     41 
 20260323    17:22:30       1    151     39     46 
 20260323    17:22:30       2    153     38     46 
 20260323    17:22:30       3    158     37     45 
 20260323    17:23:00       0    147     37     41 
 20260323    17:23:00       1    151     39     46 
 20260323    17:23:00       2    153     38     46 
 20260323    17:23:00       3    159     37     45 
 20260323    17:23:30       0    147     37     41 
 20260323    17:23:30       1    151     39     46 
 20260323    17:23:30       2    153     38     46 
 20260323    17:23:30       3    159     37     45 
 20260323    17:24:00       0    147     37     41 
 20260323    17:24:00       1    151     39     46 
 20260323    17:24:00       2    153     38     46 
 20260323    17:24:00       3    158     37     45 
 20260323    17:24:30       0    147     37     41 
 20260323    17:24:30       1    151     39     46 
 20260323    17:24:30       2    153     38     46 
 20260323    17:24:30       3    159     37     45 
 20260323    17:25:00       0    147     37     41 
 20260323    17:25:00       1    151     39     46 
 20260323    17:25:00       2    153     38     46 
 20260323    17:25:00       3    158     37     45 
 20260323    17:25:30       0    147     37     41 
 20260323    17:25:30       1    151     39     46 
 20260323    17:25:30       2    154     38     46 
 20260323    17:25:30       3    159     37     45 
#Date        Time         gpu    pwr  gtemp  mtemp 
#YYYYMMDD    HH:MM:SS     Idx      W      C      C 
 20260323    17:26:00       0    147     37     41 
 20260323    17:26:00       1    152     39     46 
 20260323    17:26:00       2    153     38     46 
 20260323    17:26:00       3    159     37     45 
 20260323    17:26:30       0    147     37     41 
 20260323    17:26:30       1    151     39     46 
 20260323    17:26:30       2    153     38     46 
 20260323    17:26:30       3    158     37     45 
 20260323    17:27:00       0    147     37     41 
 20260323    17:27:00       1    152     39     46 
 20260323    17:27:00       2    154     38     46 
 20260323    17:27:00       3    159     37     45 
 20260323    17:27:30       0    147     37     41 
 20260323    17:27:30       1    152     39     46 
 20260323    17:27:30       2    154     38     46 
 20260323    17:27:30       3    159     37     45 
 20260323    17:28:00       0    148     37     41 
 20260323    17:28:00       1    152     39     46 
 20260323    17:28:00       2    154     38     46 
 20260323    17:28:00       3    160     37     45 
 20260323    17:28:30       0    133     35     41 
 20260323    17:28:30       1    137     37     45 
 20260323    17:28:30       2    139     37     46 
 20260323    17:28:30       3    146     35     43 
 20260323    17:29:00       0    132     35     41 
 20260323    17:29:00       1    137     37     45 
 20260323    17:29:00       2    138     37     46 
 20260323    17:29:00       3    144     35     43 
 20260323    17:29:30       0    147     37     41 
 20260323    17:29:30       1    152     39     46 
 20260323    17:29:30       2    155     38     46 
 20260323    17:29:30       3    159     37     45 
 20260323    17:30:00       0    146     37     41 
 20260323    17:30:00       1    151     39     46 
 20260323    17:30:00       2    154     38     46 
 20260323    17:30:00       3    158     37     45 
 20260323    17:30:30       0    147     37     41 
 20260323    17:30:30       1    151     39     46 
 20260323    17:30:30       2    155     38     46 
 20260323    17:30:30       3    159     37     45 
 20260323    17:31:00       0    147     37     41 
 20260323    17:31:00       1    151     39     46 
 20260323    17:31:00       2    155     38     46 
 20260323    17:31:00       3    159     37     45 
#Date        Time         gpu    pwr  gtemp  mtemp 
#YYYYMMDD    HH:MM:SS     Idx      W      C      C 
 20260323    17:31:30       0    464     47     55 
 20260323    17:31:30       1    340     46     57 
 20260323    17:31:30       2    351     45     57 
 20260323    17:31:30       3    475     47     59 
 20260323    17:32:00       0    132     35     41 
 20260323    17:32:00       1    164     39     48 
 20260323    17:32:00       2    140     38     46 
 20260323    17:32:00       3    144     35     43 
 20260323    17:32:30       0    146     37     41 
 20260323    17:32:30       1    151     39     46 
 20260323    17:32:30       2    155     38     48 
 20260323    17:32:30       3    158     37     45 
 20260323    17:33:00       0    147     37     41 
 20260323    17:33:00       1    152     39     46 
 20260323    17:33:00       2    155     38     46 
 20260323    17:33:00       3    159     37     45 
 20260323    17:33:30       0    147     37     41 
 20260323    17:33:30       1    151     39     47 
 20260323    17:33:30       2    154     38     46 
 20260323    17:33:30       3    158     37     45 
 20260323    17:34:00       0    147     37     41 
 20260323    17:34:00       1    152     39     46 
 20260323    17:34:00       2    155     38     46 
 20260323    17:34:00       3    159     37     45 
 20260323    17:34:30       0    147     37     41 
 20260323    17:34:30       1    152     39     46 
 20260323    17:34:30       2    155     38     46 
 20260323    17:34:30       3    159     37     45 
 20260323    17:35:00       0    146     37     41 
 20260323    17:35:00       1    151     39     46 
 20260323    17:35:00       2    154     38     46 
 20260323    17:35:00       3    158     37     45 
 20260323    17:35:30       0    133     35     41 
 20260323    17:35:30       1    137     37     46 
 20260323    17:35:30       2    140     37     46 
 20260323    17:35:30       3    145     35     43 
 20260323    17:36:00       0    133     35     41 
 20260323    17:36:00       1    137     37     45 
 20260323    17:36:00       2    138     37     46 
 20260323    17:36:00       3    145     35     43 
 20260323    17:36:30       0    147     37     41 
 20260323    17:36:30       1    151     39     46 
 20260323    17:36:30       2    154     38     46 
 20260323    17:36:30       3    159     37     45 
#Date        Time         gpu    pwr  gtemp  mtemp 
#YYYYMMDD    HH:MM:SS     Idx      W      C      C 
 20260323    17:37:00       0    147     37     41 
 20260323    17:37:00       1    151     39     46 
 20260323    17:37:00       2    155     38     46 
 20260323    17:37:00       3    159     37     45 
 20260323    17:37:30       0    147     37     41 
 20260323    17:37:30       1    151     39     46 
 20260323    17:37:30       2    155     38     46 
 20260323    17:37:30       3    159     37     45 
 20260323    17:38:00       0    146     37     41 
 20260323    17:38:00       1    151     39     46 
 20260323    17:38:00       2    154     38     46 
 20260323    17:38:00       3    159     37     45 
 20260323    17:38:30       0    147     37     41 
 20260323    17:38:30       1    151     39     46 
 20260323    17:38:30       2    153     38     46 
 20260323    17:38:30       3    158     37     45 
 20260323    17:39:00       0    147     37     41 
 20260323    17:39:00       1    151     39     46 
 20260323    17:39:00       2    153     38     46 
 20260323    17:39:00       3    159     37     45 
 20260323    17:39:30       0    146     37     41 
 20260323    17:39:30       1    151     38     46 
 20260323    17:39:30       2    153     38     46 
 20260323    17:39:30       3    158     37     45 
 20260323    17:40:00       0    147     37     41 
 20260323    17:40:00       1    151     39     46 
 20260323    17:40:00       2    153     38     46 
 20260323    17:40:00       3    159     37     45 
 20260323    17:40:30       0    147     37     41 
 20260323    17:40:30       1    151     39     46 
 20260323    17:40:30       2    153     38     46 
 20260323    17:40:30       3    159     37     45 
 20260323    17:41:00       0    147     37     41 
 20260323    17:41:00       1    152     39     46 
 20260323    17:41:00       2    154     38     46 
 20260323    17:41:00       3    159     37     45 
 20260323    17:41:30       0    147     37     41 
 20260323    17:41:30       1    152     39     46 
 20260323    17:41:30       2    154     38     46 
 20260323    17:41:30       3    159     37     45 
 20260323    17:42:00       0    147     37     41 
 20260323    17:42:00       1    152     39     46 
 20260323    17:42:00       2    153     38     46 
 20260323    17:42:00       3    159     37     45 
#Date        Time         gpu    pwr  gtemp  mtemp 
#YYYYMMDD    HH:MM:SS     Idx      W      C      C 
 20260323    17:42:30       0    147     37     41 
 20260323    17:42:30       1    152     39     46 
 20260323    17:42:30       2    154     38     46 
 20260323    17:42:30       3    159     37     45 
 20260323    17:43:00       0    134     35     41 
 20260323    17:43:00       1    137     37     45 
 20260323    17:43:00       2    140     37     46 
 20260323    17:43:00       3    145     35     43 
 20260323    17:43:30       0    177     38     41 
 20260323    17:43:30       1    161     40     46 
 20260323    17:43:30       2    177     39     46 
 20260323    17:43:30       3    180     38     45 
 20260323    17:44:00       0    147     37     41 
 20260323    17:44:00       1    151     39     46 
 20260323    17:44:00       2    153     38     46 
 20260323    17:44:00       3    159     37     45 
 20260323    17:44:30       0    146     37     41 
 20260323    17:44:30       1    151     39     46 
 20260323    17:44:30       2    153     38     46 
 20260323    17:44:30       3    158     37     45 
 20260323    17:45:00       0    146     37     41 
 20260323    17:45:00       1    151     39     46 
 20260323    17:45:00       2    153     38     46 
 20260323    17:45:00       3    158     37     45 
 20260323    17:45:30       0    147     37     41 
 20260323    17:45:30       1    152     39     46 
 20260323    17:45:30       2    154     38     46 
 20260323    17:45:30       3    159     37     45 
 20260323    17:46:00       0    463     46     56 
 20260323    17:46:00       1    346     45     57 
 20260323    17:46:00       2    348     44     54 
 20260323    17:46:00       3    470     46     59 
 20260323    17:46:30       0    133     35     41 
 20260323    17:46:30       1    167     39     47 
 20260323    17:46:30       2    139     37     47 
 20260323    17:46:30       3    144     35     43 
 20260323    17:47:00       0    147     37     41 
 20260323    17:47:00       1    152     39     47 
 20260323    17:47:00       2    154     38     46 
 20260323    17:47:00       3    159     37     45 
 20260323    17:47:30       0    146     37     41 
 20260323    17:47:30       1    151     39     46 
 20260323    17:47:30       2    153     38     46 
 20260323    17:47:30       3    158     37     45 
#Date        Time         gpu    pwr  gtemp  mtemp 
#YYYYMMDD    HH:MM:SS     Idx      W      C      C 
 20260323    17:48:00       0    147     37     41 
 20260323    17:48:00       1    152     39     46 
 20260323    17:48:00       2    154     38     46 
 20260323    17:48:00       3    159     37     45 
 20260323    17:48:30       0    147     37     41 
 20260323    17:48:30       1    151     38     46 
 20260323    17:48:30       2    153     38     46 
 20260323    17:48:30       3    158     37     45 
 20260323    17:49:00       0    146     37     41 
 20260323    17:49:00       1    150     39     46 
 20260323    17:49:00       2    152     38     46 
 20260323    17:49:00       3    158     37     45 
 20260323    17:49:30       0    147     37     41 
 20260323    17:49:30       1    152     38     46 
 20260323    17:49:30       2    154     38     46 
 20260323    17:49:30       3    159     37     45 
 20260323    17:50:00       0    133     36     42 
 20260323    17:50:00       1    137     38     46 
 20260323    17:50:00       2    139     37     47 
 20260323    17:50:00       3    144     35     44 
 20260323    17:50:30       0    133     35     41 
 20260323    17:50:30       1    137     37     45 
 20260323    17:50:30       2    138     37     46 
 20260323    17:50:30       3    144     35     43 
 20260323    17:51:00       0    147     37     41 
 20260323    17:51:00       1    151     38     46 
 20260323    17:51:00       2    153     38     46 
 20260323    17:51:00       3    159     37     45 
 20260323    17:51:30       0    147     37     41 
 20260323    17:51:30       1    152     39     46 
 20260323    17:51:30       2    154     38     46 
 20260323    17:51:30       3    159     37     45 
 20260323    17:52:00       0    147     37     41 
 20260323    17:52:00       1    152     39     46 
 20260323    17:52:00       2    154     38     46 
 20260323    17:52:00       3    159     37     45 
 20260323    17:52:30       0    146     37     41 
 20260323    17:52:30       1    151     39     46 
 20260323    17:52:30       2    153     38     46 
 20260323    17:52:30       3    158     37     45 
 20260323    17:53:00       0    133     35     41 
 20260323    17:53:00       1    137     37     45 
 20260323    17:53:00       2    139     37     46 
 20260323    17:53:00       3    144     35     43 
#Date        Time         gpu    pwr  gtemp  mtemp 
#YYYYMMDD    HH:MM:SS     Idx      W      C      C 
 20260323    17:53:30       0    361     38     43 
 20260323    17:53:30       1    359     42     50 
 20260323    17:53:30       2    331     42     50 
 20260323    17:53:30       3    350     38     47 
 20260323    17:54:00       0    147     37     41 
 20260323    17:54:00       1    152     39     46 
 20260323    17:54:00       2    158     38     46 
 20260323    17:54:00       3    160     37     45 
