#Date        Time         gpu    pwr  gtemp  mtemp 
#YYYYMMDD    HH:MM:SS     Idx      W      C      C 
 20260321    07:52:10       0     87     34     41 
 20260321    07:52:10       1     95     35     43 
 20260321    07:52:10       2     86     35     45 
 20260321    07:52:10       3    100     34     42 
 20260321    07:52:40       0    136     36     43 
 20260321    07:52:40       1    144     37     45 
 20260321    07:52:40       2    139     37     45 
 20260321    07:52:40       3    150     36     44 
 20260321    07:53:10       0    136     36     43 
 20260321    07:53:10       1    144     37     45 
 20260321    07:53:10       2    139     37     46 
 20260321    07:53:10       3    150     37     44 
 20260321    07:53:40       0    136     36     43 
 20260321    07:53:40       1    144     37     45 
 20260321    07:53:40       2    139     37     45 
 20260321    07:53:40       3    150     37     44 
 20260321    07:54:10       0    136     36     43 
 20260321    07:54:10       1    143     37     45 
 20260321    07:54:10       2    139     37     45 
 20260321    07:54:10       3    150     37     44 
 20260321    07:54:40       0    136     36     43 
 20260321    07:54:40       1    144     37     45 
 20260321    07:54:40       2    139     37     45 
 20260321    07:54:40       3    150     37     44 
 20260321    07:55:10       0    136     36     43 
 20260321    07:55:10       1    144     37     45 
 20260321    07:55:10       2    139     37     45 
 20260321    07:55:10       3    150     37     44 
 20260321    07:55:40       0    135     36     43 
 20260321    07:55:40       1    144     37     45 
 20260321    07:55:40       2    139     37     46 
 20260321    07:55:40       3    150     37     44 
 20260321    07:56:10       0    135     36     43 
 20260321    07:56:10       1    144     37     45 
 20260321    07:56:10       2    139     37     46 
 20260321    07:56:10       3    150     37     44 
 20260321    07:56:40       0    135     36     43 
 20260321    07:56:40       1    143     37     45 
 20260321    07:56:40       2    139     37     46 
 20260321    07:56:40       3    150     37     44 
 20260321    07:57:10       0    135     36     43 
 20260321    07:57:10       1    144     37     45 
 20260321    07:57:10       2    139     37     45 
 20260321    07:57:10       3    150     37     44 
#Date        Time         gpu    pwr  gtemp  mtemp 
#YYYYMMDD    HH:MM:SS     Idx      W      C      C 
 20260321    07:57:40       0    135     36     43 
 20260321    07:57:40       1    143     37     45 
 20260321    07:57:40       2    139     37     45 
 20260321    07:57:40       3    150     37     44 
 20260321    07:58:10       0    135     36     43 
 20260321    07:58:10       1    144     37     45 
 20260321    07:58:10       2    139     37     45 
 20260321    07:58:10       3    150     37     44 
 20260321    07:58:40       0    135     36     43 
 20260321    07:58:40       1    144     37     46 
 20260321    07:58:40       2    139     37     46 
 20260321    07:58:40       3    150     37     44 
 20260321    07:59:10       0    135     36     43 
 20260321    07:59:10       1    143     37     45 
 20260321    07:59:10       2    139     37     45 
 20260321    07:59:10       3    150     37     44 
 20260321    07:59:40       0    135     36     43 
 20260321    07:59:40       1    144     37     45 
 20260321    07:59:40       2    139     37     45 
 20260321    07:59:40       3    150     37     44 
 20260321    08:00:10       0    135     36     43 
 20260321    08:00:10       1    143     37     45 
 20260321    08:00:10       2    139     37     46 
 20260321    08:00:10       3    150     37     44 
 20260321    08:00:40       0    135     36     43 
 20260321    08:00:40       1    143     37     45 
 20260321    08:00:40       2    139     37     45 
 20260321    08:00:40       3    150     37     44 
 20260321    08:01:10       0    135     36     43 
 20260321    08:01:10       1    144     37     45 
 20260321    08:01:10       2    139     37     45 
 20260321    08:01:10       3    150     37     44 
 20260321    08:01:40       0    135     36     43 
 20260321    08:01:40       1    143     37     45 
 20260321    08:01:40       2    139     37     45 
 20260321    08:01:40       3    150     37     44 
 20260321    08:02:10       0    135     36     43 
 20260321    08:02:10       1    144     37     46 
 20260321    08:02:10       2    139     37     46 
 20260321    08:02:10       3    150     37     44 
 20260321    08:02:40       0    135     36     43 
 20260321    08:02:40       1    144     37     45 
 20260321    08:02:40       2    139     37     46 
 20260321    08:02:40       3    150     37     44 
#Date        Time         gpu    pwr  gtemp  mtemp 
#YYYYMMDD    HH:MM:SS     Idx      W      C      C 
 20260321    08:03:10       0    135     36     43 
 20260321    08:03:10       1    144     37     46 
 20260321    08:03:10       2    139     38     45 
 20260321    08:03:10       3    150     37     44 
 20260321    08:03:40       0    135     36     43 
 20260321    08:03:40       1    144     37     46 
 20260321    08:03:40       2    139     37     46 
 20260321    08:03:40       3    150     37     44 
 20260321    08:04:10       0    135     36     43 
 20260321    08:04:10       1    144     37     46 
 20260321    08:04:10       2    139     37     46 
 20260321    08:04:10       3    150     37     44 
 20260321    08:04:40       0    135     36     43 
 20260321    08:04:40       1    143     37     46 
 20260321    08:04:40       2    139     37     46 
 20260321    08:04:40       3    150     37     44 
 20260321    08:05:10       0    135     36     43 
 20260321    08:05:10       1    144     37     45 
 20260321    08:05:10       2    139     37     45 
 20260321    08:05:10       3    150     37     44 
 20260321    08:05:40       0    135     36     43 
 20260321    08:05:40       1    144     37     45 
 20260321    08:05:40       2    139     37     45 
 20260321    08:05:40       3    150     37     44 
 20260321    08:06:10       0    135     36     43 
 20260321    08:06:10       1    144     37     46 
 20260321    08:06:10       2    139     38     46 
 20260321    08:06:10       3    150     37     44 
 20260321    08:06:40       0    135     36     43 
 20260321    08:06:40       1    144     37     45 
 20260321    08:06:40       2    139     37     46 
 20260321    08:06:40       3    150     37     44 
 20260321    08:07:10       0    135     36     43 
 20260321    08:07:10       1    143     37     45 
 20260321    08:07:10       2    139     37     45 
 20260321    08:07:10       3    150     37     44 
 20260321    08:07:40       0    135     36     43 
 20260321    08:07:40       1    143     37     45 
 20260321    08:07:40       2    139     37     46 
 20260321    08:07:40       3    150     37     44 
 20260321    08:08:10       0    135     36     43 
 20260321    08:08:10       1    144     37     45 
 20260321    08:08:10       2    139     37     45 
 20260321    08:08:10       3    150     37     44 
#Date        Time         gpu    pwr  gtemp  mtemp 
#YYYYMMDD    HH:MM:SS     Idx      W      C      C 
 20260321    08:08:40       0    135     36     43 
 20260321    08:08:40       1    143     37     45 
 20260321    08:08:40       2    139     37     46 
 20260321    08:08:40       3    150     37     44 
 20260321    08:09:10       0    135     36     43 
 20260321    08:09:10       1    143     37     45 
 20260321    08:09:10       2    139     37     45 
 20260321    08:09:10       3    150     37     44 
 20260321    08:09:40       0    135     36     43 
 20260321    08:09:40       1    143     37     45 
 20260321    08:09:40       2    139     37     45 
 20260321    08:09:40       3    150     37     44 
 20260321    08:10:10       0    135     36     43 
 20260321    08:10:10       1    144     37     45 
 20260321    08:10:10       2    139     37     45 
 20260321    08:10:10       3    150     37     44 
 20260321    08:10:40       0    135     36     43 
 20260321    08:10:40       1    144     37     45 
 20260321    08:10:40       2    139     37     46 
 20260321    08:10:40       3    150     37     44 
 20260321    08:11:10       0    135     36     43 
 20260321    08:11:10       1    143     37     45 
 20260321    08:11:10       2    139     37     46 
 20260321    08:11:10       3    150     37     44 
 20260321    08:11:40       0    135     36     43 
 20260321    08:11:40       1    143     37     45 
 20260321    08:11:40       2    139     37     46 
 20260321    08:11:40       3    150     37     44 
 20260321    08:12:10       0    135     36     43 
 20260321    08:12:10       1    143     37     45 
 20260321    08:12:10       2    139     37     46 
 20260321    08:12:10       3    150     37     44 
 20260321    08:12:40       0    135     36     43 
 20260321    08:12:40       1    143     37     45 
 20260321    08:12:40       2    139     37     45 
 20260321    08:12:40       3    150     37     44 
 20260321    08:13:10       0    135     36     43 
 20260321    08:13:10       1    143     37     45 
 20260321    08:13:10       2    139     37     45 
 20260321    08:13:10       3    150     37     44 
 20260321    08:13:40       0    135     36     43 
 20260321    08:13:40       1    144     37     45 
 20260321    08:13:40       2    139     37     46 
 20260321    08:13:40       3    150     37     44 
#Date        Time         gpu    pwr  gtemp  mtemp 
#YYYYMMDD    HH:MM:SS     Idx      W      C      C 
 20260321    08:14:10       0    135     36     43 
 20260321    08:14:10       1    143     37     45 
 20260321    08:14:10       2    139     37     45 
 20260321    08:14:10       3    150     37     44 
 20260321    08:14:40       0    135     36     43 
 20260321    08:14:40       1    143     37     45 
 20260321    08:14:40       2    139     37     46 
 20260321    08:14:40       3    150     37     44 
 20260321    08:15:10       0    135     36     43 
 20260321    08:15:10       1    143     37     45 
 20260321    08:15:10       2    139     37     45 
 20260321    08:15:10       3    150     37     44 
 20260321    08:15:40       0    135     36     43 
 20260321    08:15:40       1    143     37     45 
 20260321    08:15:40       2    139     37     45 
 20260321    08:15:40       3    150     37     44 
 20260321    08:16:10       0    135     36     43 
 20260321    08:16:10       1    143     37     45 
 20260321    08:16:10       2    139     37     45 
 20260321    08:16:10       3    150     37     45 
 20260321    08:16:40       0    135     36     43 
 20260321    08:16:40       1    143     37     45 
 20260321    08:16:40       2    139     37     45 
 20260321    08:16:40       3    150     37     44 
 20260321    08:17:10       0    135     36     43 
 20260321    08:17:10       1    143     37     45 
 20260321    08:17:10       2    139     37     45 
 20260321    08:17:10       3    150     37     44 
 20260321    08:17:40       0    135     36     43 
 20260321    08:17:40       1    143     37     45 
 20260321    08:17:40       2    139     37     46 
 20260321    08:17:40       3    150     37     44 
 20260321    08:18:10       0    135     36     43 
 20260321    08:18:10       1    144     37     45 
 20260321    08:18:10       2    139     37     45 
 20260321    08:18:10       3    150     37     44 
 20260321    08:18:40       0    135     36     43 
 20260321    08:18:40       1    143     37     45 
 20260321    08:18:40       2    139     37     45 
 20260321    08:18:40       3    150     37     44 
 20260321    08:19:10       0    135     36     43 
 20260321    08:19:10       1    143     37     45 
 20260321    08:19:10       2    139     37     45 
 20260321    08:19:10       3    150     37     44 
#Date        Time         gpu    pwr  gtemp  mtemp 
#YYYYMMDD    HH:MM:SS     Idx      W      C      C 
 20260321    08:19:40       0    135     36     43 
 20260321    08:19:40       1    143     37     45 
 20260321    08:19:40       2    139     37     45 
 20260321    08:19:40       3    150     37     44 
 20260321    08:20:10       0    135     36     43 
 20260321    08:20:10       1    143     37     45 
 20260321    08:20:10       2    139     37     45 
 20260321    08:20:10       3    150     37     44 
 20260321    08:20:40       0    135     36     43 
 20260321    08:20:40       1    143     37     45 
 20260321    08:20:40       2    139     37     46 
 20260321    08:20:40       3    150     37     44 
 20260321    08:21:10       0    135     36     43 
 20260321    08:21:10       1    143     37     45 
 20260321    08:21:10       2    139     37     45 
 20260321    08:21:10       3    150     37     44 
 20260321    08:21:40       0    135     36     43 
 20260321    08:21:40       1    143     37     45 
 20260321    08:21:40       2    139     37     45 
 20260321    08:21:40       3    150     37     44 
 20260321    08:22:10       0    135     36     43 
 20260321    08:22:10       1    143     37     45 
 20260321    08:22:10       2    139     37     45 
 20260321    08:22:10       3    150     37     44 
 20260321    08:22:40       0    135     36     43 
 20260321    08:22:40       1    143     37     45 
 20260321    08:22:40       2    139     37     45 
 20260321    08:22:40       3    150     37     44 
 20260321    08:23:10       0    135     36     43 
 20260321    08:23:10       1    143     37     45 
 20260321    08:23:10       2    139     37     45 
 20260321    08:23:10       3    150     37     44 
 20260321    08:23:40       0    135     36     43 
 20260321    08:23:40       1    143     37     45 
 20260321    08:23:40       2    139     37     45 
 20260321    08:23:40       3    150     37     44 
 20260321    08:24:10       0    135     36     43 
 20260321    08:24:10       1    143     37     46 
 20260321    08:24:10       2    139     37     46 
 20260321    08:24:10       3    150     37     44 
 20260321    08:24:40       0    135     36     43 
 20260321    08:24:40       1    143     37     45 
 20260321    08:24:40       2    139     37     45 
 20260321    08:24:40       3    150     37     44 
#Date        Time         gpu    pwr  gtemp  mtemp 
#YYYYMMDD    HH:MM:SS     Idx      W      C      C 
 20260321    08:25:10       0    135     36     43 
 20260321    08:25:10       1    143     37     45 
 20260321    08:25:10       2    139     37     46 
 20260321    08:25:10       3    150     37     44 
 20260321    08:25:40       0    135     36     43 
 20260321    08:25:40       1    143     37     45 
 20260321    08:25:40       2    139     37     45 
 20260321    08:25:40       3    150     37     44 
 20260321    08:26:10       0    135     36     43 
 20260321    08:26:10       1    143     37     45 
 20260321    08:26:10       2    139     37     45 
 20260321    08:26:10       3    150     37     44 
 20260321    08:26:40       0    135     36     43 
 20260321    08:26:40       1    143     37     45 
 20260321    08:26:40       2    139     37     45 
 20260321    08:26:40       3    150     37     44 
 20260321    08:27:10       0    135     36     43 
 20260321    08:27:10       1    143     37     45 
 20260321    08:27:10       2    139     37     45 
 20260321    08:27:10       3    150     37     44 
 20260321    08:27:40       0    135     36     43 
 20260321    08:27:40       1    143     37     45 
 20260321    08:27:40       2    139     37     45 
 20260321    08:27:40       3    150     37     44 
 20260321    08:28:10       0    135     36     43 
 20260321    08:28:10       1    143     37     45 
 20260321    08:28:10       2    139     37     45 
 20260321    08:28:10       3    150     37     44 
 20260321    08:28:40       0    135     36     43 
 20260321    08:28:40       1    143     37     45 
 20260321    08:28:40       2    139     37     45 
 20260321    08:28:40       3    150     37     44 
 20260321    08:29:10       0    135     36     43 
 20260321    08:29:10       1    143     37     45 
 20260321    08:29:10       2    139     37     45 
 20260321    08:29:10       3    150     37     44 
 20260321    08:29:40       0    135     36     43 
 20260321    08:29:40       1    143     37     45 
 20260321    08:29:40       2    139     37     45 
 20260321    08:29:40       3    150     37     44 
 20260321    08:30:10       0    135     36     43 
 20260321    08:30:10       1    143     37     45 
 20260321    08:30:10       2    139     37     45 
 20260321    08:30:10       3    150     37     44 
#Date        Time         gpu    pwr  gtemp  mtemp 
#YYYYMMDD    HH:MM:SS     Idx      W      C      C 
 20260321    08:30:40       0    135     36     43 
 20260321    08:30:40       1    143     37     45 
 20260321    08:30:40       2    139     37     45 
 20260321    08:30:40       3    150     37     44 
 20260321    08:31:10       0    135     36     43 
 20260321    08:31:10       1    143     37     45 
 20260321    08:31:10       2    139     37     45 
 20260321    08:31:10       3    150     37     44 
 20260321    08:31:40       0    135     36     43 
 20260321    08:31:40       1    143     37     45 
 20260321    08:31:40       2    139     37     45 
 20260321    08:31:40       3    150     37     44 
 20260321    08:32:10       0    135     36     43 
 20260321    08:32:10       1    143     37     45 
 20260321    08:32:10       2    139     37     46 
 20260321    08:32:10       3    150     37     44 
 20260321    08:32:40       0    135     36     43 
 20260321    08:32:40       1    143     37     45 
 20260321    08:32:40       2    139     37     45 
 20260321    08:32:40       3    150     37     44 
 20260321    08:33:10       0    135     36     43 
 20260321    08:33:10       1    143     37     45 
 20260321    08:33:10       2    139     37     45 
 20260321    08:33:10       3    150     37     44 
 20260321    08:33:40       0    135     36     43 
 20260321    08:33:40       1    143     37     45 
 20260321    08:33:40       2    139     37     45 
 20260321    08:33:40       3    150     37     44 
 20260321    08:34:10       0    135     36     43 
 20260321    08:34:10       1    143     37     45 
 20260321    08:34:10       2    139     37     46 
 20260321    08:34:10       3    150     37     44 
 20260321    08:34:40       0    135     36     43 
 20260321    08:34:40       1    143     37     45 
 20260321    08:34:40       2    139     37     45 
 20260321    08:34:40       3    150     37     44 
 20260321    08:35:10       0    135     36     43 
 20260321    08:35:10       1    143     37     45 
 20260321    08:35:10       2    139     37     45 
 20260321    08:35:10       3    150     37     44 
 20260321    08:35:40       0    135     36     43 
 20260321    08:35:40       1    143     37     45 
 20260321    08:35:40       2    139     37     45 
 20260321    08:35:40       3    150     37     44 
#Date        Time         gpu    pwr  gtemp  mtemp 
#YYYYMMDD    HH:MM:SS     Idx      W      C      C 
 20260321    08:36:10       0    135     36     43 
 20260321    08:36:10       1    143     37     45 
 20260321    08:36:10       2    139     37     46 
 20260321    08:36:10       3    150     37     44 
 20260321    08:36:40       0    135     36     43 
 20260321    08:36:40       1    144     37     45 
 20260321    08:36:40       2    139     37     45 
 20260321    08:36:40       3    150     37     44 
 20260321    08:37:10       0    135     36     43 
 20260321    08:37:10       1    143     37     45 
 20260321    08:37:10       2    139     37     45 
 20260321    08:37:10       3    150     37     44 
 20260321    08:37:40       0    135     36     43 
 20260321    08:37:40       1    143     37     45 
 20260321    08:37:40       2    139     37     45 
 20260321    08:37:40       3    150     37     44 
 20260321    08:38:10       0    135     36     43 
 20260321    08:38:10       1    143     37     45 
 20260321    08:38:10       2    139     37     45 
 20260321    08:38:10       3    150     37     44 
 20260321    08:38:40       0    135     36     43 
 20260321    08:38:40       1    143     37     45 
 20260321    08:38:40       2    138     37     45 
 20260321    08:38:40       3    150     36     44 
 20260321    08:39:10       0    135     36     43 
 20260321    08:39:10       1    143     37     45 
 20260321    08:39:10       2    139     37     46 
 20260321    08:39:10       3    150     36     44 
 20260321    08:39:40       0    135     36     43 
 20260321    08:39:40       1    143     37     45 
 20260321    08:39:40       2    139     37     45 
 20260321    08:39:40       3    150     36     44 
 20260321    08:40:10       0    135     36     43 
 20260321    08:40:10       1    143     37     45 
 20260321    08:40:10       2    138     37     45 
 20260321    08:40:10       3    150     36     44 
 20260321    08:40:40       0    135     36     43 
 20260321    08:40:40       1    143     37     45 
 20260321    08:40:40       2    139     37     45 
 20260321    08:40:40       3    150     36     44 
 20260321    08:41:10       0    135     36     43 
 20260321    08:41:10       1    143     37     45 
 20260321    08:41:10       2    139     37     45 
 20260321    08:41:10       3    150     36     44 
#Date        Time         gpu    pwr  gtemp  mtemp 
#YYYYMMDD    HH:MM:SS     Idx      W      C      C 
 20260321    08:41:40       0    135     36     43 
 20260321    08:41:40       1    143     37     45 
 20260321    08:41:40       2    139     37     45 
 20260321    08:41:40       3    150     36     44 
 20260321    08:42:10       0    135     36     43 
 20260321    08:42:10       1    143     37     45 
 20260321    08:42:10       2    139     37     45 
 20260321    08:42:10       3    150     36     44 
 20260321    08:42:40       0    135     36     43 
 20260321    08:42:40       1    143     37     45 
 20260321    08:42:40       2    139     37     45 
 20260321    08:42:40       3    150     36     44 
 20260321    08:43:10       0    135     36     43 
 20260321    08:43:10       1    143     37     45 
 20260321    08:43:10       2    139     37     45 
 20260321    08:43:10       3    150     36     44 
 20260321    08:43:40       0    135     36     43 
 20260321    08:43:40       1    143     37     45 
 20260321    08:43:40       2    139     37     45 
 20260321    08:43:40       3    150     36     44 
 20260321    08:44:11       0    135     36     43 
 20260321    08:44:11       1    144     37     45 
 20260321    08:44:11       2    139     37     45 
 20260321    08:44:11       3    150     36     44 
 20260321    08:44:41       0    135     36     43 
 20260321    08:44:41       1    143     37     45 
 20260321    08:44:41       2    139     37     45 
 20260321    08:44:41       3    150     37     44 
 20260321    08:45:11       0    135     36     43 
 20260321    08:45:11       1    143     37     45 
 20260321    08:45:11       2    139     37     45 
 20260321    08:45:11       3    150     36     44 
 20260321    08:45:41       0    135     36     43 
 20260321    08:45:41       1    143     37     45 
 20260321    08:45:41       2    139     37     45 
 20260321    08:45:41       3    150     36     44 
 20260321    08:46:11       0    135     36     43 
 20260321    08:46:11       1    143     37     45 
 20260321    08:46:11       2    139     37     45 
 20260321    08:46:11       3    150     36     44 
 20260321    08:46:41       0    135     36     43 
 20260321    08:46:41       1    144     37     45 
 20260321    08:46:41       2    139     37     46 
 20260321    08:46:41       3    150     37     44 
#Date        Time         gpu    pwr  gtemp  mtemp 
#YYYYMMDD    HH:MM:SS     Idx      W      C      C 
 20260321    08:47:11       0    135     36     43 
 20260321    08:47:11       1    144     37     45 
 20260321    08:47:11       2    139     37     45 
 20260321    08:47:11       3    150     36     44 
 20260321    08:47:41       0    135     36     43 
 20260321    08:47:41       1    143     37     45 
 20260321    08:47:41       2    139     37     46 
 20260321    08:47:41       3    150     37     44 
 20260321    08:48:11       0    135     36     43 
 20260321    08:48:11       1    143     37     45 
 20260321    08:48:11       2    139     37     46 
 20260321    08:48:11       3    150     37     44 
 20260321    08:48:41       0    135     36     43 
 20260321    08:48:41       1    143     37     45 
 20260321    08:48:41       2    139     37     45 
 20260321    08:48:41       3    150     36     44 
 20260321    08:49:11       0    135     36     43 
 20260321    08:49:11       1    143     37     45 
 20260321    08:49:11       2    139     37     45 
 20260321    08:49:11       3    150     36     44 
 20260321    08:49:41       0    135     36     43 
 20260321    08:49:41       1    144     37     45 
 20260321    08:49:41       2    139     37     45 
 20260321    08:49:41       3    150     36     44 
 20260321    08:50:11       0    135     36     43 
 20260321    08:50:11       1    143     37     45 
 20260321    08:50:11       2    139     37     45 
 20260321    08:50:11       3    150     37     44 
 20260321    08:50:41       0    135     36     43 
 20260321    08:50:41       1    143     37     45 
 20260321    08:50:41       2    139     37     45 
 20260321    08:50:41       3    150     37     44 
 20260321    08:51:11       0    135     36     43 
 20260321    08:51:11       1    144     37     45 
 20260321    08:51:11       2    139     37     45 
 20260321    08:51:11       3    150     37     44 
 20260321    08:51:41       0    135     36     43 
 20260321    08:51:41       1    143     37     45 
 20260321    08:51:41       2    139     37     45 
 20260321    08:51:41       3    150     37     44 
 20260321    08:52:11       0    135     36     43 
 20260321    08:52:11       1    143     37     45 
 20260321    08:52:11       2    139     37     45 
 20260321    08:52:11       3    150     37     44 
#Date        Time         gpu    pwr  gtemp  mtemp 
#YYYYMMDD    HH:MM:SS     Idx      W      C      C 
 20260321    08:52:41       0    135     36     43 
 20260321    08:52:41       1    144     37     45 
 20260321    08:52:41       2    139     37     45 
 20260321    08:52:41       3    150     37     44 
 20260321    08:53:11       0    135     36     43 
 20260321    08:53:11       1    143     37     45 
 20260321    08:53:11       2    139     37     45 
 20260321    08:53:11       3    150     36     44 
 20260321    08:53:41       0    135     36     43 
 20260321    08:53:41       1    143     37     45 
 20260321    08:53:41       2    139     37     45 
 20260321    08:53:41       3    150     36     44 
 20260321    08:54:11       0    135     36     43 
 20260321    08:54:11       1    143     37     45 
 20260321    08:54:11       2    139     37     45 
 20260321    08:54:11       3    150     36     44 
 20260321    08:54:41       0    135     36     43 
 20260321    08:54:41       1    144     37     45 
 20260321    08:54:41       2    139     37     46 
 20260321    08:54:41       3    150     37     44 
 20260321    08:55:11       0    135     36     43 
 20260321    08:55:11       1    145     37     45 
 20260321    08:55:11       2    140     37     45 
 20260321    08:55:11       3    150     37     44 
 20260321    08:55:41       0    135     36     43 
 20260321    08:55:41       1    144     37     45 
 20260321    08:55:41       2    139     37     46 
 20260321    08:55:41       3    150     36     44 
 20260321    08:56:11       0    135     36     43 
 20260321    08:56:11       1    143     37     45 
 20260321    08:56:11       2    139     37     45 
 20260321    08:56:11       3    150     36     44 
 20260321    08:56:41       0    135     36     43 
 20260321    08:56:41       1    143     37     45 
 20260321    08:56:41       2    139     37     45 
 20260321    08:56:41       3    150     36     44 
 20260321    08:57:11       0    135     36     43 
 20260321    08:57:11       1    143     37     45 
 20260321    08:57:11       2    139     37     45 
 20260321    08:57:11       3    150     37     44 
 20260321    08:57:41       0    135     36     43 
 20260321    08:57:41       1    143     37     45 
 20260321    08:57:41       2    140     37     45 
 20260321    08:57:41       3    150     37     44 
#Date        Time         gpu    pwr  gtemp  mtemp 
#YYYYMMDD    HH:MM:SS     Idx      W      C      C 
 20260321    08:58:11       0    135     36     43 
 20260321    08:58:11       1    143     37     45 
 20260321    08:58:11       2    139     37     45 
 20260321    08:58:11       3    148     36     44 
 20260321    08:58:41       0    143     36     43 
 20260321    08:58:41       1    152     38     45 
 20260321    08:58:41       2    146     38     45 
 20260321    08:58:41       3    157     38     44 
 20260321    08:59:11       0    144     36     43 
 20260321    08:59:11       1    154     38     45 
 20260321    08:59:11       2    152     38     46 
 20260321    08:59:11       3    162     37     44 
 20260321    08:59:41       0    135     36     43 
 20260321    08:59:41       1    144     37     45 
 20260321    08:59:41       2    140     37     45 
 20260321    08:59:41       3    151     37     44 
 20260321    09:00:11       0    135     36     43 
 20260321    09:00:11       1    144     37     45 
 20260321    09:00:11       2    140     37     45 
 20260321    09:00:11       3    151     37     44 
 20260321    09:00:41       0    135     36     43 
 20260321    09:00:41       1    143     37     45 
 20260321    09:00:41       2    140     37     45 
 20260321    09:00:41       3    150     37     44 
 20260321    09:01:11       0    135     36     43 
 20260321    09:01:11       1    143     37     45 
 20260321    09:01:11       2    139     37     45 
 20260321    09:01:11       3    150     37     44 
 20260321    09:01:41       0    135     36     43 
 20260321    09:01:41       1    143     37     45 
 20260321    09:01:41       2    140     37     45 
 20260321    09:01:41       3    150     37     44 
 20260321    09:02:11       0    136     36     43 
 20260321    09:02:11       1    144     37     45 
 20260321    09:02:11       2    141     37     45 
 20260321    09:02:11       3    150     37     44 
 20260321    09:02:41       0    135     36     43 
 20260321    09:02:41       1    144     37     45 
 20260321    09:02:41       2    141     37     45 
 20260321    09:02:41       3    150     37     44 
 20260321    09:03:11       0    135     36     43 
 20260321    09:03:11       1    144     37     45 
 20260321    09:03:11       2    141     37     45 
 20260321    09:03:11       3    150     37     44 
#Date        Time         gpu    pwr  gtemp  mtemp 
#YYYYMMDD    HH:MM:SS     Idx      W      C      C 
 20260321    09:03:41       0    135     36     43 
 20260321    09:03:41       1    143     37     45 
 20260321    09:03:41       2    140     37     46 
 20260321    09:03:41       3    150     37     44 
 20260321    09:04:11       0    135     36     43 
 20260321    09:04:11       1    143     37     45 
 20260321    09:04:11       2    140     37     45 
 20260321    09:04:11       3    150     37     44 
 20260321    09:04:41       0    134     36     43 
 20260321    09:04:41       1    143     37     45 
 20260321    09:04:41       2    140     37     45 
 20260321    09:04:41       3    150     36     44 
 20260321    09:05:11       0    135     36     43 
 20260321    09:05:11       1    143     37     45 
 20260321    09:05:11       2    140     37     45 
 20260321    09:05:11       3    150     36     44 
 20260321    09:05:41       0    135     36     43 
 20260321    09:05:41       1    143     37     45 
 20260321    09:05:41       2    139     37     45 
 20260321    09:05:41       3    150     36     44 
 20260321    09:06:11       0    135     36     43 
 20260321    09:06:11       1    143     37     45 
 20260321    09:06:11       2    139     37     45 
 20260321    09:06:11       3    150     36     44 
 20260321    09:06:41       0    135     36     43 
 20260321    09:06:41       1    143     37     45 
 20260321    09:06:41       2    139     37     46 
 20260321    09:06:41       3    150     36     44 
 20260321    09:07:11       0    135     36     43 
 20260321    09:07:11       1    143     37     45 
 20260321    09:07:11       2    139     37     46 
 20260321    09:07:11       3    150     36     44 
 20260321    09:07:41       0    136     36     43 
 20260321    09:07:41       1    144     37     45 
 20260321    09:07:41       2    139     37     45 
 20260321    09:07:41       3    150     36     44 
 20260321    09:08:11       0    136     36     43 
 20260321    09:08:11       1    144     37     45 
 20260321    09:08:11       2    139     37     45 
 20260321    09:08:11       3    150     36     44 
 20260321    09:08:41       0    135     36     43 
 20260321    09:08:41       1    143     37     45 
 20260321    09:08:41       2    138     37     46 
 20260321    09:08:41       3    150     36     44 
#Date        Time         gpu    pwr  gtemp  mtemp 
#YYYYMMDD    HH:MM:SS     Idx      W      C      C 
 20260321    09:09:11       0    135     36     43 
 20260321    09:09:11       1    143     37     45 
 20260321    09:09:11       2    139     37     45 
 20260321    09:09:11       3    150     37     44 
 20260321    09:09:41       0    135     36     43 
 20260321    09:09:41       1    143     37     45 
 20260321    09:09:41       2    139     37     45 
 20260321    09:09:41       3    150     37     44 
 20260321    09:10:11       0    144     36     43 
 20260321    09:10:11       1    153     38     45 
 20260321    09:10:11       2    148     38     45 
 20260321    09:10:11       3    160     38     45 
 20260321    09:10:41       0    135     36     43 
 20260321    09:10:41       1    144     37     45 
 20260321    09:10:41       2    140     37     46 
 20260321    09:10:41       3    150     37     44 
 20260321    09:11:11       0    135     36     43 
 20260321    09:11:11       1    143     37     45 
 20260321    09:11:11       2    140     37     45 
 20260321    09:11:11       3    150     37     44 
 20260321    09:11:41       0    135     36     43 
 20260321    09:11:41       1    144     37     45 
 20260321    09:11:41       2    140     37     46 
 20260321    09:11:41       3    150     37     44 
 20260321    09:12:11       0    135     36     43 
 20260321    09:12:11       1    144     37     45 
 20260321    09:12:11       2    140     37     46 
 20260321    09:12:11       3    150     37     44 
 20260321    09:12:41       0    135     36     43 
 20260321    09:12:41       1    144     37     45 
 20260321    09:12:41       2    140     37     45 
 20260321    09:12:41       3    150     37     44 
 20260321    09:13:11       0    135     36     43 
 20260321    09:13:11       1    143     37     45 
 20260321    09:13:11       2    140     37     46 
 20260321    09:13:11       3    149     37     45 
 20260321    09:13:41       0    135     36     43 
 20260321    09:13:41       1    144     37     45 
 20260321    09:13:41       2    140     37     45 
 20260321    09:13:41       3    149     37     44 
 20260321    09:14:11       0    135     36     43 
 20260321    09:14:11       1    143     37     45 
 20260321    09:14:11       2    140     37     45 
 20260321    09:14:11       3    149     36     44 
#Date        Time         gpu    pwr  gtemp  mtemp 
#YYYYMMDD    HH:MM:SS     Idx      W      C      C 
 20260321    09:14:41       0    135     36     43 
 20260321    09:14:41       1    143     37     45 
 20260321    09:14:41       2    140     37     45 
 20260321    09:14:41       3    149     36     44 
 20260321    09:15:11       0    135     35     43 
 20260321    09:15:11       1    143     37     45 
 20260321    09:15:11       2    139     37     45 
 20260321    09:15:11       3    149     36     44 
 20260321    09:15:41       0    135     35     43 
 20260321    09:15:41       1    143     37     45 
 20260321    09:15:41       2    140     37     45 
 20260321    09:15:41       3    149     36     44 
 20260321    09:16:11       0    135     36     43 
 20260321    09:16:11       1    144     37     45 
 20260321    09:16:11       2    140     37     46 
 20260321    09:16:11       3    149     36     44 
 20260321    09:16:41       0    135     36     43 
 20260321    09:16:41       1    144     37     45 
 20260321    09:16:41       2    140     37     45 
 20260321    09:16:41       3    149     36     44 
 20260321    09:17:11       0    135     36     43 
 20260321    09:17:11       1    144     37     45 
 20260321    09:17:11       2    140     37     45 
 20260321    09:17:11       3    149     36     44 
 20260321    09:17:41       0    135     35     43 
 20260321    09:17:41       1    143     37     45 
 20260321    09:17:41       2    140     37     45 
 20260321    09:17:41       3    149     36     44 
 20260321    09:18:11       0    135     35     43 
 20260321    09:18:11       1    143     37     45 
 20260321    09:18:11       2    139     37     45 
 20260321    09:18:11       3    149     36     44 
 20260321    09:18:41       0    143     37     43 
 20260321    09:18:41       1    152     38     45 
 20260321    09:18:41       2    148     38     45 
 20260321    09:18:41       3    158     38     44 
 20260321    09:19:11       0    135     36     43 
 20260321    09:19:11       1    144     37     45 
 20260321    09:19:11       2    140     37     45 
 20260321    09:19:11       3    149     36     44 
 20260321    09:19:41       0    135     36     43 
 20260321    09:19:41       1    144     37     45 
 20260321    09:19:41       2    140     37     45 
 20260321    09:19:41       3    149     36     44 
#Date        Time         gpu    pwr  gtemp  mtemp 
#YYYYMMDD    HH:MM:SS     Idx      W      C      C 
 20260321    09:20:11       0    135     36     43 
 20260321    09:20:11       1    143     37     45 
 20260321    09:20:11       2    140     37     45 
 20260321    09:20:11       3    149     36     44 
 20260321    09:20:41       0    135     36     43 
 20260321    09:20:41       1    144     37     45 
 20260321    09:20:41       2    139     37     45 
 20260321    09:20:41       3    149     36     44 
 20260321    09:21:11       0    135     36     43 
 20260321    09:21:11       1    143     37     45 
 20260321    09:21:11       2    140     37     45 
 20260321    09:21:11       3    149     36     44 
 20260321    09:21:41       0    143     36     43 
 20260321    09:21:41       1    153     38     45 
 20260321    09:21:41       2    150     38     45 
 20260321    09:21:41       3    158     37     44 
 20260321    09:22:11       0    135     36     43 
 20260321    09:22:11       1    143     37     45 
 20260321    09:22:11       2    140     37     45 
 20260321    09:22:11       3    149     37     44 
 20260321    09:22:41       0    135     36     43 
 20260321    09:22:41       1    143     37     45 
 20260321    09:22:41       2    140     37     45 
 20260321    09:22:41       3    149     37     44 
 20260321    09:23:11       0    135     36     43 
 20260321    09:23:11       1    143     37     45 
 20260321    09:23:11       2    140     37     45 
 20260321    09:23:11       3    149     37     44 
 20260321    09:23:41       0    135     36     43 
 20260321    09:23:41       1    143     37     45 
 20260321    09:23:41       2    140     37     45 
 20260321    09:23:41       3    149     36     44 
 20260321    09:24:11       0    135     36     43 
 20260321    09:24:11       1    143     37     45 
 20260321    09:24:11       2    140     37     45 
 20260321    09:24:11       3    149     36     44 
 20260321    09:24:41       0    136     36     43 
 20260321    09:24:41       1    143     37     45 
 20260321    09:24:41       2    141     37     45 
 20260321    09:24:41       3    149     36     44 
 20260321    09:25:11       0    135     36     43 
 20260321    09:25:11       1    144     37     45 
 20260321    09:25:11       2    140     37     45 
 20260321    09:25:11       3    149     36     44 
#Date        Time         gpu    pwr  gtemp  mtemp 
#YYYYMMDD    HH:MM:SS     Idx      W      C      C 
 20260321    09:25:41       0    135     36     43 
 20260321    09:25:41       1    143     37     45 
 20260321    09:25:41       2    140     37     45 
 20260321    09:25:41       3    149     36     44 
 20260321    09:26:11       0    135     36     43 
 20260321    09:26:11       1    143     37     45 
 20260321    09:26:11       2    140     37     45 
 20260321    09:26:11       3    149     36     44 
 20260321    09:26:41       0    135     36     43 
 20260321    09:26:41       1    143     37     45 
 20260321    09:26:41       2    140     37     45 
 20260321    09:26:41       3    149     36     44 
 20260321    09:27:11       0    135     36     43 
 20260321    09:27:11       1    143     37     45 
 20260321    09:27:11       2    142     37     46 
 20260321    09:27:11       3    149     36     44 
 20260321    09:27:41       0    136     36     43 
 20260321    09:27:41       1    144     37     45 
 20260321    09:27:41       2    140     37     45 
 20260321    09:27:41       3    150     36     44 
 20260321    09:28:11       0    136     36     43 
 20260321    09:28:11       1    144     37     45 
 20260321    09:28:11       2    140     37     45 
 20260321    09:28:11       3    150     37     44 
 20260321    09:28:41       0    135     36     43 
 20260321    09:28:41       1    144     37     45 
 20260321    09:28:41       2    140     37     45 
 20260321    09:28:41       3    150     37     44 
 20260321    09:29:11       0    135     36     43 
 20260321    09:29:11       1    144     37     45 
 20260321    09:29:11       2    140     37     45 
 20260321    09:29:11       3    150     37     44 
 20260321    09:29:41       0    135     36     43 
 20260321    09:29:41       1    143     37     45 
 20260321    09:29:41       2    140     37     45 
 20260321    09:29:41       3    150     37     44 
 20260321    09:30:11       0    136     36     43 
 20260321    09:30:11       1    144     37     45 
 20260321    09:30:11       2    140     37     46 
 20260321    09:30:11       3    150     37     44 
 20260321    09:30:41       0    135     36     43 
 20260321    09:30:41       1    144     37     45 
 20260321    09:30:41       2    140     37     45 
 20260321    09:30:41       3    150     37     44 
#Date        Time         gpu    pwr  gtemp  mtemp 
#YYYYMMDD    HH:MM:SS     Idx      W      C      C 
 20260321    09:31:11       0    135     36     43 
 20260321    09:31:11       1    144     37     45 
 20260321    09:31:11       2    139     37     45 
 20260321    09:31:11       3    150     37     44 
 20260321    09:31:41       0    135     36     43 
 20260321    09:31:41       1    143     37     45 
 20260321    09:31:41       2    139     37     45 
 20260321    09:31:41       3    150     36     44 
 20260321    09:32:11       0    135     36     43 
 20260321    09:32:11       1    143     37     45 
 20260321    09:32:11       2    140     37     45 
 20260321    09:32:11       3    150     37     44 
 20260321    09:32:41       0    144     36     43 
 20260321    09:32:41       1    153     38     45 
 20260321    09:32:41       2    148     38     45 
 20260321    09:32:41       3    159     38     45 
 20260321    09:33:11       0    135     36     43 
 20260321    09:33:11       1    144     37     46 
 20260321    09:33:11       2    141     37     45 
 20260321    09:33:11       3    150     37     44 
 20260321    09:33:41       0    135     36     43 
 20260321    09:33:41       1    143     37     45 
 20260321    09:33:41       2    141     37     45 
 20260321    09:33:41       3    150     37     44 
 20260321    09:34:11       0    135     36     43 
 20260321    09:34:11       1    143     37     45 
 20260321    09:34:11       2    140     37     46 
 20260321    09:34:11       3    150     37     44 
 20260321    09:34:41       0    135     36     43 
 20260321    09:34:41       1    143     37     45 
 20260321    09:34:41       2    140     37     45 
 20260321    09:34:41       3    150     37     44 
 20260321    09:35:11       0    135     36     43 
 20260321    09:35:11       1    143     37     45 
 20260321    09:35:11       2    140     37     46 
 20260321    09:35:11       3    150     37     44 
 20260321    09:35:41       0    142     36     43 
 20260321    09:35:41       1    152     38     45 
 20260321    09:35:41       2    147     38     45 
 20260321    09:35:41       3    158     37     44 
 20260321    09:36:11       0    135     36     43 
 20260321    09:36:11       1    143     37     45 
 20260321    09:36:11       2    141     37     45 
 20260321    09:36:11       3    150     37     44 
#Date        Time         gpu    pwr  gtemp  mtemp 
#YYYYMMDD    HH:MM:SS     Idx      W      C      C 
 20260321    09:36:41       0    134     36     43 
 20260321    09:36:41       1    144     37     45 
 20260321    09:36:41       2    140     37     45 
 20260321    09:36:41       3    150     36     44 
 20260321    09:37:11       0    135     36     43 
 20260321    09:37:11       1    144     37     45 
 20260321    09:37:11       2    140     37     45 
 20260321    09:37:11       3    150     36     44 
 20260321    09:37:41       0    134     36     43 
 20260321    09:37:41       1    143     37     45 
 20260321    09:37:41       2    140     37     45 
 20260321    09:37:41       3    150     36     44 
 20260321    09:38:11       0    135     36     43 
 20260321    09:38:11       1    143     37     45 
 20260321    09:38:11       2    140     37     46 
 20260321    09:38:11       3    150     36     44 
 20260321    09:38:41       0    136     36     43 
 20260321    09:38:41       1    143     37     45 
 20260321    09:38:41       2    141     37     45 
 20260321    09:38:41       3    149     36     44 
 20260321    09:39:11       0    136     36     43 
 20260321    09:39:11       1    143     37     45 
 20260321    09:39:11       2    141     37     45 
 20260321    09:39:11       3    149     36     44 
 20260321    09:39:41       0    135     36     43 
 20260321    09:39:41       1    143     37     45 
 20260321    09:39:41       2    140     37     45 
 20260321    09:39:41       3    149     36     44 
 20260321    09:40:11       0    135     36     43 
 20260321    09:40:11       1    144     37     45 
 20260321    09:40:11       2    140     37     45 
 20260321    09:40:11       3    149     36     44 
 20260321    09:40:41       0    135     36     43 
 20260321    09:40:41       1    143     37     45 
 20260321    09:40:41       2    140     37     45 
 20260321    09:40:41       3    149     36     44 
 20260321    09:41:11       0    142     36     43 
 20260321    09:41:11       1    152     38     45 
 20260321    09:41:11       2    146     38     45 
 20260321    09:41:11       3    157     37     44 
 20260321    09:41:41       0    135     36     43 
 20260321    09:41:41       1    144     37     45 
 20260321    09:41:41       2    139     37     45 
 20260321    09:41:41       3    150     36     44 
#Date        Time         gpu    pwr  gtemp  mtemp 
#YYYYMMDD    HH:MM:SS     Idx      W      C      C 
 20260321    09:42:11       0    135     36     43 
 20260321    09:42:11       1    144     37     45 
 20260321    09:42:11       2    139     37     46 
 20260321    09:42:11       3    150     36     44 
 20260321    09:42:41       0    135     36     43 
 20260321    09:42:41       1    144     37     45 
 20260321    09:42:41       2    139     37     45 
 20260321    09:42:41       3    150     36     44 
 20260321    09:43:11       0    135     36     43 
 20260321    09:43:11       1    144     37     45 
 20260321    09:43:11       2    139     37     45 
 20260321    09:43:11       3    150     36     44 
 20260321    09:43:41       0    135     36     43 
 20260321    09:43:41       1    144     37     45 
 20260321    09:43:41       2    139     37     46 
 20260321    09:43:41       3    150     36     44 
 20260321    09:44:11       0    135     36     43 
 20260321    09:44:11       1    144     37     45 
 20260321    09:44:11       2    140     37     45 
 20260321    09:44:11       3    150     37     44 
 20260321    09:44:41       0    135     36     43 
 20260321    09:44:41       1    144     37     45 
 20260321    09:44:41       2    139     37     45 
 20260321    09:44:41       3    150     36     44 
 20260321    09:45:11       0    135     36     43 
 20260321    09:45:11       1    144     37     45 
 20260321    09:45:11       2    139     37     45 
 20260321    09:45:11       3    150     36     44 
 20260321    09:45:41       0    135     36     43 
 20260321    09:45:41       1    144     37     45 
 20260321    09:45:41       2    139     37     45 
 20260321    09:45:41       3    150     36     44 
 20260321    09:46:11       0    135     36     43 
 20260321    09:46:11       1    144     37     45 
 20260321    09:46:11       2    139     37     45 
 20260321    09:46:11       3    150     37     44 
 20260321    09:46:41       0    195     37     43 
 20260321    09:46:41       1    195     39     47 
 20260321    09:46:41       2    174     39     47 
 20260321    09:46:41       3    177     38     46 
 20260321    09:47:11       0    135     36     43 
 20260321    09:47:11       1    143     37     45 
 20260321    09:47:11       2    140     37     45 
 20260321    09:47:11       3    151     37     44 
#Date        Time         gpu    pwr  gtemp  mtemp 
#YYYYMMDD    HH:MM:SS     Idx      W      C      C 
 20260321    09:47:41       0    135     36     43 
 20260321    09:47:41       1    143     37     45 
 20260321    09:47:41       2    139     37     45 
 20260321    09:47:41       3    150     36     44 
 20260321    09:48:11       0    135     36     43 
 20260321    09:48:11       1    143     37     45 
 20260321    09:48:11       2    139     37     46 
 20260321    09:48:11       3    150     36     44 
 20260321    09:48:41       0    135     36     43 
 20260321    09:48:41       1    143     37     45 
 20260321    09:48:41       2    139     37     45 
 20260321    09:48:41       3    150     36     44 
 20260321    09:49:11       0    135     36     43 
 20260321    09:49:11       1    143     37     45 
 20260321    09:49:11       2    140     37     45 
 20260321    09:49:11       3    150     36     44 
 20260321    09:49:41       0    134     36     43 
 20260321    09:49:41       1    143     37     45 
 20260321    09:49:41       2    140     37     45 
 20260321    09:49:41       3    149     36     44 
 20260321    09:50:11       0    135     36     43 
 20260321    09:50:11       1    143     37     45 
 20260321    09:50:11       2    140     37     45 
 20260321    09:50:11       3    149     36     44 
 20260321    09:50:41       0    135     36     43 
 20260321    09:50:41       1    143     37     45 
 20260321    09:50:41       2    139     37     45 
 20260321    09:50:41       3    149     36     44 
 20260321    09:51:11       0    135     36     43 
 20260321    09:51:11       1    143     37     45 
 20260321    09:51:11       2    140     37     45 
 20260321    09:51:11       3    149     36     44 
 20260321    09:51:41       0    135     36     43 
 20260321    09:51:41       1    143     37     45 
 20260321    09:51:41       2    140     37     45 
 20260321    09:51:41       3    149     36     44 
 20260321    09:52:11       0    135     36     43 
 20260321    09:52:11       1    143     37     45 
 20260321    09:52:11       2    140     37     46 
 20260321    09:52:11       3    149     36     44 
 20260321    09:52:41       0    135     36     43 
 20260321    09:52:41       1    144     37     45 
 20260321    09:52:41       2    139     37     45 
 20260321    09:52:41       3    150     37     44 
#Date        Time         gpu    pwr  gtemp  mtemp 
#YYYYMMDD    HH:MM:SS     Idx      W      C      C 
 20260321    09:53:11       0    135     36     43 
 20260321    09:53:11       1    143     37     45 
 20260321    09:53:11       2    139     37     45 
 20260321    09:53:11       3    150     36     44 
 20260321    09:53:41       0    135     36     43 
 20260321    09:53:41       1    144     37     45 
 20260321    09:53:41       2    139     37     45 
 20260321    09:53:41       3    150     36     44 
 20260321    09:54:11       0    135     36     43 
 20260321    09:54:11       1    144     37     45 
 20260321    09:54:11       2    139     37     45 
 20260321    09:54:11       3    150     36     44 
 20260321    09:54:41       0    135     36     43 
 20260321    09:54:41       1    143     37     45 
 20260321    09:54:41       2    139     37     45 
 20260321    09:54:41       3    150     36     44 
 20260321    09:55:11       0    143     36     43 
 20260321    09:55:11       1    153     38     45 
 20260321    09:55:11       2    146     38     45 
 20260321    09:55:11       3    159     37     44 
 20260321    09:55:41       0    136     36     43 
 20260321    09:55:41       1    143     37     45 
 20260321    09:55:41       2    139     37     45 
 20260321    09:55:41       3    150     36     44 
 20260321    09:56:11       0    135     36     43 
 20260321    09:56:11       1    143     37     45 
 20260321    09:56:11       2    139     37     45 
 20260321    09:56:11       3    150     36     44 
 20260321    09:56:41       0    143     36     43 
 20260321    09:56:41       1    145     37     45 
 20260321    09:56:41       2    149     37     45 
 20260321    09:56:41       3    151     36     44 
 20260321    09:57:11       0    135     35     43 
 20260321    09:57:11       1    143     37     45 
 20260321    09:57:11       2    140     37     45 
 20260321    09:57:11       3    151     36     44 
 20260321    09:57:41       0    141     36     43 
 20260321    09:57:41       1    145     37     46 
 20260321    09:57:41       2    140     37     45 
 20260321    09:57:41       3    151     36     44 
 20260321    09:58:11       0    136     35     43 
 20260321    09:58:11       1    144     37     45 
 20260321    09:58:11       2    140     37     45 
 20260321    09:58:11       3    150     36     44 
#Date        Time         gpu    pwr  gtemp  mtemp 
#YYYYMMDD    HH:MM:SS     Idx      W      C      C 
 20260321    09:58:41       0    136     35     43 
 20260321    09:58:41       1    144     37     45 
 20260321    09:58:41       2    140     37     45 
 20260321    09:58:41       3    150     36     44 
 20260321    09:59:11       0    143     36     43 
 20260321    09:59:11       1    152     38     45 
 20260321    09:59:11       2    148     38     45 
 20260321    09:59:11       3    158     37     44 
 20260321    09:59:41       0    144     36     43 
 20260321    09:59:41       1    153     38     45 
 20260321    09:59:41       2    148     38     46 
 20260321    09:59:41       3    158     38     44 
