#Date        Time         gpu    pwr  gtemp  mtemp 
#YYYYMMDD    HH:MM:SS     Idx      W      C      C 
 20260323    15:19:29       0     99     32     41 
 20260323    15:19:29       1     95     34     44 
 20260323    15:19:29       2     94     33     42 
 20260323    15:19:29       3     83     32     42 
 20260323    15:19:59       0    144     34     41 
 20260323    15:19:59       1    143     36     45 
 20260323    15:19:59       2    141     35     42 
 20260323    15:19:59       3    130     34     43 
 20260323    15:20:29       0    143     34     41 
 20260323    15:20:29       1    142     36     45 
 20260323    15:20:29       2    141     35     43 
 20260323    15:20:29       3    129     34     43 
 20260323    15:20:59       0    143     34     41 
 20260323    15:20:59       1    142     36     45 
 20260323    15:20:59       2    141     36     42 
 20260323    15:20:59       3    130     34     43 
 20260323    15:21:29       0    144     34     41 
 20260323    15:21:29       1    143     36     45 
 20260323    15:21:29       2    140     36     43 
 20260323    15:21:29       3    129     34     43 
 20260323    15:21:59       0    144     34     41 
 20260323    15:21:59       1    143     36     45 
 20260323    15:21:59       2    140     36     43 
 20260323    15:21:59       3    129     34     43 
 20260323    15:22:29       0    143     34     41 
 20260323    15:22:29       1    143     36     45 
 20260323    15:22:29       2    141     36     43 
 20260323    15:22:29       3    130     34     43 
 20260323    15:22:59       0    144     34     41 
 20260323    15:22:59       1    143     36     45 
 20260323    15:22:59       2    140     36     43 
 20260323    15:22:59       3    130     34     43 
 20260323    15:23:29       0    143     34     41 
 20260323    15:23:29       1    143     36     45 
 20260323    15:23:29       2    141     36     43 
 20260323    15:23:29       3    130     34     43 
 20260323    15:23:59       0    143     34     41 
 20260323    15:23:59       1    142     36     45 
 20260323    15:23:59       2    140     36     43 
 20260323    15:23:59       3    129     34     43 
 20260323    15:24:29       0    144     34     41 
 20260323    15:24:29       1    143     36     45 
 20260323    15:24:29       2    140     36     43 
 20260323    15:24:29       3    130     34     43 
#Date        Time         gpu    pwr  gtemp  mtemp 
#YYYYMMDD    HH:MM:SS     Idx      W      C      C 
 20260323    15:24:59       0    144     34     42 
 20260323    15:24:59       1    143     36     45 
 20260323    15:24:59       2    141     36     43 
 20260323    15:24:59       3    130     34     44 
 20260323    15:25:29       0    144     34     42 
 20260323    15:25:29       1    143     36     45 
 20260323    15:25:29       2    141     36     43 
 20260323    15:25:29       3    130     34     43 
 20260323    15:25:59       0    144     34     41 
 20260323    15:25:59       1    143     36     45 
 20260323    15:25:59       2    140     36     43 
 20260323    15:25:59       3    130     34     43 
 20260323    15:26:29       0    144     34     42 
 20260323    15:26:29       1    143     36     45 
 20260323    15:26:29       2    141     36     43 
 20260323    15:26:29       3    130     34     43 
 20260323    15:26:59       0    157     36     42 
 20260323    15:26:59       1    158     38     45 
 20260323    15:26:59       2    154     37     43 
 20260323    15:26:59       3    143     36     45 
 20260323    15:27:29       0    156     36     43 
 20260323    15:27:29       1    156     38     45 
 20260323    15:27:29       2    154     37     43 
 20260323    15:27:29       3    141     35     45 
 20260323    15:27:59       0    157     36     43 
 20260323    15:27:59       1    157     38     45 
 20260323    15:27:59       2    154     37     43 
 20260323    15:27:59       3    142     36     45 
 20260323    15:28:29       0    157     36     43 
 20260323    15:28:29       1    157     38     45 
 20260323    15:28:29       2    155     37     43 
 20260323    15:28:29       3    143     36     45 
 20260323    15:28:59       0    144     34     42 
 20260323    15:28:59       1    143     36     45 
 20260323    15:28:59       2    140     36     43 
 20260323    15:28:59       3    130     34     43 
 20260323    15:29:29       0    157     36     43 
 20260323    15:29:29       1    157     38     45 
 20260323    15:29:29       2    153     37     43 
 20260323    15:29:29       3    142     36     45 
 20260323    15:29:59       0    157     36     43 
 20260323    15:29:59       1    158     38     45 
 20260323    15:29:59       2    153     37     44 
 20260323    15:29:59       3    142     36     45 
#Date        Time         gpu    pwr  gtemp  mtemp 
#YYYYMMDD    HH:MM:SS     Idx      W      C      C 
 20260323    15:30:29       0    156     36     43 
 20260323    15:30:29       1    158     38     45 
 20260323    15:30:29       2    153     37     44 
 20260323    15:30:29       3    141     36     45 
 20260323    15:30:59       0    144     34     42 
 20260323    15:30:59       1    143     36     45 
 20260323    15:30:59       2    140     36     44 
 20260323    15:30:59       3    130     34     43 
 20260323    15:31:29       0    157     36     43 
 20260323    15:31:29       1    157     38     45 
 20260323    15:31:29       2    154     37     43 
 20260323    15:31:29       3    142     36     45 
 20260323    15:31:59       0    158     36     43 
 20260323    15:31:59       1    157     38     45 
 20260323    15:31:59       2    154     37     43 
 20260323    15:31:59       3    143     36     45 
 20260323    15:32:29       0    158     36     43 
 20260323    15:32:29       1    158     38     45 
 20260323    15:32:29       2    154     37     43 
 20260323    15:32:29       3    143     36     45 
 20260323    15:32:59       0    157     36     43 
 20260323    15:32:59       1    157     38     45 
 20260323    15:32:59       2    154     37     44 
 20260323    15:32:59       3    143     36     45 
 20260323    15:33:29       0    158     36     43 
 20260323    15:33:29       1    157     38     45 
 20260323    15:33:29       2    154     37     43 
 20260323    15:33:29       3    142     36     45 
 20260323    15:33:59       0    158     36     43 
 20260323    15:33:59       1    159     38     45 
 20260323    15:33:59       2    154     37     43 
 20260323    15:33:59       3    143     36     45 
 20260323    15:34:29       0    144     34     42 
 20260323    15:34:29       1    144     36     45 
 20260323    15:34:29       2    141     36     43 
 20260323    15:34:29       3    130     34     43 
 20260323    15:34:59       0    144     34     42 
 20260323    15:34:59       1    143     36     45 
 20260323    15:34:59       2    141     36     43 
 20260323    15:34:59       3    130     34     43 
 20260323    15:35:29       0    146     34     42 
 20260323    15:35:29       1    146     37     45 
 20260323    15:35:29       2    141     36     44 
 20260323    15:35:29       3    131     34     43 
#Date        Time         gpu    pwr  gtemp  mtemp 
#YYYYMMDD    HH:MM:SS     Idx      W      C      C 
 20260323    15:35:59       0    157     36     42 
 20260323    15:35:59       1    158     38     45 
 20260323    15:35:59       2    154     37     43 
 20260323    15:35:59       3    142     36     45 
 20260323    15:36:29       0    157     36     43 
 20260323    15:36:29       1    157     38     45 
 20260323    15:36:29       2    153     37     43 
 20260323    15:36:29       3    142     36     45 
 20260323    15:36:59       0    157     36     43 
 20260323    15:36:59       1    158     38     45 
 20260323    15:36:59       2    154     37     43 
 20260323    15:36:59       3    143     35     45 
 20260323    15:37:29       0    157     36     43 
 20260323    15:37:29       1    158     38     45 
 20260323    15:37:29       2    153     37     44 
 20260323    15:37:29       3    142     36     45 
 20260323    15:37:59       0    157     35     43 
 20260323    15:37:59       1    158     38     45 
 20260323    15:37:59       2    154     37     43 
 20260323    15:37:59       3    142     35     45 
 20260323    15:38:29       0    157     36     43 
 20260323    15:38:29       1    157     38     45 
 20260323    15:38:29       2    153     37     43 
 20260323    15:38:29       3    142     36     45 
 20260323    15:38:59       0    144     34     42 
 20260323    15:38:59       1    144     36     45 
 20260323    15:38:59       2    140     36     43 
 20260323    15:38:59       3    130     34     43 
 20260323    15:39:29       0    156     36     42 
 20260323    15:39:29       1    157     37     45 
 20260323    15:39:29       2    153     37     43 
 20260323    15:39:29       3    142     36     45 
 20260323    15:39:59       0    157     36     43 
 20260323    15:39:59       1    158     38     45 
 20260323    15:39:59       2    154     37     43 
 20260323    15:39:59       3    143     36     45 
 20260323    15:40:29       0    157     36     42 
 20260323    15:40:29       1    158     38     45 
 20260323    15:40:29       2    154     37     43 
 20260323    15:40:29       3    143     36     45 
 20260323    15:40:59       0    157     36     42 
 20260323    15:40:59       1    158     38     45 
 20260323    15:40:59       2    152     37     43 
 20260323    15:40:59       3    142     35     45 
#Date        Time         gpu    pwr  gtemp  mtemp 
#YYYYMMDD    HH:MM:SS     Idx      W      C      C 
 20260323    15:41:29       0    156     36     43 
 20260323    15:41:29       1    158     38     45 
 20260323    15:41:29       2    154     37     43 
 20260323    15:41:29       3    142     36     45 
 20260323    15:41:59       0    157     35     43 
 20260323    15:41:59       1    158     37     45 
 20260323    15:41:59       2    154     37     44 
 20260323    15:41:59       3    141     35     45 
 20260323    15:42:29       0    157     36     43 
 20260323    15:42:29       1    157     38     45 
 20260323    15:42:29       2    153     37     44 
 20260323    15:42:29       3    142     36     45 
 20260323    15:42:59       0    158     36     43 
 20260323    15:42:59       1    159     38     45 
 20260323    15:42:59       2    154     37     44 
 20260323    15:42:59       3    143     36     45 
 20260323    15:43:29       0    158     36     43 
 20260323    15:43:29       1    159     38     45 
 20260323    15:43:29       2    155     37     44 
 20260323    15:43:29       3    143     36     45 
 20260323    15:43:59       0    156     36     43 
 20260323    15:43:59       1    158     38     45 
 20260323    15:43:59       2    153     37     43 
 20260323    15:43:59       3    142     36     45 
 20260323    15:44:29       0    145     34     42 
 20260323    15:44:29       1    144     36     45 
 20260323    15:44:29       2    140     36     43 
 20260323    15:44:29       3    130     34     43 
 20260323    15:44:59       0    157     36     43 
 20260323    15:44:59       1    158     38     45 
 20260323    15:44:59       2    154     37     43 
 20260323    15:44:59       3    142     36     45 
 20260323    15:45:29       0    157     36     43 
 20260323    15:45:29       1    158     38     45 
 20260323    15:45:29       2    153     37     43 
 20260323    15:45:29       3    142     36     45 
 20260323    15:45:59       0    157     36     43 
 20260323    15:45:59       1    158     38     45 
 20260323    15:45:59       2    153     37     43 
 20260323    15:45:59       3    142     36     45 
 20260323    15:46:29       0    231     37     45 
 20260323    15:46:29       1    230     40     50 
 20260323    15:46:29       2    141     37     45 
 20260323    15:46:29       3    209     37     47 
#Date        Time         gpu    pwr  gtemp  mtemp 
#YYYYMMDD    HH:MM:SS     Idx      W      C      C 
 20260323    15:46:59       0    158     36     43 
 20260323    15:46:59       1    158     38     45 
 20260323    15:46:59       2    154     37     44 
 20260323    15:46:59       3    143     36     45 
 20260323    15:47:29       0    156     36     43 
 20260323    15:47:29       1    157     38     45 
 20260323    15:47:29       2    153     37     44 
 20260323    15:47:29       3    141     36     45 
 20260323    15:47:59       0    158     36     43 
 20260323    15:47:59       1    159     38     45 
 20260323    15:47:59       2    154     37     44 
 20260323    15:47:59       3    143     36     45 
 20260323    15:48:29       0    157     36     43 
 20260323    15:48:29       1    158     38     45 
 20260323    15:48:29       2    154     37     44 
 20260323    15:48:29       3    142     36     45 
 20260323    15:48:59       0    144     34     42 
 20260323    15:48:59       1    144     37     45 
 20260323    15:48:59       2    140     36     44 
 20260323    15:48:59       3    130     34     43 
 20260323    15:49:29       0    157     36     43 
 20260323    15:49:29       1    158     38     45 
 20260323    15:49:29       2    154     37     44 
 20260323    15:49:29       3    143     36     45 
 20260323    15:49:59       0    158     36     43 
 20260323    15:49:59       1    159     38     45 
 20260323    15:49:59       2    154     37     44 
 20260323    15:49:59       3    143     36     45 
 20260323    15:50:29       0    157     36     43 
 20260323    15:50:29       1    159     38     45 
 20260323    15:50:29       2    154     37     43 
 20260323    15:50:29       3    143     36     45 
 20260323    15:50:59       0    157     36     43 
 20260323    15:50:59       1    157     38     45 
 20260323    15:50:59       2    154     37     43 
 20260323    15:50:59       3    142     36     45 
 20260323    15:51:29       0    158     36     43 
 20260323    15:51:29       1    158     38     45 
 20260323    15:51:29       2    154     37     44 
 20260323    15:51:29       3    143     36     45 
 20260323    15:51:59       0    157     36     43 
 20260323    15:51:59       1    158     38     45 
 20260323    15:51:59       2    154     37     44 
 20260323    15:51:59       3    142     36     45 
#Date        Time         gpu    pwr  gtemp  mtemp 
#YYYYMMDD    HH:MM:SS     Idx      W      C      C 
 20260323    15:52:29       0    157     36     43 
 20260323    15:52:29       1    159     38     45 
 20260323    15:52:29       2    154     37     44 
 20260323    15:52:29       3    143     36     45 
 20260323    15:52:59       0    157     36     43 
 20260323    15:52:59       1    158     38     45 
 20260323    15:52:59       2    154     37     44 
 20260323    15:52:59       3    142     36     45 
 20260323    15:53:29       0    157     36     43 
 20260323    15:53:29       1    158     38     45 
 20260323    15:53:29       2    153     37     44 
 20260323    15:53:29       3    142     36     45 
 20260323    15:53:59       0    144     34     42 
 20260323    15:53:59       1    145     37     45 
 20260323    15:53:59       2    142     36     44 
 20260323    15:53:59       3    130     34     43 
 20260323    15:54:29       0    144     34     42 
 20260323    15:54:29       1    144     36     45 
 20260323    15:54:29       2    141     36     43 
 20260323    15:54:29       3    131     34     43 
 20260323    15:54:59       0    156     36     42 
 20260323    15:54:59       1    157     38     45 
 20260323    15:54:59       2    153     37     44 
 20260323    15:54:59       3    141     36     45 
 20260323    15:55:29       0    157     36     43 
 20260323    15:55:29       1    159     38     45 
 20260323    15:55:29       2    154     37     44 
 20260323    15:55:29       3    143     36     45 
 20260323    15:55:59       0    157     36     43 
 20260323    15:55:59       1    158     38     45 
 20260323    15:55:59       2    154     37     44 
 20260323    15:55:59       3    142     36     45 
 20260323    15:56:29       0    157     36     43 
 20260323    15:56:29       1    158     38     45 
 20260323    15:56:29       2    154     37     44 
 20260323    15:56:29       3    142     36     45 
 20260323    15:56:59       0    157     36     43 
 20260323    15:56:59       1    158     38     45 
 20260323    15:56:59       2    154     37     44 
 20260323    15:56:59       3    143     36     45 
 20260323    15:57:29       0    157     35     43 
 20260323    15:57:29       1    158     38     45 
 20260323    15:57:29       2    154     37     43 
 20260323    15:57:29       3    142     36     45 
#Date        Time         gpu    pwr  gtemp  mtemp 
#YYYYMMDD    HH:MM:SS     Idx      W      C      C 
 20260323    15:57:59       0    157     36     43 
 20260323    15:57:59       1    159     38     45 
 20260323    15:57:59       2    154     37     44 
 20260323    15:57:59       3    143     36     45 
 20260323    15:58:29       0    144     34     42 
 20260323    15:58:29       1    144     36     45 
 20260323    15:58:29       2    140     36     43 
 20260323    15:58:29       3    130     34     43 
 20260323    15:58:59       0    200     36     42 
 20260323    15:58:59       1    198     38     45 
 20260323    15:58:59       2    193     38     44 
 20260323    15:58:59       3    179     36     43 
 20260323    15:59:29       0    156     36     42 
 20260323    15:59:29       1    158     38     45 
 20260323    15:59:29       2    154     37     43 
 20260323    15:59:29       3    142     36     45 
 20260323    15:59:59       0    158     36     43 
 20260323    15:59:59       1    159     38     45 
 20260323    15:59:59       2    155     37     43 
 20260323    15:59:59       3    143     36     45 
 20260323    16:00:29       0    157     36     43 
 20260323    16:00:29       1    158     38     45 
 20260323    16:00:29       2    153     37     43 
 20260323    16:00:29       3    142     36     45 
 20260323    16:00:59       0    157     36     43 
 20260323    16:00:59       1    158     38     45 
 20260323    16:00:59       2    154     37     44 
 20260323    16:00:59       3    143     36     45 
 20260323    16:01:29       0    157     36     43 
 20260323    16:01:29       1    158     38     46 
 20260323    16:01:29       2    154     37     44 
 20260323    16:01:29       3    142     36     45 
 20260323    16:01:59       0    146     35     42 
 20260323    16:01:59       1    147     37     45 
 20260323    16:01:59       2    143     37     44 
 20260323    16:01:59       3    132     35     45 
 20260323    16:02:29       0    156     36     43 
 20260323    16:02:29       1    157     38     45 
 20260323    16:02:29       2    153     37     44 
 20260323    16:02:29       3    141     36     45 
 20260323    16:02:59       0    156     36     43 
 20260323    16:02:59       1    158     38     45 
 20260323    16:02:59       2    153     37     44 
 20260323    16:02:59       3    142     36     45 
#Date        Time         gpu    pwr  gtemp  mtemp 
#YYYYMMDD    HH:MM:SS     Idx      W      C      C 
 20260323    16:03:29       0    157     36     43 
 20260323    16:03:29       1    158     38     45 
 20260323    16:03:29       2    153     37     44 
 20260323    16:03:29       3    142     36     45 
 20260323    16:03:59       0    144     34     42 
 20260323    16:03:59       1    145     36     45 
 20260323    16:03:59       2    141     36     43 
 20260323    16:03:59       3    130     34     43 
 20260323    16:04:29       0    157     36     42 
 20260323    16:04:29       1    157     38     45 
 20260323    16:04:29       2    153     37     43 
 20260323    16:04:29       3    142     36     45 
 20260323    16:04:59       0    157     36     43 
 20260323    16:04:59       1    158     38     45 
 20260323    16:04:59       2    154     37     44 
 20260323    16:04:59       3    142     36     45 
 20260323    16:05:29       0    157     36     43 
 20260323    16:05:29       1    158     38     45 
 20260323    16:05:29       2    154     37     43 
 20260323    16:05:29       3    142     36     45 
 20260323    16:05:59       0    229     39     47 
 20260323    16:05:59       1    251     41     53 
 20260323    16:05:59       2    275     42     53 
 20260323    16:05:59       3    280     41     55 
 20260323    16:06:29       0    157     36     43 
 20260323    16:06:29       1    158     38     45 
 20260323    16:06:29       2    154     37     44 
 20260323    16:06:29       3    142     36     45 
 20260323    16:06:59       0    157     36     43 
 20260323    16:06:59       1    158     38     45 
 20260323    16:06:59       2    154     37     43 
 20260323    16:06:59       3    143     36     45 
 20260323    16:07:29       0    157     36     43 
 20260323    16:07:29       1    158     38     45 
 20260323    16:07:29       2    153     37     44 
 20260323    16:07:29       3    142     36     45 
 20260323    16:07:59       0    158     36     43 
 20260323    16:07:59       1    159     38     45 
 20260323    16:07:59       2    155     37     44 
 20260323    16:07:59       3    143     36     45 
 20260323    16:08:29       0    144     34     42 
 20260323    16:08:29       1    144     36     45 
 20260323    16:08:29       2    140     36     43 
 20260323    16:08:29       3    130     34     43 
#Date        Time         gpu    pwr  gtemp  mtemp 
#YYYYMMDD    HH:MM:SS     Idx      W      C      C 
 20260323    16:08:59       0    156     36     43 
 20260323    16:08:59       1    157     38     45 
 20260323    16:08:59       2    153     37     43 
 20260323    16:08:59       3    141     36     45 
 20260323    16:09:29       0    158     36     43 
 20260323    16:09:29       1    159     38     45 
 20260323    16:09:29       2    154     37     43 
 20260323    16:09:29       3    143     36     45 
 20260323    16:09:59       0    158     36     43 
 20260323    16:09:59       1    159     38     45 
 20260323    16:09:59       2    155     37     44 
 20260323    16:09:59       3    143     36     45 
 20260323    16:10:29       0    157     36     42 
 20260323    16:10:29       1    158     38     45 
 20260323    16:10:29       2    154     37     43 
 20260323    16:10:29       3    143     36     45 
 20260323    16:10:59       0    157     36     43 
 20260323    16:10:59       1    159     38     45 
 20260323    16:10:59       2    154     37     44 
 20260323    16:10:59       3    142     36     45 
 20260323    16:11:29       0    156     36     43 
 20260323    16:11:29       1    157     38     45 
 20260323    16:11:29       2    153     37     44 
 20260323    16:11:29       3    142     36     45 
 20260323    16:11:59       0    157     36     43 
 20260323    16:11:59       1    158     38     45 
 20260323    16:11:59       2    154     37     44 
 20260323    16:11:59       3    143     36     45 
 20260323    16:12:29       0    157     36     43 
 20260323    16:12:29       1    158     38     45 
 20260323    16:12:29       2    154     37     44 
 20260323    16:12:29       3    142     36     45 
 20260323    16:12:59       0    158     36     43 
 20260323    16:12:59       1    158     38     45 
 20260323    16:12:59       2    154     37     44 
 20260323    16:12:59       3    143     36     45 
 20260323    16:13:29       0    158     36     43 
 20260323    16:13:29       1    158     38     45 
 20260323    16:13:29       2    154     37     44 
 20260323    16:13:29       3    142     36     45 
 20260323    16:13:59       0    144     35     42 
 20260323    16:13:59       1    143     37     45 
 20260323    16:13:59       2    141     36     43 
 20260323    16:13:59       3    130     34     43 
#Date        Time         gpu    pwr  gtemp  mtemp 
#YYYYMMDD    HH:MM:SS     Idx      W      C      C 
 20260323    16:14:29       0    157     36     43 
 20260323    16:14:29       1    158     38     45 
 20260323    16:14:29       2    154     37     44 
 20260323    16:14:29       3    142     36     45 
 20260323    16:14:59       0    157     36     43 
 20260323    16:14:59       1    158     38     45 
 20260323    16:14:59       2    154     37     44 
 20260323    16:14:59       3    142     36     45 
 20260323    16:15:29       0    157     36     43 
 20260323    16:15:29       1    158     38     45 
 20260323    16:15:29       2    154     37     44 
 20260323    16:15:29       3    142     36     45 
 20260323    16:15:59       0    158     36     43 
 20260323    16:15:59       1    158     38     45 
 20260323    16:15:59       2    155     37     45 
 20260323    16:15:59       3    143     36     45 
 20260323    16:16:29       0    157     36     43 
 20260323    16:16:29       1    157     38     45 
 20260323    16:16:29       2    153     37     44 
 20260323    16:16:29       3    142     36     45 
 20260323    16:16:59       0    157     36     43 
 20260323    16:16:59       1    158     38     45 
 20260323    16:16:59       2    154     37     44 
 20260323    16:16:59       3    142     36     45 
 20260323    16:17:29       0    158     36     43 
 20260323    16:17:29       1    159     38     45 
 20260323    16:17:29       2    154     37     44 
 20260323    16:17:29       3    143     36     45 
 20260323    16:17:59       0    145     35     42 
 20260323    16:17:59       1    144     37     45 
 20260323    16:17:59       2    140     36     44 
 20260323    16:17:59       3    130     34     43 
 20260323    16:18:29       0    144     34     42 
 20260323    16:18:29       1    144     37     45 
 20260323    16:18:29       2    140     36     43 
 20260323    16:18:29       3    130     34     43 
 20260323    16:18:59       0    157     36     43 
 20260323    16:18:59       1    158     38     45 
 20260323    16:18:59       2    153     37     44 
 20260323    16:18:59       3    142     36     45 
 20260323    16:19:29       0    156     36     43 
 20260323    16:19:29       1    158     38     45 
 20260323    16:19:29       2    154     37     43 
 20260323    16:19:29       3    142     36     45 
#Date        Time         gpu    pwr  gtemp  mtemp 
#YYYYMMDD    HH:MM:SS     Idx      W      C      C 
 20260323    16:19:59       0    156     36     43 
 20260323    16:19:59       1    157     38     45 
 20260323    16:19:59       2    153     37     44 
 20260323    16:19:59       3    142     35     45 
 20260323    16:20:29       0    158     36     43 
 20260323    16:20:29       1    158     38     45 
 20260323    16:20:29       2    154     37     44 
 20260323    16:20:29       3    143     36     45 
 20260323    16:20:59       0    158     36     43 
 20260323    16:20:59       1    159     38     45 
 20260323    16:20:59       2    155     37     43 
 20260323    16:20:59       3    143     36     45 
 20260323    16:21:29       0    165     36     43 
 20260323    16:21:29       1    159     38     45 
 20260323    16:21:29       2    154     37     43 
 20260323    16:21:29       3    157     36     45 
 20260323    16:21:59       0    238     39     49 
 20260323    16:21:59       1    244     42     56 
 20260323    16:21:59       2    236     40     49 
 20260323    16:21:59       3    226     41     54 
 20260323    16:22:29       0    162     36     43 
 20260323    16:22:29       1    155     38     46 
 20260323    16:22:29       2    168     37     45 
 20260323    16:22:29       3    143     36     45 
 20260323    16:22:59       0    157     36     43 
 20260323    16:22:59       1    158     38     45 
 20260323    16:22:59       2    154     37     44 
 20260323    16:22:59       3    142     36     45 
 20260323    16:23:29       0    144     34     41 
 20260323    16:23:29       1    144     36     45 
 20260323    16:23:29       2    140     36     43 
 20260323    16:23:29       3    130     34     43 
 20260323    16:23:59       0    158     36     43 
 20260323    16:23:59       1    158     38     45 
 20260323    16:23:59       2    156     37     44 
 20260323    16:23:59       3    143     36     45 
 20260323    16:24:29       0    157     36     42 
 20260323    16:24:29       1    159     38     45 
 20260323    16:24:29       2    154     37     43 
 20260323    16:24:29       3    143     36     45 
 20260323    16:24:59       0    157     35     42 
 20260323    16:24:59       1    158     38     45 
 20260323    16:24:59       2    153     37     43 
 20260323    16:24:59       3    142     36     45 
#Date        Time         gpu    pwr  gtemp  mtemp 
#YYYYMMDD    HH:MM:SS     Idx      W      C      C 
 20260323    16:25:29       0    157     36     42 
 20260323    16:25:29       1    158     38     45 
 20260323    16:25:29       2    154     37     43 
 20260323    16:25:29       3    142     36     45 
 20260323    16:25:59       0    158     36     43 
 20260323    16:25:59       1    158     38     45 
 20260323    16:25:59       2    154     37     44 
 20260323    16:25:59       3    143     36     45 
 20260323    16:26:29       0    157     36     43 
 20260323    16:26:29       1    158     38     45 
 20260323    16:26:29       2    154     37     43 
 20260323    16:26:29       3    143     36     45 
 20260323    16:26:59       0    158     36     43 
 20260323    16:26:59       1    159     38     45 
 20260323    16:26:59       2    154     37     43 
 20260323    16:26:59       3    143     36     45 
 20260323    16:27:29       0    157     36     43 
 20260323    16:27:29       1    158     38     45 
 20260323    16:27:29       2    153     37     43 
 20260323    16:27:29       3    142     36     45 
 20260323    16:27:59       0    145     34     42 
 20260323    16:27:59       1    144     37     45 
 20260323    16:27:59       2    140     36     44 
 20260323    16:27:59       3    130     34     43 
 20260323    16:28:29       0    157     36     43 
 20260323    16:28:29       1    158     38     45 
 20260323    16:28:29       2    154     37     44 
 20260323    16:28:29       3    143     36     45 
 20260323    16:28:59       0    158     36     43 
 20260323    16:28:59       1    159     38     45 
 20260323    16:28:59       2    154     37     44 
 20260323    16:28:59       3    143     36     45 
 20260323    16:29:29       0    157     36     43 
 20260323    16:29:29       1    158     38     45 
 20260323    16:29:29       2    154     37     44 
 20260323    16:29:29       3    142     36     45 
 20260323    16:29:59       0    157     36     43 
 20260323    16:29:59       1    158     38     45 
 20260323    16:29:59       2    154     37     44 
 20260323    16:29:59       3    143     36     45 
 20260323    16:30:29       0    158     36     43 
 20260323    16:30:29       1    158     38     45 
 20260323    16:30:29       2    154     38     45 
 20260323    16:30:29       3    144     36     45 
#Date        Time         gpu    pwr  gtemp  mtemp 
#YYYYMMDD    HH:MM:SS     Idx      W      C      C 
 20260323    16:30:59       0    158     36     43 
 20260323    16:30:59       1    159     38     45 
 20260323    16:30:59       2    154     38     44 
 20260323    16:30:59       3    143     36     45 
 20260323    16:31:29       0    157     36     43 
 20260323    16:31:29       1    158     38     45 
 20260323    16:31:29       2    154     38     44 
 20260323    16:31:29       3    143     36     45 
 20260323    16:31:59       0    158     36     43 
 20260323    16:31:59       1    159     38     45 
 20260323    16:31:59       2    155     37     44 
 20260323    16:31:59       3    143     36     45 
 20260323    16:32:29       0    158     36     43 
 20260323    16:32:29       1    159     38     45 
 20260323    16:32:29       2    154     38     44 
 20260323    16:32:29       3    143     36     45 
 20260323    16:32:59       0    157     36     43 
 20260323    16:32:59       1    158     38     45 
 20260323    16:32:59       2    153     37     44 
 20260323    16:32:59       3    142     36     45 
 20260323    16:33:29       0    145     35     42 
 20260323    16:33:29       1    144     37     45 
 20260323    16:33:29       2    141     36     44 
 20260323    16:33:29       3    131     34     43 
 20260323    16:33:59       0    157     36     43 
 20260323    16:33:59       1    158     38     45 
 20260323    16:33:59       2    154     38     44 
 20260323    16:33:59       3    143     36     45 
 20260323    16:34:29       0    157     36     43 
 20260323    16:34:29       1    159     38     45 
 20260323    16:34:29       2    154     37     44 
 20260323    16:34:29       3    142     36     45 
 20260323    16:34:59       0    158     36     43 
 20260323    16:34:59       1    159     38     45 
 20260323    16:34:59       2    155     37     44 
 20260323    16:34:59       3    143     36     45 
 20260323    16:35:29       0    157     36     43 
 20260323    16:35:29       1    158     38     47 
 20260323    16:35:29       2    154     38     45 
 20260323    16:35:29       3    142     36     45 
 20260323    16:35:59       0    156     35     43 
 20260323    16:35:59       1    157     38     45 
 20260323    16:35:59       2    153     37     44 
 20260323    16:35:59       3    142     35     45 
#Date        Time         gpu    pwr  gtemp  mtemp 
#YYYYMMDD    HH:MM:SS     Idx      W      C      C 
 20260323    16:36:29       0    157     36     43 
 20260323    16:36:29       1    158     38     45 
 20260323    16:36:29       2    153     37     44 
 20260323    16:36:29       3    142     36     45 
 20260323    16:36:59       0    157     36     43 
 20260323    16:36:59       1    158     38     45 
 20260323    16:36:59       2    155     37     44 
 20260323    16:36:59       3    143     36     45 
 20260323    16:37:29       0    144     35     42 
 20260323    16:37:29       1    144     37     45 
 20260323    16:37:29       2    140     36     44 
 20260323    16:37:29       3    130     34     45 
 20260323    16:37:59       0    144     34     42 
 20260323    16:37:59       1    144     36     45 
 20260323    16:37:59       2    140     36     43 
 20260323    16:37:59       3    130     34     43 
 20260323    16:38:29       0    157     36     43 
 20260323    16:38:29       1    158     38     45 
 20260323    16:38:29       2    154     37     44 
 20260323    16:38:29       3    142     36     45 
 20260323    16:38:59       0    158     36     43 
 20260323    16:38:59       1    159     38     45 
 20260323    16:38:59       2    154     37     44 
 20260323    16:38:59       3    143     36     45 
 20260323    16:39:29       0    157     36     42 
 20260323    16:39:29       1    158     38     45 
 20260323    16:39:29       2    154     37     44 
 20260323    16:39:29       3    143     36     45 
 20260323    16:39:59       0    157     36     43 
 20260323    16:39:59       1    158     38     45 
 20260323    16:39:59       2    154     37     43 
 20260323    16:39:59       3    143     36     45 
 20260323    16:40:29       0    156     36     42 
 20260323    16:40:29       1    157     38     45 
 20260323    16:40:29       2    153     37     44 
 20260323    16:40:29       3    141     36     45 
 20260323    16:40:59       0    157     36     43 
 20260323    16:40:59       1    158     38     45 
 20260323    16:40:59       2    153     37     44 
 20260323    16:40:59       3    142     36     45 
 20260323    16:41:29       0    157     36     43 
 20260323    16:41:29       1    158     38     45 
 20260323    16:41:29       2    153     37     44 
 20260323    16:41:29       3    142     35     45 
#Date        Time         gpu    pwr  gtemp  mtemp 
#YYYYMMDD    HH:MM:SS     Idx      W      C      C 
 20260323    16:41:59       0    158     36     43 
 20260323    16:41:59       1    159     38     45 
 20260323    16:41:59       2    154     37     44 
 20260323    16:41:59       3    143     36     45 
 20260323    16:42:29       0    156     36     43 
 20260323    16:42:29       1    158     38     45 
 20260323    16:42:29       2    153     37     44 
 20260323    16:42:29       3    142     36     45 
 20260323    16:42:59       0    144     34     42 
 20260323    16:42:59       1    143     37     46 
 20260323    16:42:59       2    142     36     44 
 20260323    16:42:59       3    130     34     43 
 20260323    16:43:29       0    144     34     42 
 20260323    16:43:29       1    144     37     46 
 20260323    16:43:29       2    142     36     43 
 20260323    16:43:29       3    130     34     43 
 20260323    16:43:59       0    157     36     43 
 20260323    16:43:59       1    158     38     45 
 20260323    16:43:59       2    154     37     44 
 20260323    16:43:59       3    143     36     45 
 20260323    16:44:29       0    157     36     43 
 20260323    16:44:29       1    159     38     45 
 20260323    16:44:29       2    154     37     44 
 20260323    16:44:29       3    142     36     45 
 20260323    16:44:59       0    158     36     43 
 20260323    16:44:59       1    158     38     45 
 20260323    16:44:59       2    153     37     44 
 20260323    16:44:59       3    142     35     45 
 20260323    16:45:30       0    157     36     43 
 20260323    16:45:30       1    158     38     45 
 20260323    16:45:30       2    154     37     44 
 20260323    16:45:30       3    143     36     45 
 20260323    16:46:00       0    156     36     43 
 20260323    16:46:00       1    157     38     45 
 20260323    16:46:00       2    153     37     44 
 20260323    16:46:00       3    142     36     45 
 20260323    16:46:30       0    157     36     43 
 20260323    16:46:30       1    158     38     45 
 20260323    16:46:30       2    154     37     43 
 20260323    16:46:30       3    143     36     45 
 20260323    16:47:00       0    157     36     43 
 20260323    16:47:00       1    158     38     45 
 20260323    16:47:00       2    154     37     44 
 20260323    16:47:00       3    143     36     45 
#Date        Time         gpu    pwr  gtemp  mtemp 
#YYYYMMDD    HH:MM:SS     Idx      W      C      C 
 20260323    16:47:30       0    143     34     42 
 20260323    16:47:30       1    144     36     45 
 20260323    16:47:30       2    140     36     43 
 20260323    16:47:30       3    130     34     43 
 20260323    16:48:00       0    156     35     42 
 20260323    16:48:00       1    157     37     46 
 20260323    16:48:00       2    154     37     43 
 20260323    16:48:00       3    142     35     45 
 20260323    16:48:30       0    157     36     43 
 20260323    16:48:30       1    159     38     45 
 20260323    16:48:30       2    155     37     43 
 20260323    16:48:30       3    143     36     45 
 20260323    16:49:00       0    157     36     43 
 20260323    16:49:00       1    159     38     45 
 20260323    16:49:00       2    155     37     44 
 20260323    16:49:00       3    142     36     45 
 20260323    16:49:30       0    144     34     42 
 20260323    16:49:30       1    144     37     45 
 20260323    16:49:30       2    141     36     44 
 20260323    16:49:30       3    130     34     43 
 20260323    16:50:00       0    156     36     43 
 20260323    16:50:00       1    157     38     45 
 20260323    16:50:00       2    154     37     44 
 20260323    16:50:00       3    142     36     45 
 20260323    16:50:30       0    157     36     42 
 20260323    16:50:30       1    158     38     45 
 20260323    16:50:30       2    153     37     43 
 20260323    16:50:30       3    143     36     45 
 20260323    16:51:00       0    157     36     43 
 20260323    16:51:00       1    158     38     45 
 20260323    16:51:00       2    154     37     44 
 20260323    16:51:00       3    143     36     45 
 20260323    16:51:30       0    157     36     43 
 20260323    16:51:30       1    158     38     45 
 20260323    16:51:30       2    154     37     44 
 20260323    16:51:30       3    142     36     45 
 20260323    16:52:00       0    157     36     43 
 20260323    16:52:00       1    158     38     45 
 20260323    16:52:00       2    153     37     44 
 20260323    16:52:00       3    143     36     45 
 20260323    16:52:30       0    157     36     43 
 20260323    16:52:30       1    158     38     45 
 20260323    16:52:30       2    154     37     44 
 20260323    16:52:30       3    143     36     45 
#Date        Time         gpu    pwr  gtemp  mtemp 
#YYYYMMDD    HH:MM:SS     Idx      W      C      C 
 20260323    16:53:00       0    144     34     42 
 20260323    16:53:00       1    144     37     45 
 20260323    16:53:00       2    140     36     43 
 20260323    16:53:00       3    131     34     43 
 20260323    16:53:30       0    157     36     43 
 20260323    16:53:30       1    158     38     45 
 20260323    16:53:30       2    154     37     44 
 20260323    16:53:30       3    142     36     45 
 20260323    16:54:00       0    157     36     43 
 20260323    16:54:00       1    158     38     45 
 20260323    16:54:00       2    153     37     43 
 20260323    16:54:00       3    142     36     45 
 20260323    16:54:30       0    157     36     43 
 20260323    16:54:30       1    158     38     45 
 20260323    16:54:30       2    153     37     44 
 20260323    16:54:30       3    142     36     45 
 20260323    16:55:00       0    397     43     53 
 20260323    16:55:00       1    466     47     59 
 20260323    16:55:00       2    340     43     54 
 20260323    16:55:00       3    444     44     60 
 20260323    16:55:30       0    144     34     42 
 20260323    16:55:30       1    144     37     45 
 20260323    16:55:30       2    140     36     43 
 20260323    16:55:30       3    130     34     43 
 20260323    16:56:00       0    157     36     43 
 20260323    16:56:00       1    158     38     45 
 20260323    16:56:00       2    153     37     44 
 20260323    16:56:00       3    143     36     45 
 20260323    16:56:30       0    146     35     42 
 20260323    16:56:30       1    146     37     45 
 20260323    16:56:30       2    141     36     44 
 20260323    16:56:30       3    132     35     45 
 20260323    16:57:00       0    156     36     43 
 20260323    16:57:00       1    157     38     45 
 20260323    16:57:00       2    152     37     43 
 20260323    16:57:00       3    142     36     45 
 20260323    16:57:30       0    157     36     43 
 20260323    16:57:30       1    158     38     45 
 20260323    16:57:30       2    154     37     44 
 20260323    16:57:30       3    143     36     45 
 20260323    16:58:00       0    144     34     42 
 20260323    16:58:00       1    144     37     45 
 20260323    16:58:00       2    140     36     44 
 20260323    16:58:00       3    130     34     43 
#Date        Time         gpu    pwr  gtemp  mtemp 
#YYYYMMDD    HH:MM:SS     Idx      W      C      C 
 20260323    16:58:30       0    157     36     43 
 20260323    16:58:30       1    157     38     45 
 20260323    16:58:30       2    153     37     44 
 20260323    16:58:30       3    143     36     45 
 20260323    16:59:00       0    156     36     43 
 20260323    16:59:00       1    158     38     45 
 20260323    16:59:00       2    154     37     43 
 20260323    16:59:00       3    142     36     45 
 20260323    16:59:30       0    157     36     43 
 20260323    16:59:30       1    159     38     45 
 20260323    16:59:30       2    154     37     44 
 20260323    16:59:30       3    143     36     45 
 20260323    17:00:00       0    157     36     43 
 20260323    17:00:00       1    157     38     45 
 20260323    17:00:00       2    153     37     44 
 20260323    17:00:00       3    142     36     45 
 20260323    17:00:30       0    157     36     43 
 20260323    17:00:30       1    158     38     45 
 20260323    17:00:30       2    154     37     44 
 20260323    17:00:30       3    143     36     45 
 20260323    17:01:00       0    157     36     43 
 20260323    17:01:00       1    159     38     45 
 20260323    17:01:00       2    154     37     44 
 20260323    17:01:00       3    142     36     45 
 20260323    17:01:30       0    157     36     43 
 20260323    17:01:30       1    158     38     45 
 20260323    17:01:30       2    154     37     44 
 20260323    17:01:30       3    142     36     45 
 20260323    17:02:00       0    156     36     43 
 20260323    17:02:00       1    158     38     45 
 20260323    17:02:00       2    153     37     44 
 20260323    17:02:00       3    142     36     45 
 20260323    17:02:30       0    158     36     43 
 20260323    17:02:30       1    159     38     45 
 20260323    17:02:30       2    154     37     44 
 20260323    17:02:30       3    142     36     45 
 20260323    17:03:00       0    157     36     43 
 20260323    17:03:00       1    158     38     45 
 20260323    17:03:00       2    154     37     44 
 20260323    17:03:00       3    143     36     45 
 20260323    17:03:30       0    145     34     42 
 20260323    17:03:30       1    144     36     45 
 20260323    17:03:30       2    142     36     43 
 20260323    17:03:30       3    131     34     43 
#Date        Time         gpu    pwr  gtemp  mtemp 
#YYYYMMDD    HH:MM:SS     Idx      W      C      C 
 20260323    17:04:00       0    156     36     43 
 20260323    17:04:00       1    157     38     45 
 20260323    17:04:00       2    153     37     43 
 20260323    17:04:00       3    141     36     45 
 20260323    17:04:30       0    157     36     43 
 20260323    17:04:30       1    158     38     45 
 20260323    17:04:30       2    153     37     43 
 20260323    17:04:30       3    142     36     45 
 20260323    17:05:00       0    157     36     43 
 20260323    17:05:00       1    158     38     45 
 20260323    17:05:00       2    153     37     44 
 20260323    17:05:00       3    142     36     45 
 20260323    17:05:30       0    176     37     45 
 20260323    17:05:30       1    145     38     47 
 20260323    17:05:30       2    180     39     48 
 20260323    17:05:30       3    161     37     47 
 20260323    17:06:00       0    156     36     43 
 20260323    17:06:00       1    157     38     45 
 20260323    17:06:00       2    153     37     44 
 20260323    17:06:00       3    142     36     45 
 20260323    17:06:30       0    156     36     43 
 20260323    17:06:30       1    157     38     45 
 20260323    17:06:30       2    152     37     44 
 20260323    17:06:30       3    141     36     45 
 20260323    17:07:00       0    158     36     43 
 20260323    17:07:00       1    159     38     45 
 20260323    17:07:00       2    154     37     43 
 20260323    17:07:00       3    142     36     45 
 20260323    17:07:30       0    157     36     43 
 20260323    17:07:30       1    158     38     45 
 20260323    17:07:30       2    154     37     43 
 20260323    17:07:30       3    142     36     45 
 20260323    17:08:00       0    144     34     42 
 20260323    17:08:00       1    143     36     45 
 20260323    17:08:00       2    140     36     43 
 20260323    17:08:00       3    130     34     43 
 20260323    17:08:30       0    157     36     42 
 20260323    17:08:30       1    157     38     45 
 20260323    17:08:30       2    154     37     43 
 20260323    17:08:30       3    143     36     45 
 20260323    17:09:00       0    157     36     43 
 20260323    17:09:00       1    157     38     45 
 20260323    17:09:00       2    154     37     44 
 20260323    17:09:00       3    143     36     45 
#Date        Time         gpu    pwr  gtemp  mtemp 
#YYYYMMDD    HH:MM:SS     Idx      W      C      C 
 20260323    17:09:30       0    157     36     43 
 20260323    17:09:30       1    157     38     45 
 20260323    17:09:30       2    154     37     43 
 20260323    17:09:30       3    142     36     45 
 20260323    17:10:00       0    144     34     42 
 20260323    17:10:00       1    143     37     45 
 20260323    17:10:00       2    140     36     43 
 20260323    17:10:00       3    130     34     43 
 20260323    17:10:30       0    144     34     42 
 20260323    17:10:30       1    143     37     45 
 20260323    17:10:30       2    140     36     44 
 20260323    17:10:30       3    130     34     43 
 20260323    17:11:00       0    144     34     42 
 20260323    17:11:00       1    144     37     46 
 20260323    17:11:00       2    140     36     44 
 20260323    17:11:00       3    130     34     43 
