#Date        Time         gpu    pwr  gtemp  mtemp 
#YYYYMMDD    HH:MM:SS     Idx      W      C      C 
 20260320    15:08:47       0     97     34     43 
 20260320    15:08:47       1    100     34     44 
 20260320    15:08:47       2    101     34     43 
 20260320    15:08:47       3     96     34     43 
 20260320    15:09:17       0    149     36     43 
 20260320    15:09:17       1     99     34     44 
 20260320    15:09:17       2    101     34     41 
 20260320    15:09:17       3     96     34     44 
 20260320    15:09:47       0    145     36     44 
 20260320    15:09:47       1    149     37     46 
 20260320    15:09:47       2    149     36     44 
 20260320    15:09:47       3    143     36     44 
 20260320    15:10:17       0    145     36     44 
 20260320    15:10:17       1    149     37     46 
 20260320    15:10:17       2    150     37     43 
 20260320    15:10:17       3    143     36     45 
 20260320    15:10:47       0    145     36     44 
 20260320    15:10:47       1    149     37     46 
 20260320    15:10:47       2    149     37     44 
 20260320    15:10:47       3    143     36     45 
 20260320    15:11:17       0    145     36     44 
 20260320    15:11:17       1    149     37     46 
 20260320    15:11:17       2    149     36     43 
 20260320    15:11:17       3    143     36     45 
 20260320    15:11:47       0    145     36     44 
 20260320    15:11:47       1    149     37     46 
 20260320    15:11:47       2    149     37     44 
 20260320    15:11:47       3    143     36     45 
 20260320    15:12:17       0    145     36     44 
 20260320    15:12:17       1    149     37     46 
 20260320    15:12:17       2    149     36     43 
 20260320    15:12:17       3    143     36     45 
 20260320    15:12:47       0    145     36     44 
 20260320    15:12:47       1    149     37     46 
 20260320    15:12:47       2    149     36     43 
 20260320    15:12:47       3    143     36     45 
 20260320    15:13:17       0    145     36     44 
 20260320    15:13:17       1    149     37     46 
 20260320    15:13:17       2    149     36     44 
 20260320    15:13:17       3    143     36     45 
 20260320    15:13:47       0    145     36     44 
 20260320    15:13:47       1    149     37     46 
 20260320    15:13:47       2    149     37     43 
 20260320    15:13:47       3    144     36     45 
#Date        Time         gpu    pwr  gtemp  mtemp 
#YYYYMMDD    HH:MM:SS     Idx      W      C      C 
 20260320    15:14:17       0    145     36     44 
 20260320    15:14:17       1    149     37     46 
 20260320    15:14:17       2    149     37     44 
 20260320    15:14:17       3    143     36     45 
 20260320    15:14:47       0    145     36     44 
 20260320    15:14:47       1    149     37     46 
 20260320    15:14:47       2    150     37     43 
 20260320    15:14:47       3    144     36     45 
 20260320    15:15:17       0    145     36     44 
 20260320    15:15:17       1    149     37     46 
 20260320    15:15:17       2    149     37     43 
 20260320    15:15:17       3    143     36     45 
 20260320    15:15:47       0    145     36     44 
 20260320    15:15:47       1    149     37     46 
 20260320    15:15:47       2    149     37     43 
 20260320    15:15:47       3    144     36     45 
 20260320    15:16:17       0    145     36     44 
 20260320    15:16:17       1    149     37     46 
 20260320    15:16:17       2    149     37     44 
 20260320    15:16:17       3    143     36     45 
 20260320    15:16:47       0    145     36     44 
 20260320    15:16:47       1    149     37     46 
 20260320    15:16:47       2    149     37     44 
 20260320    15:16:47       3    144     36     45 
 20260320    15:17:17       0    145     36     44 
 20260320    15:17:17       1    149     37     46 
 20260320    15:17:17       2    149     37     44 
 20260320    15:17:17       3    143     36     45 
 20260320    15:17:47       0    145     36     44 
 20260320    15:17:47       1    149     37     46 
 20260320    15:17:47       2    149     37     43 
 20260320    15:17:47       3    143     36     45 
 20260320    15:18:17       0    145     36     44 
 20260320    15:18:17       1    149     37     46 
 20260320    15:18:17       2    149     37     43 
 20260320    15:18:17       3    143     36     45 
 20260320    15:18:47       0    145     36     44 
 20260320    15:18:47       1    149     37     46 
 20260320    15:18:47       2    149     37     43 
 20260320    15:18:47       3    143     36     45 
 20260320    15:19:17       0    145     36     44 
 20260320    15:19:17       1    149     37     46 
 20260320    15:19:17       2    150     37     43 
 20260320    15:19:17       3    144     36     45 
#Date        Time         gpu    pwr  gtemp  mtemp 
#YYYYMMDD    HH:MM:SS     Idx      W      C      C 
 20260320    15:19:47       0    145     36     44 
 20260320    15:19:47       1    149     37     46 
 20260320    15:19:47       2    149     37     43 
 20260320    15:19:47       3    144     36     45 
 20260320    15:20:17       0    145     36     45 
 20260320    15:20:17       1    149     37     46 
 20260320    15:20:17       2    150     37     43 
 20260320    15:20:17       3    144     36     45 
 20260320    15:20:47       0    145     36     44 
 20260320    15:20:47       1    149     37     46 
 20260320    15:20:47       2    150     37     43 
 20260320    15:20:47       3    144     36     45 
 20260320    15:21:17       0    145     36     44 
 20260320    15:21:17       1    149     37     46 
 20260320    15:21:17       2    149     37     43 
 20260320    15:21:17       3    144     36     45 
 20260320    15:21:47       0    145     36     44 
 20260320    15:21:47       1    149     37     46 
 20260320    15:21:47       2    149     37     43 
 20260320    15:21:47       3    144     36     45 
 20260320    15:22:17       0    145     36     45 
 20260320    15:22:17       1    150     37     46 
 20260320    15:22:17       2    150     37     43 
 20260320    15:22:17       3    144     36     45 
 20260320    15:22:47       0    145     36     44 
 20260320    15:22:47       1    149     37     47 
 20260320    15:22:47       2    149     37     43 
 20260320    15:22:47       3    144     36     45 
 20260320    15:23:17       0    145     36     45 
 20260320    15:23:17       1    150     37     46 
 20260320    15:23:17       2    149     37     43 
 20260320    15:23:17       3    144     36     45 
 20260320    15:23:47       0    145     36     44 
 20260320    15:23:47       1    150     37     46 
 20260320    15:23:47       2    149     37     43 
 20260320    15:23:47       3    144     36     45 
 20260320    15:24:17       0    145     36     45 
 20260320    15:24:17       1    149     37     47 
 20260320    15:24:17       2    149     37     43 
 20260320    15:24:17       3    144     36     45 
 20260320    15:24:47       0    145     36     44 
 20260320    15:24:47       1    149     37     47 
 20260320    15:24:47       2    149     37     43 
 20260320    15:24:47       3    144     36     45 
#Date        Time         gpu    pwr  gtemp  mtemp 
#YYYYMMDD    HH:MM:SS     Idx      W      C      C 
 20260320    15:25:17       0    145     36     44 
 20260320    15:25:17       1    149     37     46 
 20260320    15:25:17       2    149     37     43 
 20260320    15:25:17       3    144     36     45 
 20260320    15:25:47       0    145     36     44 
 20260320    15:25:47       1    149     37     48 
 20260320    15:25:47       2    149     37     43 
 20260320    15:25:47       3    144     36     45 
 20260320    15:26:17       0    145     36     44 
 20260320    15:26:17       1    149     37     47 
 20260320    15:26:17       2    150     37     44 
 20260320    15:26:17       3    144     36     45 
 20260320    15:26:47       0    145     36     45 
 20260320    15:26:47       1    149     37     47 
 20260320    15:26:47       2    150     37     43 
 20260320    15:26:47       3    144     36     45 
 20260320    15:27:17       0    145     36     45 
 20260320    15:27:17       1    149     37     47 
 20260320    15:27:17       2    150     37     43 
 20260320    15:27:17       3    144     36     45 
 20260320    15:27:47       0    145     36     44 
 20260320    15:27:47       1    149     37     46 
 20260320    15:27:47       2    150     37     43 
 20260320    15:27:47       3    144     36     45 
 20260320    15:28:17       0    145     36     44 
 20260320    15:28:17       1    149     37     48 
 20260320    15:28:17       2    150     37     43 
 20260320    15:28:17       3    144     36     45 
 20260320    15:28:47       0    145     36     44 
 20260320    15:28:47       1    149     37     46 
 20260320    15:28:47       2    150     37     43 
 20260320    15:28:47       3    144     36     45 
 20260320    15:29:17       0    145     36     44 
 20260320    15:29:17       1    149     37     46 
 20260320    15:29:17       2    149     37     44 
 20260320    15:29:17       3    144     36     45 
 20260320    15:29:47       0    145     36     44 
 20260320    15:29:47       1    149     37     47 
 20260320    15:29:47       2    150     37     43 
 20260320    15:29:47       3    144     36     45 
 20260320    15:30:17       0    145     36     44 
 20260320    15:30:17       1    149     37     48 
 20260320    15:30:17       2    150     37     43 
 20260320    15:30:17       3    144     36     45 
#Date        Time         gpu    pwr  gtemp  mtemp 
#YYYYMMDD    HH:MM:SS     Idx      W      C      C 
 20260320    15:30:47       0    145     36     45 
 20260320    15:30:47       1    149     37     47 
 20260320    15:30:47       2    149     37     43 
 20260320    15:30:47       3    144     36     45 
 20260320    15:31:17       0    145     36     45 
 20260320    15:31:17       1    149     37     46 
 20260320    15:31:17       2    149     37     43 
 20260320    15:31:17       3    144     36     45 
 20260320    15:31:47       0    145     36     44 
 20260320    15:31:47       1    149     37     46 
 20260320    15:31:47       2    149     37     43 
 20260320    15:31:47       3    144     36     45 
 20260320    15:32:17       0    145     36     44 
 20260320    15:32:17       1    149     37     46 
 20260320    15:32:17       2    149     37     43 
 20260320    15:32:17       3    144     36     45 
 20260320    15:32:47       0    145     36     44 
 20260320    15:32:47       1    149     37     46 
 20260320    15:32:47       2    149     37     43 
 20260320    15:32:47       3    144     36     45 
 20260320    15:33:17       0    145     36     44 
 20260320    15:33:17       1    149     37     46 
 20260320    15:33:17       2    149     37     43 
 20260320    15:33:17       3    144     36     45 
 20260320    15:33:47       0    145     36     45 
 20260320    15:33:47       1    149     37     47 
 20260320    15:33:47       2    149     37     43 
 20260320    15:33:47       3    144     36     45 
 20260320    15:34:17       0    145     36     44 
 20260320    15:34:17       1    149     37     47 
 20260320    15:34:17       2    149     37     43 
 20260320    15:34:17       3    144     36     45 
 20260320    15:34:47       0    145     36     45 
 20260320    15:34:47       1    149     37     48 
 20260320    15:34:47       2    149     37     43 
 20260320    15:34:47       3    144     36     45 
 20260320    15:35:17       0    145     36     45 
 20260320    15:35:17       1    149     37     47 
 20260320    15:35:17       2    150     37     43 
 20260320    15:35:17       3    144     36     45 
 20260320    15:35:47       0    145     37     44 
 20260320    15:35:47       1    149     37     47 
 20260320    15:35:47       2    150     37     43 
 20260320    15:35:47       3    144     36     45 
#Date        Time         gpu    pwr  gtemp  mtemp 
#YYYYMMDD    HH:MM:SS     Idx      W      C      C 
 20260320    15:36:17       0    145     37     44 
 20260320    15:36:17       1    149     37     48 
 20260320    15:36:17       2    150     37     44 
 20260320    15:36:17       3    144     36     45 
 20260320    15:36:47       0    145     36     44 
 20260320    15:36:47       1    149     37     48 
 20260320    15:36:47       2    150     37     43 
 20260320    15:36:47       3    144     36     45 
 20260320    15:37:17       0    145     36     44 
 20260320    15:37:17       1    150     37     47 
 20260320    15:37:17       2    150     37     43 
 20260320    15:37:17       3    144     36     45 
 20260320    15:37:47       0    145     36     45 
 20260320    15:37:47       1    150     37     48 
 20260320    15:37:47       2    150     37     43 
 20260320    15:37:47       3    144     36     45 
 20260320    15:38:17       0    145     36     45 
 20260320    15:38:17       1    150     37     48 
 20260320    15:38:17       2    149     37     43 
 20260320    15:38:17       3    144     36     45 
 20260320    15:38:47       0    145     36     44 
 20260320    15:38:47       1    150     37     47 
 20260320    15:38:47       2    149     37     43 
 20260320    15:38:47       3    144     36     45 
 20260320    15:39:17       0    145     36     44 
 20260320    15:39:17       1    149     37     46 
 20260320    15:39:17       2    149     37     43 
 20260320    15:39:17       3    144     36     45 
 20260320    15:39:47       0    145     36     44 
 20260320    15:39:47       1    149     37     48 
 20260320    15:39:47       2    149     37     43 
 20260320    15:39:47       3    144     36     45 
 20260320    15:40:17       0    145     36     45 
 20260320    15:40:17       1    149     37     48 
 20260320    15:40:17       2    149     37     43 
 20260320    15:40:17       3    144     36     45 
 20260320    15:40:47       0    145     36     44 
 20260320    15:40:47       1    149     37     47 
 20260320    15:40:47       2    150     37     43 
 20260320    15:40:47       3    144     36     45 
 20260320    15:41:17       0    145     36     44 
 20260320    15:41:17       1    149     37     48 
 20260320    15:41:17       2    150     37     43 
 20260320    15:41:17       3    144     36     45 
#Date        Time         gpu    pwr  gtemp  mtemp 
#YYYYMMDD    HH:MM:SS     Idx      W      C      C 
 20260320    15:41:47       0    145     36     45 
 20260320    15:41:47       1    149     37     48 
 20260320    15:41:47       2    150     37     43 
 20260320    15:41:47       3    144     36     45 
 20260320    15:42:17       0    145     36     45 
 20260320    15:42:17       1    149     37     48 
 20260320    15:42:17       2    150     37     43 
 20260320    15:42:17       3    144     36     45 
 20260320    15:42:47       0    145     36     44 
 20260320    15:42:47       1    149     37     48 
 20260320    15:42:47       2    150     37     43 
 20260320    15:42:47       3    144     36     45 
 20260320    15:43:17       0    145     36     44 
 20260320    15:43:17       1    149     37     48 
 20260320    15:43:17       2    150     37     43 
 20260320    15:43:17       3    144     36     45 
 20260320    15:43:47       0    145     36     44 
 20260320    15:43:47       1    149     37     46 
 20260320    15:43:47       2    150     37     43 
 20260320    15:43:47       3    143     36     45 
 20260320    15:44:17       0    145     36     44 
 20260320    15:44:17       1    149     37     46 
 20260320    15:44:17       2    149     37     43 
 20260320    15:44:17       3    144     36     45 
 20260320    15:44:47       0    145     36     44 
 20260320    15:44:47       1    149     37     46 
 20260320    15:44:47       2    149     37     44 
 20260320    15:44:47       3    143     36     45 
 20260320    15:45:17       0    145     36     44 
 20260320    15:45:17       1    149     37     48 
 20260320    15:45:17       2    149     37     43 
 20260320    15:45:17       3    144     36     45 
 20260320    15:45:47       0    145     36     44 
 20260320    15:45:47       1    149     37     46 
 20260320    15:45:47       2    149     37     43 
 20260320    15:45:47       3    143     36     45 
 20260320    15:46:17       0    145     36     44 
 20260320    15:46:17       1    149     37     47 
 20260320    15:46:17       2    149     37     43 
 20260320    15:46:17       3    144     36     45 
 20260320    15:46:47       0    145     36     44 
 20260320    15:46:47       1    149     37     46 
 20260320    15:46:47       2    150     37     43 
 20260320    15:46:47       3    143     36     45 
#Date        Time         gpu    pwr  gtemp  mtemp 
#YYYYMMDD    HH:MM:SS     Idx      W      C      C 
 20260320    15:47:17       0    145     36     44 
 20260320    15:47:17       1    150     37     46 
 20260320    15:47:17       2    149     37     43 
 20260320    15:47:17       3    143     36     45 
 20260320    15:47:47       0    145     36     44 
 20260320    15:47:47       1    150     37     46 
 20260320    15:47:47       2    149     37     43 
 20260320    15:47:47       3    144     36     45 
 20260320    15:48:17       0    145     36     44 
 20260320    15:48:17       1    149     37     46 
 20260320    15:48:17       2    150     37     43 
 20260320    15:48:17       3    143     36     45 
 20260320    15:48:47       0    145     36     44 
 20260320    15:48:47       1    149     37     46 
 20260320    15:48:47       2    150     37     43 
 20260320    15:48:47       3    144     36     45 
 20260320    15:49:17       0    145     36     45 
 20260320    15:49:17       1    149     37     47 
 20260320    15:49:17       2    150     37     43 
 20260320    15:49:17       3    144     36     45 
 20260320    15:49:47       0    145     36     44 
 20260320    15:49:47       1    149     37     46 
 20260320    15:49:47       2    149     37     43 
 20260320    15:49:47       3    143     36     45 
 20260320    15:50:17       0    145     36     44 
 20260320    15:50:17       1    149     37     47 
 20260320    15:50:17       2    150     37     43 
 20260320    15:50:17       3    144     36     45 
 20260320    15:50:47       0    145     36     44 
 20260320    15:50:47       1    149     37     48 
 20260320    15:50:47       2    149     37     43 
 20260320    15:50:47       3    144     36     45 
 20260320    15:51:17       0    145     36     45 
 20260320    15:51:17       1    149     37     47 
 20260320    15:51:17       2    149     37     43 
 20260320    15:51:17       3    144     36     45 
 20260320    15:51:47       0    145     36     44 
 20260320    15:51:47       1    150     37     47 
 20260320    15:51:47       2    149     37     43 
 20260320    15:51:47       3    144     36     45 
 20260320    15:52:17       0    145     36     44 
 20260320    15:52:17       1    150     37     48 
 20260320    15:52:17       2    149     37     43 
 20260320    15:52:17       3    144     36     45 
#Date        Time         gpu    pwr  gtemp  mtemp 
#YYYYMMDD    HH:MM:SS     Idx      W      C      C 
 20260320    15:52:47       0    145     36     45 
 20260320    15:52:47       1    149     37     48 
 20260320    15:52:47       2    149     37     43 
 20260320    15:52:47       3    144     36     45 
 20260320    15:53:17       0    145     36     44 
 20260320    15:53:17       1    149     37     46 
 20260320    15:53:17       2    149     37     43 
 20260320    15:53:17       3    144     36     45 
 20260320    15:53:47       0    145     36     44 
 20260320    15:53:47       1    149     37     48 
 20260320    15:53:47       2    149     37     43 
 20260320    15:53:47       3    144     36     45 
 20260320    15:54:17       0    145     36     45 
 20260320    15:54:17       1    149     37     47 
 20260320    15:54:17       2    149     37     43 
 20260320    15:54:17       3    144     36     45 
 20260320    15:54:47       0    145     36     44 
 20260320    15:54:47       1    149     37     48 
 20260320    15:54:47       2    149     37     43 
 20260320    15:54:47       3    144     36     45 
 20260320    15:55:17       0    145     37     44 
 20260320    15:55:17       1    149     37     48 
 20260320    15:55:17       2    149     37     43 
 20260320    15:55:17       3    144     36     45 
 20260320    15:55:47       0    145     36     44 
 20260320    15:55:47       1    149     37     48 
 20260320    15:55:47       2    149     37     44 
 20260320    15:55:47       3    144     36     45 
 20260320    15:56:17       0    145     36     44 
 20260320    15:56:17       1    149     37     48 
 20260320    15:56:17       2    149     37     43 
 20260320    15:56:17       3    144     36     45 
 20260320    15:56:47       0    145     36     45 
 20260320    15:56:47       1    149     37     47 
 20260320    15:56:47       2    149     37     43 
 20260320    15:56:47       3    144     36     45 
 20260320    15:57:17       0    145     36     45 
 20260320    15:57:17       1    149     37     48 
 20260320    15:57:17       2    149     37     43 
 20260320    15:57:17       3    144     36     45 
 20260320    15:57:47       0    145     36     44 
 20260320    15:57:47       1    149     37     47 
 20260320    15:57:47       2    149     37     43 
 20260320    15:57:47       3    144     36     45 
#Date        Time         gpu    pwr  gtemp  mtemp 
#YYYYMMDD    HH:MM:SS     Idx      W      C      C 
 20260320    15:58:17       0    145     36     45 
 20260320    15:58:17       1    149     37     46 
 20260320    15:58:17       2    149     37     44 
 20260320    15:58:17       3    144     36     45 
 20260320    15:58:47       0    145     36     44 
 20260320    15:58:47       1    149     37     48 
 20260320    15:58:47       2    149     37     43 
 20260320    15:58:47       3    144     36     45 
 20260320    15:59:17       0    145     36     44 
 20260320    15:59:17       1    149     37     47 
 20260320    15:59:17       2    149     37     43 
 20260320    15:59:17       3    144     36     45 
 20260320    15:59:47       0    145     36     45 
 20260320    15:59:47       1    150     37     47 
 20260320    15:59:47       2    149     37     43 
 20260320    15:59:47       3    144     36     45 
 20260320    16:00:17       0    145     36     44 
 20260320    16:00:17       1    150     37     48 
 20260320    16:00:17       2    149     37     43 
 20260320    16:00:17       3    144     36     45 
 20260320    16:00:47       0    145     36     44 
 20260320    16:00:47       1    149     37     46 
 20260320    16:00:47       2    150     37     43 
 20260320    16:00:47       3    144     36     45 
 20260320    16:01:17       0    145     36     44 
 20260320    16:01:17       1    149     37     46 
 20260320    16:01:17       2    150     37     43 
 20260320    16:01:17       3    144     36     45 
 20260320    16:01:47       0    145     36     44 
 20260320    16:01:47       1    149     37     46 
 20260320    16:01:47       2    150     37     43 
 20260320    16:01:47       3    143     36     45 
 20260320    16:02:17       0    145     36     44 
 20260320    16:02:17       1    149     37     46 
 20260320    16:02:17       2    150     37     43 
 20260320    16:02:17       3    144     36     45 
 20260320    16:02:47       0    145     36     45 
 20260320    16:02:47       1    149     37     46 
 20260320    16:02:47       2    150     37     43 
 20260320    16:02:47       3    144     36     45 
 20260320    16:03:17       0    145     36     44 
 20260320    16:03:17       1    149     37     46 
 20260320    16:03:17       2    149     37     44 
 20260320    16:03:17       3    144     36     45 
#Date        Time         gpu    pwr  gtemp  mtemp 
#YYYYMMDD    HH:MM:SS     Idx      W      C      C 
 20260320    16:03:47       0    145     36     45 
 20260320    16:03:47       1    149     37     47 
 20260320    16:03:47       2    149     37     43 
 20260320    16:03:47       3    144     36     45 
 20260320    16:04:17       0    145     36     44 
 20260320    16:04:17       1    149     37     47 
 20260320    16:04:17       2    149     37     44 
 20260320    16:04:17       3    144     36     45 
 20260320    16:04:47       0    145     36     44 
 20260320    16:04:47       1    149     37     46 
 20260320    16:04:47       2    149     37     44 
 20260320    16:04:47       3    144     36     45 
 20260320    16:05:17       0    145     37     44 
 20260320    16:05:17       1    149     37     48 
 20260320    16:05:17       2    150     37     44 
 20260320    16:05:17       3    144     36     45 
 20260320    16:05:47       0    145     36     44 
 20260320    16:05:47       1    149     37     48 
 20260320    16:05:47       2    150     37     43 
 20260320    16:05:47       3    144     36     45 
 20260320    16:06:17       0    145     36     44 
 20260320    16:06:17       1    149     37     48 
 20260320    16:06:17       2    150     37     43 
 20260320    16:06:17       3    144     36     45 
 20260320    16:06:47       0    145     36     44 
 20260320    16:06:47       1    149     37     48 
 20260320    16:06:47       2    150     37     43 
 20260320    16:06:47       3    144     36     45 
 20260320    16:07:17       0    145     37     44 
 20260320    16:07:17       1    149     37     48 
 20260320    16:07:17       2    149     37     43 
 20260320    16:07:17       3    144     37     45 
 20260320    16:07:47       0    145     37     44 
 20260320    16:07:47       1    149     37     48 
 20260320    16:07:47       2    149     37     43 
 20260320    16:07:47       3    144     37     45 
 20260320    16:08:17       0    145     37     44 
 20260320    16:08:17       1    149     37     48 
 20260320    16:08:17       2    149     37     44 
 20260320    16:08:17       3    144     37     45 
 20260320    16:08:47       0    145     37     44 
 20260320    16:08:47       1    149     37     48 
 20260320    16:08:47       2    149     37     44 
 20260320    16:08:47       3    144     37     45 
#Date        Time         gpu    pwr  gtemp  mtemp 
#YYYYMMDD    HH:MM:SS     Idx      W      C      C 
 20260320    16:09:17       0    145     37     44 
 20260320    16:09:17       1    149     37     48 
 20260320    16:09:17       2    149     37     43 
 20260320    16:09:17       3    144     37     45 
 20260320    16:09:47       0    145     37     44 
 20260320    16:09:47       1    149     37     48 
 20260320    16:09:47       2    150     37     43 
 20260320    16:09:47       3    144     37     45 
 20260320    16:10:17       0    145     37     44 
 20260320    16:10:17       1    149     37     48 
 20260320    16:10:17       2    150     37     43 
 20260320    16:10:17       3    144     37     45 
 20260320    16:10:47       0    145     37     45 
 20260320    16:10:47       1    149     37     48 
 20260320    16:10:47       2    150     37     43 
 20260320    16:10:47       3    144     36     45 
 20260320    16:11:17       0    145     37     44 
 20260320    16:11:17       1    149     37     48 
 20260320    16:11:17       2    150     37     43 
 20260320    16:11:17       3    144     37     45 
 20260320    16:11:47       0    145     37     44 
 20260320    16:11:47       1    149     37     48 
 20260320    16:11:47       2    150     37     43 
 20260320    16:11:47       3    144     37     45 
 20260320    16:12:17       0    145     37     44 
 20260320    16:12:17       1    149     37     48 
 20260320    16:12:17       2    150     37     43 
 20260320    16:12:17       3    144     36     45 
 20260320    16:12:47       0    145     37     44 
 20260320    16:12:47       1    149     37     48 
 20260320    16:12:47       2    150     37     43 
 20260320    16:12:47       3    144     37     45 
 20260320    16:13:17       0    145     37     44 
 20260320    16:13:17       1    149     37     48 
 20260320    16:13:17       2    149     37     44 
 20260320    16:13:17       3    144     37     45 
 20260320    16:13:47       0    145     37     45 
 20260320    16:13:47       1    149     37     48 
 20260320    16:13:47       2    149     37     43 
 20260320    16:13:47       3    144     36     45 
 20260320    16:14:17       0    145     36     44 
 20260320    16:14:17       1    149     37     48 
 20260320    16:14:17       2    149     37     44 
 20260320    16:14:17       3    144     36     45 
#Date        Time         gpu    pwr  gtemp  mtemp 
#YYYYMMDD    HH:MM:SS     Idx      W      C      C 
 20260320    16:14:47       0    145     36     44 
 20260320    16:14:47       1    149     37     48 
 20260320    16:14:47       2    149     37     43 
 20260320    16:14:47       3    144     36     45 
 20260320    16:15:17       0    145     36     44 
 20260320    16:15:17       1    149     37     48 
 20260320    16:15:17       2    150     37     44 
 20260320    16:15:17       3    144     36     45 
 20260320    16:15:47       0    145     36     44 
 20260320    16:15:47       1    149     37     48 
 20260320    16:15:47       2    150     37     43 
 20260320    16:15:47       3    144     36     45 
 20260320    16:16:17       0    145     37     44 
 20260320    16:16:17       1    149     37     48 
 20260320    16:16:17       2    150     37     43 
 20260320    16:16:17       3    144     36     45 
 20260320    16:16:47       0    145     36     44 
 20260320    16:16:47       1    149     37     48 
 20260320    16:16:47       2    150     37     43 
 20260320    16:16:47       3    144     36     45 
 20260320    16:17:17       0    145     36     44 
 20260320    16:17:17       1    150     37     48 
 20260320    16:17:17       2    150     37     43 
 20260320    16:17:17       3    144     36     45 
 20260320    16:17:47       0    145     36     45 
 20260320    16:17:47       1    149     37     48 
 20260320    16:17:47       2    150     37     43 
 20260320    16:17:47       3    144     36     45 
 20260320    16:18:17       0    145     36     45 
 20260320    16:18:17       1    149     37     48 
 20260320    16:18:17       2    149     37     43 
 20260320    16:18:17       3    144     36     45 
 20260320    16:18:47       0    145     36     44 
 20260320    16:18:47       1    149     37     47 
 20260320    16:18:47       2    150     37     43 
 20260320    16:18:47       3    144     36     45 
 20260320    16:19:17       0    145     37     44 
 20260320    16:19:17       1    149     37     48 
 20260320    16:19:17       2    150     37     43 
 20260320    16:19:17       3    144     36     45 
 20260320    16:19:47       0    145     37     44 
 20260320    16:19:47       1    149     37     46 
 20260320    16:19:47       2    149     37     43 
 20260320    16:19:47       3    144     36     45 
#Date        Time         gpu    pwr  gtemp  mtemp 
#YYYYMMDD    HH:MM:SS     Idx      W      C      C 
 20260320    16:20:18       0    145     37     44 
 20260320    16:20:18       1    149     37     48 
 20260320    16:20:18       2    150     37     44 
 20260320    16:20:18       3    144     36     45 
 20260320    16:20:48       0    145     37     44 
 20260320    16:20:48       1    149     37     48 
 20260320    16:20:48       2    150     37     43 
 20260320    16:20:48       3    144     37     45 
 20260320    16:21:18       0    145     37     44 
 20260320    16:21:18       1    149     37     48 
 20260320    16:21:18       2    150     37     43 
 20260320    16:21:18       3    144     37     45 
 20260320    16:21:48       0    145     37     44 
 20260320    16:21:48       1    149     37     48 
 20260320    16:21:48       2    150     37     43 
 20260320    16:21:48       3    144     37     45 
 20260320    16:22:18       0    145     37     44 
 20260320    16:22:18       1    149     37     48 
 20260320    16:22:18       2    150     37     44 
 20260320    16:22:18       3    144     37     45 
 20260320    16:22:48       0    145     37     44 
 20260320    16:22:48       1    149     37     48 
 20260320    16:22:48       2    150     37     43 
 20260320    16:22:48       3    144     37     45 
 20260320    16:23:18       0    145     37     44 
 20260320    16:23:18       1    149     37     48 
 20260320    16:23:18       2    149     37     44 
 20260320    16:23:18       3    144     37     45 
 20260320    16:23:48       0    145     37     44 
 20260320    16:23:48       1    149     37     48 
 20260320    16:23:48       2    149     37     43 
 20260320    16:23:48       3    144     37     45 
 20260320    16:24:18       0    145     37     45 
 20260320    16:24:18       1    149     37     48 
 20260320    16:24:18       2    149     37     44 
 20260320    16:24:18       3    144     37     45 
 20260320    16:24:48       0    145     37     44 
 20260320    16:24:48       1    149     37     48 
 20260320    16:24:48       2    149     37     43 
 20260320    16:24:48       3    144     37     45 
 20260320    16:25:18       0    145     37     44 
 20260320    16:25:18       1    149     37     48 
 20260320    16:25:18       2    149     37     43 
 20260320    16:25:18       3    144     37     45 
#Date        Time         gpu    pwr  gtemp  mtemp 
#YYYYMMDD    HH:MM:SS     Idx      W      C      C 
 20260320    16:25:48       0    145     37     44 
 20260320    16:25:48       1    149     37     48 
 20260320    16:25:48       2    149     37     43 
 20260320    16:25:48       3    144     37     45 
 20260320    16:26:18       0    145     37     44 
 20260320    16:26:18       1    149     37     48 
 20260320    16:26:18       2    150     37     43 
 20260320    16:26:18       3    144     37     45 
 20260320    16:26:48       0    145     37     44 
 20260320    16:26:48       1    149     37     48 
 20260320    16:26:48       2    150     37     45 
 20260320    16:26:48       3    144     37     45 
 20260320    16:27:18       0    145     37     44 
 20260320    16:27:18       1    150     37     48 
 20260320    16:27:18       2    150     37     44 
 20260320    16:27:18       3    144     37     45 
 20260320    16:27:48       0    145     37     44 
 20260320    16:27:48       1    149     37     48 
 20260320    16:27:48       2    150     37     43 
 20260320    16:27:48       3    144     37     45 
 20260320    16:28:18       0    145     37     44 
 20260320    16:28:18       1    149     37     48 
 20260320    16:28:18       2    150     37     44 
 20260320    16:28:18       3    144     37     45 
 20260320    16:28:48       0    145     37     44 
 20260320    16:28:48       1    149     37     48 
 20260320    16:28:48       2    150     37     44 
 20260320    16:28:48       3    144     37     45 
 20260320    16:29:18       0    145     37     44 
 20260320    16:29:18       1    149     37     47 
 20260320    16:29:18       2    150     37     43 
 20260320    16:29:18       3    144     37     45 
 20260320    16:29:48       0    145     36     44 
 20260320    16:29:48       1    149     37     47 
 20260320    16:29:48       2    149     37     43 
 20260320    16:29:48       3    144     36     45 
 20260320    16:30:18       0    145     36     44 
 20260320    16:30:18       1    149     37     47 
 20260320    16:30:18       2    149     37     43 
 20260320    16:30:18       3    144     36     45 
 20260320    16:30:48       0    145     36     44 
 20260320    16:30:48       1    149     37     47 
 20260320    16:30:48       2    149     37     43 
 20260320    16:30:48       3    144     36     45 
#Date        Time         gpu    pwr  gtemp  mtemp 
#YYYYMMDD    HH:MM:SS     Idx      W      C      C 
 20260320    16:31:18       0    145     36     45 
 20260320    16:31:18       1    149     37     47 
 20260320    16:31:18       2    149     37     43 
 20260320    16:31:18       3    144     36     45 
 20260320    16:31:48       0    145     36     45 
 20260320    16:31:48       1    149     37     48 
 20260320    16:31:48       2    149     37     43 
 20260320    16:31:48       3    144     36     45 
 20260320    16:32:18       0    145     36     45 
 20260320    16:32:18       1    149     37     48 
 20260320    16:32:18       2    149     37     43 
 20260320    16:32:18       3    144     36     45 
 20260320    16:32:48       0    145     36     45 
 20260320    16:32:48       1    149     37     47 
 20260320    16:32:48       2    149     37     43 
 20260320    16:32:48       3    144     36     45 
 20260320    16:33:18       0    145     36     44 
 20260320    16:33:18       1    149     37     48 
 20260320    16:33:18       2    149     37     43 
 20260320    16:33:18       3    144     36     45 
 20260320    16:33:48       0    145     36     44 
 20260320    16:33:48       1    149     37     48 
 20260320    16:33:48       2    149     37     43 
 20260320    16:33:48       3    144     36     45 
 20260320    16:34:18       0    145     36     45 
 20260320    16:34:18       1    149     37     47 
 20260320    16:34:18       2    150     37     43 
 20260320    16:34:18       3    144     36     45 
 20260320    16:34:48       0    145     36     45 
 20260320    16:34:48       1    149     37     47 
 20260320    16:34:48       2    150     37     43 
 20260320    16:34:48       3    144     36     45 
 20260320    16:35:18       0    145     36     45 
 20260320    16:35:18       1    149     37     47 
 20260320    16:35:18       2    150     37     43 
 20260320    16:35:18       3    144     36     45 
 20260320    16:35:48       0    145     36     44 
 20260320    16:35:48       1    149     37     47 
 20260320    16:35:48       2    150     37     43 
 20260320    16:35:48       3    144     36     45 
 20260320    16:36:18       0    145     37     44 
 20260320    16:36:18       1    149     37     48 
 20260320    16:36:18       2    149     37     44 
 20260320    16:36:18       3    144     36     45 
#Date        Time         gpu    pwr  gtemp  mtemp 
#YYYYMMDD    HH:MM:SS     Idx      W      C      C 
 20260320    16:36:48       0    145     37     44 
 20260320    16:36:48       1    149     37     48 
 20260320    16:36:48       2    149     37     43 
 20260320    16:36:48       3    144     36     45 
 20260320    16:37:18       0    145     37     44 
 20260320    16:37:18       1    149     37     46 
 20260320    16:37:18       2    149     37     43 
 20260320    16:37:18       3    144     36     45 
 20260320    16:37:48       0    145     37     44 
 20260320    16:37:48       1    149     37     48 
 20260320    16:37:48       2    149     37     43 
 20260320    16:37:48       3    144     37     45 
 20260320    16:38:18       0    145     37     44 
 20260320    16:38:18       1    149     37     48 
 20260320    16:38:18       2    149     37     43 
 20260320    16:38:18       3    144     37     45 
 20260320    16:38:48       0    145     36     44 
 20260320    16:38:48       1    149     37     46 
 20260320    16:38:48       2    149     37     43 
 20260320    16:38:48       3    144     36     45 
 20260320    16:39:18       0    145     36     44 
 20260320    16:39:18       1    149     37     48 
 20260320    16:39:18       2    149     37     43 
 20260320    16:39:18       3    144     36     45 
 20260320    16:39:48       0    145     37     44 
 20260320    16:39:48       1    149     37     46 
 20260320    16:39:48       2    149     37     43 
 20260320    16:39:48       3    144     37     45 
 20260320    16:40:18       0    145     37     44 
 20260320    16:40:18       1    149     37     48 
 20260320    16:40:18       2    149     37     44 
 20260320    16:40:18       3    144     37     45 
 20260320    16:40:48       0    145     37     44 
 20260320    16:40:48       1    149     37     48 
 20260320    16:40:48       2    150     37     43 
 20260320    16:40:48       3    144     37     45 
 20260320    16:41:18       0    145     37     44 
 20260320    16:41:18       1    149     37     48 
 20260320    16:41:18       2    150     37     43 
 20260320    16:41:18       3    144     37     45 
 20260320    16:41:48       0    145     37     44 
 20260320    16:41:48       1    149     37     48 
 20260320    16:41:48       2    150     37     43 
 20260320    16:41:48       3    144     37     45 
#Date        Time         gpu    pwr  gtemp  mtemp 
#YYYYMMDD    HH:MM:SS     Idx      W      C      C 
 20260320    16:42:18       0    145     37     44 
 20260320    16:42:18       1    149     37     48 
 20260320    16:42:18       2    150     37     44 
 20260320    16:42:18       3    144     37     45 
 20260320    16:42:48       0    145     37     44 
 20260320    16:42:48       1    149     37     48 
 20260320    16:42:48       2    150     37     43 
 20260320    16:42:48       3    144     37     45 
 20260320    16:43:18       0    145     37     44 
 20260320    16:43:18       1    149     37     48 
 20260320    16:43:18       2    150     37     43 
 20260320    16:43:18       3    144     37     45 
 20260320    16:43:48       0    145     37     44 
 20260320    16:43:48       1    149     37     48 
 20260320    16:43:48       2    150     37     43 
 20260320    16:43:48       3    144     37     45 
 20260320    16:44:18       0    145     37     44 
 20260320    16:44:18       1    149     37     48 
 20260320    16:44:18       2    150     37     43 
 20260320    16:44:18       3    144     37     45 
 20260320    16:44:48       0    145     37     44 
 20260320    16:44:48       1    149     37     48 
 20260320    16:44:48       2    150     37     43 
 20260320    16:44:48       3    144     37     45 
 20260320    16:45:18       0    145     37     44 
 20260320    16:45:18       1    149     37     47 
 20260320    16:45:18       2    150     37     43 
 20260320    16:45:18       3    144     36     45 
 20260320    16:45:48       0    145     36     44 
 20260320    16:45:48       1    149     37     48 
 20260320    16:45:48       2    150     37     43 
 20260320    16:45:48       3    144     36     45 
 20260320    16:46:18       0    145     36     44 
 20260320    16:46:18       1    149     37     47 
 20260320    16:46:18       2    150     37     43 
 20260320    16:46:18       3    144     36     45 
 20260320    16:46:48       0    145     36     45 
 20260320    16:46:48       1    149     37     47 
 20260320    16:46:48       2    149     37     43 
 20260320    16:46:48       3    144     36     45 
 20260320    16:47:18       0    145     36     45 
 20260320    16:47:18       1    149     37     48 
 20260320    16:47:18       2    149     37     43 
 20260320    16:47:18       3    144     36     45 
#Date        Time         gpu    pwr  gtemp  mtemp 
#YYYYMMDD    HH:MM:SS     Idx      W      C      C 
 20260320    16:47:48       0    145     36     44 
 20260320    16:47:48       1    149     37     48 
 20260320    16:47:48       2    149     37     43 
 20260320    16:47:48       3    144     36     45 
 20260320    16:48:18       0    145     36     44 
 20260320    16:48:18       1    149     37     48 
 20260320    16:48:18       2    149     37     43 
 20260320    16:48:18       3    144     36     45 
 20260320    16:48:48       0    145     36     44 
 20260320    16:48:48       1    149     37     48 
 20260320    16:48:48       2    149     37     43 
 20260320    16:48:48       3    144     36     45 
 20260320    16:49:18       0    145     36     44 
 20260320    16:49:18       1    149     37     48 
 20260320    16:49:18       2    149     37     43 
 20260320    16:49:18       3    144     36     45 
 20260320    16:49:48       0    145     36     44 
 20260320    16:49:48       1    149     37     48 
 20260320    16:49:48       2    149     37     43 
 20260320    16:49:48       3    144     36     45 
 20260320    16:50:18       0    145     36     44 
 20260320    16:50:18       1    149     37     46 
 20260320    16:50:18       2    149     37     43 
 20260320    16:50:18       3    144     36     45 
 20260320    16:50:48       0    145     36     44 
 20260320    16:50:48       1    149     37     48 
 20260320    16:50:48       2    149     37     43 
 20260320    16:50:48       3    144     36     45 
 20260320    16:51:18       0    145     37     44 
 20260320    16:51:18       1    149     37     48 
 20260320    16:51:18       2    149     37     43 
 20260320    16:51:18       3    144     36     45 
 20260320    16:51:48       0    145     37     44 
 20260320    16:51:48       1    149     37     48 
 20260320    16:51:48       2    149     37     44 
 20260320    16:51:48       3    144     37     45 
 20260320    16:52:18       0    145     37     44 
 20260320    16:52:18       1    149     37     48 
 20260320    16:52:18       2    149     37     43 
 20260320    16:52:18       3    144     37     45 
 20260320    16:52:48       0    145     37     44 
 20260320    16:52:48       1    149     37     48 
 20260320    16:52:48       2    149     37     44 
 20260320    16:52:48       3    144     37     45 
#Date        Time         gpu    pwr  gtemp  mtemp 
#YYYYMMDD    HH:MM:SS     Idx      W      C      C 
 20260320    16:53:18       0    145     37     44 
 20260320    16:53:18       1    149     37     48 
 20260320    16:53:18       2    150     37     44 
 20260320    16:53:18       3    144     37     45 
 20260320    16:53:48       0    145     37     44 
 20260320    16:53:48       1    149     37     47 
 20260320    16:53:48       2    150     37     44 
 20260320    16:53:48       3    144     37     45 
 20260320    16:54:18       0    145     37     44 
 20260320    16:54:18       1    149     37     48 
 20260320    16:54:18       2    150     37     44 
 20260320    16:54:18       3    144     37     45 
 20260320    16:54:48       0    145     37     44 
 20260320    16:54:48       1    149     37     48 
 20260320    16:54:48       2    150     37     43 
 20260320    16:54:48       3    144     37     45 
 20260320    16:55:18       0    145     37     44 
 20260320    16:55:18       1    149     37     48 
 20260320    16:55:18       2    150     37     43 
 20260320    16:55:18       3    144     37     45 
 20260320    16:55:48       0    145     37     44 
 20260320    16:55:48       1    149     37     48 
 20260320    16:55:48       2    150     37     43 
 20260320    16:55:48       3    144     37     45 
 20260320    16:56:18       0    145     37     44 
 20260320    16:56:18       1    149     37     48 
 20260320    16:56:18       2    150     37     44 
 20260320    16:56:18       3    144     37     45 
 20260320    16:56:48       0    145     37     44 
 20260320    16:56:48       1    149     37     48 
 20260320    16:56:48       2    149     37     44 
 20260320    16:56:48       3    144     37     45 
 20260320    16:57:18       0    145     37     44 
 20260320    16:57:18       1    149     37     48 
 20260320    16:57:18       2    149     37     43 
 20260320    16:57:18       3    144     37     45 
 20260320    16:57:48       0    145     37     44 
 20260320    16:57:48       1    149     37     48 
 20260320    16:57:48       2    149     37     44 
 20260320    16:57:48       3    144     37     45 
 20260320    16:58:18       0    145     37     44 
 20260320    16:58:18       1    149     37     48 
 20260320    16:58:18       2    149     37     43 
 20260320    16:58:18       3    144     37     45 
#Date        Time         gpu    pwr  gtemp  mtemp 
#YYYYMMDD    HH:MM:SS     Idx      W      C      C 
 20260320    16:58:48       0    145     37     44 
 20260320    16:58:48       1    149     37     48 
 20260320    16:58:48       2    150     37     44 
 20260320    16:58:48       3    144     37     45 
 20260320    16:59:18       0    145     37     44 
 20260320    16:59:18       1    149     37     48 
 20260320    16:59:18       2    150     37     45 
 20260320    16:59:18       3    144     37     45 
 20260320    16:59:48       0    145     37     44 
 20260320    16:59:48       1    149     37     48 
 20260320    16:59:48       2    150     37     44 
 20260320    16:59:48       3    144     37     45 
 20260320    17:00:18       0    145     37     44 
 20260320    17:00:18       1    149     37     48 
 20260320    17:00:18       2    150     37     43 
 20260320    17:00:18       3    144     37     45 
 20260320    17:00:48       0    145     36     44 
 20260320    17:00:48       1    149     37     48 
 20260320    17:00:48       2    150     37     43 
 20260320    17:00:48       3    144     36     45 
 20260320    17:01:18       0    145     36     44 
 20260320    17:01:18       1    149     37     48 
 20260320    17:01:18       2    150     37     44 
 20260320    17:01:18       3    144     36     45 
 20260320    17:01:48       0    145     36     45 
 20260320    17:01:48       1    149     37     48 
 20260320    17:01:48       2    150     37     43 
 20260320    17:01:48       3    144     36     45 
 20260320    17:02:18       0    145     36     44 
 20260320    17:02:18       1    149     37     48 
 20260320    17:02:18       2    150     37     44 
 20260320    17:02:18       3    144     36     45 
 20260320    17:02:48       0    145     36     44 
 20260320    17:02:48       1    149     37     47 
 20260320    17:02:48       2    150     37     44 
 20260320    17:02:48       3    144     36     45 
 20260320    17:03:18       0    145     36     44 
 20260320    17:03:18       1    149     37     48 
 20260320    17:03:18       2    149     37     43 
 20260320    17:03:18       3    144     36     45 
 20260320    17:03:48       0    145     36     44 
 20260320    17:03:48       1    149     37     48 
 20260320    17:03:48       2    149     37     43 
 20260320    17:03:48       3    144     36     45 
#Date        Time         gpu    pwr  gtemp  mtemp 
#YYYYMMDD    HH:MM:SS     Idx      W      C      C 
 20260320    17:04:18       0    145     36     44 
 20260320    17:04:18       1    149     37     48 
 20260320    17:04:18       2    149     37     43 
 20260320    17:04:18       3    144     36     45 
 20260320    17:04:48       0    145     36     44 
 20260320    17:04:48       1    149     37     48 
 20260320    17:04:48       2    149     37     43 
 20260320    17:04:48       3    144     36     45 
 20260320    17:05:18       0    145     36     44 
 20260320    17:05:18       1    149     37     48 
 20260320    17:05:18       2    150     37     43 
 20260320    17:05:18       3    144     36     45 
 20260320    17:05:48       0    145     36     44 
 20260320    17:05:48       1    149     37     48 
 20260320    17:05:48       2    150     37     43 
 20260320    17:05:48       3    144     36     45 
 20260320    17:06:18       0    145     36     45 
 20260320    17:06:18       1    149     37     48 
 20260320    17:06:18       2    150     37     43 
 20260320    17:06:18       3    144     36     45 
 20260320    17:06:48       0    145     37     44 
 20260320    17:06:48       1    149     37     48 
 20260320    17:06:48       2    150     37     43 
 20260320    17:06:48       3    144     36     45 
 20260320    17:07:18       0    145     37     44 
 20260320    17:07:18       1    149     37     48 
 20260320    17:07:18       2    150     37     45 
 20260320    17:07:18       3    144     36     45 
 20260320    17:07:48       0    145     37     44 
 20260320    17:07:48       1    149     37     46 
 20260320    17:07:48       2    149     37     43 
 20260320    17:07:48       3    144     36     45 
 20260320    17:08:18       0    145     37     44 
 20260320    17:08:18       1    149     37     48 
 20260320    17:08:18       2    149     37     44 
 20260320    17:08:18       3    144     36     45 
 20260320    17:08:48       0    145     36     44 
 20260320    17:08:48       1    149     37     47 
 20260320    17:08:48       2    149     37     43 
 20260320    17:08:48       3    144     36     45 
