#Date        Time         gpu    pwr  gtemp  mtemp 
#YYYYMMDD    HH:MM:SS     Idx      W      C      C 
 20260321    07:39:39       0     81     35     44 
 20260321    07:39:39       1     82     36     44 
 20260321    07:39:39       2     91     34     44 
 20260321    07:39:39       3     82     35     43 
 20260321    07:40:09       0    129     37     45 
 20260321    07:40:09       1    131     38     45 
 20260321    07:40:09       2    139     36     45 
 20260321    07:40:09       3    129     37     43 
 20260321    07:40:39       0    129     37     45 
 20260321    07:40:39       1    131     38     45 
 20260321    07:40:39       2    139     37     45 
 20260321    07:40:39       3    129     37     43 
 20260321    07:41:09       0    128     37     45 
 20260321    07:41:09       1    131     38     45 
 20260321    07:41:09       2    139     37     45 
 20260321    07:41:09       3    129     37     44 
 20260321    07:41:39       0    128     37     45 
 20260321    07:41:39       1    131     38     45 
 20260321    07:41:39       2    140     37     45 
 20260321    07:41:39       3    129     37     45 
 20260321    07:42:09       0    128     37     45 
 20260321    07:42:09       1    131     38     45 
 20260321    07:42:09       2    140     37     45 
 20260321    07:42:09       3    129     37     45 
 20260321    07:42:39       0    129     37     45 
 20260321    07:42:39       1    132     38     45 
 20260321    07:42:39       2    140     37     45 
 20260321    07:42:39       3    131     37     45 
 20260321    07:43:09       0    128     37     45 
 20260321    07:43:09       1    131     38     45 
 20260321    07:43:09       2    140     37     45 
 20260321    07:43:09       3    129     37     45 
 20260321    07:43:39       0    128     37     45 
 20260321    07:43:39       1    131     39     45 
 20260321    07:43:39       2    139     37     45 
 20260321    07:43:39       3    129     37     45 
 20260321    07:44:09       0    128     38     45 
 20260321    07:44:09       1    132     39     45 
 20260321    07:44:09       2    139     37     45 
 20260321    07:44:09       3    129     37     45 
 20260321    07:44:39       0    128     38     45 
 20260321    07:44:39       1    132     39     45 
 20260321    07:44:39       2    139     37     45 
 20260321    07:44:39       3    129     37     45 
#Date        Time         gpu    pwr  gtemp  mtemp 
#YYYYMMDD    HH:MM:SS     Idx      W      C      C 
 20260321    07:45:09       0    128     37     45 
 20260321    07:45:09       1    132     39     45 
 20260321    07:45:09       2    139     37     45 
 20260321    07:45:09       3    129     37     45 
 20260321    07:45:39       0    128     37     45 
 20260321    07:45:39       1    132     38     45 
 20260321    07:45:39       2    139     37     45 
 20260321    07:45:39       3    129     37     45 
 20260321    07:46:09       0    128     37     45 
 20260321    07:46:09       1    132     38     45 
 20260321    07:46:09       2    140     37     45 
 20260321    07:46:09       3    129     37     45 
 20260321    07:46:39       0    128     37     45 
 20260321    07:46:39       1    132     38     45 
 20260321    07:46:39       2    140     37     45 
 20260321    07:46:39       3    129     37     45 
 20260321    07:47:09       0    128     37     45 
 20260321    07:47:09       1    132     38     45 
 20260321    07:47:09       2    139     37     45 
 20260321    07:47:09       3    129     37     44 
 20260321    07:47:39       0    128     37     45 
 20260321    07:47:39       1    132     38     45 
 20260321    07:47:39       2    139     36     45 
 20260321    07:47:39       3    129     37     43 
 20260321    07:48:09       0    128     37     45 
 20260321    07:48:09       1    132     38     45 
 20260321    07:48:09       2    139     36     45 
 20260321    07:48:09       3    129     37     43 
 20260321    07:48:39       0    128     37     45 
 20260321    07:48:39       1    131     38     45 
 20260321    07:48:39       2    139     36     45 
 20260321    07:48:39       3    129     37     43 
 20260321    07:49:09       0    128     37     45 
 20260321    07:49:09       1    132     38     45 
 20260321    07:49:09       2    139     36     45 
 20260321    07:49:09       3    129     37     43 
 20260321    07:49:39       0    128     37     45 
 20260321    07:49:39       1    132     38     45 
 20260321    07:49:39       2    139     36     45 
 20260321    07:49:39       3    129     37     43 
 20260321    07:50:09       0    128     37     45 
 20260321    07:50:09       1    132     38     45 
 20260321    07:50:09       2    139     36     45 
 20260321    07:50:09       3    129     37     43 
#Date        Time         gpu    pwr  gtemp  mtemp 
#YYYYMMDD    HH:MM:SS     Idx      W      C      C 
 20260321    07:50:39       0    128     37     45 
 20260321    07:50:39       1    131     38     45 
 20260321    07:50:39       2    139     36     45 
 20260321    07:50:39       3    129     37     43 
 20260321    07:51:09       0    128     37     43 
 20260321    07:51:09       1    132     38     45 
 20260321    07:51:09       2    139     36     45 
 20260321    07:51:09       3    128     37     43 
 20260321    07:51:39       0    128     37     45 
 20260321    07:51:39       1    131     38     45 
 20260321    07:51:39       2    139     36     45 
 20260321    07:51:39       3    128     37     43 
 20260321    07:52:09       0    139     38     45 
 20260321    07:52:09       1    143     39     45 
 20260321    07:52:09       2    150     37     45 
 20260321    07:52:09       3    140     38     45 
 20260321    07:52:39       0    141     38     45 
 20260321    07:52:39       1    145     39     45 
 20260321    07:52:39       2    152     38     45 
 20260321    07:52:39       3    141     38     45 
 20260321    07:53:09       0    139     38     45 
 20260321    07:53:09       1    144     39     45 
 20260321    07:53:09       2    151     37     46 
 20260321    07:53:09       3    141     38     45 
 20260321    07:53:39       0    128     37     45 
 20260321    07:53:39       1    132     38     45 
 20260321    07:53:39       2    138     36     45 
 20260321    07:53:39       3    130     37     45 
 20260321    07:54:09       0    128     37     45 
 20260321    07:54:09       1    132     38     45 
 20260321    07:54:09       2    138     36     45 
 20260321    07:54:09       3    130     37     43 
 20260321    07:54:39       0    128     37     45 
 20260321    07:54:39       1    131     38     45 
 20260321    07:54:39       2    138     36     45 
 20260321    07:54:39       3    130     37     43 
 20260321    07:55:09       0    140     38     45 
 20260321    07:55:09       1    144     39     45 
 20260321    07:55:09       2    151     37     45 
 20260321    07:55:09       3    141     38     44 
 20260321    07:55:39       0    141     38     45 
 20260321    07:55:39       1    145     39     45 
 20260321    07:55:39       2    152     37     45 
 20260321    07:55:39       3    142     38     45 
#Date        Time         gpu    pwr  gtemp  mtemp 
#YYYYMMDD    HH:MM:SS     Idx      W      C      C 
 20260321    07:56:09       0    127     37     45 
 20260321    07:56:09       1    132     38     45 
 20260321    07:56:09       2    138     36     45 
 20260321    07:56:09       3    129     37     43 
 20260321    07:56:39       0    139     38     45 
 20260321    07:56:39       1    143     39     45 
 20260321    07:56:39       2    150     37     46 
 20260321    07:56:39       3    140     38     44 
 20260321    07:57:09       0    140     38     45 
 20260321    07:57:09       1    144     39     45 
 20260321    07:57:09       2    151     37     46 
 20260321    07:57:09       3    141     38     44 
 20260321    07:57:39       0    179     39     45 
 20260321    07:57:39       1    185     40     47 
 20260321    07:57:39       2    187     38     45 
 20260321    07:57:39       3    180     39     45 
 20260321    07:58:09       0    139     38     45 
 20260321    07:58:09       1    144     39     45 
 20260321    07:58:09       2    150     37     45 
 20260321    07:58:09       3    140     38     45 
 20260321    07:58:39       0    129     37     45 
 20260321    07:58:39       1    133     38     45 
 20260321    07:58:39       2    139     36     45 
 20260321    07:58:39       3    129     37     44 
 20260321    07:59:09       0    129     37     45 
 20260321    07:59:09       1    133     38     45 
 20260321    07:59:09       2    139     36     45 
 20260321    07:59:09       3    129     37     43 
 20260321    07:59:39       0    129     37     44 
 20260321    07:59:39       1    133     38     45 
 20260321    07:59:39       2    139     36     44 
 20260321    07:59:39       3    128     37     43 
 20260321    08:00:09       0    139     38     45 
 20260321    08:00:09       1    143     39     45 
 20260321    08:00:09       2    151     37     45 
 20260321    08:00:09       3    140     38     44 
 20260321    08:00:39       0    140     38     45 
 20260321    08:00:39       1    144     39     45 
 20260321    08:00:39       2    152     37     45 
 20260321    08:00:39       3    141     38     44 
 20260321    08:01:09       0    139     38     45 
 20260321    08:01:09       1    144     39     45 
 20260321    08:01:09       2    152     37     46 
 20260321    08:01:09       3    140     38     44 
#Date        Time         gpu    pwr  gtemp  mtemp 
#YYYYMMDD    HH:MM:SS     Idx      W      C      C 
 20260321    08:01:39       0    140     38     45 
 20260321    08:01:39       1    144     39     45 
 20260321    08:01:39       2    152     37     45 
 20260321    08:01:39       3    140     38     44 
 20260321    08:02:09       0    140     38     45 
 20260321    08:02:09       1    144     39     45 
 20260321    08:02:09       2    152     37     45 
 20260321    08:02:09       3    141     38     45 
 20260321    08:02:39       0    128     37     45 
 20260321    08:02:39       1    133     38     45 
 20260321    08:02:39       2    138     36     45 
 20260321    08:02:39       3    129     37     43 
 20260321    08:03:09       0    128     37     45 
 20260321    08:03:09       1    132     38     45 
 20260321    08:03:09       2    139     36     45 
 20260321    08:03:09       3    129     37     43 
 20260321    08:03:39       0    138     38     45 
 20260321    08:03:39       1    142     39     45 
 20260321    08:03:39       2    150     37     45 
 20260321    08:03:39       3    139     38     44 
 20260321    08:04:09       0    139     38     45 
 20260321    08:04:09       1    143     39     45 
 20260321    08:04:09       2    151     37     45 
 20260321    08:04:09       3    140     38     44 
 20260321    08:04:39       0    138     38     45 
 20260321    08:04:39       1    143     39     45 
 20260321    08:04:39       2    151     37     45 
 20260321    08:04:39       3    140     38     44 
 20260321    08:05:09       0    139     38     45 
 20260321    08:05:09       1    144     39     45 
 20260321    08:05:09       2    152     37     45 
 20260321    08:05:09       3    140     38     44 
 20260321    08:05:39       0    141     38     45 
 20260321    08:05:39       1    144     39     45 
 20260321    08:05:39       2    153     38     46 
 20260321    08:05:39       3    141     38     45 
 20260321    08:06:09       0    140     38     45 
 20260321    08:06:09       1    144     39     45 
 20260321    08:06:09       2    152     37     45 
 20260321    08:06:09       3    140     38     45 
 20260321    08:06:39       0    128     37     45 
 20260321    08:06:39       1    134     38     45 
 20260321    08:06:39       2    140     36     45 
 20260321    08:06:39       3    129     37     45 
#Date        Time         gpu    pwr  gtemp  mtemp 
#YYYYMMDD    HH:MM:SS     Idx      W      C      C 
 20260321    08:07:09       0    128     37     45 
 20260321    08:07:09       1    133     38     45 
 20260321    08:07:09       2    140     36     45 
 20260321    08:07:09       3    129     37     43 
 20260321    08:07:39       0    128     37     44 
 20260321    08:07:39       1    133     38     45 
 20260321    08:07:39       2    140     36     45 
 20260321    08:07:39       3    129     37     43 
 20260321    08:08:09       0    139     38     45 
 20260321    08:08:09       1    144     39     45 
 20260321    08:08:09       2    153     38     46 
 20260321    08:08:09       3    140     38     45 
 20260321    08:08:39       0    141     38     45 
 20260321    08:08:39       1    145     39     45 
 20260321    08:08:39       2    154     38     45 
 20260321    08:08:39       3    141     38     44 
 20260321    08:09:09       0    139     38     45 
 20260321    08:09:09       1    144     39     46 
 20260321    08:09:09       2    151     37     46 
 20260321    08:09:09       3    140     38     45 
 20260321    08:09:39       0    139     38     45 
 20260321    08:09:39       1    144     39     45 
 20260321    08:09:39       2    152     38     46 
 20260321    08:09:39       3    140     38     45 
 20260321    08:10:09       0    139     38     45 
 20260321    08:10:09       1    144     39     45 
 20260321    08:10:09       2    152     38     45 
 20260321    08:10:09       3    141     38     45 
 20260321    08:10:39       0    128     37     45 
 20260321    08:10:39       1    132     38     45 
 20260321    08:10:39       2    140     36     45 
 20260321    08:10:39       3    129     37     43 
 20260321    08:11:09       0    129     37     45 
 20260321    08:11:09       1    131     38     45 
 20260321    08:11:09       2    140     36     45 
 20260321    08:11:09       3    129     37     43 
 20260321    08:11:39       0    129     37     44 
 20260321    08:11:39       1    131     38     45 
 20260321    08:11:39       2    140     36     45 
 20260321    08:11:39       3    129     37     43 
 20260321    08:12:09       0    139     38     45 
 20260321    08:12:09       1    143     39     45 
 20260321    08:12:09       2    151     37     45 
 20260321    08:12:09       3    140     38     44 
#Date        Time         gpu    pwr  gtemp  mtemp 
#YYYYMMDD    HH:MM:SS     Idx      W      C      C 
 20260321    08:12:39       0    140     38     45 
 20260321    08:12:39       1    144     39     45 
 20260321    08:12:39       2    153     37     46 
 20260321    08:12:39       3    140     38     44 
 20260321    08:13:09       0    139     38     45 
 20260321    08:13:09       1    144     39     45 
 20260321    08:13:09       2    151     37     46 
 20260321    08:13:09       3    140     38     44 
 20260321    08:13:39       0    168     38     45 
 20260321    08:13:39       1    154     39     45 
 20260321    08:13:39       2    161     37     45 
 20260321    08:13:39       3    166     38     45 
 20260321    08:14:09       0    140     38     45 
 20260321    08:14:09       1    145     39     45 
 20260321    08:14:09       2    153     38     46 
 20260321    08:14:09       3    141     38     45 
 20260321    08:14:39       0    140     38     45 
 20260321    08:14:39       1    144     39     45 
 20260321    08:14:39       2    152     37     45 
 20260321    08:14:39       3    141     38     45 
 20260321    08:15:09       0    128     37     45 
 20260321    08:15:09       1    134     38     45 
 20260321    08:15:09       2    140     36     45 
 20260321    08:15:09       3    129     37     43 
 20260321    08:15:39       0    128     37     43 
 20260321    08:15:39       1    132     38     45 
 20260321    08:15:39       2    140     36     45 
 20260321    08:15:39       3    129     37     43 
 20260321    08:16:09       0    128     37     43 
 20260321    08:16:09       1    132     38     45 
 20260321    08:16:09       2    140     36     45 
 20260321    08:16:09       3    129     37     43 
 20260321    08:16:39       0    140     38     45 
 20260321    08:16:39       1    144     39     45 
 20260321    08:16:39       2    152     37     45 
 20260321    08:16:39       3    141     38     44 
 20260321    08:17:09       0    363     44     54 
 20260321    08:17:09       1    326     45     52 
 20260321    08:17:09       2    375     44     55 
 20260321    08:17:09       3    361     44     53 
 20260321    08:17:39       0    140     38     45 
 20260321    08:17:39       1    144     39     46 
 20260321    08:17:39       2    151     37     45 
 20260321    08:17:39       3    140     38     45 
#Date        Time         gpu    pwr  gtemp  mtemp 
#YYYYMMDD    HH:MM:SS     Idx      W      C      C 
 20260321    08:18:09       0    141     38     45 
 20260321    08:18:09       1    146     39     45 
 20260321    08:18:09       2    152     37     46 
 20260321    08:18:09       3    141     38     45 
 20260321    08:18:40       0    128     37     45 
 20260321    08:18:40       1    132     38     45 
 20260321    08:18:40       2    139     36     45 
 20260321    08:18:40       3    129     37     45 
 20260321    08:19:10       0    128     37     44 
 20260321    08:19:10       1    132     38     45 
 20260321    08:19:10       2    139     36     45 
 20260321    08:19:10       3    129     37     43 
 20260321    08:19:40       0    128     37     45 
 20260321    08:19:40       1    131     38     45 
 20260321    08:19:40       2    138     36     45 
 20260321    08:19:40       3    129     37     43 
 20260321    08:20:10       0    140     38     45 
 20260321    08:20:10       1    144     39     45 
 20260321    08:20:10       2    152     37     45 
 20260321    08:20:10       3    140     38     44 
 20260321    08:20:40       0    141     38     45 
 20260321    08:20:40       1    144     39     45 
 20260321    08:20:40       2    151     37     45 
 20260321    08:20:40       3    140     37     45 
 20260321    08:21:10       0    139     38     45 
 20260321    08:21:10       1    143     39     45 
 20260321    08:21:10       2    150     37     45 
 20260321    08:21:10       3    139     38     44 
 20260321    08:21:40       0    139     38     45 
 20260321    08:21:40       1    143     39     45 
 20260321    08:21:40       2    150     37     45 
 20260321    08:21:40       3    139     38     44 
 20260321    08:22:10       0    140     38     45 
 20260321    08:22:10       1    144     39     45 
 20260321    08:22:10       2    151     38     45 
 20260321    08:22:10       3    141     38     45 
 20260321    08:22:40       0    141     38     45 
 20260321    08:22:40       1    145     39     46 
 20260321    08:22:40       2    153     38     45 
 20260321    08:22:40       3    142     38     45 
 20260321    08:23:10       0    129     37     45 
 20260321    08:23:10       1    134     38     45 
 20260321    08:23:10       2    139     36     45 
 20260321    08:23:10       3    129     37     43 
#Date        Time         gpu    pwr  gtemp  mtemp 
#YYYYMMDD    HH:MM:SS     Idx      W      C      C 
 20260321    08:23:40       0    129     37     45 
 20260321    08:23:40       1    134     38     45 
 20260321    08:23:40       2    140     36     45 
 20260321    08:23:40       3    129     37     43 
 20260321    08:24:10       0    129     37     45 
 20260321    08:24:10       1    132     38     45 
 20260321    08:24:10       2    139     36     45 
 20260321    08:24:10       3    130     37     43 
 20260321    08:24:40       0    140     38     45 
 20260321    08:24:40       1    143     39     45 
 20260321    08:24:40       2    151     37     46 
 20260321    08:24:40       3    140     38     44 
 20260321    08:25:10       0    141     38     45 
 20260321    08:25:10       1    144     39     45 
 20260321    08:25:10       2    151     37     45 
 20260321    08:25:10       3    141     38     45 
 20260321    08:25:40       0    140     38     45 
 20260321    08:25:40       1    144     39     45 
 20260321    08:25:40       2    152     38     45 
 20260321    08:25:40       3    140     38     45 
 20260321    08:26:10       0    141     38     45 
 20260321    08:26:10       1    145     39     45 
 20260321    08:26:10       2    151     38     46 
 20260321    08:26:10       3    141     38     45 
 20260321    08:26:40       0    141     38     45 
 20260321    08:26:40       1    145     39     45 
 20260321    08:26:40       2    152     38     46 
 20260321    08:26:40       3    142     38     45 
 20260321    08:27:10       0    127     37     45 
 20260321    08:27:10       1    132     38     45 
 20260321    08:27:10       2    139     36     45 
 20260321    08:27:10       3    129     37     44 
 20260321    08:27:40       0    127     37     45 
 20260321    08:27:40       1    132     38     45 
 20260321    08:27:40       2    139     36     45 
 20260321    08:27:40       3    128     37     43 
 20260321    08:28:10       0    127     37     45 
 20260321    08:28:10       1    132     38     45 
 20260321    08:28:10       2    139     36     45 
 20260321    08:28:10       3    128     37     43 
 20260321    08:28:40       0    142     38     45 
 20260321    08:28:40       1    145     39     46 
 20260321    08:28:40       2    152     37     45 
 20260321    08:28:40       3    141     38     45 
#Date        Time         gpu    pwr  gtemp  mtemp 
#YYYYMMDD    HH:MM:SS     Idx      W      C      C 
 20260321    08:29:10       0    140     38     45 
 20260321    08:29:10       1    144     39     45 
 20260321    08:29:10       2    151     38     45 
 20260321    08:29:10       3    140     38     45 
 20260321    08:29:40       0    139     38     45 
 20260321    08:29:40       1    144     39     45 
 20260321    08:29:40       2    150     37     46 
 20260321    08:29:40       3    140     38     45 
 20260321    08:30:10       0    140     38     45 
 20260321    08:30:10       1    145     39     45 
 20260321    08:30:10       2    151     37     45 
 20260321    08:30:10       3    141     38     45 
 20260321    08:30:40       0    139     38     45 
 20260321    08:30:40       1    144     39     45 
 20260321    08:30:40       2    150     37     45 
 20260321    08:30:40       3    140     38     45 
 20260321    08:31:10       0    142     38     45 
 20260321    08:31:10       1    145     39     46 
 20260321    08:31:10       2    152     38     45 
 20260321    08:31:10       3    142     38     45 
 20260321    08:31:40       0    129     37     45 
 20260321    08:31:40       1    133     38     45 
 20260321    08:31:40       2    139     36     45 
 20260321    08:31:40       3    129     37     43 
 20260321    08:32:10       0    128     37     44 
 20260321    08:32:10       1    133     38     45 
 20260321    08:32:10       2    139     36     45 
 20260321    08:32:10       3    129     37     43 
 20260321    08:32:40       0    140     38     45 
 20260321    08:32:40       1    144     39     46 
 20260321    08:32:40       2    152     38     46 
 20260321    08:32:40       3    140     38     45 
 20260321    08:33:10       0    141     38     45 
 20260321    08:33:10       1    145     39     45 
 20260321    08:33:10       2    152     37     45 
 20260321    08:33:10       3    141     38     44 
 20260321    08:33:40       0    158     39     47 
 20260321    08:33:40       1    179     40     47 
 20260321    08:33:40       2    162     38     47 
 20260321    08:33:40       3    163     39     47 
 20260321    08:34:10       0    140     38     45 
 20260321    08:34:10       1    144     39     45 
 20260321    08:34:10       2    151     37     45 
 20260321    08:34:10       3    141     38     44 
#Date        Time         gpu    pwr  gtemp  mtemp 
#YYYYMMDD    HH:MM:SS     Idx      W      C      C 
 20260321    08:34:40       0    140     38     45 
 20260321    08:34:40       1    144     39     45 
 20260321    08:34:40       2    151     37     46 
 20260321    08:34:40       3    141     38     44 
 20260321    08:35:10       0    128     37     45 
 20260321    08:35:10       1    132     38     45 
 20260321    08:35:10       2    140     36     45 
 20260321    08:35:10       3    131     37     45 
 20260321    08:35:40       0    128     37     44 
 20260321    08:35:40       1    131     38     45 
 20260321    08:35:40       2    140     36     45 
 20260321    08:35:40       3    130     37     43 
 20260321    08:36:10       0    128     37     44 
 20260321    08:36:10       1    131     38     45 
 20260321    08:36:10       2    140     36     45 
 20260321    08:36:10       3    130     37     43 
 20260321    08:36:40       0    139     38     45 
 20260321    08:36:40       1    143     39     46 
 20260321    08:36:40       2    150     37     46 
 20260321    08:36:40       3    140     38     44 
 20260321    08:37:10       0    140     38     45 
 20260321    08:37:10       1    143     39     46 
 20260321    08:37:10       2    151     37     46 
 20260321    08:37:10       3    141     38     44 
 20260321    08:37:40       0    140     38     45 
 20260321    08:37:40       1    145     39     45 
 20260321    08:37:40       2    152     37     45 
 20260321    08:37:40       3    141     38     44 
 20260321    08:38:10       0    140     38     45 
 20260321    08:38:10       1    145     39     45 
 20260321    08:38:10       2    153     38     45 
 20260321    08:38:10       3    142     38     45 
 20260321    08:38:40       0    140     38     45 
 20260321    08:38:40       1    145     39     45 
 20260321    08:38:40       2    152     38     45 
 20260321    08:38:40       3    141     38     44 
 20260321    08:39:10       0    140     38     45 
 20260321    08:39:10       1    146     39     45 
 20260321    08:39:10       2    153     38     45 
 20260321    08:39:10       3    143     38     45 
 20260321    08:39:40       0    127     37     45 
 20260321    08:39:40       1    134     38     45 
 20260321    08:39:40       2    140     36     45 
 20260321    08:39:40       3    130     37     44 
#Date        Time         gpu    pwr  gtemp  mtemp 
#YYYYMMDD    HH:MM:SS     Idx      W      C      C 
 20260321    08:40:10       0    127     37     45 
 20260321    08:40:10       1    134     38     45 
 20260321    08:40:10       2    140     36     45 
 20260321    08:40:10       3    129     37     43 
 20260321    08:40:40       0    127     37     45 
 20260321    08:40:40       1    134     38     45 
 20260321    08:40:40       2    140     36     45 
 20260321    08:40:40       3    129     37     43 
 20260321    08:41:10       0    140     38     45 
 20260321    08:41:10       1    145     39     45 
 20260321    08:41:10       2    152     37     45 
 20260321    08:41:10       3    141     38     45 
 20260321    08:41:40       0    140     38     45 
 20260321    08:41:40       1    145     39     45 
 20260321    08:41:40       2    153     38     45 
 20260321    08:41:40       3    141     38     45 
 20260321    08:42:10       0    139     38     45 
 20260321    08:42:10       1    144     39     45 
 20260321    08:42:10       2    151     38     45 
 20260321    08:42:10       3    140     38     45 
 20260321    08:42:40       0    140     38     45 
 20260321    08:42:40       1    144     39     45 
 20260321    08:42:40       2    152     38     45 
 20260321    08:42:40       3    140     38     45 
 20260321    08:43:10       0    140     38     45 
 20260321    08:43:10       1    145     39     45 
 20260321    08:43:10       2    152     38     45 
 20260321    08:43:10       3    141     38     45 
 20260321    08:43:40       0    127     37     45 
 20260321    08:43:40       1    132     38     45 
 20260321    08:43:40       2    138     36     45 
 20260321    08:43:40       3    129     37     43 
 20260321    08:44:10       0    127     37     45 
 20260321    08:44:10       1    132     38     45 
 20260321    08:44:10       2    139     36     45 
 20260321    08:44:10       3    129     37     43 
 20260321    08:44:40       0    139     38     45 
 20260321    08:44:40       1    144     39     46 
 20260321    08:44:40       2    151     38     45 
 20260321    08:44:40       3    138     38     45 
 20260321    08:45:10       0    140     38     45 
 20260321    08:45:10       1    145     39     45 
 20260321    08:45:10       2    152     37     46 
 20260321    08:45:10       3    141     38     45 
#Date        Time         gpu    pwr  gtemp  mtemp 
#YYYYMMDD    HH:MM:SS     Idx      W      C      C 
 20260321    08:45:40       0    135     38     45 
 20260321    08:45:40       1    140     39     45 
 20260321    08:45:40       2    145     37     45 
 20260321    08:45:40       3    136     38     45 
 20260321    08:46:10       0    140     38     45 
 20260321    08:46:10       1    145     39     45 
 20260321    08:46:10       2    151     38     45 
 20260321    08:46:10       3    141     38     45 
 20260321    08:46:40       0    140     38     45 
 20260321    08:46:40       1    145     39     45 
 20260321    08:46:40       2    153     37     45 
 20260321    08:46:40       3    141     38     45 
 20260321    08:47:10       0    141     38     45 
 20260321    08:47:10       1    145     39     45 
 20260321    08:47:10       2    153     38     45 
 20260321    08:47:10       3    141     38     45 
 20260321    08:47:40       0    127     37     45 
 20260321    08:47:40       1    134     38     45 
 20260321    08:47:40       2    140     37     45 
 20260321    08:47:40       3    131     37     45 
 20260321    08:48:10       0    127     37     45 
 20260321    08:48:10       1    134     38     45 
 20260321    08:48:10       2    140     36     45 
 20260321    08:48:10       3    131     37     45 
 20260321    08:48:40       0    128     37     43 
 20260321    08:48:40       1    134     38     45 
 20260321    08:48:40       2    140     36     45 
 20260321    08:48:40       3    130     37     43 
 20260321    08:49:10       0    140     38     45 
 20260321    08:49:10       1    144     39     45 
 20260321    08:49:10       2    151     38     45 
 20260321    08:49:10       3    140     38     45 
 20260321    08:49:40       0    140     38     45 
 20260321    08:49:40       1    144     39     45 
 20260321    08:49:40       2    152     37     45 
 20260321    08:49:40       3    140     38     45 
 20260321    08:50:10       0    139     38     45 
 20260321    08:50:10       1    144     39     45 
 20260321    08:50:10       2    152     38     46 
 20260321    08:50:10       3    140     38     45 
 20260321    08:50:40       0    139     38     45 
 20260321    08:50:40       1    143     39     45 
 20260321    08:50:40       2    151     37     45 
 20260321    08:50:40       3    140     38     45 
#Date        Time         gpu    pwr  gtemp  mtemp 
#YYYYMMDD    HH:MM:SS     Idx      W      C      C 
 20260321    08:51:10       0    140     38     45 
 20260321    08:51:10       1    145     39     45 
 20260321    08:51:10       2    152     38     45 
 20260321    08:51:10       3    141     38     45 
 20260321    08:51:40       0    127     37     45 
 20260321    08:51:40       1    133     38     45 
 20260321    08:51:40       2    139     36     45 
 20260321    08:51:40       3    129     37     44 
 20260321    08:52:10       0    128     37     45 
 20260321    08:52:10       1    133     38     45 
 20260321    08:52:10       2    138     36     45 
 20260321    08:52:10       3    129     37     43 
 20260321    08:52:40       0    128     37     45 
 20260321    08:52:40       1    132     38     45 
 20260321    08:52:40       2    138     36     45 
 20260321    08:52:40       3    129     37     43 
 20260321    08:53:10       0    140     38     45 
 20260321    08:53:10       1    144     39     45 
 20260321    08:53:10       2    152     37     45 
 20260321    08:53:10       3    141     38     45 
 20260321    08:53:40       0    141     38     45 
 20260321    08:53:40       1    146     39     45 
 20260321    08:53:40       2    153     38     46 
 20260321    08:53:40       3    142     38     44 
 20260321    08:54:10       0    139     38     45 
 20260321    08:54:10       1    144     39     45 
 20260321    08:54:10       2    151     38     45 
 20260321    08:54:10       3    140     38     45 
 20260321    08:54:40       0    140     38     45 
 20260321    08:54:40       1    145     39     45 
 20260321    08:54:40       2    152     38     45 
 20260321    08:54:40       3    141     38     45 
 20260321    08:55:10       0    140     38     45 
 20260321    08:55:10       1    145     39     45 
 20260321    08:55:10       2    153     38     45 
 20260321    08:55:10       3    142     38     45 
 20260321    08:55:40       0    168     39     45 
 20260321    08:55:40       1    171     40     47 
 20260321    08:55:40       2    180     38     47 
 20260321    08:55:40       3    166     39     46 
 20260321    08:56:10       0    129     37     45 
 20260321    08:56:10       1    134     38     45 
 20260321    08:56:10       2    140     36     45 
 20260321    08:56:10       3    132     37     44 
#Date        Time         gpu    pwr  gtemp  mtemp 
#YYYYMMDD    HH:MM:SS     Idx      W      C      C 
 20260321    08:56:40       0    129     37     45 
 20260321    08:56:40       1    134     38     45 
 20260321    08:56:40       2    140     36     45 
 20260321    08:56:40       3    131     37     43 
 20260321    08:57:10       0    395     43     48 
 20260321    08:57:10       1    372     44     48 
 20260321    08:57:10       2    411     42     47 
 20260321    08:57:10       3    391     42     47 
 20260321    08:57:40       0    141     38     45 
 20260321    08:57:40       1    144     39     45 
 20260321    08:57:40       2    152     37     46 
 20260321    08:57:40       3    141     38     44 
 20260321    08:58:10       0    230     41     49 
 20260321    08:58:10       1    309     46     53 
 20260321    08:58:10       2    224     41     52 
 20260321    08:58:10       3    258     42     51 
 20260321    08:58:40       0    140     38     45 
 20260321    08:58:40       1    144     39     45 
 20260321    08:58:40       2    151     38     46 
 20260321    08:58:40       3    140     38     45 
 20260321    08:59:10       0    140     38     45 
 20260321    08:59:10       1    145     39     45 
 20260321    08:59:10       2    152     37     46 
 20260321    08:59:10       3    141     38     45 
 20260321    08:59:40       0    128     37     45 
 20260321    08:59:40       1    132     38     45 
 20260321    08:59:40       2    140     37     45 
 20260321    08:59:40       3    130     37     45 
 20260321    09:00:10       0    128     37     45 
 20260321    09:00:10       1    132     38     45 
 20260321    09:00:10       2    139     36     45 
 20260321    09:00:10       3    130     37     43 
 20260321    09:00:40       0    128     37     44 
 20260321    09:00:40       1    132     38     45 
 20260321    09:00:40       2    139     36     45 
 20260321    09:00:40       3    129     37     43 
 20260321    09:01:10       0    140     38     45 
 20260321    09:01:10       1    144     39     45 
 20260321    09:01:10       2    151     37     45 
 20260321    09:01:10       3    139     38     44 
 20260321    09:01:40       0    140     38     45 
 20260321    09:01:40       1    143     39     46 
 20260321    09:01:40       2    151     38     45 
 20260321    09:01:40       3    140     38     45 
#Date        Time         gpu    pwr  gtemp  mtemp 
#YYYYMMDD    HH:MM:SS     Idx      W      C      C 
 20260321    09:02:10       0    139     38     45 
 20260321    09:02:10       1    143     39     45 
 20260321    09:02:10       2    151     37     45 
 20260321    09:02:10       3    139     38     44 
 20260321    09:02:40       0    140     38     45 
 20260321    09:02:40       1    144     39     45 
 20260321    09:02:40       2    153     38     45 
 20260321    09:02:40       3    141     38     45 
 20260321    09:03:10       0    140     38     45 
 20260321    09:03:10       1    144     39     45 
 20260321    09:03:10       2    152     38     46 
 20260321    09:03:10       3    140     38     45 
 20260321    09:03:40       0    141     38     45 
 20260321    09:03:40       1    144     39     45 
 20260321    09:03:40       2    153     38     45 
 20260321    09:03:40       3    141     38     45 
 20260321    09:04:10       0    129     37     45 
 20260321    09:04:10       1    134     38     45 
 20260321    09:04:10       2    140     36     45 
 20260321    09:04:10       3    131     37     44 
 20260321    09:04:40       0    129     37     45 
 20260321    09:04:40       1    134     38     45 
 20260321    09:04:40       2    140     36     45 
 20260321    09:04:40       3    129     37     43 
 20260321    09:05:10       0    129     37     45 
 20260321    09:05:10       1    133     38     45 
 20260321    09:05:10       2    140     36     45 
 20260321    09:05:10       3    129     37     43 
 20260321    09:05:40       0    139     38     45 
 20260321    09:05:40       1    144     39     45 
 20260321    09:05:40       2    151     38     45 
 20260321    09:05:40       3    139     38     45 
 20260321    09:06:10       0    140     38     45 
 20260321    09:06:10       1    145     39     45 
 20260321    09:06:10       2    152     38     45 
 20260321    09:06:10       3    141     38     45 
 20260321    09:06:40       0    127     38     45 
 20260321    09:06:40       1    149     39     47 
 20260321    09:06:40       2    140     37     46 
 20260321    09:06:40       3    138     38     45 
 20260321    09:07:10       0    139     38     45 
 20260321    09:07:10       1    145     39     45 
 20260321    09:07:10       2    151     37     45 
 20260321    09:07:10       3    140     38     45 
#Date        Time         gpu    pwr  gtemp  mtemp 
#YYYYMMDD    HH:MM:SS     Idx      W      C      C 
 20260321    09:07:40       0    141     38     45 
 20260321    09:07:40       1    147     39     45 
 20260321    09:07:40       2    153     38     45 
 20260321    09:07:40       3    142     38     45 
 20260321    09:08:10       0    127     37     45 
 20260321    09:08:10       1    132     38     45 
 20260321    09:08:10       2    139     37     45 
 20260321    09:08:10       3    129     37     45 
 20260321    09:08:40       0    127     37     45 
 20260321    09:08:40       1    132     38     45 
 20260321    09:08:40       2    139     36     45 
 20260321    09:08:40       3    129     37     44 
 20260321    09:09:10       0    128     37     45 
 20260321    09:09:10       1    132     38     45 
 20260321    09:09:10       2    139     36     45 
 20260321    09:09:10       3    129     37     43 
 20260321    09:09:40       0    139     38     45 
 20260321    09:09:40       1    144     39     45 
 20260321    09:09:40       2    151     37     46 
 20260321    09:09:40       3    140     38     44 
 20260321    09:10:10       0    140     38     45 
 20260321    09:10:10       1    144     39     45 
 20260321    09:10:10       2    151     38     46 
 20260321    09:10:10       3    141     38     45 
 20260321    09:10:40       0    139     38     45 
 20260321    09:10:40       1    144     39     45 
 20260321    09:10:40       2    151     37     45 
 20260321    09:10:40       3    140     38     44 
 20260321    09:11:10       0    176     39     46 
 20260321    09:11:10       1    181     40     45 
 20260321    09:11:10       2    185     38     45 
 20260321    09:11:10       3    176     39     45 
 20260321    09:11:40       0    139     38     45 
 20260321    09:11:40       1    143     39     45 
 20260321    09:11:40       2    152     38     46 
 20260321    09:11:40       3    140     38     45 
 20260321    09:12:10       0    140     38     45 
 20260321    09:12:10       1    145     39     45 
 20260321    09:12:10       2    153     38     46 
 20260321    09:12:10       3    141     38     45 
 20260321    09:12:40       0    128     37     45 
 20260321    09:12:40       1    134     38     45 
 20260321    09:12:40       2    140     36     45 
 20260321    09:12:40       3    129     37     45 
#Date        Time         gpu    pwr  gtemp  mtemp 
#YYYYMMDD    HH:MM:SS     Idx      W      C      C 
 20260321    09:13:10       0    129     37     45 
 20260321    09:13:10       1    134     38     45 
 20260321    09:13:10       2    139     36     45 
 20260321    09:13:10       3    129     37     43 
 20260321    09:13:40       0    129     37     45 
 20260321    09:13:40       1    133     38     45 
 20260321    09:13:40       2    140     36     45 
 20260321    09:13:40       3    129     37     43 
 20260321    09:14:10       0    140     38     45 
 20260321    09:14:10       1    145     39     45 
 20260321    09:14:10       2    151     37     46 
 20260321    09:14:10       3    141     38     44 
 20260321    09:14:40       0    140     38     45 
 20260321    09:14:40       1    144     39     45 
 20260321    09:14:40       2    152     38     45 
 20260321    09:14:40       3    141     38     45 
 20260321    09:15:10       0    128     38     45 
 20260321    09:15:10       1    153     39     47 
 20260321    09:15:10       2    139     37     46 
 20260321    09:15:10       3    146     38     45 
 20260321    09:15:40       0    138     38     45 
 20260321    09:15:40       1    144     39     45 
 20260321    09:15:40       2    150     37     45 
 20260321    09:15:40       3    139     38     45 
 20260321    09:16:10       0    140     38     45 
 20260321    09:16:10       1    146     39     46 
 20260321    09:16:10       2    151     38     46 
 20260321    09:16:10       3    141     38     45 
 20260321    09:16:40       0    128     37     45 
 20260321    09:16:40       1    132     38     45 
 20260321    09:16:40       2    138     36     45 
 20260321    09:16:40       3    130     37     45 
 20260321    09:17:10       0    128     37     45 
 20260321    09:17:10       1    132     38     45 
 20260321    09:17:10       2    138     36     45 
 20260321    09:17:10       3    130     37     43 
 20260321    09:17:40       0    128     37     45 
 20260321    09:17:40       1    132     38     45 
 20260321    09:17:40       2    138     36     45 
 20260321    09:17:40       3    129     37     43 
 20260321    09:18:10       0    139     38     45 
 20260321    09:18:10       1    143     39     45 
 20260321    09:18:10       2    150     37     45 
 20260321    09:18:10       3    140     38     44 
#Date        Time         gpu    pwr  gtemp  mtemp 
#YYYYMMDD    HH:MM:SS     Idx      W      C      C 
 20260321    09:18:40       0    140     38     45 
 20260321    09:18:40       1    145     39     45 
 20260321    09:18:40       2    152     37     46 
 20260321    09:18:40       3    141     38     45 
 20260321    09:19:10       0    127     37     45 
 20260321    09:19:10       1    132     38     45 
 20260321    09:19:10       2    139     36     45 
 20260321    09:19:10       3    129     37     43 
 20260321    09:19:40       0    127     37     45 
 20260321    09:19:40       1    132     38     45 
 20260321    09:19:40       2    139     36     45 
 20260321    09:19:40       3    129     37     43 
 20260321    09:20:10       0    127     37     45 
 20260321    09:20:10       1    132     38     45 
 20260321    09:20:10       2    139     37     45 
 20260321    09:20:10       3    129     37     45 
 20260321    09:20:40       0    128     38     45 
 20260321    09:20:40       1    135     40     47 
 20260321    09:20:40       2    141     38     47 
 20260321    09:20:40       3    172     38     45 
 20260321    09:21:10       0    127     37     45 
 20260321    09:21:10       1    132     38     45 
 20260321    09:21:10       2    140     37     45 
 20260321    09:21:10       3    130     37     45 
 20260321    09:21:40       0    144     38     45 
 20260321    09:21:40       1    151     39     45 
 20260321    09:21:40       2    158     38     45 
 20260321    09:21:40       3    146     38     45 
