#Date        Time         gpu    pwr  gtemp  mtemp 
#YYYYMMDD    HH:MM:SS     Idx      W      C      C 
 20260320    15:08:48       0     79     35     44 
 20260320    15:08:48       1     92     35     44 
 20260320    15:08:48       2     81     34     45 
 20260320    15:08:48       3     93     34     44 
 20260320    15:09:18       0    125     37     44 
 20260320    15:09:18       1    136     37     45 
 20260320    15:09:18       2    128     36     46 
 20260320    15:09:18       3    138     36     44 
 20260320    15:09:48       0    125     37     45 
 20260320    15:09:48       1    136     37     45 
 20260320    15:09:48       2    128     36     45 
 20260320    15:09:48       3    138     36     45 
 20260320    15:10:18       0    125     37     45 
 20260320    15:10:18       1    136     37     45 
 20260320    15:10:18       2    128     36     46 
 20260320    15:10:18       3    138     36     44 
 20260320    15:10:48       0    125     37     45 
 20260320    15:10:48       1    136     37     45 
 20260320    15:10:48       2    128     36     45 
 20260320    15:10:48       3    138     36     44 
 20260320    15:11:18       0    125     37     44 
 20260320    15:11:18       1    136     37     45 
 20260320    15:11:18       2    128     36     45 
 20260320    15:11:18       3    138     36     44 
 20260320    15:11:48       0    125     37     45 
 20260320    15:11:48       1    136     37     45 
 20260320    15:11:48       2    128     36     46 
 20260320    15:11:48       3    138     36     44 
 20260320    15:12:18       0    125     37     44 
 20260320    15:12:18       1    136     37     45 
 20260320    15:12:18       2    128     36     45 
 20260320    15:12:18       3    138     36     44 
 20260320    15:12:48       0    125     37     44 
 20260320    15:12:48       1    136     37     45 
 20260320    15:12:48       2    128     36     45 
 20260320    15:12:48       3    138     35     45 
 20260320    15:13:18       0    125     37     44 
 20260320    15:13:18       1    136     37     45 
 20260320    15:13:18       2    128     36     45 
 20260320    15:13:18       3    138     36     45 
 20260320    15:13:48       0    125     37     44 
 20260320    15:13:48       1    136     37     45 
 20260320    15:13:48       2    128     36     46 
 20260320    15:13:48       3    138     36     44 
#Date        Time         gpu    pwr  gtemp  mtemp 
#YYYYMMDD    HH:MM:SS     Idx      W      C      C 
 20260320    15:14:18       0    125     37     44 
 20260320    15:14:18       1    136     37     45 
 20260320    15:14:18       2    128     36     46 
 20260320    15:14:18       3    138     36     44 
 20260320    15:14:48       0    139     38     46 
 20260320    15:14:48       1    152     38     45 
 20260320    15:14:48       2    141     37     47 
 20260320    15:14:48       3    153     37     46 
 20260320    15:15:18       0    140     38     46 
 20260320    15:15:18       1    152     38     45 
 20260320    15:15:18       2    141     37     47 
 20260320    15:15:18       3    153     37     46 
 20260320    15:15:48       0    139     38     45 
 20260320    15:15:48       1    152     38     46 
 20260320    15:15:48       2    141     37     47 
 20260320    15:15:48       3    152     37     46 
 20260320    15:16:18       0    139     38     45 
 20260320    15:16:18       1    152     38     45 
 20260320    15:16:18       2    141     37     47 
 20260320    15:16:18       3    152     37     46 
 20260320    15:16:48       0    139     38     45 
 20260320    15:16:48       1    152     38     45 
 20260320    15:16:48       2    141     37     47 
 20260320    15:16:48       3    153     37     46 
 20260320    15:17:18       0    125     37     44 
 20260320    15:17:18       1    138     37     45 
 20260320    15:17:18       2    127     36     45 
 20260320    15:17:18       3    138     36     44 
 20260320    15:17:48       0    139     38     45 
 20260320    15:17:48       1    152     38     45 
 20260320    15:17:48       2    141     37     47 
 20260320    15:17:48       3    152     37     46 
 20260320    15:18:18       0    139     38     46 
 20260320    15:18:18       1    152     38     45 
 20260320    15:18:18       2    141     37     47 
 20260320    15:18:18       3    152     37     46 
 20260320    15:18:48       0    139     38     45 
 20260320    15:18:48       1    153     38     45 
 20260320    15:18:48       2    141     37     47 
 20260320    15:18:48       3    153     37     46 
 20260320    15:19:18       0    140     38     45 
 20260320    15:19:18       1    153     38     45 
 20260320    15:19:18       2    142     37     47 
 20260320    15:19:18       3    153     37     46 
#Date        Time         gpu    pwr  gtemp  mtemp 
#YYYYMMDD    HH:MM:SS     Idx      W      C      C 
 20260320    15:19:48       0    139     38     46 
 20260320    15:19:48       1    152     38     45 
 20260320    15:19:48       2    141     37     47 
 20260320    15:19:48       3    153     37     46 
 20260320    15:20:18       0    125     37     45 
 20260320    15:20:18       1    138     37     45 
 20260320    15:20:18       2    128     36     45 
 20260320    15:20:18       3    138     36     44 
 20260320    15:20:48       0    140     38     46 
 20260320    15:20:48       1    152     38     45 
 20260320    15:20:48       2    141     37     47 
 20260320    15:20:48       3    153     37     46 
 20260320    15:21:18       0    139     38     45 
 20260320    15:21:18       1    151     38     45 
 20260320    15:21:18       2    141     37     47 
 20260320    15:21:18       3    152     37     46 
 20260320    15:21:48       0    139     38     46 
 20260320    15:21:48       1    152     39     47 
 20260320    15:21:48       2    141     37     47 
 20260320    15:21:48       3    153     37     46 
 20260320    15:22:18       0    139     38     45 
 20260320    15:22:18       1    152     39     45 
 20260320    15:22:18       2    142     37     47 
 20260320    15:22:18       3    153     37     46 
 20260320    15:22:48       0    180     42     53 
 20260320    15:22:48       1    188     42     54 
 20260320    15:22:48       2    194     40     52 
 20260320    15:22:48       3    204     38     49 
 20260320    15:23:18       0    139     39     45 
 20260320    15:23:18       1    153     39     46 
 20260320    15:23:18       2    141     37     47 
 20260320    15:23:18       3    153     37     46 
 20260320    15:23:48       0    139     39     45 
 20260320    15:23:48       1    152     39     45 
 20260320    15:23:48       2    141     37     47 
 20260320    15:23:48       3    152     37     46 
 20260320    15:24:18       0    140     39     45 
 20260320    15:24:18       1    152     39     47 
 20260320    15:24:18       2    142     38     47 
 20260320    15:24:18       3    153     37     46 
 20260320    15:24:48       0    139     39     45 
 20260320    15:24:48       1    153     39     47 
 20260320    15:24:48       2    141     38     47 
 20260320    15:24:48       3    153     37     46 
#Date        Time         gpu    pwr  gtemp  mtemp 
#YYYYMMDD    HH:MM:SS     Idx      W      C      C 
 20260320    15:25:18       0    140     39     45 
 20260320    15:25:18       1    152     39     47 
 20260320    15:25:18       2    142     38     47 
 20260320    15:25:18       3    153     37     46 
 20260320    15:25:48       0    125     37     45 
 20260320    15:25:48       1    139     37     45 
 20260320    15:25:48       2    129     36     45 
 20260320    15:25:48       3    138     36     44 
 20260320    15:26:18       0    139     39     45 
 20260320    15:26:18       1    153     39     46 
 20260320    15:26:18       2    141     38     47 
 20260320    15:26:18       3    153     37     46 
 20260320    15:26:48       0    139     39     45 
 20260320    15:26:48       1    151     39     45 
 20260320    15:26:48       2    141     37     47 
 20260320    15:26:48       3    152     37     46 
 20260320    15:27:18       0    140     39     45 
 20260320    15:27:18       1    153     39     46 
 20260320    15:27:18       2    141     37     47 
 20260320    15:27:18       3    153     37     46 
 20260320    15:27:48       0    140     39     45 
 20260320    15:27:48       1    153     39     47 
 20260320    15:27:48       2    142     38     47 
 20260320    15:27:48       3    154     37     46 
 20260320    15:28:18       0    349     44     55 
 20260320    15:28:18       1    354     44     54 
 20260320    15:28:18       2    351     44     53 
 20260320    15:28:18       3    326     41     53 
 20260320    15:28:48       0    139     39     45 
 20260320    15:28:48       1    153     39     46 
 20260320    15:28:48       2    141     38     47 
 20260320    15:28:48       3    153     37     46 
 20260320    15:29:18       0    140     39     45 
 20260320    15:29:18       1    153     39     47 
 20260320    15:29:18       2    141     38     47 
 20260320    15:29:18       3    153     37     46 
 20260320    15:29:48       0    140     39     45 
 20260320    15:29:48       1    153     39     47 
 20260320    15:29:48       2    142     38     47 
 20260320    15:29:48       3    153     37     46 
 20260320    15:30:18       0    139     39     45 
 20260320    15:30:18       1    153     39     45 
 20260320    15:30:18       2    141     38     47 
 20260320    15:30:18       3    153     37     46 
#Date        Time         gpu    pwr  gtemp  mtemp 
#YYYYMMDD    HH:MM:SS     Idx      W      C      C 
 20260320    15:30:48       0    139     39     45 
 20260320    15:30:48       1    153     39     47 
 20260320    15:30:48       2    141     37     47 
 20260320    15:30:48       3    153     37     46 
 20260320    15:31:18       0    139     39     45 
 20260320    15:31:18       1    152     39     45 
 20260320    15:31:18       2    141     37     47 
 20260320    15:31:18       3    153     37     46 
 20260320    15:31:48       0    139     39     45 
 20260320    15:31:48       1    153     39     46 
 20260320    15:31:48       2    141     37     47 
 20260320    15:31:48       3    153     37     46 
 20260320    15:32:18       0    125     37     45 
 20260320    15:32:18       1    136     37     45 
 20260320    15:32:18       2    128     36     45 
 20260320    15:32:18       3    138     36     44 
 20260320    15:32:48       0    139     39     45 
 20260320    15:32:48       1    152     39     46 
 20260320    15:32:48       2    141     37     47 
 20260320    15:32:48       3    153     37     46 
 20260320    15:33:18       0    140     39     45 
 20260320    15:33:18       1    152     39     47 
 20260320    15:33:18       2    142     37     47 
 20260320    15:33:18       3    153     37     46 
 20260320    15:33:48       0    140     39     45 
 20260320    15:33:48       1    152     39     47 
 20260320    15:33:48       2    141     37     47 
 20260320    15:33:48       3    153     37     46 
 20260320    15:34:18       0    139     39     45 
 20260320    15:34:18       1    152     39     47 
 20260320    15:34:18       2    142     37     47 
 20260320    15:34:18       3    153     37     46 
 20260320    15:34:48       0    140     39     45 
 20260320    15:34:48       1    153     38     47 
 20260320    15:34:48       2    142     37     47 
 20260320    15:34:48       3    153     37     46 
 20260320    15:35:18       0    139     39     45 
 20260320    15:35:18       1    151     39     45 
 20260320    15:35:18       2    141     37     47 
 20260320    15:35:18       3    152     37     46 
 20260320    15:35:48       0    139     39     45 
 20260320    15:35:48       1    151     39     47 
 20260320    15:35:48       2    142     38     47 
 20260320    15:35:48       3    152     37     46 
#Date        Time         gpu    pwr  gtemp  mtemp 
#YYYYMMDD    HH:MM:SS     Idx      W      C      C 
 20260320    15:36:18       0    140     39     45 
 20260320    15:36:18       1    151     39     47 
 20260320    15:36:18       2    141     38     47 
 20260320    15:36:18       3    153     37     46 
 20260320    15:36:48       0    139     39     45 
 20260320    15:36:48       1    151     39     47 
 20260320    15:36:48       2    141     38     47 
 20260320    15:36:48       3    152     37     46 
 20260320    15:37:18       0    139     39     45 
 20260320    15:37:18       1    152     39     47 
 20260320    15:37:18       2    142     38     47 
 20260320    15:37:18       3    153     37     46 
 20260320    15:37:48       0    139     39     45 
 20260320    15:37:48       1    153     39     47 
 20260320    15:37:48       2    142     38     47 
 20260320    15:37:48       3    153     37     46 
 20260320    15:38:18       0    139     39     45 
 20260320    15:38:18       1    152     39     46 
 20260320    15:38:18       2    141     37     47 
 20260320    15:38:18       3    152     37     46 
 20260320    15:38:48       0    139     39     45 
 20260320    15:38:48       1    152     39     46 
 20260320    15:38:48       2    141     37     47 
 20260320    15:38:48       3    153     37     46 
 20260320    15:39:18       0    139     39     45 
 20260320    15:39:18       1    152     39     47 
 20260320    15:39:18       2    141     37     47 
 20260320    15:39:18       3    153     37     46 
 20260320    15:39:48       0    139     39     45 
 20260320    15:39:48       1    152     39     47 
 20260320    15:39:48       2    141     37     47 
 20260320    15:39:48       3    153     37     46 
 20260320    15:40:18       0    126     37     45 
 20260320    15:40:18       1    137     37     45 
 20260320    15:40:18       2    128     36     45 
 20260320    15:40:18       3    138     36     44 
 20260320    15:40:48       0    139     39     45 
 20260320    15:40:48       1    152     39     47 
 20260320    15:40:48       2    141     37     47 
 20260320    15:40:48       3    152     37     46 
 20260320    15:41:18       0    139     39     45 
 20260320    15:41:18       1    151     39     46 
 20260320    15:41:18       2    142     37     47 
 20260320    15:41:18       3    152     37     46 
#Date        Time         gpu    pwr  gtemp  mtemp 
#YYYYMMDD    HH:MM:SS     Idx      W      C      C 
 20260320    15:41:48       0    139     39     45 
 20260320    15:41:48       1    151     39     45 
 20260320    15:41:48       2    142     37     47 
 20260320    15:41:48       3    153     37     46 
 20260320    15:42:18       0    139     39     46 
 20260320    15:42:18       1    151     39     47 
 20260320    15:42:18       2    142     37     47 
 20260320    15:42:18       3    152     37     46 
 20260320    15:42:49       0    139     38     45 
 20260320    15:42:49       1    150     38     47 
 20260320    15:42:49       2    141     37     47 
 20260320    15:42:49       3    152     37     46 
 20260320    15:43:19       0    139     39     45 
 20260320    15:43:19       1    151     39     46 
 20260320    15:43:19       2    142     37     47 
 20260320    15:43:19       3    153     37     46 
 20260320    15:43:49       0    139     38     45 
 20260320    15:43:49       1    151     38     47 
 20260320    15:43:49       2    141     37     47 
 20260320    15:43:49       3    152     37     46 
 20260320    15:44:19       0    139     38     45 
 20260320    15:44:19       1    151     38     46 
 20260320    15:44:19       2    142     37     47 
 20260320    15:44:19       3    153     37     46 
 20260320    15:44:49       0    139     38     45 
 20260320    15:44:49       1    151     38     45 
 20260320    15:44:49       2    142     37     47 
 20260320    15:44:49       3    153     37     46 
 20260320    15:45:19       0    139     38     45 
 20260320    15:45:19       1    151     38     46 
 20260320    15:45:19       2    142     37     47 
 20260320    15:45:19       3    153     37     46 
 20260320    15:45:49       0    139     38     46 
 20260320    15:45:49       1    151     38     45 
 20260320    15:45:49       2    141     37     47 
 20260320    15:45:49       3    153     37     46 
 20260320    15:46:19       0    139     38     45 
 20260320    15:46:19       1    150     38     45 
 20260320    15:46:19       2    141     37     47 
 20260320    15:46:19       3    152     37     46 
 20260320    15:46:49       0    125     37     45 
 20260320    15:46:49       1    136     37     45 
 20260320    15:46:49       2    128     36     45 
 20260320    15:46:49       3    138     36     44 
#Date        Time         gpu    pwr  gtemp  mtemp 
#YYYYMMDD    HH:MM:SS     Idx      W      C      C 
 20260320    15:47:19       0    139     38     45 
 20260320    15:47:19       1    152     38     45 
 20260320    15:47:19       2    141     37     46 
 20260320    15:47:19       3    152     37     46 
 20260320    15:47:49       0    139     38     45 
 20260320    15:47:49       1    152     38     45 
 20260320    15:47:49       2    141     37     47 
 20260320    15:47:49       3    153     37     46 
 20260320    15:48:19       0    139     38     45 
 20260320    15:48:19       1    152     38     47 
 20260320    15:48:19       2    142     37     47 
 20260320    15:48:19       3    153     37     46 
 20260320    15:48:49       0    139     39     46 
 20260320    15:48:49       1    152     39     45 
 20260320    15:48:49       2    141     37     47 
 20260320    15:48:49       3    152     37     46 
 20260320    15:49:19       0    139     39     45 
 20260320    15:49:19       1    152     39     46 
 20260320    15:49:19       2    141     37     47 
 20260320    15:49:19       3    153     37     46 
 20260320    15:49:49       0    139     39     46 
 20260320    15:49:49       1    152     39     47 
 20260320    15:49:49       2    142     37     47 
 20260320    15:49:49       3    153     37     46 
 20260320    15:50:19       0    138     39     45 
 20260320    15:50:19       1    152     39     47 
 20260320    15:50:19       2    141     37     47 
 20260320    15:50:19       3    151     37     46 
 20260320    15:50:49       0    139     39     45 
 20260320    15:50:49       1    152     39     45 
 20260320    15:50:49       2    141     37     47 
 20260320    15:50:49       3    153     37     46 
 20260320    15:51:19       0    139     39     45 
 20260320    15:51:19       1    152     39     47 
 20260320    15:51:19       2    142     37     47 
 20260320    15:51:19       3    153     37     46 
 20260320    15:51:49       0    139     39     45 
 20260320    15:51:49       1    152     39     46 
 20260320    15:51:49       2    141     38     47 
 20260320    15:51:49       3    153     37     46 
 20260320    15:52:19       0    139     39     45 
 20260320    15:52:19       1    152     39     46 
 20260320    15:52:19       2    141     38     47 
 20260320    15:52:19       3    153     37     46 
#Date        Time         gpu    pwr  gtemp  mtemp 
#YYYYMMDD    HH:MM:SS     Idx      W      C      C 
 20260320    15:52:49       0    139     39     45 
 20260320    15:52:49       1    152     39     47 
 20260320    15:52:49       2    141     38     47 
 20260320    15:52:49       3    153     37     46 
 20260320    15:53:19       0    140     39     45 
 20260320    15:53:19       1    152     39     47 
 20260320    15:53:19       2    142     38     47 
 20260320    15:53:19       3    153     37     46 
 20260320    15:53:49       0    139     39     45 
 20260320    15:53:49       1    152     39     47 
 20260320    15:53:49       2    141     38     47 
 20260320    15:53:49       3    152     37     46 
 20260320    15:54:19       0    140     39     45 
 20260320    15:54:19       1    152     39     47 
 20260320    15:54:19       2    142     38     47 
 20260320    15:54:19       3    153     37     46 
 20260320    15:54:49       0    125     37     45 
 20260320    15:54:49       1    138     37     45 
 20260320    15:54:49       2    128     36     45 
 20260320    15:54:49       3    140     36     44 
 20260320    15:55:19       0    140     39     45 
 20260320    15:55:19       1    153     39     46 
 20260320    15:55:19       2    142     38     47 
 20260320    15:55:19       3    153     37     46 
 20260320    15:55:49       0    139     39     45 
 20260320    15:55:49       1    152     39     47 
 20260320    15:55:49       2    143     38     47 
 20260320    15:55:49       3    153     37     46 
 20260320    15:56:19       0    139     39     45 
 20260320    15:56:19       1    152     39     45 
 20260320    15:56:19       2    143     38     47 
 20260320    15:56:19       3    153     37     46 
 20260320    15:56:49       0    139     39     45 
 20260320    15:56:49       1    151     39     46 
 20260320    15:56:49       2    142     38     47 
 20260320    15:56:49       3    152     37     46 
 20260320    15:57:19       0    139     39     45 
 20260320    15:57:19       1    153     39     45 
 20260320    15:57:19       2    142     38     47 
 20260320    15:57:19       3    153     37     46 
 20260320    15:57:49       0    140     39     46 
 20260320    15:57:49       1    153     39     47 
 20260320    15:57:49       2    142     38     48 
 20260320    15:57:49       3    153     38     46 
#Date        Time         gpu    pwr  gtemp  mtemp 
#YYYYMMDD    HH:MM:SS     Idx      W      C      C 
 20260320    15:58:19       0    139     39     45 
 20260320    15:58:19       1    152     39     45 
 20260320    15:58:19       2    141     37     47 
 20260320    15:58:19       3    153     37     46 
 20260320    15:58:49       0    139     39     45 
 20260320    15:58:49       1    152     39     46 
 20260320    15:58:49       2    141     37     47 
 20260320    15:58:49       3    153     37     46 
 20260320    15:59:19       0    140     39     45 
 20260320    15:59:19       1    153     39     46 
 20260320    15:59:19       2    142     38     47 
 20260320    15:59:19       3    153     37     46 
 20260320    15:59:49       0    139     39     45 
 20260320    15:59:49       1    153     39     45 
 20260320    15:59:49       2    142     38     47 
 20260320    15:59:49       3    153     37     46 
 20260320    16:00:19       0    139     39     46 
 20260320    16:00:19       1    152     39     46 
 20260320    16:00:19       2    141     37     47 
 20260320    16:00:19       3    153     37     46 
 20260320    16:00:49       0    140     39     45 
 20260320    16:00:49       1    153     39     45 
 20260320    16:00:49       2    142     37     47 
 20260320    16:00:49       3    153     37     46 
 20260320    16:01:19       0    139     39     46 
 20260320    16:01:19       1    153     39     46 
 20260320    16:01:19       2    141     37     47 
 20260320    16:01:19       3    153     37     46 
 20260320    16:01:49       0    125     37     45 
 20260320    16:01:49       1    138     37     45 
 20260320    16:01:49       2    128     36     45 
 20260320    16:01:49       3    139     36     44 
 20260320    16:02:19       0    139     39     45 
 20260320    16:02:19       1    152     39     46 
 20260320    16:02:19       2    141     37     47 
 20260320    16:02:19       3    152     37     46 
 20260320    16:02:49       0    139     39     45 
 20260320    16:02:49       1    153     39     46 
 20260320    16:02:49       2    142     37     47 
 20260320    16:02:49       3    153     37     46 
 20260320    16:03:19       0    139     38     45 
 20260320    16:03:19       1    152     39     45 
 20260320    16:03:19       2    141     37     47 
 20260320    16:03:19       3    152     37     46 
#Date        Time         gpu    pwr  gtemp  mtemp 
#YYYYMMDD    HH:MM:SS     Idx      W      C      C 
 20260320    16:03:49       0    139     39     45 
 20260320    16:03:49       1    153     39     47 
 20260320    16:03:49       2    142     37     47 
 20260320    16:03:49       3    153     37     46 
 20260320    16:04:19       0    134     38     45 
 20260320    16:04:19       1    146     38     46 
 20260320    16:04:19       2    136     37     47 
 20260320    16:04:19       3    147     36     46 
 20260320    16:04:49       0    139     39     45 
 20260320    16:04:49       1    151     39     47 
 20260320    16:04:49       2    141     38     47 
 20260320    16:04:49       3    152     37     46 
 20260320    16:05:19       0    139     39     46 
 20260320    16:05:19       1    152     39     47 
 20260320    16:05:19       2    141     38     47 
 20260320    16:05:19       3    153     37     46 
 20260320    16:05:49       0    139     39     45 
 20260320    16:05:49       1    152     39     47 
 20260320    16:05:49       2    140     37     47 
 20260320    16:05:49       3    152     37     46 
 20260320    16:06:19       0    140     39     45 
 20260320    16:06:19       1    153     39     45 
 20260320    16:06:19       2    142     37     47 
 20260320    16:06:19       3    153     37     46 
 20260320    16:06:49       0    128     38     46 
 20260320    16:06:49       1    141     38     47 
 20260320    16:06:49       2    129     37     47 
 20260320    16:06:49       3    141     37     46 
 20260320    16:07:19       0    139     39     45 
 20260320    16:07:19       1    152     39     47 
 20260320    16:07:19       2    141     38     47 
 20260320    16:07:19       3    152     37     46 
 20260320    16:07:49       0    139     39     45 
 20260320    16:07:49       1    152     39     47 
 20260320    16:07:49       2    141     38     47 
 20260320    16:07:49       3    153     38     46 
 20260320    16:08:19       0    139     39     45 
 20260320    16:08:19       1    152     39     47 
 20260320    16:08:19       2    141     38     47 
 20260320    16:08:19       3    152     37     46 
 20260320    16:08:49       0    139     39     45 
 20260320    16:08:49       1    152     39     47 
 20260320    16:08:49       2    141     38     47 
 20260320    16:08:49       3    153     37     46 
#Date        Time         gpu    pwr  gtemp  mtemp 
#YYYYMMDD    HH:MM:SS     Idx      W      C      C 
 20260320    16:09:19       0    139     39     45 
 20260320    16:09:19       1    153     39     46 
 20260320    16:09:19       2    141     38     47 
 20260320    16:09:19       3    153     37     46 
 20260320    16:09:49       0    126     37     45 
 20260320    16:09:49       1    138     37     45 
 20260320    16:09:49       2    128     36     45 
 20260320    16:09:49       3    139     36     44 
 20260320    16:10:19       0    139     39     45 
 20260320    16:10:19       1    152     39     46 
 20260320    16:10:19       2    140     38     47 
 20260320    16:10:19       3    152     37     46 
 20260320    16:10:49       0    139     39     45 
 20260320    16:10:49       1    152     39     45 
 20260320    16:10:49       2    141     38     47 
 20260320    16:10:49       3    153     37     46 
 20260320    16:11:19       0    139     39     45 
 20260320    16:11:19       1    152     39     46 
 20260320    16:11:19       2    141     38     47 
 20260320    16:11:19       3    153     37     46 
 20260320    16:11:49       0    140     39     45 
 20260320    16:11:49       1    153     39     47 
 20260320    16:11:49       2    142     38     47 
 20260320    16:11:49       3    154     38     46 
 20260320    16:12:19       0    139     39     45 
 20260320    16:12:19       1    153     39     47 
 20260320    16:12:19       2    141     38     47 
 20260320    16:12:19       3    153     38     46 
 20260320    16:12:49       0    139     39     45 
 20260320    16:12:49       1    153     39     47 
 20260320    16:12:49       2    141     38     47 
 20260320    16:12:49       3    152     38     47 
 20260320    16:13:19       0    139     39     45 
 20260320    16:13:19       1    153     39     47 
 20260320    16:13:19       2    141     38     47 
 20260320    16:13:19       3    153     38     46 
 20260320    16:13:49       0    138     39     45 
 20260320    16:13:49       1    152     39     46 
 20260320    16:13:49       2    141     38     47 
 20260320    16:13:49       3    153     37     46 
 20260320    16:14:19       0    138     39     45 
 20260320    16:14:19       1    152     39     46 
 20260320    16:14:19       2    140     37     47 
 20260320    16:14:19       3    152     37     46 
#Date        Time         gpu    pwr  gtemp  mtemp 
#YYYYMMDD    HH:MM:SS     Idx      W      C      C 
 20260320    16:14:49       0    139     39     45 
 20260320    16:14:49       1    153     39     47 
 20260320    16:14:49       2    142     38     47 
 20260320    16:14:49       3    153     37     46 
 20260320    16:15:19       0    139     39     45 
 20260320    16:15:19       1    153     39     46 
 20260320    16:15:19       2    141     38     47 
 20260320    16:15:19       3    153     37     46 
 20260320    16:15:49       0    139     39     45 
 20260320    16:15:49       1    153     39     47 
 20260320    16:15:49       2    141     38     47 
 20260320    16:15:49       3    153     37     46 
 20260320    16:16:19       0    125     37     45 
 20260320    16:16:19       1    138     37     46 
 20260320    16:16:19       2    128     36     45 
 20260320    16:16:19       3    139     36     44 
 20260320    16:16:49       0    139     39     45 
 20260320    16:16:49       1    152     39     45 
 20260320    16:16:49       2    141     37     47 
 20260320    16:16:49       3    152     37     46 
 20260320    16:17:19       0    139     39     45 
 20260320    16:17:19       1    152     39     45 
 20260320    16:17:19       2    141     37     47 
 20260320    16:17:19       3    153     37     46 
 20260320    16:17:49       0    139     38     45 
 20260320    16:17:49       1    152     38     45 
 20260320    16:17:49       2    141     37     47 
 20260320    16:17:49       3    152     37     46 
 20260320    16:18:19       0    139     39     45 
 20260320    16:18:19       1    153     39     47 
 20260320    16:18:19       2    142     38     47 
 20260320    16:18:19       3    153     37     46 
 20260320    16:18:49       0    139     39     45 
 20260320    16:18:49       1    152     39     47 
 20260320    16:18:49       2    141     38     47 
 20260320    16:18:49       3    153     37     46 
 20260320    16:19:19       0    139     39     45 
 20260320    16:19:19       1    152     39     45 
 20260320    16:19:19       2    141     38     47 
 20260320    16:19:19       3    153     37     46 
 20260320    16:19:49       0    139     39     45 
 20260320    16:19:49       1    152     39     47 
 20260320    16:19:49       2    142     38     47 
 20260320    16:19:49       3    153     37     46 
#Date        Time         gpu    pwr  gtemp  mtemp 
#YYYYMMDD    HH:MM:SS     Idx      W      C      C 
 20260320    16:20:19       0    140     39     45 
 20260320    16:20:19       1    153     39     45 
 20260320    16:20:19       2    142     38     47 
 20260320    16:20:19       3    153     37     46 
 20260320    16:20:49       0    139     39     45 
 20260320    16:20:49       1    152     39     47 
 20260320    16:20:49       2    141     38     47 
 20260320    16:20:49       3    152     37     46 
 20260320    16:21:19       0    139     39     45 
 20260320    16:21:19       1    152     39     47 
 20260320    16:21:19       2    141     38     47 
 20260320    16:21:19       3    152     38     46 
 20260320    16:21:49       0    139     39     45 
 20260320    16:21:49       1    152     39     47 
 20260320    16:21:49       2    141     38     47 
 20260320    16:21:49       3    153     37     46 
 20260320    16:22:19       0    138     39     45 
 20260320    16:22:19       1    152     39     47 
 20260320    16:22:19       2    141     38     47 
 20260320    16:22:19       3    152     38     46 
 20260320    16:22:49       0    139     39     45 
 20260320    16:22:49       1    153     39     47 
 20260320    16:22:49       2    141     38     47 
 20260320    16:22:49       3    153     38     47 
 20260320    16:23:19       0    139     39     45 
 20260320    16:23:19       1    153     39     47 
 20260320    16:23:19       2    141     38     47 
 20260320    16:23:19       3    153     38     46 
 20260320    16:23:49       0    139     39     45 
 20260320    16:23:49       1    152     39     45 
 20260320    16:23:49       2    141     38     47 
 20260320    16:23:49       3    152     38     46 
 20260320    16:24:19       0    125     37     45 
 20260320    16:24:19       1    138     37     46 
 20260320    16:24:19       2    128     37     45 
 20260320    16:24:19       3    138     36     44 
 20260320    16:24:49       0    139     39     45 
 20260320    16:24:49       1    153     39     47 
 20260320    16:24:49       2    141     38     47 
 20260320    16:24:49       3    153     38     46 
 20260320    16:25:19       0    139     39     45 
 20260320    16:25:19       1    152     39     47 
 20260320    16:25:19       2    140     38     47 
 20260320    16:25:19       3    152     38     46 
#Date        Time         gpu    pwr  gtemp  mtemp 
#YYYYMMDD    HH:MM:SS     Idx      W      C      C 
 20260320    16:25:49       0    139     39     45 
 20260320    16:25:49       1    152     39     47 
 20260320    16:25:49       2    142     38     47 
 20260320    16:25:49       3    154     38     46 
 20260320    16:26:19       0    139     39     45 
 20260320    16:26:19       1    153     39     47 
 20260320    16:26:19       2    141     38     47 
 20260320    16:26:19       3    153     38     46 
 20260320    16:26:49       0    139     39     45 
 20260320    16:26:49       1    152     39     47 
 20260320    16:26:49       2    140     38     47 
 20260320    16:26:49       3    152     38     46 
 20260320    16:27:19       0    140     39     47 
 20260320    16:27:19       1    153     39     47 
 20260320    16:27:19       2    142     38     47 
 20260320    16:27:19       3    153     38     46 
 20260320    16:27:49       0    139     39     45 
 20260320    16:27:49       1    153     39     47 
 20260320    16:27:49       2    142     38     47 
 20260320    16:27:49       3    153     38     46 
 20260320    16:28:19       0    139     39     45 
 20260320    16:28:19       1    153     39     47 
 20260320    16:28:19       2    141     38     47 
 20260320    16:28:19       3    153     38     47 
 20260320    16:28:49       0    139     39     45 
 20260320    16:28:49       1    153     39     47 
 20260320    16:28:49       2    142     38     47 
 20260320    16:28:49       3    153     38     46 
 20260320    16:29:19       0    138     39     45 
 20260320    16:29:19       1    152     39     47 
 20260320    16:29:19       2    140     38     47 
 20260320    16:29:19       3    152     38     46 
 20260320    16:29:49       0    139     39     45 
 20260320    16:29:49       1    153     39     47 
 20260320    16:29:49       2    141     37     47 
 20260320    16:29:49       3    153     37     46 
 20260320    16:30:19       0    139     39     45 
 20260320    16:30:19       1    153     39     47 
 20260320    16:30:19       2    141     38     47 
 20260320    16:30:19       3    153     37     46 
 20260320    16:30:49       0    139     39     45 
 20260320    16:30:49       1    153     39     47 
 20260320    16:30:49       2    141     38     47 
 20260320    16:30:49       3    153     37     46 
#Date        Time         gpu    pwr  gtemp  mtemp 
#YYYYMMDD    HH:MM:SS     Idx      W      C      C 
 20260320    16:31:19       0    125     37     45 
 20260320    16:31:19       1    138     37     45 
 20260320    16:31:19       2    128     36     45 
 20260320    16:31:19       3    138     36     44 
 20260320    16:31:49       0    139     39     45 
 20260320    16:31:49       1    152     39     45 
 20260320    16:31:49       2    141     37     47 
 20260320    16:31:49       3    153     37     46 
 20260320    16:32:19       0    139     39     45 
 20260320    16:32:19       1    152     39     45 
 20260320    16:32:19       2    141     37     47 
 20260320    16:32:19       3    153     37     46 
 20260320    16:32:49       0    139     39     45 
 20260320    16:32:49       1    152     39     45 
 20260320    16:32:49       2    141     37     47 
 20260320    16:32:49       3    153     37     46 
 20260320    16:33:19       0    139     39     45 
 20260320    16:33:19       1    152     39     46 
 20260320    16:33:19       2    141     37     47 
 20260320    16:33:19       3    153     37     46 
 20260320    16:33:49       0    130     37     45 
 20260320    16:33:49       1    143     38     45 
 20260320    16:33:49       2    132     37     47 
 20260320    16:33:49       3    143     36     46 
 20260320    16:34:19       0    139     38     46 
 20260320    16:34:19       1    152     39     45 
 20260320    16:34:19       2    141     37     47 
 20260320    16:34:19       3    153     37     46 
 20260320    16:34:49       0    139     39     45 
 20260320    16:34:49       1    152     39     45 
 20260320    16:34:49       2    141     37     47 
 20260320    16:34:49       3    153     37     46 
 20260320    16:35:19       0    139     39     45 
 20260320    16:35:19       1    152     39     46 
 20260320    16:35:19       2    141     37     47 
 20260320    16:35:19       3    153     37     46 
 20260320    16:35:49       0    139     39     45 
 20260320    16:35:49       1    153     39     45 
 20260320    16:35:49       2    141     37     47 
 20260320    16:35:49       3    153     37     46 
 20260320    16:36:19       0    140     39     45 
 20260320    16:36:19       1    153     39     47 
 20260320    16:36:19       2    142     38     47 
 20260320    16:36:19       3    153     38     46 
#Date        Time         gpu    pwr  gtemp  mtemp 
#YYYYMMDD    HH:MM:SS     Idx      W      C      C 
 20260320    16:36:49       0    274     40     47 
 20260320    16:36:49       1    308     40     47 
 20260320    16:36:49       2    274     39     47 
 20260320    16:36:49       3    310     39     48 
 20260320    16:37:19       0    140     39     45 
 20260320    16:37:19       1    153     39     47 
 20260320    16:37:19       2    142     38     47 
 20260320    16:37:19       3    154     37     46 
 20260320    16:37:49       0    140     39     45 
 20260320    16:37:49       1    153     39     47 
 20260320    16:37:49       2    142     38     47 
 20260320    16:37:49       3    153     37     46 
 20260320    16:38:19       0    139     39     45 
 20260320    16:38:19       1    152     39     47 
 20260320    16:38:19       2    141     38     47 
 20260320    16:38:19       3    152     37     46 
 20260320    16:38:49       0    126     37     45 
 20260320    16:38:49       1    139     37     46 
 20260320    16:38:49       2    128     36     45 
 20260320    16:38:49       3    139     36     44 
 20260320    16:39:19       0    139     39     45 
 20260320    16:39:19       1    153     39     47 
 20260320    16:39:19       2    142     38     47 
 20260320    16:39:19       3    153     38     46 
 20260320    16:39:49       0    140     39     45 
 20260320    16:39:49       1    153     39     46 
 20260320    16:39:49       2    142     38     47 
 20260320    16:39:49       3    153     37     46 
 20260320    16:40:19       0    139     39     45 
 20260320    16:40:19       1    152     39     46 
 20260320    16:40:19       2    141     38     47 
 20260320    16:40:19       3    153     37     46 
 20260320    16:40:49       0    139     39     45 
 20260320    16:40:49       1    152     39     47 
 20260320    16:40:49       2    141     38     47 
 20260320    16:40:49       3    153     37     46 
 20260320    16:41:19       0    140     39     45 
 20260320    16:41:19       1    153     39     47 
 20260320    16:41:19       2    141     38     47 
 20260320    16:41:19       3    154     37     46 
 20260320    16:41:49       0    209     41     52 
 20260320    16:41:49       1    241     42     52 
 20260320    16:41:49       2    343     44     57 
 20260320    16:41:49       3    354     43     56 
#Date        Time         gpu    pwr  gtemp  mtemp 
#YYYYMMDD    HH:MM:SS     Idx      W      C      C 
 20260320    16:42:19       0    139     39     45 
 20260320    16:42:19       1    153     39     47 
 20260320    16:42:19       2    141     38     47 
 20260320    16:42:19       3    153     38     46 
 20260320    16:42:49       0    139     39     45 
 20260320    16:42:49       1    153     39     47 
 20260320    16:42:49       2    142     38     47 
 20260320    16:42:49       3    154     38     46 
 20260320    16:43:19       0    139     39     45 
 20260320    16:43:19       1    152     38     47 
 20260320    16:43:19       2    141     37     47 
 20260320    16:43:19       3    153     37     46 
 20260320    16:43:49       0    139     39     45 
 20260320    16:43:49       1    153     39     47 
 20260320    16:43:49       2    141     38     47 
 20260320    16:43:49       3    153     37     46 
 20260320    16:44:19       0    127     38     45 
 20260320    16:44:19       1    141     38     45 
 20260320    16:44:19       2    130     37     46 
 20260320    16:44:19       3    141     36     46 
 20260320    16:44:49       0    139     39     45 
 20260320    16:44:49       1    153     39     47 
 20260320    16:44:49       2    141     37     47 
 20260320    16:44:49       3    153     37     46 
 20260320    16:45:19       0    139     39     45 
 20260320    16:45:19       1    152     39     47 
 20260320    16:45:19       2    141     38     47 
 20260320    16:45:19       3    153     37     46 
 20260320    16:45:49       0    125     37     45 
 20260320    16:45:49       1    137     37     45 
 20260320    16:45:49       2    128     36     45 
 20260320    16:45:49       3    138     36     44 
 20260320    16:46:19       0    139     39     45 
 20260320    16:46:19       1    152     39     47 
 20260320    16:46:19       2    141     37     47 
 20260320    16:46:19       3    153     37     46 
 20260320    16:46:49       0    139     39     45 
 20260320    16:46:49       1    152     39     46 
 20260320    16:46:49       2    141     37     47 
 20260320    16:46:49       3    153     37     46 
 20260320    16:47:19       0    138     39     45 
 20260320    16:47:19       1    151     39     45 
 20260320    16:47:19       2    140     37     47 
 20260320    16:47:19       3    152     37     46 
#Date        Time         gpu    pwr  gtemp  mtemp 
#YYYYMMDD    HH:MM:SS     Idx      W      C      C 
 20260320    16:47:49       0    140     39     45 
 20260320    16:47:49       1    153     39     47 
 20260320    16:47:49       2    142     37     47 
 20260320    16:47:49       3    154     37     46 
 20260320    16:48:19       0    139     39     45 
 20260320    16:48:19       1    152     39     46 
 20260320    16:48:19       2    141     37     47 
 20260320    16:48:19       3    152     37     46 
 20260320    16:48:49       0    139     39     46 
 20260320    16:48:49       1    151     38     46 
 20260320    16:48:49       2    141     37     47 
 20260320    16:48:49       3    152     37     46 
 20260320    16:49:19       0    139     39     46 
 20260320    16:49:19       1    151     38     47 
 20260320    16:49:19       2    141     37     47 
 20260320    16:49:19       3    153     37     46 
 20260320    16:49:49       0    139     39     45 
 20260320    16:49:49       1    151     39     47 
 20260320    16:49:49       2    141     37     47 
 20260320    16:49:49       3    153     37     46 
 20260320    16:50:19       0    140     39     45 
 20260320    16:50:19       1    151     39     47 
 20260320    16:50:19       2    141     37     47 
 20260320    16:50:19       3    153     37     46 
 20260320    16:50:49       0    138     38     45 
 20260320    16:50:49       1    150     38     46 
 20260320    16:50:49       2    140     37     47 
 20260320    16:50:49       3    152     37     46 
 20260320    16:51:19       0    140     39     45 
 20260320    16:51:19       1    152     39     47 
 20260320    16:51:19       2    142     38     47 
 20260320    16:51:19       3    153     37     46 
 20260320    16:51:49       0    139     39     45 
 20260320    16:51:49       1    152     39     46 
 20260320    16:51:49       2    141     38     47 
 20260320    16:51:49       3    153     37     46 
 20260320    16:52:19       0    139     39     45 
 20260320    16:52:19       1    152     39     47 
 20260320    16:52:19       2    141     38     47 
 20260320    16:52:19       3    153     38     46 
 20260320    16:52:49       0    139     39     45 
 20260320    16:52:49       1    152     39     47 
 20260320    16:52:49       2    141     38     47 
 20260320    16:52:49       3    153     37     46 
#Date        Time         gpu    pwr  gtemp  mtemp 
#YYYYMMDD    HH:MM:SS     Idx      W      C      C 
 20260320    16:53:19       0    139     39     45 
 20260320    16:53:19       1    152     39     47 
 20260320    16:53:19       2    141     38     47 
 20260320    16:53:19       3    153     38     46 
 20260320    16:53:49       0    126     37     45 
 20260320    16:53:49       1    137     37     45 
 20260320    16:53:49       2    128     36     45 
 20260320    16:53:49       3    139     36     44 
 20260320    16:54:19       0    139     39     45 
 20260320    16:54:19       1    152     39     47 
 20260320    16:54:19       2    142     38     47 
 20260320    16:54:19       3    153     37     46 
 20260320    16:54:49       0    140     39     45 
 20260320    16:54:49       1    153     39     47 
 20260320    16:54:49       2    142     38     47 
 20260320    16:54:49       3    153     38     47 
 20260320    16:55:19       0    140     39     45 
 20260320    16:55:19       1    153     39     47 
 20260320    16:55:19       2    142     38     47 
 20260320    16:55:19       3    153     38     46 
 20260320    16:55:49       0    139     39     45 
 20260320    16:55:49       1    152     39     47 
 20260320    16:55:49       2    142     38     47 
 20260320    16:55:49       3    153     37     46 
 20260320    16:56:19       0    139     39     45 
 20260320    16:56:19       1    152     39     47 
 20260320    16:56:19       2    141     38     47 
 20260320    16:56:19       3    153     38     46 
 20260320    16:56:49       0    139     39     45 
 20260320    16:56:49       1    152     39     47 
 20260320    16:56:49       2    142     38     47 
 20260320    16:56:49       3    153     38     47 
 20260320    16:57:19       0    139     39     45 
 20260320    16:57:19       1    151     39     47 
 20260320    16:57:19       2    141     38     47 
 20260320    16:57:19       3    153     37     46 
 20260320    16:57:49       0    139     39     45 
 20260320    16:57:49       1    152     39     47 
 20260320    16:57:49       2    141     38     47 
 20260320    16:57:49       3    153     38     46 
 20260320    16:58:19       0    139     39     45 
 20260320    16:58:19       1    152     39     47 
 20260320    16:58:19       2    142     38     47 
 20260320    16:58:19       3    153     38     46 
#Date        Time         gpu    pwr  gtemp  mtemp 
#YYYYMMDD    HH:MM:SS     Idx      W      C      C 
 20260320    16:58:49       0    139     39     45 
 20260320    16:58:49       1    151     39     47 
 20260320    16:58:49       2    140     38     47 
 20260320    16:58:49       3    152     37     46 
 20260320    16:59:19       0    139     39     45 
 20260320    16:59:19       1    151     39     47 
 20260320    16:59:19       2    142     38     47 
 20260320    16:59:19       3    153     38     46 
 20260320    16:59:49       0    139     39     45 
 20260320    16:59:49       1    151     39     47 
 20260320    16:59:49       2    142     38     47 
 20260320    16:59:49       3    153     38     46 
 20260320    17:00:19       0    125     37     45 
 20260320    17:00:19       1    137     38     45 
 20260320    17:00:19       2    128     37     46 
 20260320    17:00:19       3    138     36     46 
 20260320    17:00:49       0    139     39     45 
 20260320    17:00:49       1    153     39     45 
 20260320    17:00:49       2    141     38     47 
 20260320    17:00:49       3    152     37     46 
 20260320    17:01:19       0    139     39     45 
 20260320    17:01:19       1    152     39     47 
 20260320    17:01:19       2    141     38     47 
 20260320    17:01:19       3    152     37     46 
 20260320    17:01:49       0    140     39     45 
 20260320    17:01:49       1    153     39     46 
 20260320    17:01:49       2    142     37     47 
 20260320    17:01:49       3    153     37     46 
 20260320    17:02:19       0    139     39     45 
 20260320    17:02:19       1    153     39     47 
 20260320    17:02:19       2    142     37     47 
 20260320    17:02:19       3    153     37     46 
 20260320    17:02:49       0    139     39     45 
 20260320    17:02:49       1    152     39     47 
 20260320    17:02:49       2    142     37     47 
 20260320    17:02:49       3    153     37     46 
 20260320    17:03:19       0    139     39     45 
 20260320    17:03:19       1    152     39     47 
 20260320    17:03:19       2    141     37     47 
 20260320    17:03:19       3    152     37     46 
 20260320    17:03:49       0    139     39     45 
 20260320    17:03:49       1    152     39     45 
 20260320    17:03:49       2    141     37     47 
 20260320    17:03:49       3    152     37     46 
#Date        Time         gpu    pwr  gtemp  mtemp 
#YYYYMMDD    HH:MM:SS     Idx      W      C      C 
 20260320    17:04:19       0    140     39     45 
 20260320    17:04:19       1    153     39     47 
 20260320    17:04:19       2    141     37     47 
 20260320    17:04:19       3    153     37     46 
 20260320    17:04:49       0    139     39     45 
 20260320    17:04:49       1    153     39     45 
 20260320    17:04:49       2    142     37     47 
 20260320    17:04:49       3    153     37     46 
 20260320    17:05:19       0    139     39     45 
 20260320    17:05:19       1    152     39     47 
 20260320    17:05:19       2    141     38     47 
 20260320    17:05:19       3    153     37     46 
 20260320    17:05:49       0    140     39     45 
 20260320    17:05:49       1    152     39     47 
 20260320    17:05:49       2    142     38     47 
 20260320    17:05:49       3    153     37     46 
 20260320    17:06:19       0    139     39     45 
 20260320    17:06:19       1    151     39     47 
 20260320    17:06:19       2    141     38     47 
 20260320    17:06:19       3    152     37     46 
 20260320    17:06:49       0    139     39     45 
 20260320    17:06:49       1    152     39     47 
 20260320    17:06:49       2    141     38     47 
 20260320    17:06:49       3    152     38     46 
 20260320    17:07:19       0    139     39     45 
 20260320    17:07:19       1    153     39     47 
 20260320    17:07:19       2    142     38     47 
 20260320    17:07:19       3    153     38     46 
 20260320    17:07:49       0    139     39     45 
 20260320    17:07:49       1    153     39     47 
 20260320    17:07:49       2    142     38     47 
 20260320    17:07:49       3    153     38     47 
 20260320    17:08:19       0    125     37     45 
 20260320    17:08:19       1    138     37     46 
 20260320    17:08:19       2    128     37     45 
 20260320    17:08:19       3    139     36     45 
 20260320    17:08:49       0    139     39     45 
 20260320    17:08:49       1    152     39     47 
 20260320    17:08:49       2    141     38     47 
 20260320    17:08:49       3    154     37     46 
