#Date        Time         gpu    pwr  gtemp  mtemp 
#YYYYMMDD    HH:MM:SS     Idx      W      C      C 
 20260324    00:59:55       0     95     32     40 
 20260324    00:59:55       1     95     34     42 
 20260324    00:59:55       2     97     34     43 
 20260324    00:59:55       3     87     32     41 
 20260324    01:00:25       0    139     34     40 
 20260324    01:00:25       1    143     36     42 
 20260324    01:00:25       2    146     36     43 
 20260324    01:00:25       3    135     34     41 
 20260324    01:00:55       0    140     34     40 
 20260324    01:00:55       1    143     36     42 
 20260324    01:00:55       2    146     37     45 
 20260324    01:00:55       3    134     35     41 
 20260324    01:01:25       0    140     34     40 
 20260324    01:01:25       1    143     36     42 
 20260324    01:01:25       2    147     37     45 
 20260324    01:01:25       3    134     34     41 
 20260324    01:01:55       0    140     34     40 
 20260324    01:01:55       1    143     36     42 
 20260324    01:01:55       2    146     37     45 
 20260324    01:01:55       3    134     34     41 
 20260324    01:02:25       0    139     34     40 
 20260324    01:02:25       1    143     36     42 
 20260324    01:02:25       2    146     37     44 
 20260324    01:02:25       3    134     34     41 
 20260324    01:02:55       0    140     34     40 
 20260324    01:02:55       1    143     36     42 
 20260324    01:02:55       2    146     36     45 
 20260324    01:02:55       3    135     34     41 
 20260324    01:03:25       0    140     34     40 
 20260324    01:03:25       1    143     36     42 
 20260324    01:03:25       2    146     37     45 
 20260324    01:03:25       3    135     34     42 
 20260324    01:03:55       0    140     34     40 
 20260324    01:03:55       1    143     36     42 
 20260324    01:03:55       2    146     37     45 
 20260324    01:03:55       3    134     34     42 
 20260324    01:04:25       0    139     34     40 
 20260324    01:04:25       1    143     36     42 
 20260324    01:04:25       2    146     36     45 
 20260324    01:04:25       3    134     34     41 
 20260324    01:04:55       0    140     34     40 
 20260324    01:04:55       1    143     36     42 
 20260324    01:04:55       2    146     36     45 
 20260324    01:04:55       3    134     34     41 
#Date        Time         gpu    pwr  gtemp  mtemp 
#YYYYMMDD    HH:MM:SS     Idx      W      C      C 
 20260324    01:05:25       0    140     34     40 
 20260324    01:05:25       1    143     36     43 
 20260324    01:05:25       2    146     37     45 
 20260324    01:05:25       3    134     34     42 
 20260324    01:05:55       0    140     34     40 
 20260324    01:05:55       1    143     36     43 
 20260324    01:05:55       2    146     37     43 
 20260324    01:05:55       3    134     34     42 
 20260324    01:06:25       0    140     34     42 
 20260324    01:06:25       1    143     37     43 
 20260324    01:06:25       2    146     37     45 
 20260324    01:06:25       3    134     34     42 
 20260324    01:06:55       0    140     34     42 
 20260324    01:06:55       1    143     37     43 
 20260324    01:06:55       2    146     37     44 
 20260324    01:06:55       3    134     35     42 
 20260324    01:07:25       0    140     34     40 
 20260324    01:07:25       1    143     37     43 
 20260324    01:07:25       2    146     37     45 
 20260324    01:07:25       3    134     35     42 
 20260324    01:07:55       0    140     34     40 
 20260324    01:07:55       1    143     36     43 
 20260324    01:07:55       2    146     37     45 
 20260324    01:07:55       3    135     34     42 
 20260324    01:08:25       0    140     34     40 
 20260324    01:08:25       1    143     36     43 
 20260324    01:08:25       2    146     37     45 
 20260324    01:08:25       3    134     34     41 
 20260324    01:08:55       0    140     34     40 
 20260324    01:08:55       1    143     36     43 
 20260324    01:08:55       2    146     37     45 
 20260324    01:08:55       3    134     34     41 
 20260324    01:09:25       0    140     34     42 
 20260324    01:09:25       1    143     37     42 
 20260324    01:09:25       2    146     37     45 
 20260324    01:09:25       3    135     35     42 
 20260324    01:09:55       0    140     34     41 
 20260324    01:09:55       1    143     37     43 
 20260324    01:09:55       2    146     37     45 
 20260324    01:09:55       3    134     35     42 
 20260324    01:10:25       0    140     34     40 
 20260324    01:10:25       1    143     36     43 
 20260324    01:10:25       2    146     37     45 
 20260324    01:10:25       3    135     34     42 
#Date        Time         gpu    pwr  gtemp  mtemp 
#YYYYMMDD    HH:MM:SS     Idx      W      C      C 
 20260324    01:10:55       0    140     34     40 
 20260324    01:10:55       1    143     36     42 
 20260324    01:10:55       2    146     37     45 
 20260324    01:10:55       3    134     34     42 
 20260324    01:11:25       0    140     34     40 
 20260324    01:11:25       1    143     36     42 
 20260324    01:11:25       2    146     37     45 
 20260324    01:11:25       3    134     34     42 
 20260324    01:11:55       0    140     34     40 
 20260324    01:11:55       1    143     36     43 
 20260324    01:11:55       2    146     37     45 
 20260324    01:11:55       3    135     34     42 
 20260324    01:12:25       0    140     34     42 
 20260324    01:12:25       1    143     37     43 
 20260324    01:12:25       2    146     37     45 
 20260324    01:12:25       3    135     35     42 
 20260324    01:12:55       0    140     34     42 
 20260324    01:12:55       1    143     37     43 
 20260324    01:12:55       2    146     37     45 
 20260324    01:12:55       3    135     35     42 
 20260324    01:13:25       0    140     34     40 
 20260324    01:13:25       1    143     36     43 
 20260324    01:13:25       2    146     37     45 
 20260324    01:13:25       3    134     34     42 
 20260324    01:13:55       0    139     34     40 
 20260324    01:13:55       1    143     36     43 
 20260324    01:13:55       2    146     37     45 
 20260324    01:13:55       3    135     34     42 
 20260324    01:14:25       0    140     34     41 
 20260324    01:14:25       1    143     37     43 
 20260324    01:14:25       2    146     37     45 
 20260324    01:14:25       3    135     35     42 
 20260324    01:14:55       0    140     34     40 
 20260324    01:14:55       1    143     37     43 
 20260324    01:14:55       2    146     37     45 
 20260324    01:14:55       3    134     35     42 
 20260324    01:15:25       0    140     34     40 
 20260324    01:15:25       1    143     36     43 
 20260324    01:15:25       2    146     37     45 
 20260324    01:15:25       3    135     34     41 
 20260324    01:15:55       0    140     34     40 
 20260324    01:15:55       1    143     36     43 
 20260324    01:15:55       2    146     37     45 
 20260324    01:15:55       3    134     34     41 
#Date        Time         gpu    pwr  gtemp  mtemp 
#YYYYMMDD    HH:MM:SS     Idx      W      C      C 
 20260324    01:16:25       0    140     34     40 
 20260324    01:16:25       1    143     36     42 
 20260324    01:16:25       2    146     37     45 
 20260324    01:16:25       3    135     35     42 
 20260324    01:16:55       0    140     34     41 
 20260324    01:16:55       1    143     37     42 
 20260324    01:16:55       2    146     37     45 
 20260324    01:16:55       3    135     35     42 
 20260324    01:17:25       0    140     34     41 
 20260324    01:17:25       1    143     37     43 
 20260324    01:17:25       2    146     37     45 
 20260324    01:17:25       3    135     34     42 
 20260324    01:17:55       0    140     34     41 
 20260324    01:17:55       1    143     37     43 
 20260324    01:17:55       2    146     37     45 
 20260324    01:17:55       3    135     35     42 
 20260324    01:18:25       0    140     34     40 
 20260324    01:18:25       1    143     37     43 
 20260324    01:18:25       2    146     37     45 
 20260324    01:18:25       3    135     35     42 
 20260324    01:18:55       0    140     34     42 
 20260324    01:18:55       1    143     37     43 
 20260324    01:18:55       2    146     37     45 
 20260324    01:18:55       3    135     35     42 
 20260324    01:19:25       0    140     34     42 
 20260324    01:19:25       1    143     37     43 
 20260324    01:19:25       2    146     37     45 
 20260324    01:19:25       3    135     35     42 
 20260324    01:19:55       0    140     34     41 
 20260324    01:19:55       1    143     37     43 
 20260324    01:19:55       2    146     37     45 
 20260324    01:19:55       3    135     35     42 
 20260324    01:20:25       0    139     34     40 
 20260324    01:20:25       1    143     36     43 
 20260324    01:20:25       2    146     37     45 
 20260324    01:20:25       3    135     34     41 
 20260324    01:20:55       0    140     34     40 
 20260324    01:20:55       1    143     36     43 
 20260324    01:20:55       2    146     37     45 
 20260324    01:20:55       3    135     34     42 
 20260324    01:21:25       0    140     34     40 
 20260324    01:21:25       1    143     36     43 
 20260324    01:21:25       2    146     37     45 
 20260324    01:21:25       3    135     34     42 
#Date        Time         gpu    pwr  gtemp  mtemp 
#YYYYMMDD    HH:MM:SS     Idx      W      C      C 
 20260324    01:21:55       0    140     34     40 
 20260324    01:21:55       1    143     37     43 
 20260324    01:21:55       2    146     37     45 
 20260324    01:21:55       3    135     35     42 
 20260324    01:22:25       0    140     34     40 
 20260324    01:22:25       1    143     36     43 
 20260324    01:22:25       2    146     37     45 
 20260324    01:22:25       3    135     35     42 
 20260324    01:22:55       0    139     34     40 
 20260324    01:22:55       1    143     37     43 
 20260324    01:22:55       2    146     37     45 
 20260324    01:22:55       3    135     34     42 
 20260324    01:23:25       0    140     34     40 
 20260324    01:23:25       1    143     36     43 
 20260324    01:23:25       2    146     37     45 
 20260324    01:23:25       3    135     34     42 
 20260324    01:23:55       0    140     34     40 
 20260324    01:23:55       1    143     36     42 
 20260324    01:23:55       2    146     37     45 
 20260324    01:23:55       3    135     34     41 
 20260324    01:24:25       0    140     34     42 
 20260324    01:24:25       1    143     37     43 
 20260324    01:24:25       2    146     37     45 
 20260324    01:24:25       3    135     35     42 
 20260324    01:24:55       0    140     34     42 
 20260324    01:24:55       1    143     37     43 
 20260324    01:24:55       2    146     37     45 
 20260324    01:24:55       3    134     35     42 
 20260324    01:25:25       0    140     34     40 
 20260324    01:25:25       1    143     36     43 
 20260324    01:25:25       2    146     37     45 
 20260324    01:25:25       3    135     34     42 
 20260324    01:25:55       0    140     34     40 
 20260324    01:25:55       1    143     36     43 
 20260324    01:25:55       2    146     37     45 
 20260324    01:25:55       3    135     34     42 
 20260324    01:26:25       0    140     34     41 
 20260324    01:26:25       1    143     36     43 
 20260324    01:26:25       2    146     37     45 
 20260324    01:26:25       3    135     34     42 
 20260324    01:26:55       0    140     34     40 
 20260324    01:26:55       1    143     36     43 
 20260324    01:26:55       2    146     37     45 
 20260324    01:26:55       3    134     34     42 
#Date        Time         gpu    pwr  gtemp  mtemp 
#YYYYMMDD    HH:MM:SS     Idx      W      C      C 
 20260324    01:27:25       0    140     34     40 
 20260324    01:27:25       1    143     36     43 
 20260324    01:27:25       2    146     37     45 
 20260324    01:27:25       3    135     34     42 
 20260324    01:27:55       0    140     34     40 
 20260324    01:27:55       1    143     36     43 
 20260324    01:27:55       2    146     37     45 
 20260324    01:27:55       3    135     34     42 
 20260324    01:28:25       0    140     34     40 
 20260324    01:28:25       1    143     36     43 
 20260324    01:28:25       2    146     37     45 
 20260324    01:28:25       3    134     34     42 
 20260324    01:28:55       0    140     34     40 
 20260324    01:28:55       1    143     36     43 
 20260324    01:28:55       2    146     37     45 
 20260324    01:28:55       3    135     34     42 
 20260324    01:29:25       0    140     34     40 
 20260324    01:29:25       1    143     36     43 
 20260324    01:29:25       2    146     37     45 
 20260324    01:29:25       3    134     34     42 
 20260324    01:29:55       0    140     34     40 
 20260324    01:29:55       1    143     36     43 
 20260324    01:29:55       2    146     37     45 
 20260324    01:29:55       3    134     34     42 
 20260324    01:30:25       0    140     34     40 
 20260324    01:30:25       1    143     36     43 
 20260324    01:30:25       2    146     37     45 
 20260324    01:30:25       3    134     34     41 
 20260324    01:30:55       0    140     34     40 
 20260324    01:30:55       1    143     36     43 
 20260324    01:30:55       2    146     37     45 
 20260324    01:30:55       3    135     35     42 
 20260324    01:31:25       0    140     34     42 
 20260324    01:31:25       1    143     37     43 
 20260324    01:31:25       2    146     37     45 
 20260324    01:31:25       3    135     35     42 
 20260324    01:31:55       0    140     34     42 
 20260324    01:31:55       1    143     37     43 
 20260324    01:31:55       2    146     37     45 
 20260324    01:31:55       3    135     35     42 
 20260324    01:32:25       0    140     34     41 
 20260324    01:32:25       1    143     37     43 
 20260324    01:32:25       2    146     37     45 
 20260324    01:32:25       3    135     34     42 
#Date        Time         gpu    pwr  gtemp  mtemp 
#YYYYMMDD    HH:MM:SS     Idx      W      C      C 
 20260324    01:32:55       0    140     34     40 
 20260324    01:32:55       1    143     37     42 
 20260324    01:32:55       2    146     37     45 
 20260324    01:32:55       3    135     34     42 
 20260324    01:33:25       0    140     34     42 
 20260324    01:33:25       1    143     37     43 
 20260324    01:33:25       2    146     37     45 
 20260324    01:33:25       3    135     35     42 
 20260324    01:33:55       0    140     34     42 
 20260324    01:33:55       1    143     37     43 
 20260324    01:33:55       2    146     37     45 
 20260324    01:33:55       3    135     35     42 
 20260324    01:34:25       0    140     34     42 
 20260324    01:34:25       1    143     37     43 
 20260324    01:34:25       2    146     37     45 
 20260324    01:34:25       3    135     35     42 
 20260324    01:34:55       0    140     34     40 
 20260324    01:34:55       1    143     37     43 
 20260324    01:34:55       2    146     37     45 
 20260324    01:34:55       3    135     35     42 
 20260324    01:35:25       0    139     34     40 
 20260324    01:35:25       1    143     37     43 
 20260324    01:35:25       2    146     37     45 
 20260324    01:35:25       3    135     35     42 
 20260324    01:35:55       0    140     34     42 
 20260324    01:35:55       1    143     37     43 
 20260324    01:35:55       2    146     37     45 
 20260324    01:35:55       3    134     34     42 
 20260324    01:36:25       0    140     34     40 
 20260324    01:36:25       1    143     37     43 
 20260324    01:36:25       2    146     37     45 
 20260324    01:36:25       3    135     34     42 
 20260324    01:36:55       0    140     34     42 
 20260324    01:36:55       1    143     37     43 
 20260324    01:36:55       2    146     37     45 
 20260324    01:36:55       3    134     35     42 
 20260324    01:37:25       0    140     34     40 
 20260324    01:37:25       1    143     37     43 
 20260324    01:37:25       2    146     37     45 
 20260324    01:37:25       3    135     34     42 
 20260324    01:37:55       0    140     34     40 
 20260324    01:37:55       1    143     37     43 
 20260324    01:37:55       2    146     37     45 
 20260324    01:37:55       3    135     34     42 
#Date        Time         gpu    pwr  gtemp  mtemp 
#YYYYMMDD    HH:MM:SS     Idx      W      C      C 
 20260324    01:38:25       0    140     34     41 
 20260324    01:38:25       1    143     37     43 
 20260324    01:38:25       2    146     37     45 
 20260324    01:38:25       3    135     35     42 
 20260324    01:38:55       0    140     34     40 
 20260324    01:38:55       1    143     37     43 
 20260324    01:38:55       2    146     37     45 
 20260324    01:38:55       3    134     35     42 
 20260324    01:39:25       0    140     34     41 
 20260324    01:39:25       1    143     37     44 
 20260324    01:39:25       2    146     37     45 
 20260324    01:39:25       3    135     35     42 
 20260324    01:39:55       0    140     34     40 
 20260324    01:39:55       1    143     37     43 
 20260324    01:39:55       2    146     37     45 
 20260324    01:39:55       3    134     34     42 
 20260324    01:40:25       0    140     34     41 
 20260324    01:40:25       1    143     37     43 
 20260324    01:40:25       2    146     37     45 
 20260324    01:40:25       3    135     35     42 
 20260324    01:40:55       0    140     34     41 
 20260324    01:40:55       1    143     37     43 
 20260324    01:40:55       2    146     37     45 
 20260324    01:40:55       3    135     35     42 
 20260324    01:41:25       0    140     34     41 
 20260324    01:41:25       1    143     37     43 
 20260324    01:41:25       2    146     37     45 
 20260324    01:41:25       3    134     35     42 
 20260324    01:41:55       0    140     34     40 
 20260324    01:41:55       1    143     36     43 
 20260324    01:41:55       2    146     37     45 
 20260324    01:41:55       3    134     34     41 
 20260324    01:42:25       0    139     34     40 
 20260324    01:42:25       1    143     37     43 
 20260324    01:42:25       2    146     37     45 
 20260324    01:42:25       3    135     35     42 
 20260324    01:42:55       0    140     34     40 
 20260324    01:42:55       1    143     37     43 
 20260324    01:42:55       2    146     37     45 
 20260324    01:42:55       3    134     35     42 
 20260324    01:43:25       0    140     34     41 
 20260324    01:43:25       1    143     37     43 
 20260324    01:43:25       2    146     37     45 
 20260324    01:43:25       3    134     34     42 
#Date        Time         gpu    pwr  gtemp  mtemp 
#YYYYMMDD    HH:MM:SS     Idx      W      C      C 
 20260324    01:43:55       0    140     34     41 
 20260324    01:43:55       1    143     36     42 
 20260324    01:43:55       2    146     37     44 
 20260324    01:43:55       3    135     34     42 
 20260324    01:44:25       0    140     34     40 
 20260324    01:44:25       1    143     36     42 
 20260324    01:44:25       2    146     37     45 
 20260324    01:44:25       3    134     34     42 
 20260324    01:44:55       0    140     34     40 
 20260324    01:44:55       1    143     36     43 
 20260324    01:44:55       2    146     37     45 
 20260324    01:44:55       3    135     35     42 
 20260324    01:45:25       0    139     34     40 
 20260324    01:45:25       1    143     36     43 
 20260324    01:45:25       2    146     37     45 
 20260324    01:45:25       3    135     34     42 
 20260324    01:45:55       0    140     34     40 
 20260324    01:45:55       1    143     36     43 
 20260324    01:45:55       2    146     37     45 
 20260324    01:45:55       3    135     34     42 
 20260324    01:46:25       0    140     34     40 
 20260324    01:46:25       1    143     36     42 
 20260324    01:46:25       2    146     37     45 
 20260324    01:46:25       3    135     34     42 
 20260324    01:46:55       0    140     34     40 
 20260324    01:46:55       1    143     36     43 
 20260324    01:46:55       2    146     37     43 
 20260324    01:46:55       3    135     34     41 
 20260324    01:47:25       0    140     34     42 
 20260324    01:47:25       1    143     36     43 
 20260324    01:47:25       2    146     37     45 
 20260324    01:47:25       3    134     34     42 
 20260324    01:47:55       0    140     34     40 
 20260324    01:47:55       1    143     36     43 
 20260324    01:47:55       2    146     37     45 
 20260324    01:47:55       3    134     34     42 
 20260324    01:48:25       0    140     34     40 
 20260324    01:48:25       1    143     36     43 
 20260324    01:48:25       2    146     37     45 
 20260324    01:48:25       3    134     34     41 
 20260324    01:48:55       0    140     34     40 
 20260324    01:48:55       1    143     36     43 
 20260324    01:48:55       2    146     37     45 
 20260324    01:48:55       3    134     34     41 
#Date        Time         gpu    pwr  gtemp  mtemp 
#YYYYMMDD    HH:MM:SS     Idx      W      C      C 
 20260324    01:49:25       0    140     34     40 
 20260324    01:49:25       1    143     36     42 
 20260324    01:49:25       2    146     37     45 
 20260324    01:49:25       3    134     34     42 
 20260324    01:49:55       0    140     34     40 
 20260324    01:49:55       1    143     37     43 
 20260324    01:49:55       2    146     37     45 
 20260324    01:49:55       3    134     35     42 
 20260324    01:50:25       0    140     34     40 
 20260324    01:50:25       1    143     36     43 
 20260324    01:50:25       2    146     37     45 
 20260324    01:50:25       3    134     34     42 
 20260324    01:50:55       0    139     34     40 
 20260324    01:50:55       1    143     36     42 
 20260324    01:50:55       2    146     36     45 
 20260324    01:50:55       3    135     34     41 
 20260324    01:51:25       0    140     34     40 
 20260324    01:51:25       1    143     36     43 
 20260324    01:51:25       2    146     37     45 
 20260324    01:51:25       3    135     34     42 
 20260324    01:51:55       0    140     34     40 
 20260324    01:51:55       1    143     36     43 
 20260324    01:51:55       2    146     37     45 
 20260324    01:51:55       3    134     34     42 
 20260324    01:52:25       0    140     34     40 
 20260324    01:52:25       1    143     37     43 
 20260324    01:52:25       2    146     37     45 
 20260324    01:52:25       3    135     34     42 
 20260324    01:52:55       0    140     34     40 
 20260324    01:52:55       1    143     36     43 
 20260324    01:52:55       2    146     37     45 
 20260324    01:52:55       3    134     34     42 
 20260324    01:53:25       0    140     34     40 
 20260324    01:53:25       1    143     36     42 
 20260324    01:53:25       2    146     37     45 
 20260324    01:53:25       3    134     34     41 
 20260324    01:53:55       0    140     34     40 
 20260324    01:53:55       1    143     36     43 
 20260324    01:53:55       2    146     37     45 
 20260324    01:53:55       3    135     34     42 
 20260324    01:54:25       0    140     34     42 
 20260324    01:54:25       1    143     37     43 
 20260324    01:54:25       2    146     37     45 
 20260324    01:54:25       3    135     35     42 
#Date        Time         gpu    pwr  gtemp  mtemp 
#YYYYMMDD    HH:MM:SS     Idx      W      C      C 
 20260324    01:54:55       0    140     34     40 
 20260324    01:54:55       1    143     37     43 
 20260324    01:54:55       2    146     37     45 
 20260324    01:54:55       3    135     34     42 
 20260324    01:55:25       0    140     34     40 
 20260324    01:55:25       1    143     36     42 
 20260324    01:55:25       2    146     37     45 
 20260324    01:55:25       3    134     34     42 
 20260324    01:55:55       0    140     34     41 
 20260324    01:55:55       1    143     36     43 
 20260324    01:55:55       2    146     37     45 
 20260324    01:55:55       3    135     34     42 
 20260324    01:56:25       0    140     34     40 
 20260324    01:56:25       1    143     37     42 
 20260324    01:56:25       2    146     37     45 
 20260324    01:56:25       3    135     34     42 
 20260324    01:56:55       0    139     34     40 
 20260324    01:56:55       1    143     37     43 
 20260324    01:56:55       2    146     37     45 
 20260324    01:56:55       3    135     34     42 
 20260324    01:57:25       0    140     34     40 
 20260324    01:57:25       1    143     36     43 
 20260324    01:57:25       2    146     37     45 
 20260324    01:57:25       3    134     34     42 
 20260324    01:57:55       0    140     34     41 
 20260324    01:57:55       1    143     37     43 
 20260324    01:57:55       2    146     37     45 
 20260324    01:57:55       3    134     34     42 
 20260324    01:58:25       0    140     34     41 
 20260324    01:58:25       1    143     37     43 
 20260324    01:58:25       2    146     37     45 
 20260324    01:58:25       3    135     35     42 
 20260324    01:58:55       0    140     34     42 
 20260324    01:58:55       1    143     37     43 
 20260324    01:58:55       2    146     37     45 
 20260324    01:58:55       3    135     35     42 
 20260324    01:59:25       0    140     34     42 
 20260324    01:59:25       1    143     37     43 
 20260324    01:59:25       2    146     37     45 
 20260324    01:59:25       3    135     35     42 
 20260324    01:59:55       0    140     34     42 
 20260324    01:59:55       1    143     37     44 
 20260324    01:59:55       2    146     37     45 
 20260324    01:59:55       3    135     35     42 
#Date        Time         gpu    pwr  gtemp  mtemp 
#YYYYMMDD    HH:MM:SS     Idx      W      C      C 
 20260324    02:00:25       0    140     34     42 
 20260324    02:00:25       1    143     37     43 
 20260324    02:00:25       2    146     37     45 
 20260324    02:00:25       3    134     35     42 
 20260324    02:00:55       0    140     34     41 
 20260324    02:00:55       1    143     37     43 
 20260324    02:00:55       2    146     37     45 
 20260324    02:00:55       3    134     35     42 
 20260324    02:01:25       0    140     34     42 
 20260324    02:01:25       1    143     37     44 
 20260324    02:01:25       2    146     37     45 
 20260324    02:01:25       3    135     35     42 
 20260324    02:01:55       0    140     34     42 
 20260324    02:01:55       1    143     37     44 
 20260324    02:01:55       2    146     37     45 
 20260324    02:01:55       3    135     35     42 
 20260324    02:02:25       0    140     35     42 
 20260324    02:02:25       1    143     37     44 
 20260324    02:02:25       2    146     37     45 
 20260324    02:02:25       3    135     35     42 
 20260324    02:02:55       0    140     34     42 
 20260324    02:02:55       1    143     37     43 
 20260324    02:02:55       2    146     37     45 
 20260324    02:02:55       3    135     35     42 
 20260324    02:03:25       0    140     34     42 
 20260324    02:03:25       1    143     37     44 
 20260324    02:03:25       2    146     37     45 
 20260324    02:03:25       3    135     35     42 
 20260324    02:03:55       0    141     35     42 
 20260324    02:03:55       1    143     37     43 
 20260324    02:03:55       2    147     37     45 
 20260324    02:03:55       3    135     35     42 
 20260324    02:04:25       0    140     34     42 
 20260324    02:04:25       1    143     37     44 
 20260324    02:04:25       2    146     37     45 
 20260324    02:04:25       3    135     35     42 
 20260324    02:04:55       0    140     34     40 
 20260324    02:04:55       1    143     37     43 
 20260324    02:04:55       2    146     37     45 
 20260324    02:04:55       3    135     35     42 
 20260324    02:05:25       0    140     34     40 
 20260324    02:05:25       1    143     36     43 
 20260324    02:05:25       2    146     37     45 
 20260324    02:05:25       3    135     34     42 
#Date        Time         gpu    pwr  gtemp  mtemp 
#YYYYMMDD    HH:MM:SS     Idx      W      C      C 
 20260324    02:05:55       0    140     34     40 
 20260324    02:05:55       1    143     36     43 
 20260324    02:05:55       2    146     37     43 
 20260324    02:05:55       3    135     34     42 
 20260324    02:06:25       0    140     34     41 
 20260324    02:06:25       1    143     36     43 
 20260324    02:06:25       2    146     37     45 
 20260324    02:06:25       3    135     34     42 
 20260324    02:06:55       0    139     34     40 
 20260324    02:06:55       1    142     36     43 
 20260324    02:06:55       2    147     37     45 
 20260324    02:06:55       3    135     34     41 
 20260324    02:07:25       0    148     34     42 
 20260324    02:07:25       1    152     37     43 
 20260324    02:07:25       2    154     37     45 
 20260324    02:07:25       3    145     35     42 
 20260324    02:07:56       0    141     34     41 
 20260324    02:07:56       1    142     36     43 
 20260324    02:07:56       2    146     37     45 
 20260324    02:07:56       3    136     34     42 
 20260324    02:08:26       0    141     34     40 
 20260324    02:08:26       1    142     36     42 
 20260324    02:08:26       2    146     37     45 
 20260324    02:08:26       3    135     34     41 
 20260324    02:08:56       0    140     34     40 
 20260324    02:08:56       1    142     36     42 
 20260324    02:08:56       2    146     37     45 
 20260324    02:08:56       3    135     34     42 
 20260324    02:09:26       0    140     34     40 
 20260324    02:09:26       1    142     36     42 
 20260324    02:09:26       2    146     37     45 
 20260324    02:09:26       3    135     34     42 
 20260324    02:09:56       0    140     34     40 
 20260324    02:09:56       1    142     36     42 
 20260324    02:09:56       2    146     37     45 
 20260324    02:09:56       3    135     34     42 
 20260324    02:10:26       0    147     34     42 
 20260324    02:10:26       1    151     37     44 
 20260324    02:10:26       2    153     37     45 
 20260324    02:10:26       3    141     35     42 
 20260324    02:10:56       0    141     34     40 
 20260324    02:10:56       1    143     36     42 
 20260324    02:10:56       2    146     36     45 
 20260324    02:10:56       3    136     34     42 
#Date        Time         gpu    pwr  gtemp  mtemp 
#YYYYMMDD    HH:MM:SS     Idx      W      C      C 
 20260324    02:11:26       0    141     34     40 
 20260324    02:11:26       1    143     36     42 
 20260324    02:11:26       2    146     37     45 
 20260324    02:11:26       3    136     34     41 
 20260324    02:11:56       0    141     34     40 
 20260324    02:11:56       1    144     36     43 
 20260324    02:11:56       2    146     37     45 
 20260324    02:11:56       3    136     34     42 
 20260324    02:12:26       0    141     34     40 
 20260324    02:12:26       1    144     36     42 
 20260324    02:12:26       2    146     37     45 
 20260324    02:12:26       3    135     34     42 
 20260324    02:12:56       0    141     34     40 
 20260324    02:12:56       1    144     36     42 
 20260324    02:12:56       2    146     37     45 
 20260324    02:12:56       3    135     34     41 
 20260324    02:13:26       0    149     34     42 
 20260324    02:13:26       1    153     37     43 
 20260324    02:13:26       2    155     37     45 
 20260324    02:13:26       3    144     35     42 
 20260324    02:13:56       0    141     34     40 
 20260324    02:13:56       1    144     36     43 
 20260324    02:13:56       2    146     37     45 
 20260324    02:13:56       3    135     34     42 
 20260324    02:14:26       0    141     34     40 
 20260324    02:14:26       1    144     36     42 
 20260324    02:14:26       2    146     37     45 
 20260324    02:14:26       3    135     34     42 
 20260324    02:14:56       0    141     34     40 
 20260324    02:14:56       1    144     36     42 
 20260324    02:14:56       2    146     37     45 
 20260324    02:14:56       3    135     34     42 
 20260324    02:15:26       0    141     34     40 
 20260324    02:15:26       1    144     36     43 
 20260324    02:15:26       2    146     36     45 
 20260324    02:15:26       3    135     34     42 
 20260324    02:15:56       0    139     34     42 
 20260324    02:15:56       1    144     37     44 
 20260324    02:15:56       2    146     37     45 
 20260324    02:15:56       3    134     35     42 
 20260324    02:16:26       0    142     34     41 
 20260324    02:16:26       1    143     36     43 
 20260324    02:16:26       2    146     37     45 
 20260324    02:16:26       3    136     34     42 
#Date        Time         gpu    pwr  gtemp  mtemp 
#YYYYMMDD    HH:MM:SS     Idx      W      C      C 
 20260324    02:16:56       0    141     34     41 
 20260324    02:16:56       1    143     36     43 
 20260324    02:16:56       2    146     37     45 
 20260324    02:16:56       3    136     35     42 
 20260324    02:17:26       0    141     34     41 
 20260324    02:17:26       1    143     37     42 
 20260324    02:17:26       2    146     37     45 
 20260324    02:17:26       3    136     35     42 
 20260324    02:17:56       0    141     34     41 
 20260324    02:17:56       1    143     36     43 
 20260324    02:17:56       2    146     37     45 
 20260324    02:17:56       3    135     34     42 
 20260324    02:18:26       0    142     34     40 
 20260324    02:18:26       1    143     36     43 
 20260324    02:18:26       2    146     37     45 
 20260324    02:18:26       3    135     34     42 
 20260324    02:18:56       0    148     35     42 
 20260324    02:18:56       1    151     37     43 
 20260324    02:18:56       2    153     37     45 
 20260324    02:18:56       3    144     36     42 
 20260324    02:19:26       0    141     34     40 
 20260324    02:19:26       1    144     37     43 
 20260324    02:19:26       2    145     37     45 
 20260324    02:19:26       3    135     34     42 
 20260324    02:19:56       0    141     34     40 
 20260324    02:19:56       1    144     37     43 
 20260324    02:19:56       2    145     37     45 
 20260324    02:19:56       3    135     34     42 
 20260324    02:20:26       0    141     34     42 
 20260324    02:20:26       1    144     37     43 
 20260324    02:20:26       2    145     37     45 
 20260324    02:20:26       3    135     35     41 
 20260324    02:20:56       0    141     34     42 
 20260324    02:20:56       1    144     37     43 
 20260324    02:20:56       2    146     37     45 
 20260324    02:20:56       3    135     35     42 
 20260324    02:21:26       0    320     36     42 
 20260324    02:21:26       1    308     39     45 
 20260324    02:21:26       2    324     39     47 
 20260324    02:21:26       3    319     36     44 
 20260324    02:21:56       0    140     34     42 
 20260324    02:21:56       1    144     37     43 
 20260324    02:21:56       2    147     37     45 
 20260324    02:21:56       3    136     35     42 
#Date        Time         gpu    pwr  gtemp  mtemp 
#YYYYMMDD    HH:MM:SS     Idx      W      C      C 
 20260324    02:22:26       0    140     34     41 
 20260324    02:22:26       1    144     37     43 
 20260324    02:22:26       2    147     37     45 
 20260324    02:22:26       3    136     35     41 
 20260324    02:22:56       0    140     34     41 
 20260324    02:22:56       1    144     37     43 
 20260324    02:22:56       2    147     37     45 
 20260324    02:22:56       3    135     35     42 
 20260324    02:23:26       0    140     34     40 
 20260324    02:23:26       1    144     37     43 
 20260324    02:23:26       2    146     37     45 
 20260324    02:23:26       3    135     35     42 
 20260324    02:23:56       0    140     34     41 
 20260324    02:23:56       1    144     37     43 
 20260324    02:23:56       2    146     37     45 
 20260324    02:23:56       3    135     35     42 
 20260324    02:24:26       0    149     35     42 
 20260324    02:24:26       1    151     37     44 
 20260324    02:24:26       2    154     37     45 
 20260324    02:24:26       3    143     35     42 
 20260324    02:24:56       0    140     34     42 
 20260324    02:24:56       1    145     37     44 
 20260324    02:24:56       2    146     37     45 
 20260324    02:24:56       3    135     35     42 
 20260324    02:25:26       0    140     34     41 
 20260324    02:25:26       1    145     37     43 
 20260324    02:25:26       2    146     37     45 
 20260324    02:25:26       3    135     35     42 
 20260324    02:25:56       0    140     34     40 
 20260324    02:25:56       1    144     37     43 
 20260324    02:25:56       2    146     37     45 
 20260324    02:25:56       3    135     35     42 
 20260324    02:26:26       0    140     34     41 
 20260324    02:26:26       1    145     37     44 
 20260324    02:26:26       2    146     37     45 
 20260324    02:26:26       3    135     35     42 
 20260324    02:26:56       0    140     34     42 
 20260324    02:26:56       1    144     37     43 
 20260324    02:26:56       2    146     37     45 
 20260324    02:26:56       3    135     35     42 
 20260324    02:27:26       0    141     35     42 
 20260324    02:27:26       1    144     37     44 
 20260324    02:27:26       2    147     37     45 
 20260324    02:27:26       3    136     35     42 
#Date        Time         gpu    pwr  gtemp  mtemp 
#YYYYMMDD    HH:MM:SS     Idx      W      C      C 
 20260324    02:27:56       0    141     34     42 
 20260324    02:27:56       1    144     37     44 
 20260324    02:27:56       2    147     37     45 
 20260324    02:27:56       3    135     35     42 
 20260324    02:28:26       0    141     34     42 
 20260324    02:28:26       1    144     37     43 
 20260324    02:28:26       2    146     37     45 
 20260324    02:28:26       3    135     34     42 
 20260324    02:28:56       0    141     34     41 
 20260324    02:28:56       1    144     37     43 
 20260324    02:28:56       2    146     37     45 
 20260324    02:28:56       3    135     35     42 
 20260324    02:29:26       0    141     35     42 
 20260324    02:29:26       1    144     37     43 
 20260324    02:29:26       2    147     37     45 
 20260324    02:29:26       3    135     35     42 
 20260324    02:29:56       0    170     35     42 
 20260324    02:29:56       1    174     37     44 
 20260324    02:29:56       2    176     38     45 
 20260324    02:29:56       3    165     35     42 
 20260324    02:30:26       0    141     34     42 
 20260324    02:30:26       1    144     37     43 
 20260324    02:30:26       2    146     37     45 
 20260324    02:30:26       3    136     35     42 
 20260324    02:30:56       0    141     34     40 
 20260324    02:30:56       1    144     37     43 
 20260324    02:30:56       2    146     37     45 
 20260324    02:30:56       3    135     35     42 
 20260324    02:31:26       0    141     35     42 
 20260324    02:31:26       1    144     37     43 
 20260324    02:31:26       2    146     37     45 
 20260324    02:31:26       3    135     35     42 
 20260324    02:31:56       0    142     35     42 
 20260324    02:31:56       1    144     37     44 
 20260324    02:31:56       2    146     37     46 
 20260324    02:31:56       3    135     35     42 
 20260324    02:32:27       0    142     34     42 
 20260324    02:32:27       1    144     37     43 
 20260324    02:32:27       2    146     37     45 
 20260324    02:32:27       3    135     35     42 
 20260324    02:32:57       0    141     35     42 
 20260324    02:32:57       1    145     37     43 
 20260324    02:32:57       2    147     37     45 
 20260324    02:32:57       3    136     35     42 
#Date        Time         gpu    pwr  gtemp  mtemp 
#YYYYMMDD    HH:MM:SS     Idx      W      C      C 
 20260324    02:33:27       0    141     34     42 
 20260324    02:33:27       1    144     37     44 
 20260324    02:33:27       2    147     37     45 
 20260324    02:33:27       3    135     35     42 
 20260324    02:33:57       0    141     34     42 
 20260324    02:33:57       1    144     37     43 
 20260324    02:33:57       2    147     37     45 
 20260324    02:33:57       3    135     35     42 
 20260324    02:34:27       0    141     34     42 
 20260324    02:34:27       1    144     37     43 
 20260324    02:34:27       2    147     37     45 
 20260324    02:34:27       3    135     35     42 
 20260324    02:34:57       0    141     35     42 
 20260324    02:34:57       1    144     37     43 
 20260324    02:34:57       2    147     37     45 
 20260324    02:34:57       3    135     35     42 
 20260324    02:35:27       0    139     34     42 
 20260324    02:35:27       1    143     37     44 
 20260324    02:35:27       2    146     37     45 
 20260324    02:35:27       3    134     35     42 
 20260324    02:35:57       0    141     34     41 
 20260324    02:35:57       1    143     37     43 
 20260324    02:35:57       2    147     37     45 
 20260324    02:35:57       3    136     35     42 
 20260324    02:36:27       0    141     34     40 
 20260324    02:36:27       1    143     37     43 
 20260324    02:36:27       2    147     37     45 
 20260324    02:36:27       3    136     35     42 
 20260324    02:36:57       0    141     34     40 
 20260324    02:36:57       1    143     37     43 
 20260324    02:36:57       2    147     37     45 
 20260324    02:36:57       3    135     35     42 
 20260324    02:37:27       0    141     34     40 
 20260324    02:37:27       1    143     37     43 
 20260324    02:37:27       2    146     37     45 
 20260324    02:37:27       3    135     35     42 
 20260324    02:37:57       0    141     35     42 
 20260324    02:37:57       1    143     37     43 
 20260324    02:37:57       2    147     37     45 
 20260324    02:37:57       3    135     35     42 
 20260324    02:38:27       0    141     35     42 
 20260324    02:38:27       1    145     37     44 
 20260324    02:38:27       2    147     37     45 
 20260324    02:38:27       3    135     35     42 
#Date        Time         gpu    pwr  gtemp  mtemp 
#YYYYMMDD    HH:MM:SS     Idx      W      C      C 
 20260324    02:38:57       0    141     34     42 
 20260324    02:38:57       1    144     37     43 
 20260324    02:38:57       2    147     37     45 
 20260324    02:38:57       3    135     35     42 
 20260324    02:39:27       0    141     34     42 
 20260324    02:39:27       1    144     37     44 
 20260324    02:39:27       2    147     37     45 
 20260324    02:39:27       3    135     35     42 
 20260324    02:39:57       0    141     34     41 
 20260324    02:39:57       1    144     37     44 
 20260324    02:39:57       2    147     37     45 
 20260324    02:39:57       3    135     35     42 
 20260324    02:40:27       0    141     34     42 
 20260324    02:40:27       1    144     37     43 
 20260324    02:40:27       2    147     37     45 
 20260324    02:40:27       3    135     35     42 
 20260324    02:40:57       0    140     34     42 
 20260324    02:40:57       1    143     37     44 
 20260324    02:40:57       2    146     37     45 
 20260324    02:40:57       3    134     35     42 
 20260324    02:41:27       0    141     34     42 
 20260324    02:41:27       1    143     37     43 
 20260324    02:41:27       2    147     37     45 
 20260324    02:41:27       3    135     35     42 
 20260324    02:41:57       0    141     34     41 
 20260324    02:41:57       1    143     37     43 
 20260324    02:41:57       2    147     37     45 
 20260324    02:41:57       3    135     35     42 
 20260324    02:42:27       0    141     34     41 
 20260324    02:42:27       1    143     37     42 
 20260324    02:42:27       2    146     37     45 
 20260324    02:42:27       3    135     35     42 
 20260324    02:42:57       0    141     34     42 
 20260324    02:42:57       1    143     37     43 
 20260324    02:42:57       2    147     37     45 
 20260324    02:42:57       3    135     35     42 
 20260324    02:43:27       0    141     34     42 
 20260324    02:43:27       1    143     37     43 
 20260324    02:43:27       2    147     37     45 
 20260324    02:43:27       3    135     35     42 
 20260324    02:43:57       0    140     34     42 
 20260324    02:43:57       1    145     37     44 
 20260324    02:43:57       2    147     37     45 
 20260324    02:43:57       3    136     35     42 
#Date        Time         gpu    pwr  gtemp  mtemp 
#YYYYMMDD    HH:MM:SS     Idx      W      C      C 
 20260324    02:44:27       0    140     34     42 
 20260324    02:44:27       1    145     37     44 
 20260324    02:44:27       2    146     37     45 
 20260324    02:44:27       3    136     35     42 
 20260324    02:44:57       0    140     34     41 
 20260324    02:44:57       1    144     37     43 
 20260324    02:44:57       2    146     37     45 
 20260324    02:44:57       3    135     35     42 
 20260324    02:45:27       0    140     34     42 
 20260324    02:45:27       1    144     37     44 
 20260324    02:45:27       2    146     37     45 
 20260324    02:45:27       3    135     35     42 
 20260324    02:45:57       0    140     34     42 
 20260324    02:45:57       1    144     37     44 
 20260324    02:45:57       2    146     37     45 
 20260324    02:45:57       3    135     35     42 
 20260324    02:46:27       0    140     34     40 
 20260324    02:46:27       1    145     37     43 
 20260324    02:46:27       2    146     37     45 
 20260324    02:46:27       3    135     35     42 
 20260324    02:46:57       0    141     34     42 
 20260324    02:46:57       1    144     37     43 
 20260324    02:46:57       2    146     37     45 
 20260324    02:46:57       3    136     35     42 
 20260324    02:47:27       0    141     34     40 
 20260324    02:47:27       1    144     37     43 
 20260324    02:47:27       2    146     37     45 
 20260324    02:47:27       3    136     35     42 
 20260324    02:47:57       0    141     34     40 
 20260324    02:47:57       1    144     37     43 
 20260324    02:47:57       2    146     37     45 
 20260324    02:47:57       3    135     35     42 
 20260324    02:48:27       0    141     34     41 
 20260324    02:48:27       1    144     37     43 
 20260324    02:48:27       2    146     37     45 
 20260324    02:48:27       3    135     35     41 
 20260324    02:48:57       0    141     34     40 
 20260324    02:48:57       1    144     37     43 
 20260324    02:48:57       2    146     37     45 
 20260324    02:48:57       3    135     35     42 
 20260324    02:49:27       0    140     34     42 
 20260324    02:49:27       1    144     37     43 
 20260324    02:49:27       2    149     37     45 
 20260324    02:49:27       3    136     35     42 
#Date        Time         gpu    pwr  gtemp  mtemp 
#YYYYMMDD    HH:MM:SS     Idx      W      C      C 
 20260324    02:49:57       0    140     34     41 
 20260324    02:49:57       1    144     37     43 
 20260324    02:49:57       2    148     37     45 
 20260324    02:49:57       3    136     35     42 
 20260324    02:50:27       0    140     34     42 
 20260324    02:50:27       1    144     37     43 
 20260324    02:50:27       2    147     37     45 
 20260324    02:50:27       3    135     35     42 
 20260324    02:50:57       0    140     34     41 
 20260324    02:50:57       1    144     37     44 
 20260324    02:50:57       2    146     37     45 
 20260324    02:50:57       3    135     35     42 
 20260324    02:51:27       0    140     34     42 
 20260324    02:51:27       1    144     37     43 
 20260324    02:51:27       2    146     37     45 
 20260324    02:51:27       3    135     35     42 
 20260324    02:51:57       0    140     34     42 
 20260324    02:51:57       1    144     37     44 
 20260324    02:51:57       2    146     37     46 
 20260324    02:51:57       3    135     35     42 
 20260324    02:52:27       0    141     34     41 
 20260324    02:52:27       1    144     37     43 
 20260324    02:52:27       2    147     37     45 
 20260324    02:52:27       3    136     35     42 
 20260324    02:52:57       0    141     34     42 
 20260324    02:52:57       1    144     37     44 
 20260324    02:52:57       2    147     37     45 
 20260324    02:52:57       3    136     35     42 
 20260324    02:53:27       0    141     34     40 
 20260324    02:53:27       1    144     37     43 
 20260324    02:53:27       2    146     37     45 
 20260324    02:53:27       3    135     35     42 
 20260324    02:53:57       0    141     34     40 
 20260324    02:53:57       1    144     37     43 
 20260324    02:53:57       2    146     37     45 
 20260324    02:53:57       3    135     35     42 
 20260324    02:54:27       0    141     34     40 
 20260324    02:54:27       1    144     37     43 
 20260324    02:54:27       2    146     37     45 
 20260324    02:54:27       3    135     35     42 
 20260324    02:54:57       0    140     34     42 
 20260324    02:54:57       1    143     37     44 
 20260324    02:54:57       2    149     37     45 
 20260324    02:54:57       3    136     35     42 
#Date        Time         gpu    pwr  gtemp  mtemp 
#YYYYMMDD    HH:MM:SS     Idx      W      C      C 
 20260324    02:55:27       0    140     34     40 
 20260324    02:55:27       1    143     37     44 
 20260324    02:55:27       2    148     37     45 
 20260324    02:55:27       3    136     35     42 
 20260324    02:55:57       0    140     34     41 
 20260324    02:55:57       1    143     37     44 
 20260324    02:55:57       2    148     37     45 
 20260324    02:55:57       3    135     35     42 
 20260324    02:56:27       0    140     34     41 
 20260324    02:56:27       1    143     37     43 
 20260324    02:56:27       2    148     37     45 
 20260324    02:56:27       3    135     35     42 
 20260324    02:56:57       0    140     34     41 
 20260324    02:56:57       1    143     37     44 
 20260324    02:56:57       2    146     37     45 
 20260324    02:56:57       3    135     35     42 
 20260324    02:57:27       0    140     34     42 
 20260324    02:57:27       1    144     37     43 
 20260324    02:57:27       2    147     37     45 
 20260324    02:57:27       3    135     35     42 
 20260324    02:57:57       0    141     35     42 
 20260324    02:57:57       1    144     37     44 
 20260324    02:57:57       2    149     37     46 
 20260324    02:57:57       3    136     35     42 
 20260324    02:58:27       0    141     35     42 
 20260324    02:58:27       1    144     37     44 
 20260324    02:58:27       2    147     37     45 
 20260324    02:58:27       3    135     35     42 
 20260324    02:58:57       0    141     35     42 
 20260324    02:58:57       1    144     37     44 
 20260324    02:58:57       2    147     37     45 
 20260324    02:58:57       3    135     35     42 
 20260324    02:59:27       0    141     35     42 
 20260324    02:59:27       1    144     37     44 
 20260324    02:59:27       2    147     37     45 
 20260324    02:59:27       3    135     35     42 
 20260324    02:59:57       0    141     35     42 
 20260324    02:59:57       1    144     37     44 
 20260324    02:59:57       2    147     37     45 
 20260324    02:59:57       3    136     35     42 
 20260324    03:00:27       0    141     35     42 
 20260324    03:00:27       1    144     37     44 
 20260324    03:00:27       2    146     37     46 
 20260324    03:00:27       3    136     35     42 
#Date        Time         gpu    pwr  gtemp  mtemp 
#YYYYMMDD    HH:MM:SS     Idx      W      C      C 
 20260324    03:00:57       0    141     34     42 
 20260324    03:00:57       1    144     37     44 
 20260324    03:00:57       2    146     37     45 
 20260324    03:00:57       3    135     35     42 
 20260324    03:01:27       0    141     35     42 
 20260324    03:01:27       1    144     37     44 
 20260324    03:01:27       2    146     37     45 
 20260324    03:01:27       3    135     35     42 
 20260324    03:01:57       0    141     35     42 
 20260324    03:01:57       1    144     37     44 
 20260324    03:01:57       2    146     37     45 
 20260324    03:01:57       3    135     35     42 
 20260324    03:02:27       0    141     35     42 
 20260324    03:02:27       1    144     37     44 
 20260324    03:02:27       2    146     37     45 
 20260324    03:02:27       3    135     35     42 
 20260324    03:02:57       0    140     34     42 
 20260324    03:02:57       1    145     37     44 
 20260324    03:02:57       2    146     37     45 
 20260324    03:02:57       3    135     35     42 
 20260324    03:03:27       0    141     34     41 
 20260324    03:03:27       1    144     37     43 
 20260324    03:03:27       2    146     37     45 
 20260324    03:03:27       3    136     35     42 
 20260324    03:03:57       0    141     34     42 
 20260324    03:03:57       1    144     37     44 
 20260324    03:03:57       2    146     37     45 
 20260324    03:03:57       3    136     35     42 
 20260324    03:04:27       0    145     35     42 
 20260324    03:04:27       1    146     37     44 
 20260324    03:04:27       2    146     37     46 
 20260324    03:04:27       3    136     35     42 
 20260324    03:04:57       0    145     35     42 
 20260324    03:04:57       1    155     37     44 
 20260324    03:04:57       2    164     37     45 
 20260324    03:04:57       3    136     35     42 
 20260324    03:05:27       0    143     35     42 
 20260324    03:05:27       1    144     37     44 
 20260324    03:05:27       2    147     37     45 
 20260324    03:05:27       3    136     35     42 
 20260324    03:05:57       0    140     35     42 
 20260324    03:05:57       1    144     37     44 
 20260324    03:05:57       2    147     37     45 
 20260324    03:05:57       3    136     35     42 
#Date        Time         gpu    pwr  gtemp  mtemp 
#YYYYMMDD    HH:MM:SS     Idx      W      C      C 
 20260324    03:06:27       0    149     35     42 
 20260324    03:06:27       1    154     38     44 
 20260324    03:06:27       2    155     38     46 
 20260324    03:06:27       3    145     36     42 
 20260324    03:06:57       0    149     35     42 
 20260324    03:06:57       1    154     38     44 
 20260324    03:06:57       2    155     38     45 
 20260324    03:06:57       3    146     36     42 
 20260324    03:07:27       0    140     35     42 
 20260324    03:07:27       1    144     37     44 
 20260324    03:07:27       2    147     37     46 
 20260324    03:07:27       3    136     35     42 
