#Date        Time         gpu    pwr  gtemp  mtemp 
#YYYYMMDD    HH:MM:SS     Idx      W      C      C 
 20260323    15:19:29       0     94     32     40 
 20260323    15:19:29       1     95     34     42 
 20260323    15:19:29       2     97     34     43 
 20260323    15:19:29       3     87     32     41 
 20260323    15:19:59       0    139     34     40 
 20260323    15:19:59       1    142     36     42 
 20260323    15:19:59       2    146     36     44 
 20260323    15:19:59       3    134     34     42 
 20260323    15:20:29       0    139     34     40 
 20260323    15:20:29       1    142     36     42 
 20260323    15:20:29       2    146     36     43 
 20260323    15:20:29       3    134     34     41 
 20260323    15:20:59       0    139     34     40 
 20260323    15:20:59       1    142     36     42 
 20260323    15:20:59       2    145     37     45 
 20260323    15:20:59       3    134     34     41 
 20260323    15:21:29       0    139     34     40 
 20260323    15:21:29       1    142     36     43 
 20260323    15:21:29       2    145     37     45 
 20260323    15:21:29       3    134     34     41 
 20260323    15:21:59       0    139     34     40 
 20260323    15:21:59       1    142     36     43 
 20260323    15:21:59       2    145     37     45 
 20260323    15:21:59       3    134     35     41 
 20260323    15:22:29       0    139     34     40 
 20260323    15:22:29       1    142     36     43 
 20260323    15:22:29       2    145     37     45 
 20260323    15:22:29       3    134     35     42 
 20260323    15:22:59       0    139     34     42 
 20260323    15:22:59       1    142     37     43 
 20260323    15:22:59       2    145     37     45 
 20260323    15:22:59       3    134     35     42 
 20260323    15:23:29       0    139     34     42 
 20260323    15:23:29       1    142     37     43 
 20260323    15:23:29       2    145     37     45 
 20260323    15:23:29       3    134     35     42 
 20260323    15:23:59       0    139     35     42 
 20260323    15:23:59       1    142     37     44 
 20260323    15:23:59       2    145     37     45 
 20260323    15:23:59       3    134     35     42 
 20260323    15:24:29       0    139     35     42 
 20260323    15:24:29       1    142     37     44 
 20260323    15:24:29       2    146     37     45 
 20260323    15:24:29       3    134     35     42 
#Date        Time         gpu    pwr  gtemp  mtemp 
#YYYYMMDD    HH:MM:SS     Idx      W      C      C 
 20260323    15:24:59       0    139     35     42 
 20260323    15:24:59       1    142     37     44 
 20260323    15:24:59       2    146     37     45 
 20260323    15:24:59       3    134     35     42 
 20260323    15:25:29       0    140     35     42 
 20260323    15:25:29       1    142     37     44 
 20260323    15:25:29       2    146     37     46 
 20260323    15:25:29       3    134     35     43 
 20260323    15:25:59       0    140     35     42 
 20260323    15:25:59       1    142     37     44 
 20260323    15:25:59       2    146     37     45 
 20260323    15:25:59       3    134     35     43 
 20260323    15:26:29       0    140     35     42 
 20260323    15:26:29       1    142     37     44 
 20260323    15:26:29       2    146     37     45 
 20260323    15:26:29       3    134     35     43 
 20260323    15:26:59       0    140     35     42 
 20260323    15:26:59       1    142     37     44 
 20260323    15:26:59       2    146     37     46 
 20260323    15:26:59       3    135     35     43 
 20260323    15:27:29       0    140     35     42 
 20260323    15:27:29       1    142     37     44 
 20260323    15:27:29       2    146     37     45 
 20260323    15:27:29       3    134     35     43 
 20260323    15:27:59       0    140     35     42 
 20260323    15:27:59       1    142     37     44 
 20260323    15:27:59       2    146     37     46 
 20260323    15:27:59       3    134     35     43 
 20260323    15:28:29       0    140     35     42 
 20260323    15:28:29       1    142     37     44 
 20260323    15:28:29       2    145     37     45 
 20260323    15:28:29       3    134     35     42 
 20260323    15:28:59       0    140     35     42 
 20260323    15:28:59       1    142     37     44 
 20260323    15:28:59       2    146     37     45 
 20260323    15:28:59       3    134     35     43 
 20260323    15:29:29       0    140     35     42 
 20260323    15:29:29       1    142     37     44 
 20260323    15:29:29       2    146     37     46 
 20260323    15:29:29       3    134     35     43 
 20260323    15:29:59       0    140     35     42 
 20260323    15:29:59       1    142     37     44 
 20260323    15:29:59       2    146     37     45 
 20260323    15:29:59       3    134     35     43 
#Date        Time         gpu    pwr  gtemp  mtemp 
#YYYYMMDD    HH:MM:SS     Idx      W      C      C 
 20260323    15:30:29       0    139     35     42 
 20260323    15:30:29       1    142     37     44 
 20260323    15:30:29       2    145     37     45 
 20260323    15:30:29       3    134     35     42 
 20260323    15:30:59       0    139     35     42 
 20260323    15:30:59       1    142     37     44 
 20260323    15:30:59       2    145     37     45 
 20260323    15:30:59       3    134     35     42 
 20260323    15:31:29       0    139     34     42 
 20260323    15:31:29       1    142     37     44 
 20260323    15:31:29       2    145     37     45 
 20260323    15:31:29       3    134     35     42 
 20260323    15:31:59       0    139     34     42 
 20260323    15:31:59       1    142     37     44 
 20260323    15:31:59       2    145     37     45 
 20260323    15:31:59       3    134     35     42 
 20260323    15:32:29       0    139     34     42 
 20260323    15:32:29       1    142     37     43 
 20260323    15:32:29       2    145     37     45 
 20260323    15:32:29       3    134     35     42 
 20260323    15:32:59       0    139     34     42 
 20260323    15:32:59       1    142     37     43 
 20260323    15:32:59       2    145     37     45 
 20260323    15:32:59       3    134     35     42 
 20260323    15:33:29       0    139     34     40 
 20260323    15:33:29       1    142     36     43 
 20260323    15:33:29       2    145     37     45 
 20260323    15:33:29       3    134     34     42 
 20260323    15:33:59       0    139     34     40 
 20260323    15:33:59       1    142     36     43 
 20260323    15:33:59       2    145     37     45 
 20260323    15:33:59       3    134     34     42 
 20260323    15:34:29       0    139     34     40 
 20260323    15:34:29       1    142     36     43 
 20260323    15:34:29       2    145     37     45 
 20260323    15:34:29       3    134     34     42 
 20260323    15:34:59       0    139     34     40 
 20260323    15:34:59       1    142     36     43 
 20260323    15:34:59       2    145     37     45 
 20260323    15:34:59       3    134     34     42 
 20260323    15:35:29       0    139     34     40 
 20260323    15:35:29       1    142     36     43 
 20260323    15:35:29       2    145     37     45 
 20260323    15:35:29       3    134     34     42 
#Date        Time         gpu    pwr  gtemp  mtemp 
#YYYYMMDD    HH:MM:SS     Idx      W      C      C 
 20260323    15:35:59       0    139     34     40 
 20260323    15:35:59       1    142     36     43 
 20260323    15:35:59       2    145     37     45 
 20260323    15:35:59       3    134     34     42 
 20260323    15:36:29       0    139     34     40 
 20260323    15:36:29       1    142     36     43 
 20260323    15:36:29       2    145     37     45 
 20260323    15:36:29       3    134     34     42 
 20260323    15:36:59       0    139     34     40 
 20260323    15:36:59       1    142     36     43 
 20260323    15:36:59       2    145     37     45 
 20260323    15:36:59       3    134     34     41 
 20260323    15:37:29       0    139     34     40 
 20260323    15:37:29       1    142     36     43 
 20260323    15:37:29       2    145     37     45 
 20260323    15:37:29       3    134     34     41 
 20260323    15:37:59       0    139     34     40 
 20260323    15:37:59       1    142     36     43 
 20260323    15:37:59       2    145     37     45 
 20260323    15:37:59       3    134     34     41 
 20260323    15:38:29       0    139     34     40 
 20260323    15:38:29       1    142     36     43 
 20260323    15:38:29       2    145     37     45 
 20260323    15:38:29       3    134     34     41 
 20260323    15:38:59       0    139     34     42 
 20260323    15:38:59       1    142     36     43 
 20260323    15:38:59       2    145     37     43 
 20260323    15:38:59       3    134     34     41 
 20260323    15:39:29       0    139     34     40 
 20260323    15:39:29       1    142     36     43 
 20260323    15:39:29       2    145     37     45 
 20260323    15:39:29       3    134     34     42 
 20260323    15:39:59       0    139     34     40 
 20260323    15:39:59       1    142     36     43 
 20260323    15:39:59       2    145     37     45 
 20260323    15:39:59       3    134     34     42 
 20260323    15:40:29       0    139     34     40 
 20260323    15:40:29       1    142     36     43 
 20260323    15:40:29       2    145     37     45 
 20260323    15:40:29       3    134     34     41 
 20260323    15:40:59       0    139     34     40 
 20260323    15:40:59       1    142     36     42 
 20260323    15:40:59       2    145     36     45 
 20260323    15:40:59       3    134     34     42 
#Date        Time         gpu    pwr  gtemp  mtemp 
#YYYYMMDD    HH:MM:SS     Idx      W      C      C 
 20260323    15:41:29       0    139     34     40 
 20260323    15:41:29       1    142     36     43 
 20260323    15:41:29       2    145     36     45 
 20260323    15:41:29       3    134     34     41 
 20260323    15:41:59       0    139     34     40 
 20260323    15:41:59       1    142     36     42 
 20260323    15:41:59       2    145     36     45 
 20260323    15:41:59       3    134     34     41 
 20260323    15:42:29       0    139     34     40 
 20260323    15:42:29       1    141     36     42 
 20260323    15:42:29       2    145     36     45 
 20260323    15:42:29       3    134     34     41 
 20260323    15:42:59       0    139     34     40 
 20260323    15:42:59       1    142     36     42 
 20260323    15:42:59       2    145     36     45 
 20260323    15:42:59       3    134     34     42 
 20260323    15:43:29       0    139     34     40 
 20260323    15:43:29       1    142     36     42 
 20260323    15:43:29       2    145     36     44 
 20260323    15:43:29       3    134     34     41 
 20260323    15:43:59       0    139     34     40 
 20260323    15:43:59       1    142     36     42 
 20260323    15:43:59       2    145     36     45 
 20260323    15:43:59       3    134     34     42 
 20260323    15:44:29       0    139     34     40 
 20260323    15:44:29       1    142     36     42 
 20260323    15:44:29       2    145     36     45 
 20260323    15:44:29       3    134     34     41 
 20260323    15:44:59       0    139     34     40 
 20260323    15:44:59       1    142     36     42 
 20260323    15:44:59       2    145     36     45 
 20260323    15:44:59       3    134     34     41 
 20260323    15:45:29       0    139     34     40 
 20260323    15:45:29       1    142     36     42 
 20260323    15:45:29       2    145     36     45 
 20260323    15:45:29       3    134     34     41 
 20260323    15:45:59       0    139     34     40 
 20260323    15:45:59       1    142     36     42 
 20260323    15:45:59       2    145     36     45 
 20260323    15:45:59       3    134     34     41 
 20260323    15:46:29       0    139     34     40 
 20260323    15:46:29       1    142     36     42 
 20260323    15:46:29       2    145     37     45 
 20260323    15:46:29       3    134     34     41 
#Date        Time         gpu    pwr  gtemp  mtemp 
#YYYYMMDD    HH:MM:SS     Idx      W      C      C 
 20260323    15:46:59       0    139     34     40 
 20260323    15:46:59       1    142     36     43 
 20260323    15:46:59       2    145     37     44 
 20260323    15:46:59       3    134     34     42 
 20260323    15:47:29       0    139     34     40 
 20260323    15:47:29       1    142     36     42 
 20260323    15:47:29       2    145     37     45 
 20260323    15:47:29       3    134     34     42 
 20260323    15:47:59       0    139     34     41 
 20260323    15:47:59       1    142     36     42 
 20260323    15:47:59       2    145     37     45 
 20260323    15:47:59       3    134     34     41 
 20260323    15:48:29       0    139     34     41 
 20260323    15:48:29       1    142     36     43 
 20260323    15:48:29       2    145     37     45 
 20260323    15:48:29       3    134     34     42 
 20260323    15:48:59       0    139     34     40 
 20260323    15:48:59       1    142     36     43 
 20260323    15:48:59       2    145     37     45 
 20260323    15:48:59       3    134     34     42 
 20260323    15:49:29       0    139     34     40 
 20260323    15:49:29       1    142     36     43 
 20260323    15:49:29       2    145     37     45 
 20260323    15:49:29       3    134     34     42 
 20260323    15:49:59       0    139     34     40 
 20260323    15:49:59       1    142     36     43 
 20260323    15:49:59       2    145     37     45 
 20260323    15:49:59       3    134     34     41 
 20260323    15:50:29       0    139     34     40 
 20260323    15:50:29       1    142     36     43 
 20260323    15:50:29       2    145     36     44 
 20260323    15:50:29       3    134     34     42 
 20260323    15:50:59       0    139     34     40 
 20260323    15:50:59       1    142     36     42 
 20260323    15:50:59       2    145     36     45 
 20260323    15:50:59       3    134     34     41 
 20260323    15:51:29       0    139     34     40 
 20260323    15:51:29       1    142     36     42 
 20260323    15:51:29       2    145     36     45 
 20260323    15:51:29       3    134     34     42 
 20260323    15:51:59       0    139     34     40 
 20260323    15:51:59       1    142     36     42 
 20260323    15:51:59       2    145     37     45 
 20260323    15:51:59       3    134     34     42 
#Date        Time         gpu    pwr  gtemp  mtemp 
#YYYYMMDD    HH:MM:SS     Idx      W      C      C 
 20260323    15:52:29       0    139     34     40 
 20260323    15:52:29       1    142     36     43 
 20260323    15:52:29       2    145     37     45 
 20260323    15:52:29       3    134     34     41 
 20260323    15:52:59       0    139     34     40 
 20260323    15:52:59       1    142     36     43 
 20260323    15:52:59       2    145     37     45 
 20260323    15:52:59       3    134     34     42 
 20260323    15:53:29       0    139     34     40 
 20260323    15:53:29       1    142     36     43 
 20260323    15:53:29       2    145     37     45 
 20260323    15:53:29       3    134     34     42 
 20260323    15:53:59       0    139     34     40 
 20260323    15:53:59       1    142     36     42 
 20260323    15:53:59       2    145     37     44 
 20260323    15:53:59       3    134     34     41 
 20260323    15:54:29       0    139     34     40 
 20260323    15:54:29       1    142     36     42 
 20260323    15:54:29       2    145     37     45 
 20260323    15:54:29       3    134     34     41 
 20260323    15:54:59       0    139     34     40 
 20260323    15:54:59       1    142     36     42 
 20260323    15:54:59       2    145     36     45 
 20260323    15:54:59       3    134     34     42 
 20260323    15:55:29       0    139     34     40 
 20260323    15:55:29       1    141     36     42 
 20260323    15:55:29       2    145     37     45 
 20260323    15:55:29       3    134     34     42 
 20260323    15:55:59       0    139     34     40 
 20260323    15:55:59       1    142     36     43 
 20260323    15:55:59       2    145     37     45 
 20260323    15:55:59       3    134     34     41 
 20260323    15:56:29       0    139     34     40 
 20260323    15:56:29       1    142     36     42 
 20260323    15:56:29       2    145     36     45 
 20260323    15:56:29       3    134     34     42 
 20260323    15:56:59       0    139     34     40 
 20260323    15:56:59       1    142     36     42 
 20260323    15:56:59       2    145     36     45 
 20260323    15:56:59       3    134     34     41 
 20260323    15:57:29       0    139     34     40 
 20260323    15:57:29       1    142     36     42 
 20260323    15:57:29       2    145     36     45 
 20260323    15:57:29       3    134     34     41 
#Date        Time         gpu    pwr  gtemp  mtemp 
#YYYYMMDD    HH:MM:SS     Idx      W      C      C 
 20260323    15:57:59       0    139     34     40 
 20260323    15:57:59       1    142     36     42 
 20260323    15:57:59       2    145     36     45 
 20260323    15:57:59       3    134     34     42 
 20260323    15:58:29       0    139     34     40 
 20260323    15:58:29       1    142     36     42 
 20260323    15:58:29       2    145     36     45 
 20260323    15:58:29       3    134     34     41 
 20260323    15:58:59       0    139     34     40 
 20260323    15:58:59       1    142     36     42 
 20260323    15:58:59       2    145     36     45 
 20260323    15:58:59       3    134     34     41 
 20260323    15:59:29       0    139     34     40 
 20260323    15:59:29       1    142     36     42 
 20260323    15:59:29       2    145     36     45 
 20260323    15:59:29       3    134     34     41 
 20260323    15:59:59       0    139     34     40 
 20260323    15:59:59       1    142     36     42 
 20260323    15:59:59       2    145     36     45 
 20260323    15:59:59       3    134     34     41 
 20260323    16:00:29       0    139     34     40 
 20260323    16:00:29       1    142     36     42 
 20260323    16:00:29       2    145     36     43 
 20260323    16:00:29       3    134     34     42 
 20260323    16:00:59       0    139     34     40 
 20260323    16:00:59       1    142     36     42 
 20260323    16:00:59       2    145     36     45 
 20260323    16:00:59       3    134     34     41 
 20260323    16:01:29       0    139     34     40 
 20260323    16:01:29       1    142     36     42 
 20260323    16:01:29       2    145     37     45 
 20260323    16:01:29       3    134     34     42 
 20260323    16:01:59       0    139     34     40 
 20260323    16:01:59       1    142     36     43 
 20260323    16:01:59       2    145     37     45 
 20260323    16:01:59       3    134     34     41 
 20260323    16:02:29       0    139     34     40 
 20260323    16:02:29       1    142     36     43 
 20260323    16:02:29       2    145     36     44 
 20260323    16:02:29       3    134     34     41 
 20260323    16:02:59       0    139     34     40 
 20260323    16:02:59       1    142     36     42 
 20260323    16:02:59       2    145     36     45 
 20260323    16:02:59       3    134     34     42 
#Date        Time         gpu    pwr  gtemp  mtemp 
#YYYYMMDD    HH:MM:SS     Idx      W      C      C 
 20260323    16:03:29       0    139     34     40 
 20260323    16:03:29       1    142     36     43 
 20260323    16:03:29       2    145     36     45 
 20260323    16:03:29       3    134     34     41 
 20260323    16:03:59       0    139     34     40 
 20260323    16:03:59       1    142     36     42 
 20260323    16:03:59       2    145     36     45 
 20260323    16:03:59       3    134     34     41 
 20260323    16:04:29       0    139     34     40 
 20260323    16:04:29       1    142     36     42 
 20260323    16:04:29       2    145     37     45 
 20260323    16:04:29       3    134     34     41 
 20260323    16:04:59       0    139     34     40 
 20260323    16:04:59       1    142     36     42 
 20260323    16:04:59       2    145     37     45 
 20260323    16:04:59       3    134     34     42 
 20260323    16:05:29       0    139     34     40 
 20260323    16:05:29       1    142     36     43 
 20260323    16:05:29       2    145     36     45 
 20260323    16:05:29       3    134     34     41 
 20260323    16:05:59       0    139     34     40 
 20260323    16:05:59       1    142     36     42 
 20260323    16:05:59       2    145     36     45 
 20260323    16:05:59       3    134     34     41 
 20260323    16:06:29       0    139     34     40 
 20260323    16:06:29       1    142     36     42 
 20260323    16:06:29       2    145     36     45 
 20260323    16:06:29       3    134     34     41 
 20260323    16:06:59       0    139     34     40 
 20260323    16:06:59       1    142     36     42 
 20260323    16:06:59       2    145     36     45 
 20260323    16:06:59       3    134     34     42 
 20260323    16:07:29       0    139     34     40 
 20260323    16:07:29       1    142     36     42 
 20260323    16:07:29       2    145     37     45 
 20260323    16:07:29       3    134     34     42 
 20260323    16:07:59       0    139     34     40 
 20260323    16:07:59       1    142     36     43 
 20260323    16:07:59       2    145     37     45 
 20260323    16:07:59       3    134     34     41 
 20260323    16:08:29       0    139     34     40 
 20260323    16:08:29       1    142     36     42 
 20260323    16:08:29       2    145     36     45 
 20260323    16:08:29       3    134     34     41 
#Date        Time         gpu    pwr  gtemp  mtemp 
#YYYYMMDD    HH:MM:SS     Idx      W      C      C 
 20260323    16:08:59       0    139     34     40 
 20260323    16:08:59       1    142     36     43 
 20260323    16:08:59       2    145     36     45 
 20260323    16:08:59       3    134     34     41 
 20260323    16:09:29       0    139     34     41 
 20260323    16:09:29       1    142     36     42 
 20260323    16:09:29       2    145     37     45 
 20260323    16:09:29       3    134     34     42 
 20260323    16:09:59       0    139     34     40 
 20260323    16:09:59       1    142     36     42 
 20260323    16:09:59       2    145     37     45 
 20260323    16:09:59       3    134     34     41 
 20260323    16:10:29       0    139     34     40 
 20260323    16:10:29       1    142     36     42 
 20260323    16:10:29       2    145     37     45 
 20260323    16:10:29       3    134     34     42 
 20260323    16:10:59       0    139     34     40 
 20260323    16:10:59       1    142     36     42 
 20260323    16:10:59       2    145     36     45 
 20260323    16:10:59       3    134     34     41 
 20260323    16:11:29       0    139     34     40 
 20260323    16:11:29       1    142     36     42 
 20260323    16:11:29       2    145     37     45 
 20260323    16:11:29       3    134     34     42 
 20260323    16:11:59       0    139     34     40 
 20260323    16:11:59       1    142     36     42 
 20260323    16:11:59       2    145     37     45 
 20260323    16:11:59       3    134     34     41 
 20260323    16:12:29       0    139     34     40 
 20260323    16:12:29       1    142     36     42 
 20260323    16:12:29       2    145     37     45 
 20260323    16:12:29       3    134     34     41 
 20260323    16:12:59       0    139     34     40 
 20260323    16:12:59       1    142     36     43 
 20260323    16:12:59       2    145     36     45 
 20260323    16:12:59       3    134     34     41 
 20260323    16:13:29       0    139     34     40 
 20260323    16:13:29       1    142     36     43 
 20260323    16:13:29       2    145     37     45 
 20260323    16:13:29       3    134     34     41 
 20260323    16:13:59       0    139     34     40 
 20260323    16:13:59       1    142     36     43 
 20260323    16:13:59       2    145     37     45 
 20260323    16:13:59       3    134     34     41 
#Date        Time         gpu    pwr  gtemp  mtemp 
#YYYYMMDD    HH:MM:SS     Idx      W      C      C 
 20260323    16:14:29       0    139     34     40 
 20260323    16:14:29       1    142     36     42 
 20260323    16:14:29       2    145     37     45 
 20260323    16:14:29       3    134     34     41 
 20260323    16:14:59       0    139     34     40 
 20260323    16:14:59       1    142     36     42 
 20260323    16:14:59       2    145     37     45 
 20260323    16:14:59       3    134     34     42 
 20260323    16:15:29       0    139     34     40 
 20260323    16:15:29       1    142     36     42 
 20260323    16:15:29       2    145     36     45 
 20260323    16:15:29       3    134     34     42 
 20260323    16:15:59       0    139     34     40 
 20260323    16:15:59       1    142     36     42 
 20260323    16:15:59       2    145     36     45 
 20260323    16:15:59       3    134     34     42 
 20260323    16:16:29       0    139     34     40 
 20260323    16:16:29       1    142     36     42 
 20260323    16:16:29       2    145     36     45 
 20260323    16:16:29       3    134     34     42 
 20260323    16:16:59       0    139     34     40 
 20260323    16:16:59       1    142     36     42 
 20260323    16:16:59       2    145     36     45 
 20260323    16:16:59       3    134     34     41 
 20260323    16:17:29       0    139     34     40 
 20260323    16:17:29       1    142     36     42 
 20260323    16:17:29       2    145     36     45 
 20260323    16:17:29       3    134     34     41 
 20260323    16:17:59       0    139     34     41 
 20260323    16:17:59       1    142     36     43 
 20260323    16:17:59       2    145     36     45 
 20260323    16:17:59       3    134     34     42 
 20260323    16:18:29       0    139     34     40 
 20260323    16:18:29       1    142     36     42 
 20260323    16:18:29       2    145     36     45 
 20260323    16:18:29       3    134     34     41 
 20260323    16:18:59       0    139     34     40 
 20260323    16:18:59       1    142     36     43 
 20260323    16:18:59       2    145     36     45 
 20260323    16:18:59       3    134     34     41 
 20260323    16:19:29       0    139     34     40 
 20260323    16:19:29       1    142     36     42 
 20260323    16:19:29       2    145     36     45 
 20260323    16:19:29       3    134     34     41 
#Date        Time         gpu    pwr  gtemp  mtemp 
#YYYYMMDD    HH:MM:SS     Idx      W      C      C 
 20260323    16:19:59       0    139     34     40 
 20260323    16:19:59       1    142     36     42 
 20260323    16:19:59       2    145     36     44 
 20260323    16:19:59       3    134     34     41 
 20260323    16:20:29       0    139     34     40 
 20260323    16:20:29       1    142     36     42 
 20260323    16:20:29       2    145     36     44 
 20260323    16:20:29       3    134     34     41 
 20260323    16:20:59       0    139     34     40 
 20260323    16:20:59       1    142     36     42 
 20260323    16:20:59       2    145     36     44 
 20260323    16:20:59       3    134     34     41 
 20260323    16:21:29       0    139     34     40 
 20260323    16:21:29       1    142     36     42 
 20260323    16:21:29       2    145     36     45 
 20260323    16:21:29       3    134     34     42 
 20260323    16:21:59       0    139     34     40 
 20260323    16:21:59       1    142     36     42 
 20260323    16:21:59       2    145     36     43 
 20260323    16:21:59       3    134     34     41 
 20260323    16:22:29       0    140     34     40 
 20260323    16:22:29       1    144     36     43 
 20260323    16:22:29       2    146     36     45 
 20260323    16:22:29       3    135     34     42 
 20260323    16:22:59       0    140     34     40 
 20260323    16:22:59       1    142     36     42 
 20260323    16:22:59       2    146     36     45 
 20260323    16:22:59       3    134     34     42 
 20260323    16:23:29       0    140     34     40 
 20260323    16:23:29       1    142     36     42 
 20260323    16:23:29       2    146     36     45 
 20260323    16:23:29       3    134     34     41 
 20260323    16:23:59       0    140     34     40 
 20260323    16:23:59       1    142     36     42 
 20260323    16:23:59       2    146     36     45 
 20260323    16:23:59       3    134     34     41 
 20260323    16:24:29       0    140     34     40 
 20260323    16:24:29       1    142     36     42 
 20260323    16:24:29       2    146     36     43 
 20260323    16:24:29       3    134     34     41 
 20260323    16:24:59       0    141     34     40 
 20260323    16:24:59       1    144     37     42 
 20260323    16:24:59       2    147     37     45 
 20260323    16:24:59       3    136     35     41 
#Date        Time         gpu    pwr  gtemp  mtemp 
#YYYYMMDD    HH:MM:SS     Idx      W      C      C 
 20260323    16:25:29       0    139     34     40 
 20260323    16:25:29       1    142     36     42 
 20260323    16:25:29       2    145     36     44 
 20260323    16:25:29       3    134     34     41 
 20260323    16:25:59       0    149     35     42 
 20260323    16:25:59       1    151     37     43 
 20260323    16:25:59       2    155     37     45 
 20260323    16:25:59       3    144     35     42 
 20260323    16:26:29       0    141     34     40 
 20260323    16:26:29       1    143     36     42 
 20260323    16:26:29       2    147     37     45 
 20260323    16:26:29       3    135     34     41 
 20260323    16:26:59       0    141     34     40 
 20260323    16:26:59       1    143     36     42 
 20260323    16:26:59       2    146     37     45 
 20260323    16:26:59       3    135     34     42 
 20260323    16:27:29       0    141     34     40 
 20260323    16:27:29       1    143     36     43 
 20260323    16:27:29       2    146     37     44 
 20260323    16:27:29       3    135     34     42 
 20260323    16:27:59       0    141     34     41 
 20260323    16:27:59       1    143     36     43 
 20260323    16:27:59       2    146     37     45 
 20260323    16:27:59       3    135     34     42 
 20260323    16:28:29       0    141     34     40 
 20260323    16:28:29       1    143     36     42 
 20260323    16:28:29       2    146     37     45 
 20260323    16:28:29       3    135     34     42 
 20260323    16:28:59       0    140     34     42 
 20260323    16:28:59       1    143     37     44 
 20260323    16:28:59       2    146     37     45 
 20260323    16:28:59       3    134     35     42 
 20260323    16:29:29       0    141     34     42 
 20260323    16:29:29       1    143     37     43 
 20260323    16:29:29       2    147     37     45 
 20260323    16:29:29       3    135     35     42 
 20260323    16:29:59       0    141     34     41 
 20260323    16:29:59       1    143     37     43 
 20260323    16:29:59       2    147     37     45 
 20260323    16:29:59       3    136     35     42 
 20260323    16:30:29       0    141     34     42 
 20260323    16:30:29       1    143     37     43 
 20260323    16:30:29       2    146     37     45 
 20260323    16:30:29       3    135     35     42 
#Date        Time         gpu    pwr  gtemp  mtemp 
#YYYYMMDD    HH:MM:SS     Idx      W      C      C 
 20260323    16:30:59       0    141     34     42 
 20260323    16:30:59       1    143     37     44 
 20260323    16:30:59       2    147     37     45 
 20260323    16:30:59       3    136     35     42 
 20260323    16:31:29       0    141     34     42 
 20260323    16:31:29       1    143     37     43 
 20260323    16:31:29       2    147     37     45 
 20260323    16:31:29       3    135     35     42 
 20260323    16:31:59       0    140     34     42 
 20260323    16:31:59       1    145     37     43 
 20260323    16:31:59       2    149     37     45 
 20260323    16:31:59       3    136     35     42 
 20260323    16:32:29       0    141     34     42 
 20260323    16:32:29       1    145     37     43 
 20260323    16:32:29       2    148     37     45 
 20260323    16:32:29       3    135     35     42 
 20260323    16:32:59       0    140     34     42 
 20260323    16:32:59       1    145     37     43 
 20260323    16:32:59       2    148     37     45 
 20260323    16:32:59       3    135     35     42 
 20260323    16:33:29       0    140     34     42 
 20260323    16:33:29       1    145     37     43 
 20260323    16:33:29       2    147     37     45 
 20260323    16:33:29       3    135     35     42 
 20260323    16:33:59       0    140     34     41 
 20260323    16:33:59       1    143     37     43 
 20260323    16:33:59       2    147     37     45 
 20260323    16:33:59       3    135     35     42 
 20260323    16:34:29       0    148     35     42 
 20260323    16:34:29       1    151     38     44 
 20260323    16:34:29       2    154     37     45 
 20260323    16:34:29       3    143     36     42 
 20260323    16:34:59       0    141     34     42 
 20260323    16:34:59       1    143     37     43 
 20260323    16:34:59       2    148     37     45 
 20260323    16:34:59       3    136     35     42 
 20260323    16:35:29       0    141     34     42 
 20260323    16:35:29       1    143     37     43 
 20260323    16:35:29       2    147     37     45 
 20260323    16:35:29       3    135     35     42 
 20260323    16:35:59       0    141     34     41 
 20260323    16:35:59       1    143     37     43 
 20260323    16:35:59       2    147     37     45 
 20260323    16:35:59       3    135     35     42 
#Date        Time         gpu    pwr  gtemp  mtemp 
#YYYYMMDD    HH:MM:SS     Idx      W      C      C 
 20260323    16:36:29       0    141     34     41 
 20260323    16:36:29       1    143     37     43 
 20260323    16:36:29       2    147     37     45 
 20260323    16:36:29       3    135     35     42 
 20260323    16:36:59       0    141     34     42 
 20260323    16:36:59       1    143     37     43 
 20260323    16:36:59       2    147     37     45 
 20260323    16:36:59       3    135     35     42 
 20260323    16:37:29       0    142     34     42 
 20260323    16:37:29       1    145     37     44 
 20260323    16:37:29       2    146     37     45 
 20260323    16:37:29       3    137     35     42 
 20260323    16:37:59       0    141     34     42 
 20260323    16:37:59       1    143     37     43 
 20260323    16:37:59       2    145     37     45 
 20260323    16:37:59       3    136     35     42 
 20260323    16:38:29       0    141     34     41 
 20260323    16:38:29       1    143     37     43 
 20260323    16:38:29       2    145     37     45 
 20260323    16:38:29       3    136     35     42 
 20260323    16:38:59       0    141     34     42 
 20260323    16:38:59       1    143     37     43 
 20260323    16:38:59       2    145     37     45 
 20260323    16:38:59       3    136     35     42 
 20260323    16:39:29       0    141     34     42 
 20260323    16:39:29       1    143     37     43 
 20260323    16:39:29       2    145     37     45 
 20260323    16:39:29       3    136     35     42 
 20260323    16:39:59       0    140     35     42 
 20260323    16:39:59       1    144     37     44 
 20260323    16:39:59       2    147     37     46 
 20260323    16:39:59       3    135     35     43 
 20260323    16:40:29       0    140     34     41 
 20260323    16:40:29       1    145     37     43 
 20260323    16:40:29       2    146     37     45 
 20260323    16:40:29       3    136     35     42 
 20260323    16:40:59       0    140     34     40 
 20260323    16:40:59       1    145     37     44 
 20260323    16:40:59       2    146     37     45 
 20260323    16:40:59       3    136     35     42 
 20260323    16:41:29       0    140     34     40 
 20260323    16:41:29       1    143     37     44 
 20260323    16:41:29       2    146     37     45 
 20260323    16:41:29       3    136     35     42 
#Date        Time         gpu    pwr  gtemp  mtemp 
#YYYYMMDD    HH:MM:SS     Idx      W      C      C 
 20260323    16:41:59       0    140     34     42 
 20260323    16:41:59       1    143     37     43 
 20260323    16:41:59       2    146     37     45 
 20260323    16:41:59       3    136     35     42 
 20260323    16:42:29       0    140     34     42 
 20260323    16:42:29       1    143     37     43 
 20260323    16:42:29       2    146     37     45 
 20260323    16:42:29       3    136     35     42 
 20260323    16:42:59       0    147     35     42 
 20260323    16:42:59       1    150     37     43 
 20260323    16:42:59       2    154     37     45 
 20260323    16:42:59       3    141     35     42 
 20260323    16:43:29       0    141     34     41 
 20260323    16:43:29       1    143     37     43 
 20260323    16:43:29       2    146     37     45 
 20260323    16:43:29       3    135     35     42 
 20260323    16:43:59       0    141     34     42 
 20260323    16:43:59       1    143     37     43 
 20260323    16:43:59       2    146     37     45 
 20260323    16:43:59       3    135     35     42 
 20260323    16:44:29       0    141     34     40 
 20260323    16:44:29       1    143     37     43 
 20260323    16:44:29       2    146     37     45 
 20260323    16:44:29       3    136     35     42 
 20260323    16:44:59       0    141     34     40 
 20260323    16:44:59       1    143     36     43 
 20260323    16:44:59       2    146     37     45 
 20260323    16:44:59       3    135     34     42 
 20260323    16:45:29       0    141     34     41 
 20260323    16:45:29       1    143     37     43 
 20260323    16:45:29       2    146     37     45 
 20260323    16:45:29       3    135     35     42 
 20260323    16:45:59       0    140     34     40 
 20260323    16:45:59       1    144     37     44 
 20260323    16:45:59       2    146     37     45 
 20260323    16:45:59       3    136     35     42 
 20260323    16:46:29       0    140     34     41 
 20260323    16:46:29       1    143     37     43 
 20260323    16:46:29       2    146     37     45 
 20260323    16:46:29       3    136     35     42 
 20260323    16:46:59       0    140     34     42 
 20260323    16:46:59       1    144     37     43 
 20260323    16:46:59       2    146     37     45 
 20260323    16:46:59       3    136     35     42 
#Date        Time         gpu    pwr  gtemp  mtemp 
#YYYYMMDD    HH:MM:SS     Idx      W      C      C 
 20260323    16:47:29       0    140     34     41 
 20260323    16:47:29       1    143     37     43 
 20260323    16:47:29       2    146     37     45 
 20260323    16:47:29       3    136     35     42 
 20260323    16:47:59       0    140     34     41 
 20260323    16:47:59       1    143     37     43 
 20260323    16:47:59       2    146     37     45 
 20260323    16:47:59       3    136     35     42 
 20260323    16:48:29       0    139     34     42 
 20260323    16:48:29       1    144     37     43 
 20260323    16:48:29       2    146     37     45 
 20260323    16:48:29       3    136     35     42 
 20260323    16:48:59       0    141     34     42 
 20260323    16:48:59       1    144     37     44 
 20260323    16:48:59       2    146     37     45 
 20260323    16:48:59       3    135     35     42 
 20260323    16:49:29       0    141     34     42 
 20260323    16:49:29       1    144     37     43 
 20260323    16:49:29       2    145     37     45 
 20260323    16:49:29       3    136     35     42 
 20260323    16:49:59       0    141     34     42 
 20260323    16:49:59       1    144     37     44 
 20260323    16:49:59       2    145     37     45 
 20260323    16:49:59       3    136     35     42 
 20260323    16:50:29       0    141     34     42 
 20260323    16:50:29       1    144     37     43 
 20260323    16:50:29       2    146     37     45 
 20260323    16:50:29       3    136     35     42 
 20260323    16:50:59       0    141     35     42 
 20260323    16:50:59       1    144     37     44 
 20260323    16:50:59       2    145     37     45 
 20260323    16:50:59       3    136     35     42 
 20260323    16:51:29       0    141     35     42 
 20260323    16:51:29       1    144     37     44 
 20260323    16:51:29       2    146     37     45 
 20260323    16:51:29       3    137     35     42 
 20260323    16:51:59       0    141     35     42 
 20260323    16:51:59       1    144     37     44 
 20260323    16:51:59       2    146     37     45 
 20260323    16:51:59       3    136     35     42 
 20260323    16:52:29       0    141     35     42 
 20260323    16:52:29       1    144     37     44 
 20260323    16:52:29       2    145     37     45 
 20260323    16:52:29       3    136     35     42 
#Date        Time         gpu    pwr  gtemp  mtemp 
#YYYYMMDD    HH:MM:SS     Idx      W      C      C 
 20260323    16:52:59       0    141     35     42 
 20260323    16:52:59       1    143     37     44 
 20260323    16:52:59       2    146     37     45 
 20260323    16:52:59       3    136     35     42 
 20260323    16:53:29       0    141     35     42 
 20260323    16:53:29       1    143     37     43 
 20260323    16:53:29       2    145     37     45 
 20260323    16:53:29       3    136     35     42 
 20260323    16:53:59       0    139     35     42 
 20260323    16:53:59       1    143     37     44 
 20260323    16:53:59       2    146     37     45 
 20260323    16:53:59       3    134     35     42 
 20260323    16:54:29       0    141     35     42 
 20260323    16:54:29       1    144     37     43 
 20260323    16:54:29       2    146     37     45 
 20260323    16:54:29       3    136     35     42 
 20260323    16:54:59       0    141     35     42 
 20260323    16:54:59       1    144     37     44 
 20260323    16:54:59       2    146     37     45 
 20260323    16:54:59       3    136     35     42 
 20260323    16:55:29       0    141     35     42 
 20260323    16:55:29       1    144     37     43 
 20260323    16:55:29       2    146     37     45 
 20260323    16:55:29       3    136     35     42 
 20260323    16:55:59       0    141     35     42 
 20260323    16:55:59       1    144     37     44 
 20260323    16:55:59       2    146     37     45 
 20260323    16:55:59       3    136     35     42 
 20260323    16:56:29       0    141     35     42 
 20260323    16:56:29       1    144     37     44 
 20260323    16:56:29       2    146     37     45 
 20260323    16:56:29       3    136     35     42 
 20260323    16:56:59       0    141     35     42 
 20260323    16:56:59       1    144     37     44 
 20260323    16:56:59       2    147     37     45 
 20260323    16:56:59       3    137     35     42 
 20260323    16:57:29       0    141     35     42 
 20260323    16:57:29       1    143     37     44 
 20260323    16:57:29       2    147     37     45 
 20260323    16:57:29       3    136     35     42 
 20260323    16:57:59       0    141     34     42 
 20260323    16:57:59       1    143     37     43 
 20260323    16:57:59       2    147     37     45 
 20260323    16:57:59       3    137     35     42 
#Date        Time         gpu    pwr  gtemp  mtemp 
#YYYYMMDD    HH:MM:SS     Idx      W      C      C 
 20260323    16:58:29       0    141     34     42 
 20260323    16:58:29       1    143     37     43 
 20260323    16:58:29       2    147     37     45 
 20260323    16:58:29       3    136     35     42 
 20260323    16:58:59       0    141     34     42 
 20260323    16:58:59       1    143     37     43 
 20260323    16:58:59       2    147     37     45 
 20260323    16:58:59       3    136     35     42 
 20260323    16:59:29       0    142     34     42 
 20260323    16:59:29       1    143     37     43 
 20260323    16:59:29       2    146     37     45 
 20260323    16:59:29       3    136     35     42 
 20260323    16:59:59       0    140     34     42 
 20260323    16:59:59       1    144     37     44 
 20260323    16:59:59       2    147     37     45 
 20260323    16:59:59       3    136     35     42 
 20260323    17:00:29       0    140     34     42 
 20260323    17:00:29       1    144     37     43 
 20260323    17:00:29       2    147     37     45 
 20260323    17:00:29       3    136     35     42 
 20260323    17:00:59       0    140     34     40 
 20260323    17:00:59       1    143     37     43 
 20260323    17:00:59       2    147     37     45 
 20260323    17:00:59       3    135     34     42 
 20260323    17:01:29       0    140     34     40 
 20260323    17:01:29       1    143     37     43 
 20260323    17:01:29       2    146     37     45 
 20260323    17:01:29       3    135     34     42 
 20260323    17:01:59       0    140     34     41 
 20260323    17:01:59       1    144     37     43 
 20260323    17:01:59       2    147     37     45 
 20260323    17:01:59       3    135     34     42 
 20260323    17:02:29       0    141     34     42 
 20260323    17:02:29       1    145     37     44 
 20260323    17:02:29       2    147     37     45 
 20260323    17:02:29       3    137     35     42 
 20260323    17:02:59       0    141     34     40 
 20260323    17:02:59       1    144     37     43 
 20260323    17:02:59       2    147     37     45 
 20260323    17:02:59       3    136     35     42 
 20260323    17:03:29       0    141     34     41 
 20260323    17:03:29       1    144     37     43 
 20260323    17:03:29       2    147     37     45 
 20260323    17:03:29       3    136     35     42 
#Date        Time         gpu    pwr  gtemp  mtemp 
#YYYYMMDD    HH:MM:SS     Idx      W      C      C 
 20260323    17:03:59       0    141     34     41 
 20260323    17:03:59       1    143     36     43 
 20260323    17:03:59       2    146     37     45 
 20260323    17:03:59       3    135     34     42 
 20260323    17:04:29       0    141     34     41 
 20260323    17:04:29       1    143     36     43 
 20260323    17:04:29       2    146     37     45 
 20260323    17:04:29       3    135     34     42 
 20260323    17:04:59       0    141     35     42 
 20260323    17:04:59       1    145     37     43 
 20260323    17:04:59       2    147     37     45 
 20260323    17:04:59       3    137     35     42 
 20260323    17:05:29       0    139     34     42 
 20260323    17:05:29       1    144     37     43 
 20260323    17:05:29       2    146     37     45 
 20260323    17:05:29       3    136     35     42 
 20260323    17:05:59       0    139     34     42 
 20260323    17:05:59       1    143     37     43 
 20260323    17:05:59       2    147     37     45 
 20260323    17:05:59       3    136     35     42 
 20260323    17:06:29       0    139     34     40 
 20260323    17:06:29       1    143     37     43 
 20260323    17:06:29       2    147     37     45 
 20260323    17:06:29       3    136     35     42 
 20260323    17:06:59       0    139     34     40 
 20260323    17:06:59       1    143     37     43 
 20260323    17:06:59       2    147     37     45 
 20260323    17:06:59       3    136     35     42 
 20260323    17:07:29       0    139     34     42 
 20260323    17:07:29       1    143     37     43 
 20260323    17:07:29       2    147     37     45 
 20260323    17:07:29       3    135     35     42 
 20260323    17:08:00       0    143     35     42 
 20260323    17:08:00       1    147     37     44 
 20260323    17:08:00       2    150     37     45 
 20260323    17:08:00       3    138     35     42 
 20260323    17:08:30       0    141     34     41 
 20260323    17:08:30       1    144     37     44 
 20260323    17:08:30       2    147     37     45 
 20260323    17:08:30       3    136     35     42 
 20260323    17:09:00       0    140     34     42 
 20260323    17:09:00       1    143     37     43 
 20260323    17:09:00       2    146     37     45 
 20260323    17:09:00       3    135     35     42 
#Date        Time         gpu    pwr  gtemp  mtemp 
#YYYYMMDD    HH:MM:SS     Idx      W      C      C 
 20260323    17:09:30       0    140     34     42 
 20260323    17:09:30       1    144     37     43 
 20260323    17:09:30       2    147     37     45 
 20260323    17:09:30       3    135     35     42 
 20260323    17:10:00       0    141     34     42 
 20260323    17:10:00       1    143     37     43 
 20260323    17:10:00       2    147     37     45 
 20260323    17:10:00       3    136     35     42 
 20260323    17:10:30       0    162     35     42 
 20260323    17:10:30       1    166     38     44 
 20260323    17:10:30       2    167     38     45 
 20260323    17:10:30       3    156     35     42 
 20260323    17:11:00       0    141     34     42 
 20260323    17:11:00       1    144     37     43 
 20260323    17:11:00       2    146     37     45 
 20260323    17:11:00       3    136     35     42 
 20260323    17:11:30       0    140     34     42 
 20260323    17:11:30       1    143     37     43 
 20260323    17:11:30       2    146     37     45 
 20260323    17:11:30       3    136     35     42 
 20260323    17:12:00       0    140     34     42 
 20260323    17:12:00       1    144     37     44 
 20260323    17:12:00       2    146     37     45 
 20260323    17:12:00       3    136     35     42 
 20260323    17:12:30       0    140     34     42 
 20260323    17:12:30       1    143     37     44 
 20260323    17:12:30       2    146     37     45 
 20260323    17:12:30       3    136     35     42 
 20260323    17:13:00       0    140     34     42 
 20260323    17:13:00       1    143     37     43 
 20260323    17:13:00       2    146     37     45 
 20260323    17:13:00       3    135     35     42 
 20260323    17:13:30       0    147     35     42 
 20260323    17:13:30       1    151     38     44 
 20260323    17:13:30       2    153     37     45 
 20260323    17:13:30       3    142     36     42 
 20260323    17:14:00       0    141     34     42 
 20260323    17:14:00       1    144     37     43 
 20260323    17:14:00       2    147     37     46 
 20260323    17:14:00       3    135     35     42 
 20260323    17:14:30       0    140     34     42 
 20260323    17:14:30       1    143     37     43 
 20260323    17:14:30       2    147     37     45 
 20260323    17:14:30       3    136     35     42 
#Date        Time         gpu    pwr  gtemp  mtemp 
#YYYYMMDD    HH:MM:SS     Idx      W      C      C 
 20260323    17:15:00       0    140     34     42 
 20260323    17:15:00       1    143     37     43 
 20260323    17:15:00       2    147     37     45 
 20260323    17:15:00       3    135     35     42 
 20260323    17:15:30       0    140     34     42 
 20260323    17:15:30       1    143     37     43 
 20260323    17:15:30       2    147     37     45 
 20260323    17:15:30       3    136     35     42 
 20260323    17:16:00       0    141     34     42 
 20260323    17:16:00       1    154     37     44 
 20260323    17:16:00       2    147     38     45 
 20260323    17:16:00       3    156     35     42 
 20260323    17:16:30       0    141     34     42 
 20260323    17:16:30       1    143     37     43 
 20260323    17:16:30       2    146     37     45 
 20260323    17:16:30       3    136     35     42 
 20260323    17:17:00       0    140     34     42 
 20260323    17:17:00       1    143     37     43 
 20260323    17:17:00       2    146     37     45 
 20260323    17:17:00       3    136     35     42 
 20260323    17:17:30       0    141     34     42 
 20260323    17:17:30       1    143     37     43 
 20260323    17:17:30       2    146     37     45 
 20260323    17:17:30       3    135     35     42 
 20260323    17:18:00       0    141     34     42 
 20260323    17:18:00       1    143     37     43 
 20260323    17:18:00       2    146     37     45 
 20260323    17:18:00       3    135     35     42 
 20260323    17:18:30       0    140     34     42 
 20260323    17:18:30       1    143     37     43 
 20260323    17:18:30       2    146     37     45 
 20260323    17:18:30       3    136     35     42 
 20260323    17:19:00       0    140     34     42 
 20260323    17:19:00       1    143     37     44 
 20260323    17:19:00       2    146     37     46 
 20260323    17:19:00       3    135     35     43 
 20260323    17:19:30       0    140     34     41 
 20260323    17:19:30       1    143     37     43 
 20260323    17:19:30       2    147     37     45 
 20260323    17:19:30       3    136     35     42 
 20260323    17:20:00       0    139     34     40 
 20260323    17:20:00       1    143     37     43 
 20260323    17:20:00       2    147     37     45 
 20260323    17:20:00       3    136     35     42 
#Date        Time         gpu    pwr  gtemp  mtemp 
#YYYYMMDD    HH:MM:SS     Idx      W      C      C 
 20260323    17:20:30       0    140     34     42 
 20260323    17:20:30       1    143     37     43 
 20260323    17:20:30       2    147     37     45 
 20260323    17:20:30       3    136     35     42 
 20260323    17:21:00       0    140     34     41 
 20260323    17:21:00       1    143     37     43 
 20260323    17:21:00       2    147     37     45 
 20260323    17:21:00       3    135     35     42 
 20260323    17:21:30       0    140     34     40 
 20260323    17:21:30       1    143     36     43 
 20260323    17:21:30       2    147     37     45 
 20260323    17:21:30       3    136     34     42 
 20260323    17:22:00       0    140     34     40 
 20260323    17:22:00       1    145     37     43 
 20260323    17:22:00       2    147     37     45 
 20260323    17:22:00       3    136     35     42 
 20260323    17:22:30       0    140     34     41 
 20260323    17:22:30       1    145     37     43 
 20260323    17:22:30       2    146     37     45 
 20260323    17:22:30       3    136     34     42 
 20260323    17:23:00       0    140     34     40 
 20260323    17:23:00       1    143     36     44 
 20260323    17:23:00       2    147     37     45 
 20260323    17:23:00       3    136     34     42 
 20260323    17:23:30       0    140     34     41 
 20260323    17:23:30       1    145     37     43 
 20260323    17:23:30       2    147     37     45 
 20260323    17:23:30       3    136     35     42 
 20260323    17:24:00       0    142     34     42 
 20260323    17:24:00       1    144     37     44 
 20260323    17:24:00       2    148     37     45 
 20260323    17:24:00       3    137     35     42 
 20260323    17:24:30       0    140     34     42 
 20260323    17:24:30       1    144     37     43 
 20260323    17:24:30       2    147     37     45 
 20260323    17:24:30       3    135     35     42 
 20260323    17:25:00       0    140     34     41 
 20260323    17:25:00       1    144     37     43 
 20260323    17:25:00       2    148     37     45 
 20260323    17:25:00       3    136     34     42 
 20260323    17:25:30       0    144     35     42 
 20260323    17:25:30       1    148     37     43 
 20260323    17:25:30       2    151     37     45 
 20260323    17:25:30       3    140     35     42 
#Date        Time         gpu    pwr  gtemp  mtemp 
#YYYYMMDD    HH:MM:SS     Idx      W      C      C 
 20260323    17:26:00       0    148     35     42 
 20260323    17:26:00       1    153     37     44 
 20260323    17:26:00       2    156     37     45 
 20260323    17:26:00       3    145     35     42 
