#Date        Time         gpu    pwr  gtemp  mtemp 
#YYYYMMDD    HH:MM:SS     Idx      W      C      C 
 20260320    15:09:16       0     81     33     42 
 20260320    15:09:16       1     80     34     43 
 20260320    15:09:16       2     99     33     43 
 20260320    15:09:16       3     90     32     39 
 20260320    15:09:57       0    128     35     42 
 20260320    15:09:57       1    129     36     43 
 20260320    15:09:57       2    146     35     43 
 20260320    15:09:57       3    138     34     41 
 20260320    15:10:27       0    128     35     42 
 20260320    15:10:27       1    130     36     43 
 20260320    15:10:27       2    146     36     43 
 20260320    15:10:27       3    138     34     41 
 20260320    15:10:57       0    127     35     42 
 20260320    15:10:57       1    130     37     43 
 20260320    15:10:57       2    146     36     43 
 20260320    15:10:57       3    137     35     41 
 20260320    15:11:27       0    127     36     42 
 20260320    15:11:27       1    130     37     44 
 20260320    15:11:27       2    147     36     43 
 20260320    15:11:27       3    138     35     42 
 20260320    15:11:57       0    128     36     42 
 20260320    15:11:57       1    130     37     44 
 20260320    15:11:57       2    147     36     43 
 20260320    15:11:57       3    138     35     41 
 20260320    15:12:27       0    127     36     42 
 20260320    15:12:27       1    130     37     44 
 20260320    15:12:27       2    146     36     43 
 20260320    15:12:27       3    138     35     42 
 20260320    15:12:57       0    127     35     42 
 20260320    15:12:57       1    130     37     45 
 20260320    15:12:57       2    146     36     43 
 20260320    15:12:57       3    138     35     41 
 20260320    15:13:27       0    127     36     44 
 20260320    15:13:27       1    130     37     44 
 20260320    15:13:27       2    146     36     43 
 20260320    15:13:27       3    138     35     41 
 20260320    15:13:57       0    127     36     42 
 20260320    15:13:57       1    130     37     45 
 20260320    15:13:57       2    147     36     43 
 20260320    15:13:57       3    138     35     42 
 20260320    15:14:27       0    127     36     42 
 20260320    15:14:27       1    130     37     45 
 20260320    15:14:27       2    146     36     43 
 20260320    15:14:27       3    137     35     41 
#Date        Time         gpu    pwr  gtemp  mtemp 
#YYYYMMDD    HH:MM:SS     Idx      W      C      C 
 20260320    15:14:57       0    127     36     42 
 20260320    15:14:57       1    130     37     45 
 20260320    15:14:57       2    147     36     43 
 20260320    15:14:57       3    137     35     42 
 20260320    15:15:27       0    128     36     44 
 20260320    15:15:27       1    130     37     45 
 20260320    15:15:27       2    146     36     43 
 20260320    15:15:27       3    137     35     42 
 20260320    15:15:57       0    128     36     44 
 20260320    15:15:57       1    130     37     45 
 20260320    15:15:57       2    147     36     43 
 20260320    15:15:57       3    137     35     41 
 20260320    15:16:27       0    128     36     42 
 20260320    15:16:27       1    130     37     45 
 20260320    15:16:27       2    146     36     43 
 20260320    15:16:27       3    137     35     41 
 20260320    15:16:57       0    142     38     44 
 20260320    15:16:57       1    143     38     45 
 20260320    15:16:57       2    160     37     45 
 20260320    15:16:57       3    151     37     42 
 20260320    15:17:27       0    140     37     44 
 20260320    15:17:27       1    142     38     45 
 20260320    15:17:27       2    159     37     45 
 20260320    15:17:27       3    150     37     42 
 20260320    15:17:57       0    141     38     45 
 20260320    15:17:57       1    144     38     45 
 20260320    15:17:57       2    160     37     45 
 20260320    15:17:57       3    151     37     42 
 20260320    15:18:27       0    141     38     44 
 20260320    15:18:27       1    143     38     45 
 20260320    15:18:27       2    160     37     45 
 20260320    15:18:27       3    150     37     42 
 20260320    15:18:57       0    127     36     43 
 20260320    15:18:57       1    130     37     45 
 20260320    15:18:57       2    147     36     45 
 20260320    15:18:57       3    136     35     41 
 20260320    15:19:27       0    139     37     44 
 20260320    15:19:27       1    142     38     45 
 20260320    15:19:27       2    159     37     44 
 20260320    15:19:27       3    150     36     42 
 20260320    15:19:57       0    140     37     44 
 20260320    15:19:57       1    143     38     45 
 20260320    15:19:57       2    160     37     44 
 20260320    15:19:57       3    150     36     42 
#Date        Time         gpu    pwr  gtemp  mtemp 
#YYYYMMDD    HH:MM:SS     Idx      W      C      C 
 20260320    15:20:27       0    140     37     44 
 20260320    15:20:27       1    143     38     45 
 20260320    15:20:27       2    159     37     44 
 20260320    15:20:27       3    150     36     42 
 20260320    15:20:57       0    127     35     42 
 20260320    15:20:57       1    130     37     45 
 20260320    15:20:57       2    146     36     44 
 20260320    15:20:57       3    136     34     41 
 20260320    15:21:27       0    140     37     44 
 20260320    15:21:27       1    143     38     45 
 20260320    15:21:27       2    160     37     44 
 20260320    15:21:27       3    151     36     42 
 20260320    15:21:57       0    141     37     44 
 20260320    15:21:57       1    143     38     45 
 20260320    15:21:57       2    160     37     45 
 20260320    15:21:57       3    150     36     42 
 20260320    15:22:27       0    140     37     44 
 20260320    15:22:27       1    143     38     45 
 20260320    15:22:27       2    159     37     45 
 20260320    15:22:27       3    150     36     42 
 20260320    15:22:57       0    140     37     44 
 20260320    15:22:57       1    143     38     45 
 20260320    15:22:57       2    160     37     45 
 20260320    15:22:57       3    150     36     42 
 20260320    15:23:27       0    140     37     44 
 20260320    15:23:27       1    143     38     45 
 20260320    15:23:27       2    159     37     45 
 20260320    15:23:27       3    150     36     42 
 20260320    15:23:57       0    140     37     44 
 20260320    15:23:57       1    143     38     45 
 20260320    15:23:57       2    159     37     45 
 20260320    15:23:57       3    150     37     42 
 20260320    15:24:27       0    129     36     44 
 20260320    15:24:27       1    131     37     45 
 20260320    15:24:27       2    147     36     45 
 20260320    15:24:27       3    137     35     41 
 20260320    15:24:57       0    141     37     44 
 20260320    15:24:57       1    143     38     45 
 20260320    15:24:57       2    160     37     45 
 20260320    15:24:57       3    151     36     42 
 20260320    15:25:27       0    142     38     44 
 20260320    15:25:27       1    144     39     45 
 20260320    15:25:27       2    161     38     45 
 20260320    15:25:27       3    151     37     42 
#Date        Time         gpu    pwr  gtemp  mtemp 
#YYYYMMDD    HH:MM:SS     Idx      W      C      C 
 20260320    15:25:57       0    141     38     44 
 20260320    15:25:57       1    144     38     45 
 20260320    15:25:57       2    160     37     45 
 20260320    15:25:57       3    150     37     43 
 20260320    15:26:27       0    141     37     44 
 20260320    15:26:27       1    144     39     45 
 20260320    15:26:27       2    161     38     45 
 20260320    15:26:27       3    151     37     42 
 20260320    15:26:57       0    140     38     44 
 20260320    15:26:57       1    142     38     45 
 20260320    15:26:57       2    159     37     45 
 20260320    15:26:57       3    150     37     42 
 20260320    15:27:27       0    142     38     45 
 20260320    15:27:27       1    144     38     45 
 20260320    15:27:27       2    161     37     45 
 20260320    15:27:27       3    151     37     42 
 20260320    15:27:57       0    141     37     44 
 20260320    15:27:57       1    144     38     45 
 20260320    15:27:57       2    160     37     45 
 20260320    15:27:57       3    151     36     42 
 20260320    15:28:27       0    128     36     44 
 20260320    15:28:27       1    131     37     45 
 20260320    15:28:27       2    147     36     45 
 20260320    15:28:27       3    137     35     41 
 20260320    15:28:57       0    190     38     44 
 20260320    15:28:57       1    190     38     45 
 20260320    15:28:57       2    209     37     45 
 20260320    15:28:57       3    200     37     42 
 20260320    15:29:27       0    143     37     44 
 20260320    15:29:27       1    143     38     45 
 20260320    15:29:27       2    160     37     45 
 20260320    15:29:27       3    150     36     42 
 20260320    15:29:57       0    143     37     44 
 20260320    15:29:57       1    143     38     45 
 20260320    15:29:57       2    160     37     45 
 20260320    15:29:57       3    150     36     42 
 20260320    15:30:27       0    132     36     44 
 20260320    15:30:27       1    132     37     45 
 20260320    15:30:27       2    149     36     44 
 20260320    15:30:27       3    139     35     42 
 20260320    15:30:57       0    141     37     44 
 20260320    15:30:57       1    142     38     45 
 20260320    15:30:57       2    159     37     44 
 20260320    15:30:57       3    150     36     42 
#Date        Time         gpu    pwr  gtemp  mtemp 
#YYYYMMDD    HH:MM:SS     Idx      W      C      C 
 20260320    15:31:27       0    141     37     44 
 20260320    15:31:27       1    144     38     45 
 20260320    15:31:27       2    160     37     44 
 20260320    15:31:27       3    150     36     42 
 20260320    15:31:57       0    141     37     44 
 20260320    15:31:57       1    143     38     45 
 20260320    15:31:57       2    160     37     44 
 20260320    15:31:57       3    150     36     42 
 20260320    15:32:27       0    141     37     44 
 20260320    15:32:27       1    143     38     45 
 20260320    15:32:27       2    160     37     44 
 20260320    15:32:27       3    150     36     42 
 20260320    15:32:57       0    140     37     44 
 20260320    15:32:57       1    143     38     45 
 20260320    15:32:57       2    159     37     43 
 20260320    15:32:57       3    149     36     42 
 20260320    15:33:27       0    141     37     44 
 20260320    15:33:27       1    143     38     45 
 20260320    15:33:27       2    160     37     44 
 20260320    15:33:27       3    150     36     42 
 20260320    15:33:57       0    128     35     42 
 20260320    15:33:57       1    130     36     44 
 20260320    15:33:57       2    147     36     43 
 20260320    15:33:57       3    137     34     41 
 20260320    15:34:27       0    141     37     44 
 20260320    15:34:27       1    143     38     45 
 20260320    15:34:27       2    160     37     44 
 20260320    15:34:27       3    151     36     42 
 20260320    15:34:57       0    141     37     44 
 20260320    15:34:57       1    143     38     45 
 20260320    15:34:57       2    160     37     44 
 20260320    15:34:57       3    150     36     42 
 20260320    15:35:27       0    141     37     44 
 20260320    15:35:27       1    143     38     45 
 20260320    15:35:27       2    160     37     43 
 20260320    15:35:27       3    150     36     42 
 20260320    15:35:57       0    140     37     44 
 20260320    15:35:57       1    142     38     45 
 20260320    15:35:57       2    159     37     45 
 20260320    15:35:57       3    150     36     42 
 20260320    15:36:27       0    140     37     44 
 20260320    15:36:27       1    142     38     45 
 20260320    15:36:27       2    160     37     44 
 20260320    15:36:27       3    150     36     42 
#Date        Time         gpu    pwr  gtemp  mtemp 
#YYYYMMDD    HH:MM:SS     Idx      W      C      C 
 20260320    15:36:57       0    141     37     44 
 20260320    15:36:57       1    143     38     45 
 20260320    15:36:57       2    160     37     44 
 20260320    15:36:57       3    150     36     42 
 20260320    15:37:27       0    141     37     44 
 20260320    15:37:27       1    143     38     45 
 20260320    15:37:27       2    159     37     44 
 20260320    15:37:27       3    150     36     42 
 20260320    15:37:57       0    127     35     43 
 20260320    15:37:57       1    129     36     45 
 20260320    15:37:57       2    147     36     43 
 20260320    15:37:57       3    136     34     41 
 20260320    15:38:27       0    139     37     44 
 20260320    15:38:27       1    142     38     45 
 20260320    15:38:27       2    159     37     43 
 20260320    15:38:27       3    150     36     41 
 20260320    15:38:57       0    140     37     44 
 20260320    15:38:57       1    143     38     45 
 20260320    15:38:57       2    160     37     44 
 20260320    15:38:57       3    150     36     42 
 20260320    15:39:27       0    140     37     44 
 20260320    15:39:27       1    143     38     46 
 20260320    15:39:27       2    160     37     44 
 20260320    15:39:27       3    150     36     42 
 20260320    15:39:57       0    140     37     44 
 20260320    15:39:57       1    142     37     45 
 20260320    15:39:57       2    160     37     43 
 20260320    15:39:57       3    150     36     42 
 20260320    15:40:27       0    140     37     44 
 20260320    15:40:27       1    143     38     45 
 20260320    15:40:27       2    160     37     43 
 20260320    15:40:27       3    151     36     42 
 20260320    15:40:57       0    140     37     44 
 20260320    15:40:57       1    143     38     46 
 20260320    15:40:57       2    159     37     43 
 20260320    15:40:57       3    150     36     42 
 20260320    15:41:27       0    139     36     44 
 20260320    15:41:27       1    143     38     45 
 20260320    15:41:27       2    159     37     43 
 20260320    15:41:27       3    149     36     42 
 20260320    15:41:57       0    140     37     44 
 20260320    15:41:57       1    143     38     45 
 20260320    15:41:57       2    159     36     43 
 20260320    15:41:57       3    150     36     42 
#Date        Time         gpu    pwr  gtemp  mtemp 
#YYYYMMDD    HH:MM:SS     Idx      W      C      C 
 20260320    15:42:27       0    139     37     44 
 20260320    15:42:27       1    143     37     45 
 20260320    15:42:27       2    159     37     44 
 20260320    15:42:27       3    150     36     42 
 20260320    15:42:57       0    128     35     43 
 20260320    15:42:57       1    131     36     43 
 20260320    15:42:57       2    146     35     43 
 20260320    15:42:57       3    136     34     41 
 20260320    15:43:27       0    318     39     44 
 20260320    15:43:27       1    326     40     46 
 20260320    15:43:27       2    340     39     45 
 20260320    15:43:27       3    325     38     43 
 20260320    15:43:57       0    141     37     43 
 20260320    15:43:57       1    143     37     45 
 20260320    15:43:57       2    160     36     43 
 20260320    15:43:57       3    150     36     41 
 20260320    15:44:27       0    141     37     44 
 20260320    15:44:27       1    142     37     45 
 20260320    15:44:27       2    158     36     43 
 20260320    15:44:27       3    149     36     42 
 20260320    15:44:57       0    141     37     44 
 20260320    15:44:57       1    156     38     47 
 20260320    15:44:57       2    165     36     43 
 20260320    15:44:57       3    155     36     41 
 20260320    15:45:27       0    140     37     44 
 20260320    15:45:27       1    143     38     45 
 20260320    15:45:27       2    159     37     43 
 20260320    15:45:27       3    150     36     42 
 20260320    15:45:57       0    141     37     44 
 20260320    15:45:57       1    143     38     45 
 20260320    15:45:57       2    159     37     43 
 20260320    15:45:57       3    150     36     42 
 20260320    15:46:27       0    141     37     44 
 20260320    15:46:27       1    143     38     45 
 20260320    15:46:27       2    160     37     43 
 20260320    15:46:27       3    150     36     42 
 20260320    15:46:57       0    141     37     44 
 20260320    15:46:57       1    143     38     45 
 20260320    15:46:57       2    160     37     44 
 20260320    15:46:57       3    150     36     42 
 20260320    15:47:27       0    128     35     43 
 20260320    15:47:27       1    130     36     45 
 20260320    15:47:27       2    146     36     43 
 20260320    15:47:27       3    136     34     41 
#Date        Time         gpu    pwr  gtemp  mtemp 
#YYYYMMDD    HH:MM:SS     Idx      W      C      C 
 20260320    15:47:57       0    140     37     44 
 20260320    15:47:57       1    142     38     45 
 20260320    15:47:57       2    159     37     44 
 20260320    15:47:57       3    150     36     42 
 20260320    15:48:27       0    142     37     44 
 20260320    15:48:27       1    144     38     45 
 20260320    15:48:27       2    160     37     44 
 20260320    15:48:27       3    151     36     42 
 20260320    15:48:57       0    140     37     44 
 20260320    15:48:57       1    142     38     45 
 20260320    15:48:57       2    159     37     44 
 20260320    15:48:57       3    149     36     42 
 20260320    15:49:27       0    141     37     44 
 20260320    15:49:27       1    143     38     45 
 20260320    15:49:27       2    160     37     43 
 20260320    15:49:27       3    151     36     42 
 20260320    15:49:57       0    141     37     44 
 20260320    15:49:57       1    143     38     45 
 20260320    15:49:57       2    160     37     44 
 20260320    15:49:57       3    151     36     42 
 20260320    15:50:27       0    141     37     44 
 20260320    15:50:27       1    143     38     45 
 20260320    15:50:27       2    160     37     44 
 20260320    15:50:27       3    150     36     42 
 20260320    15:50:57       0    141     37     44 
 20260320    15:50:57       1    143     38     45 
 20260320    15:50:57       2    159     37     44 
 20260320    15:50:57       3    150     36     42 
 20260320    15:51:27       0    238     40     50 
 20260320    15:51:27       1    229     40     49 
 20260320    15:51:27       2    247     39     48 
 20260320    15:51:27       3    242     38     44 
 20260320    15:51:57       0    141     37     44 
 20260320    15:51:57       1    143     38     45 
 20260320    15:51:57       2    160     37     45 
 20260320    15:51:57       3    150     36     42 
 20260320    15:52:27       0    129     35     42 
 20260320    15:52:27       1    131     37     45 
 20260320    15:52:27       2    146     36     43 
 20260320    15:52:27       3    137     34     41 
 20260320    15:52:57       0    141     37     44 
 20260320    15:52:57       1    143     38     45 
 20260320    15:52:57       2    160     37     44 
 20260320    15:52:57       3    150     36     42 
#Date        Time         gpu    pwr  gtemp  mtemp 
#YYYYMMDD    HH:MM:SS     Idx      W      C      C 
 20260320    15:53:27       0    140     37     44 
 20260320    15:53:27       1    142     38     45 
 20260320    15:53:27       2    159     37     44 
 20260320    15:53:27       3    149     36     42 
 20260320    15:53:57       0    141     37     44 
 20260320    15:53:57       1    144     38     45 
 20260320    15:53:57       2    159     37     44 
 20260320    15:53:57       3    150     36     42 
 20260320    15:54:27       0    185     37     44 
 20260320    15:54:27       1    134     38     45 
 20260320    15:54:27       2    148     37     45 
 20260320    15:54:27       3    203     36     43 
 20260320    15:54:57       0    141     37     44 
 20260320    15:54:57       1    143     38     45 
 20260320    15:54:57       2    160     37     45 
 20260320    15:54:57       3    151     36     42 
 20260320    15:55:27       0    141     37     44 
 20260320    15:55:27       1    143     38     45 
 20260320    15:55:27       2    159     37     44 
 20260320    15:55:27       3    150     36     42 
 20260320    15:55:57       0    141     37     44 
 20260320    15:55:57       1    143     38     45 
 20260320    15:55:57       2    160     37     44 
 20260320    15:55:57       3    150     36     42 
 20260320    15:56:27       0    127     35     42 
 20260320    15:56:27       1    130     37     45 
 20260320    15:56:27       2    147     36     45 
 20260320    15:56:27       3    136     34     41 
 20260320    15:56:57       0    127     35     42 
 20260320    15:56:57       1    130     36     44 
 20260320    15:56:57       2    147     36     43 
 20260320    15:56:57       3    137     34     41 
 20260320    15:57:27       0    140     37     44 
 20260320    15:57:27       1    143     38     45 
 20260320    15:57:27       2    159     37     43 
 20260320    15:57:27       3    150     36     42 
 20260320    15:57:57       0    140     37     44 
 20260320    15:57:57       1    143     38     45 
 20260320    15:57:57       2    159     37     43 
 20260320    15:57:57       3    150     36     42 
 20260320    15:58:27       0    140     37     44 
 20260320    15:58:27       1    143     38     46 
 20260320    15:58:27       2    159     36     43 
 20260320    15:58:27       3    150     36     42 
#Date        Time         gpu    pwr  gtemp  mtemp 
#YYYYMMDD    HH:MM:SS     Idx      W      C      C 
 20260320    15:58:57       0    140     37     44 
 20260320    15:58:57       1    142     38     46 
 20260320    15:58:57       2    159     37     43 
 20260320    15:58:57       3    150     36     42 
 20260320    15:59:27       0    140     37     44 
 20260320    15:59:27       1    143     38     45 
 20260320    15:59:27       2    159     37     45 
 20260320    15:59:27       3    150     36     42 
 20260320    15:59:57       0    141     37     44 
 20260320    15:59:57       1    144     38     45 
 20260320    15:59:57       2    160     37     44 
 20260320    15:59:57       3    151     36     42 
 20260320    16:00:27       0    142     37     44 
 20260320    16:00:27       1    144     38     45 
 20260320    16:00:27       2    160     37     44 
 20260320    16:00:27       3    150     36     42 
 20260320    16:00:57       0    141     37     44 
 20260320    16:00:57       1    143     38     45 
 20260320    16:00:57       2    160     37     44 
 20260320    16:00:57       3    150     36     42 
 20260320    16:01:28       0    141     37     44 
 20260320    16:01:28       1    143     38     45 
 20260320    16:01:28       2    160     37     44 
 20260320    16:01:28       3    150     36     42 
 20260320    16:01:58       0    129     35     42 
 20260320    16:01:58       1    130     36     44 
 20260320    16:01:58       2    146     36     43 
 20260320    16:01:58       3    137     34     41 
 20260320    16:02:28       0    141     37     44 
 20260320    16:02:28       1    143     38     45 
 20260320    16:02:28       2    161     37     43 
 20260320    16:02:28       3    151     36     42 
 20260320    16:02:58       0    141     37     44 
 20260320    16:02:58       1    143     38     45 
 20260320    16:02:58       2    160     37     44 
 20260320    16:02:58       3    151     36     42 
 20260320    16:03:28       0    141     37     44 
 20260320    16:03:28       1    143     38     46 
 20260320    16:03:28       2    160     37     43 
 20260320    16:03:28       3    150     36     42 
 20260320    16:03:58       0    141     36     44 
 20260320    16:03:58       1    143     38     45 
 20260320    16:03:58       2    160     36     44 
 20260320    16:03:58       3    150     36     42 
#Date        Time         gpu    pwr  gtemp  mtemp 
#YYYYMMDD    HH:MM:SS     Idx      W      C      C 
 20260320    16:04:28       0    141     37     44 
 20260320    16:04:28       1    143     38     45 
 20260320    16:04:28       2    160     37     44 
 20260320    16:04:28       3    151     36     42 
 20260320    16:04:58       0    141     37     44 
 20260320    16:04:58       1    143     37     45 
 20260320    16:04:58       2    160     37     44 
 20260320    16:04:58       3    150     36     42 
 20260320    16:05:28       0    141     37     44 
 20260320    16:05:28       1    143     38     45 
 20260320    16:05:28       2    159     37     43 
 20260320    16:05:28       3    150     36     42 
 20260320    16:05:58       0    127     35     42 
 20260320    16:05:58       1    130     36     45 
 20260320    16:05:58       2    146     36     43 
 20260320    16:05:58       3    136     34     41 
 20260320    16:06:28       0    139     37     44 
 20260320    16:06:28       1    142     37     45 
 20260320    16:06:28       2    159     37     43 
 20260320    16:06:28       3    150     36     41 
 20260320    16:06:58       0    139     37     44 
 20260320    16:06:58       1    143     38     45 
 20260320    16:06:58       2    160     37     43 
 20260320    16:06:58       3    150     36     42 
 20260320    16:07:28       0    141     37     44 
 20260320    16:07:28       1    143     38     46 
 20260320    16:07:28       2    160     37     43 
 20260320    16:07:28       3    151     36     42 
 20260320    16:07:58       0    139     37     44 
 20260320    16:07:58       1    142     38     45 
 20260320    16:07:58       2    160     37     43 
 20260320    16:07:58       3    150     36     42 
 20260320    16:08:28       0    140     37     44 
 20260320    16:08:28       1    143     38     45 
 20260320    16:08:28       2    160     37     44 
 20260320    16:08:28       3    150     36     42 
 20260320    16:08:58       0    141     37     44 
 20260320    16:08:58       1    144     38     45 
 20260320    16:08:58       2    160     37     44 
 20260320    16:08:58       3    151     36     42 
 20260320    16:09:28       0    141     37     44 
 20260320    16:09:28       1    142     38     45 
 20260320    16:09:28       2    159     37     44 
 20260320    16:09:28       3    150     36     42 
#Date        Time         gpu    pwr  gtemp  mtemp 
#YYYYMMDD    HH:MM:SS     Idx      W      C      C 
 20260320    16:09:58       0    141     37     44 
 20260320    16:09:58       1    143     38     45 
 20260320    16:09:58       2    160     37     44 
 20260320    16:09:58       3    150     36     42 
 20260320    16:10:28       0    141     37     44 
 20260320    16:10:28       1    143     38     45 
 20260320    16:10:28       2    160     37     44 
 20260320    16:10:28       3    150     36     42 
 20260320    16:10:58       0    128     35     42 
 20260320    16:10:58       1    130     36     45 
 20260320    16:10:58       2    147     36     43 
 20260320    16:10:58       3    136     34     41 
 20260320    16:11:28       0    250     42     50 
 20260320    16:11:28       1    246     46     51 
 20260320    16:11:28       2    272     42     49 
 20260320    16:11:28       3    251     43     46 
 20260320    16:11:58       0    141     37     44 
 20260320    16:11:58       1    144     38     46 
 20260320    16:11:58       2    160     37     43 
 20260320    16:11:58       3    151     36     42 
 20260320    16:12:28       0    140     37     44 
 20260320    16:12:28       1    142     38     46 
 20260320    16:12:28       2    159     37     44 
 20260320    16:12:28       3    150     36     42 
 20260320    16:12:58       0    323     42     53 
 20260320    16:12:58       1    333     44     55 
 20260320    16:12:58       2    323     41     52 
 20260320    16:12:58       3    375     43     50 
 20260320    16:13:28       0    141     37     44 
 20260320    16:13:28       1    143     38     45 
 20260320    16:13:28       2    160     37     44 
 20260320    16:13:28       3    151     36     42 
 20260320    16:13:58       0    142     37     44 
 20260320    16:13:58       1    143     38     45 
 20260320    16:13:58       2    161     37     44 
 20260320    16:13:58       3    151     36     42 
 20260320    16:14:28       0    141     37     44 
 20260320    16:14:28       1    143     38     45 
 20260320    16:14:28       2    160     37     44 
 20260320    16:14:28       3    150     36     42 
 20260320    16:14:58       0    141     37     44 
 20260320    16:14:58       1    143     38     45 
 20260320    16:14:58       2    160     37     44 
 20260320    16:14:58       3    150     36     42 
#Date        Time         gpu    pwr  gtemp  mtemp 
#YYYYMMDD    HH:MM:SS     Idx      W      C      C 
 20260320    16:15:28       0    128     35     42 
 20260320    16:15:28       1    130     36     43 
 20260320    16:15:28       2    146     36     43 
 20260320    16:15:28       3    136     34     41 
 20260320    16:15:58       0    140     37     44 
 20260320    16:15:58       1    142     38     46 
 20260320    16:15:58       2    160     37     43 
 20260320    16:15:58       3    150     36     42 
 20260320    16:16:28       0    141     37     44 
 20260320    16:16:28       1    143     38     45 
 20260320    16:16:28       2    159     37     43 
 20260320    16:16:28       3    150     36     42 
 20260320    16:16:58       0    140     37     44 
 20260320    16:16:58       1    143     38     46 
 20260320    16:16:58       2    160     37     43 
 20260320    16:16:58       3    150     36     42 
 20260320    16:17:28       0    140     37     44 
 20260320    16:17:28       1    142     38     45 
 20260320    16:17:28       2    159     37     44 
 20260320    16:17:28       3    150     36     42 
 20260320    16:17:58       0    142     37     44 
 20260320    16:17:58       1    143     38     46 
 20260320    16:17:58       2    160     37     43 
 20260320    16:17:58       3    151     36     42 
 20260320    16:18:28       0    141     37     44 
 20260320    16:18:28       1    143     38     45 
 20260320    16:18:28       2    159     37     43 
 20260320    16:18:28       3    150     36     42 
 20260320    16:18:58       0    147     37     44 
 20260320    16:18:58       1    163     38     45 
 20260320    16:18:58       2    181     37     45 
 20260320    16:18:58       3    170     36     42 
 20260320    16:19:28       0    141     37     44 
 20260320    16:19:28       1    143     38     45 
 20260320    16:19:28       2    159     37     45 
 20260320    16:19:28       3    150     36     42 
 20260320    16:19:58       0    141     37     44 
 20260320    16:19:58       1    143     38     45 
 20260320    16:19:58       2    159     37     43 
 20260320    16:19:58       3    149     36     42 
 20260320    16:20:28       0    129     35     43 
 20260320    16:20:28       1    131     36     45 
 20260320    16:20:28       2    147     36     43 
 20260320    16:20:28       3    137     34     41 
#Date        Time         gpu    pwr  gtemp  mtemp 
#YYYYMMDD    HH:MM:SS     Idx      W      C      C 
 20260320    16:20:58       0    140     37     44 
 20260320    16:20:58       1    143     38     46 
 20260320    16:20:58       2    160     37     44 
 20260320    16:20:58       3    151     36     42 
 20260320    16:21:28       0    141     37     44 
 20260320    16:21:28       1    143     38     45 
 20260320    16:21:28       2    160     37     43 
 20260320    16:21:28       3    150     36     42 
 20260320    16:21:58       0    141     37     44 
 20260320    16:21:58       1    143     38     46 
 20260320    16:21:58       2    160     37     44 
 20260320    16:21:58       3    150     36     42 
 20260320    16:22:28       0    142     37     45 
 20260320    16:22:28       1    144     38     45 
 20260320    16:22:28       2    161     37     45 
 20260320    16:22:28       3    152     36     42 
 20260320    16:22:58       0    141     37     44 
 20260320    16:22:58       1    143     38     45 
 20260320    16:22:58       2    159     37     44 
 20260320    16:22:58       3    151     36     42 
 20260320    16:23:28       0    141     37     44 
 20260320    16:23:28       1    143     38     45 
 20260320    16:23:28       2    159     37     44 
 20260320    16:23:28       3    150     36     42 
 20260320    16:23:58       0    141     37     44 
 20260320    16:23:58       1    142     38     45 
 20260320    16:23:58       2    159     37     43 
 20260320    16:23:58       3    149     36     42 
 20260320    16:24:28       0    127     35     42 
 20260320    16:24:28       1    130     37     45 
 20260320    16:24:28       2    146     36     43 
 20260320    16:24:28       3    136     34     41 
 20260320    16:24:58       0    140     37     42 
 20260320    16:24:58       1    142     38     45 
 20260320    16:24:58       2    159     37     43 
 20260320    16:24:58       3    150     36     42 
 20260320    16:25:28       0    140     37     44 
 20260320    16:25:28       1    142     38     45 
 20260320    16:25:28       2    159     37     45 
 20260320    16:25:28       3    150     36     42 
 20260320    16:25:58       0    141     37     44 
 20260320    16:25:58       1    143     38     45 
 20260320    16:25:58       2    160     37     44 
 20260320    16:25:58       3    150     36     42 
#Date        Time         gpu    pwr  gtemp  mtemp 
#YYYYMMDD    HH:MM:SS     Idx      W      C      C 
 20260320    16:26:28       0    133     37     43 
 20260320    16:26:28       1    136     38     45 
 20260320    16:26:28       2    153     37     43 
 20260320    16:26:28       3    143     36     42 
 20260320    16:26:58       0    140     37     44 
 20260320    16:26:58       1    143     38     45 
 20260320    16:26:58       2    160     37     44 
 20260320    16:26:58       3    151     36     42 
 20260320    16:27:28       0    140     37     44 
 20260320    16:27:28       1    144     38     45 
 20260320    16:27:28       2    160     37     44 
 20260320    16:27:28       3    150     36     42 
 20260320    16:27:58       0    140     37     44 
 20260320    16:27:58       1    143     38     45 
 20260320    16:27:58       2    159     37     44 
 20260320    16:27:58       3    150     36     42 
 20260320    16:28:28       0    141     37     44 
 20260320    16:28:28       1    143     38     45 
 20260320    16:28:28       2    160     37     44 
 20260320    16:28:28       3    150     36     42 
 20260320    16:28:58       0    141     37     44 
 20260320    16:28:58       1    144     38     45 
 20260320    16:28:58       2    160     37     45 
 20260320    16:28:58       3    150     36     42 
 20260320    16:29:28       0    155     36     44 
 20260320    16:29:28       1    155     37     45 
 20260320    16:29:28       2    171     37     45 
 20260320    16:29:28       3    163     35     42 
 20260320    16:29:58       0    128     35     42 
 20260320    16:29:58       1    131     37     45 
 20260320    16:29:58       2    146     36     43 
 20260320    16:29:58       3    137     34     41 
 20260320    16:30:28       0    141     37     44 
 20260320    16:30:28       1    143     38     45 
 20260320    16:30:28       2    160     37     44 
 20260320    16:30:28       3    151     36     42 
 20260320    16:30:58       0    140     37     44 
 20260320    16:30:58       1    143     38     45 
 20260320    16:30:58       2    160     37     44 
 20260320    16:30:58       3    150     36     42 
 20260320    16:31:28       0    140     37     44 
 20260320    16:31:28       1    143     38     45 
 20260320    16:31:28       2    159     37     44 
 20260320    16:31:28       3    150     36     42 
#Date        Time         gpu    pwr  gtemp  mtemp 
#YYYYMMDD    HH:MM:SS     Idx      W      C      C 
 20260320    16:31:58       0    139     37     44 
 20260320    16:31:58       1    142     38     45 
 20260320    16:31:58       2    159     37     45 
 20260320    16:31:58       3    149     36     42 
 20260320    16:32:28       0    140     37     44 
 20260320    16:32:28       1    142     38     45 
 20260320    16:32:28       2    159     37     44 
 20260320    16:32:28       3    150     36     42 
 20260320    16:32:58       0    140     37     44 
 20260320    16:32:58       1    143     38     45 
 20260320    16:32:58       2    159     37     44 
 20260320    16:32:58       3    150     36     42 
 20260320    16:33:28       0    140     37     44 
 20260320    16:33:28       1    143     38     45 
 20260320    16:33:28       2    159     37     44 
 20260320    16:33:28       3    150     36     42 
 20260320    16:33:58       0    128     35     42 
 20260320    16:33:58       1    130     37     45 
 20260320    16:33:58       2    146     36     43 
 20260320    16:33:58       3    137     34     41 
 20260320    16:34:28       0    140     37     44 
 20260320    16:34:28       1    142     38     45 
 20260320    16:34:28       2    160     37     43 
 20260320    16:34:28       3    150     36     42 
 20260320    16:34:58       0    141     37     44 
 20260320    16:34:58       1    144     38     46 
 20260320    16:34:58       2    161     37     44 
 20260320    16:34:58       3    151     36     42 
 20260320    16:35:28       0    140     37     44 
 20260320    16:35:28       1    143     38     45 
 20260320    16:35:28       2    160     37     44 
 20260320    16:35:28       3    150     36     42 
 20260320    16:35:58       0    140     37     44 
 20260320    16:35:58       1    142     38     46 
 20260320    16:35:58       2    159     37     43 
 20260320    16:35:58       3    150     36     42 
 20260320    16:36:28       0    140     37     44 
 20260320    16:36:28       1    142     38     45 
 20260320    16:36:28       2    160     37     44 
 20260320    16:36:28       3    150     36     42 
 20260320    16:36:58       0    140     37     44 
 20260320    16:36:58       1    143     38     45 
 20260320    16:36:58       2    159     37     44 
 20260320    16:36:58       3    150     36     42 
#Date        Time         gpu    pwr  gtemp  mtemp 
#YYYYMMDD    HH:MM:SS     Idx      W      C      C 
 20260320    16:37:28       0    141     37     44 
 20260320    16:37:28       1    144     38     45 
 20260320    16:37:28       2    160     37     45 
 20260320    16:37:28       3    150     36     42 
 20260320    16:37:58       0    141     37     44 
 20260320    16:37:58       1    144     38     45 
 20260320    16:37:58       2    161     37     44 
 20260320    16:37:58       3    151     36     42 
 20260320    16:38:28       0    140     37     44 
 20260320    16:38:28       1    143     38     45 
 20260320    16:38:28       2    159     37     44 
 20260320    16:38:28       3    150     36     42 
 20260320    16:38:58       0    127     35     42 
 20260320    16:38:58       1    130     37     45 
 20260320    16:38:58       2    147     36     43 
 20260320    16:38:58       3    137     34     41 
 20260320    16:39:28       0    322     42     48 
 20260320    16:39:28       1    325     42     49 
 20260320    16:39:28       2    350     47     51 
 20260320    16:39:28       3    329     42     46 
 20260320    16:39:58       0    140     37     44 
 20260320    16:39:58       1    143     38     45 
 20260320    16:39:58       2    160     37     44 
 20260320    16:39:58       3    150     36     42 
 20260320    16:40:28       0    140     37     44 
 20260320    16:40:28       1    144     38     45 
 20260320    16:40:28       2    160     37     44 
 20260320    16:40:28       3    150     36     42 
 20260320    16:40:58       0    240     41     51 
 20260320    16:40:58       1    252     42     53 
 20260320    16:40:58       2    276     42     53 
 20260320    16:40:58       3    250     39     46 
 20260320    16:41:28       0    140     37     44 
 20260320    16:41:28       1    143     38     45 
 20260320    16:41:28       2    159     37     45 
 20260320    16:41:28       3    150     36     42 
 20260320    16:41:58       0    140     37     44 
 20260320    16:41:58       1    143     38     45 
 20260320    16:41:58       2    159     37     45 
 20260320    16:41:58       3    150     36     42 
 20260320    16:42:28       0    140     37     44 
 20260320    16:42:28       1    144     38     45 
 20260320    16:42:28       2    159     37     45 
 20260320    16:42:28       3    150     36     42 
#Date        Time         gpu    pwr  gtemp  mtemp 
#YYYYMMDD    HH:MM:SS     Idx      W      C      C 
 20260320    16:42:58       0    141     37     44 
 20260320    16:42:58       1    144     38     45 
 20260320    16:42:58       2    160     37     45 
 20260320    16:42:58       3    151     36     42 
 20260320    16:43:28       0    128     36     44 
 20260320    16:43:28       1    130     37     45 
 20260320    16:43:28       2    147     36     43 
 20260320    16:43:28       3    138     35     41 
 20260320    16:43:58       0    128     35     42 
 20260320    16:43:58       1    130     37     45 
 20260320    16:43:58       2    147     36     43 
 20260320    16:43:58       3    137     34     41 
 20260320    16:44:28       0    140     37     44 
 20260320    16:44:28       1    143     38     45 
 20260320    16:44:28       2    160     37     44 
 20260320    16:44:28       3    150     36     42 
 20260320    16:44:58       0    140     37     44 
 20260320    16:44:58       1    142     38     45 
 20260320    16:44:58       2    159     37     44 
 20260320    16:44:58       3    149     36     42 
 20260320    16:45:28       0    140     37     44 
 20260320    16:45:28       1    143     38     45 
 20260320    16:45:28       2    159     37     45 
 20260320    16:45:28       3    150     36     42 
 20260320    16:45:58       0    139     37     44 
 20260320    16:45:58       1    142     38     45 
 20260320    16:45:58       2    159     37     45 
 20260320    16:45:58       3    150     36     42 
 20260320    16:46:28       0    141     37     44 
 20260320    16:46:28       1    144     38     45 
 20260320    16:46:28       2    160     37     45 
 20260320    16:46:28       3    151     37     42 
 20260320    16:46:58       0    140     37     45 
 20260320    16:46:58       1    143     38     45 
 20260320    16:46:58       2    159     37     45 
 20260320    16:46:58       3    150     36     42 
 20260320    16:47:28       0    141     37     44 
 20260320    16:47:28       1    143     38     45 
 20260320    16:47:28       2    159     37     45 
 20260320    16:47:28       3    150     36     42 
 20260320    16:47:58       0    140     37     44 
 20260320    16:47:58       1    144     38     45 
 20260320    16:47:58       2    160     37     45 
 20260320    16:47:58       3    151     37     42 
#Date        Time         gpu    pwr  gtemp  mtemp 
#YYYYMMDD    HH:MM:SS     Idx      W      C      C 
 20260320    16:48:28       0    140     37     44 
 20260320    16:48:28       1    143     38     45 
 20260320    16:48:28       2    160     37     45 
 20260320    16:48:28       3    150     37     42 
 20260320    16:48:58       0    128     36     44 
 20260320    16:48:58       1    131     37     45 
 20260320    16:48:58       2    147     36     45 
 20260320    16:48:58       3    137     35     41 
 20260320    16:49:28       0    141     37     44 
 20260320    16:49:28       1    143     38     45 
 20260320    16:49:28       2    160     37     45 
 20260320    16:49:28       3    151     36     42 
 20260320    16:49:58       0    142     37     44 
 20260320    16:49:58       1    143     38     45 
 20260320    16:49:58       2    160     37     45 
 20260320    16:49:58       3    150     36     42 
 20260320    16:50:28       0    142     37     44 
 20260320    16:50:28       1    144     38     45 
 20260320    16:50:28       2    160     37     45 
 20260320    16:50:28       3    151     36     42 
 20260320    16:50:58       0    166     37     46 
 20260320    16:50:58       1    164     39     50 
 20260320    16:50:58       2    147     37     47 
 20260320    16:50:58       3    252     37     45 
 20260320    16:51:28       0    141     37     44 
 20260320    16:51:28       1    144     38     45 
 20260320    16:51:28       2    160     37     45 
 20260320    16:51:28       3    152     36     42 
 20260320    16:51:58       0    141     37     44 
 20260320    16:51:58       1    143     38     45 
 20260320    16:51:58       2    160     37     45 
 20260320    16:51:58       3    151     36     42 
 20260320    16:52:28       0    141     37     44 
 20260320    16:52:28       1    143     38     45 
 20260320    16:52:28       2    159     37     45 
 20260320    16:52:28       3    150     36     42 
 20260320    16:52:58       0    141     37     44 
 20260320    16:52:58       1    143     38     45 
 20260320    16:52:58       2    160     37     45 
 20260320    16:52:58       3    151     36     42 
 20260320    16:53:28       0    128     36     43 
 20260320    16:53:28       1    130     37     45 
 20260320    16:53:28       2    147     36     45 
 20260320    16:53:28       3    136     35     41 
#Date        Time         gpu    pwr  gtemp  mtemp 
#YYYYMMDD    HH:MM:SS     Idx      W      C      C 
 20260320    16:53:58       0    141     37     44 
 20260320    16:53:58       1    143     38     45 
 20260320    16:53:58       2    160     37     45 
 20260320    16:53:58       3    151     36     42 
 20260320    16:54:28       0    141     37     44 
 20260320    16:54:28       1    142     38     45 
 20260320    16:54:28       2    159     37     45 
 20260320    16:54:28       3    149     36     42 
 20260320    16:54:58       0    142     37     44 
 20260320    16:54:58       1    143     38     45 
 20260320    16:54:58       2    160     37     45 
 20260320    16:54:58       3    150     37     42 
 20260320    16:55:28       0    129     36     44 
 20260320    16:55:28       1    130     37     45 
 20260320    16:55:28       2    147     36     45 
 20260320    16:55:28       3    137     35     42 
 20260320    16:55:58       0    360     41     46 
 20260320    16:55:58       1    361     44     51 
 20260320    16:55:58       2    267     39     47 
 20260320    16:55:58       3    257     38     44 
 20260320    16:56:28       0    129     36     44 
 20260320    16:56:28       1    131     37     45 
 20260320    16:56:28       2    147     36     45 
 20260320    16:56:28       3    137     35     41 
