#Date        Time         gpu    pwr  gtemp  mtemp 
#YYYYMMDD    HH:MM:SS     Idx      W      C      C 
 20260319    16:18:34       0     90     33     42 
 20260319    16:18:34       1     95     35     44 
 20260319    16:18:34       2     98     34     45 
 20260319    16:18:34       3     94     33     42 
 20260319    16:19:04       0     90     33     42 
 20260319    16:19:04       1     95     35     44 
 20260319    16:19:04       2    148     36     45 
 20260319    16:19:04       3     93     33     42 
 20260319    16:19:34       0    136     35     43 
 20260319    16:19:34       1    143     37     45 
 20260319    16:19:34       2    144     36     45 
 20260319    16:19:34       3    139     35     41 
 20260319    16:20:04       0    137     35     43 
 20260319    16:20:04       1    143     37     44 
 20260319    16:20:04       2    144     36     45 
 20260319    16:20:04       3    139     35     42 
 20260319    16:20:34       0    137     35     42 
 20260319    16:20:34       1    143     37     44 
 20260319    16:20:34       2    144     36     45 
 20260319    16:20:34       3    139     35     43 
 20260319    16:21:04       0    137     35     42 
 20260319    16:21:04       1    143     37     44 
 20260319    16:21:04       2    144     36     45 
 20260319    16:21:04       3    139     35     43 
 20260319    16:21:34       0    137     35     42 
 20260319    16:21:34       1    143     37     44 
 20260319    16:21:34       2    144     36     45 
 20260319    16:21:34       3    139     35     41 
 20260319    16:22:04       0    137     35     42 
 20260319    16:22:04       1    143     37     44 
 20260319    16:22:04       2    144     36     45 
 20260319    16:22:04       3    139     35     41 
 20260319    16:22:34       0    137     35     42 
 20260319    16:22:34       1    143     37     44 
 20260319    16:22:34       2    144     36     45 
 20260319    16:22:34       3    139     35     41 
 20260319    16:23:04       0    137     35     42 
 20260319    16:23:04       1    143     37     44 
 20260319    16:23:04       2    144     36     45 
 20260319    16:23:04       3    138     35     43 
 20260319    16:23:34       0    137     35     43 
 20260319    16:23:34       1    143     37     44 
 20260319    16:23:34       2    144     36     45 
 20260319    16:23:34       3    139     35     41 
#Date        Time         gpu    pwr  gtemp  mtemp 
#YYYYMMDD    HH:MM:SS     Idx      W      C      C 
 20260319    16:24:04       0    137     35     43 
 20260319    16:24:04       1    143     37     44 
 20260319    16:24:04       2    144     36     45 
 20260319    16:24:04       3    139     35     41 
 20260319    16:24:34       0    136     35     42 
 20260319    16:24:34       1    143     37     44 
 20260319    16:24:34       2    144     36     45 
 20260319    16:24:34       3    139     35     41 
 20260319    16:25:04       0    137     35     43 
 20260319    16:25:04       1    143     37     44 
 20260319    16:25:04       2    144     36     45 
 20260319    16:25:04       3    139     35     41 
 20260319    16:25:34       0    137     35     43 
 20260319    16:25:34       1    143     37     44 
 20260319    16:25:34       2    144     36     45 
 20260319    16:25:34       3    139     35     42 
 20260319    16:26:04       0    137     35     42 
 20260319    16:26:04       1    143     37     44 
 20260319    16:26:04       2    144     36     45 
 20260319    16:26:04       3    139     35     42 
 20260319    16:26:34       0    136     35     42 
 20260319    16:26:34       1    143     37     44 
 20260319    16:26:34       2    144     36     45 
 20260319    16:26:34       3    139     35     42 
 20260319    16:27:04       0    136     35     42 
 20260319    16:27:04       1    143     37     44 
 20260319    16:27:04       2    144     36     45 
 20260319    16:27:04       3    139     35     42 
 20260319    16:27:34       0    137     35     42 
 20260319    16:27:34       1    143     37     44 
 20260319    16:27:34       2    144     36     45 
 20260319    16:27:34       3    139     35     41 
 20260319    16:28:04       0    137     35     43 
 20260319    16:28:04       1    143     37     44 
 20260319    16:28:04       2    144     36     45 
 20260319    16:28:04       3    139     35     41 
 20260319    16:28:34       0    137     35     42 
 20260319    16:28:34       1    143     37     44 
 20260319    16:28:34       2    144     36     45 
 20260319    16:28:34       3    139     35     42 
 20260319    16:29:04       0    137     35     43 
 20260319    16:29:04       1    143     37     44 
 20260319    16:29:04       2    144     36     45 
 20260319    16:29:04       3    139     35     43 
#Date        Time         gpu    pwr  gtemp  mtemp 
#YYYYMMDD    HH:MM:SS     Idx      W      C      C 
 20260319    16:29:34       0    136     35     43 
 20260319    16:29:34       1    143     37     44 
 20260319    16:29:34       2    144     36     45 
 20260319    16:29:34       3    139     35     41 
 20260319    16:30:04       0    137     35     43 
 20260319    16:30:04       1    143     37     44 
 20260319    16:30:04       2    144     36     45 
 20260319    16:30:04       3    139     35     42 
 20260319    16:30:34       0    137     35     42 
 20260319    16:30:34       1    144     37     44 
 20260319    16:30:34       2    144     36     45 
 20260319    16:30:34       3    139     35     42 
 20260319    16:31:04       0    136     35     42 
 20260319    16:31:04       1    143     37     44 
 20260319    16:31:04       2    144     36     45 
 20260319    16:31:04       3    139     35     42 
 20260319    16:31:34       0    136     35     42 
 20260319    16:31:34       1    143     37     44 
 20260319    16:31:34       2    144     36     45 
 20260319    16:31:34       3    139     35     41 
 20260319    16:32:04       0    136     35     42 
 20260319    16:32:04       1    143     37     44 
 20260319    16:32:04       2    144     36     45 
 20260319    16:32:04       3    139     35     42 
 20260319    16:32:34       0    136     35     43 
 20260319    16:32:34       1    143     37     44 
 20260319    16:32:34       2    144     36     45 
 20260319    16:32:34       3    139     35     41 
 20260319    16:33:04       0    136     35     42 
 20260319    16:33:04       1    143     37     44 
 20260319    16:33:04       2    144     36     45 
 20260319    16:33:04       3    139     35     41 
 20260319    16:33:34       0    136     35     42 
 20260319    16:33:34       1    143     37     44 
 20260319    16:33:34       2    144     36     45 
 20260319    16:33:34       3    139     35     42 
 20260319    16:34:04       0    136     35     42 
 20260319    16:34:04       1    143     37     44 
 20260319    16:34:04       2    145     36     45 
 20260319    16:34:04       3    139     35     41 
 20260319    16:34:34       0    136     35     43 
 20260319    16:34:34       1    143     37     44 
 20260319    16:34:34       2    144     36     45 
 20260319    16:34:34       3    139     35     42 
#Date        Time         gpu    pwr  gtemp  mtemp 
#YYYYMMDD    HH:MM:SS     Idx      W      C      C 
 20260319    16:35:04       0    137     35     42 
 20260319    16:35:04       1    143     37     44 
 20260319    16:35:04       2    144     36     45 
 20260319    16:35:04       3    139     35     42 
 20260319    16:35:34       0    137     35     42 
 20260319    16:35:34       1    143     37     44 
 20260319    16:35:34       2    144     36     45 
 20260319    16:35:34       3    139     35     43 
 20260319    16:36:04       0    136     35     42 
 20260319    16:36:04       1    143     37     44 
 20260319    16:36:04       2    144     36     45 
 20260319    16:36:04       3    139     35     41 
 20260319    16:36:34       0    136     35     43 
 20260319    16:36:34       1    143     37     44 
 20260319    16:36:34       2    144     36     45 
 20260319    16:36:34       3    139     35     43 
 20260319    16:37:04       0    136     35     43 
 20260319    16:37:04       1    143     37     44 
 20260319    16:37:04       2    144     36     45 
 20260319    16:37:04       3    139     35     41 
 20260319    16:37:34       0    136     35     43 
 20260319    16:37:34       1    143     37     44 
 20260319    16:37:34       2    144     36     45 
 20260319    16:37:34       3    139     35     42 
 20260319    16:38:04       0    136     35     42 
 20260319    16:38:04       1    143     37     44 
 20260319    16:38:04       2    144     36     45 
 20260319    16:38:04       3    139     35     41 
 20260319    16:38:34       0    136     35     42 
 20260319    16:38:34       1    143     37     44 
 20260319    16:38:34       2    144     36     45 
 20260319    16:38:34       3    139     35     41 
 20260319    16:39:04       0    136     35     42 
 20260319    16:39:04       1    143     36     44 
 20260319    16:39:04       2    144     36     45 
 20260319    16:39:04       3    139     35     41 
 20260319    16:39:34       0    136     35     42 
 20260319    16:39:34       1    143     36     44 
 20260319    16:39:34       2    144     36     45 
 20260319    16:39:34       3    139     35     41 
 20260319    16:40:04       0    136     35     43 
 20260319    16:40:04       1    143     36     44 
 20260319    16:40:04       2    145     36     45 
 20260319    16:40:04       3    139     35     41 
#Date        Time         gpu    pwr  gtemp  mtemp 
#YYYYMMDD    HH:MM:SS     Idx      W      C      C 
 20260319    16:40:34       0    136     35     43 
 20260319    16:40:34       1    143     36     44 
 20260319    16:40:34       2    145     36     45 
 20260319    16:40:34       3    139     35     41 
 20260319    16:41:04       0    137     35     42 
 20260319    16:41:04       1    143     36     44 
 20260319    16:41:04       2    144     36     45 
 20260319    16:41:04       3    139     35     41 
 20260319    16:41:34       0    136     35     42 
 20260319    16:41:34       1    143     36     44 
 20260319    16:41:34       2    144     36     45 
 20260319    16:41:34       3    139     35     41 
 20260319    16:42:04       0    136     35     42 
 20260319    16:42:04       1    143     36     44 
 20260319    16:42:04       2    144     36     45 
 20260319    16:42:04       3    139     35     41 
 20260319    16:42:34       0    136     35     42 
 20260319    16:42:34       1    143     37     44 
 20260319    16:42:34       2    144     36     45 
 20260319    16:42:34       3    139     35     41 
 20260319    16:43:04       0    136     35     42 
 20260319    16:43:04       1    143     37     44 
 20260319    16:43:04       2    144     36     45 
 20260319    16:43:04       3    139     35     42 
 20260319    16:43:34       0    136     35     42 
 20260319    16:43:34       1    143     37     44 
 20260319    16:43:34       2    145     36     45 
 20260319    16:43:34       3    139     35     42 
 20260319    16:44:04       0    136     35     42 
 20260319    16:44:04       1    143     37     44 
 20260319    16:44:04       2    144     36     45 
 20260319    16:44:04       3    139     35     42 
 20260319    16:44:34       0    136     35     43 
 20260319    16:44:34       1    143     37     44 
 20260319    16:44:34       2    144     36     45 
 20260319    16:44:34       3    139     35     42 
 20260319    16:45:04       0    136     35     42 
 20260319    16:45:04       1    143     37     44 
 20260319    16:45:04       2    144     36     45 
 20260319    16:45:04       3    139     35     41 
 20260319    16:45:34       0    136     35     42 
 20260319    16:45:34       1    143     37     44 
 20260319    16:45:34       2    145     36     45 
 20260319    16:45:34       3    139     35     42 
#Date        Time         gpu    pwr  gtemp  mtemp 
#YYYYMMDD    HH:MM:SS     Idx      W      C      C 
 20260319    16:46:04       0    136     35     42 
 20260319    16:46:04       1    143     37     44 
 20260319    16:46:04       2    144     36     45 
 20260319    16:46:04       3    139     35     42 
 20260319    16:46:34       0    136     35     42 
 20260319    16:46:34       1    143     37     44 
 20260319    16:46:34       2    144     36     45 
 20260319    16:46:34       3    139     35     43 
 20260319    16:47:04       0    136     35     43 
 20260319    16:47:04       1    143     37     44 
 20260319    16:47:04       2    144     36     45 
 20260319    16:47:04       3    139     35     43 
 20260319    16:47:34       0    136     35     42 
 20260319    16:47:34       1    143     37     44 
 20260319    16:47:34       2    144     36     45 
 20260319    16:47:34       3    139     35     43 
 20260319    16:48:04       0    137     35     42 
 20260319    16:48:04       1    143     37     44 
 20260319    16:48:04       2    144     36     45 
 20260319    16:48:04       3    139     35     43 
 20260319    16:48:34       0    136     35     42 
 20260319    16:48:34       1    143     37     44 
 20260319    16:48:34       2    144     36     45 
 20260319    16:48:34       3    139     35     42 
 20260319    16:49:04       0    137     35     43 
 20260319    16:49:04       1    144     37     44 
 20260319    16:49:04       2    144     36     45 
 20260319    16:49:04       3    139     35     43 
 20260319    16:49:34       0    136     35     43 
 20260319    16:49:34       1    144     37     44 
 20260319    16:49:34       2    144     36     45 
 20260319    16:49:34       3    139     35     43 
 20260319    16:50:04       0    136     35     43 
 20260319    16:50:04       1    144     37     45 
 20260319    16:50:04       2    144     37     45 
 20260319    16:50:04       3    139     35     43 
 20260319    16:50:34       0    136     35     42 
 20260319    16:50:34       1    144     37     44 
 20260319    16:50:34       2    145     37     45 
 20260319    16:50:34       3    139     35     43 
 20260319    16:51:04       0    136     35     43 
 20260319    16:51:04       1    144     37     44 
 20260319    16:51:04       2    144     37     46 
 20260319    16:51:04       3    139     35     43 
#Date        Time         gpu    pwr  gtemp  mtemp 
#YYYYMMDD    HH:MM:SS     Idx      W      C      C 
 20260319    16:51:34       0    136     35     42 
 20260319    16:51:34       1    144     37     45 
 20260319    16:51:34       2    144     37     45 
 20260319    16:51:34       3    139     35     43 
 20260319    16:52:04       0    136     35     43 
 20260319    16:52:04       1    143     37     45 
 20260319    16:52:04       2    144     37     45 
 20260319    16:52:04       3    139     35     43 
 20260319    16:52:34       0    136     35     43 
 20260319    16:52:34       1    144     37     44 
 20260319    16:52:34       2    145     36     45 
 20260319    16:52:34       3    139     35     42 
 20260319    16:53:04       0    136     35     42 
 20260319    16:53:04       1    143     37     44 
 20260319    16:53:04       2    145     36     45 
 20260319    16:53:04       3    139     35     42 
 20260319    16:53:34       0    136     35     43 
 20260319    16:53:34       1    143     37     44 
 20260319    16:53:34       2    145     36     45 
 20260319    16:53:34       3    139     35     41 
 20260319    16:54:04       0    136     35     42 
 20260319    16:54:04       1    143     37     44 
 20260319    16:54:04       2    145     36     45 
 20260319    16:54:04       3    138     35     41 
 20260319    16:54:34       0    136     35     42 
 20260319    16:54:34       1    143     37     44 
 20260319    16:54:34       2    144     36     45 
 20260319    16:54:34       3    138     35     42 
 20260319    16:55:04       0    136     35     42 
 20260319    16:55:04       1    143     37     44 
 20260319    16:55:04       2    145     36     45 
 20260319    16:55:04       3    139     35     41 
 20260319    16:55:34       0    136     35     42 
 20260319    16:55:34       1    143     37     44 
 20260319    16:55:34       2    145     36     45 
 20260319    16:55:34       3    138     35     41 
 20260319    16:56:04       0    136     35     43 
 20260319    16:56:04       1    143     37     44 
 20260319    16:56:04       2    144     36     45 
 20260319    16:56:04       3    138     35     41 
 20260319    16:56:34       0    136     35     42 
 20260319    16:56:34       1    143     37     44 
 20260319    16:56:34       2    145     36     45 
 20260319    16:56:34       3    139     35     42 
#Date        Time         gpu    pwr  gtemp  mtemp 
#YYYYMMDD    HH:MM:SS     Idx      W      C      C 
 20260319    16:57:04       0    136     35     43 
 20260319    16:57:04       1    143     37     44 
 20260319    16:57:04       2    144     36     45 
 20260319    16:57:04       3    138     35     41 
 20260319    16:57:34       0    136     35     42 
 20260319    16:57:34       1    143     37     44 
 20260319    16:57:34       2    145     36     45 
 20260319    16:57:34       3    138     35     41 
 20260319    16:58:04       0    137     35     43 
 20260319    16:58:04       1    143     37     44 
 20260319    16:58:04       2    144     36     45 
 20260319    16:58:04       3    138     35     41 
 20260319    16:58:34       0    136     35     42 
 20260319    16:58:34       1    143     37     44 
 20260319    16:58:34       2    144     36     45 
 20260319    16:58:34       3    138     35     41 
 20260319    16:59:04       0    137     35     42 
 20260319    16:59:04       1    143     37     44 
 20260319    16:59:04       2    144     36     45 
 20260319    16:59:04       3    138     35     41 
 20260319    16:59:34       0    136     35     43 
 20260319    16:59:34       1    143     37     44 
 20260319    16:59:34       2    145     36     45 
 20260319    16:59:34       3    138     35     41 
 20260319    17:00:04       0    136     35     43 
 20260319    17:00:04       1    143     37     44 
 20260319    17:00:04       2    144     36     45 
 20260319    17:00:04       3    139     35     42 
 20260319    17:00:34       0    136     35     43 
 20260319    17:00:34       1    143     37     44 
 20260319    17:00:34       2    145     36     45 
 20260319    17:00:34       3    138     35     43 
 20260319    17:01:04       0    137     35     43 
 20260319    17:01:04       1    144     37     44 
 20260319    17:01:04       2    144     36     45 
 20260319    17:01:04       3    139     35     43 
 20260319    17:01:34       0    136     35     43 
 20260319    17:01:34       1    143     37     44 
 20260319    17:01:34       2    145     36     45 
 20260319    17:01:34       3    138     35     41 
 20260319    17:02:04       0    136     35     42 
 20260319    17:02:04       1    143     37     44 
 20260319    17:02:04       2    145     36     45 
 20260319    17:02:04       3    138     35     43 
#Date        Time         gpu    pwr  gtemp  mtemp 
#YYYYMMDD    HH:MM:SS     Idx      W      C      C 
 20260319    17:02:34       0    137     35     43 
 20260319    17:02:34       1    143     37     44 
 20260319    17:02:34       2    144     36     45 
 20260319    17:02:34       3    139     35     42 
 20260319    17:03:04       0    137     35     42 
 20260319    17:03:04       1    143     37     44 
 20260319    17:03:04       2    144     36     45 
 20260319    17:03:04       3    139     35     41 
 20260319    17:03:34       0    137     35     43 
 20260319    17:03:34       1    143     37     44 
 20260319    17:03:34       2    144     36     45 
 20260319    17:03:34       3    139     35     42 
 20260319    17:04:04       0    136     35     42 
 20260319    17:04:04       1    143     37     44 
 20260319    17:04:04       2    144     36     45 
 20260319    17:04:04       3    139     35     42 
 20260319    17:04:34       0    136     35     42 
 20260319    17:04:34       1    143     37     44 
 20260319    17:04:34       2    145     36     45 
 20260319    17:04:34       3    139     35     41 
 20260319    17:05:04       0    136     35     42 
 20260319    17:05:04       1    143     37     44 
 20260319    17:05:04       2    144     36     45 
 20260319    17:05:04       3    139     35     42 
 20260319    17:05:34       0    136     35     42 
 20260319    17:05:34       1    143     37     44 
 20260319    17:05:34       2    144     36     45 
 20260319    17:05:34       3    139     35     42 
 20260319    17:06:04       0    136     35     43 
 20260319    17:06:04       1    143     37     44 
 20260319    17:06:04       2    144     36     45 
 20260319    17:06:04       3    139     35     41 
 20260319    17:06:34       0    136     35     42 
 20260319    17:06:34       1    143     37     44 
 20260319    17:06:34       2    145     36     45 
 20260319    17:06:34       3    139     35     41 
 20260319    17:07:04       0    136     35     42 
 20260319    17:07:04       1    143     37     44 
 20260319    17:07:04       2    145     36     45 
 20260319    17:07:04       3    139     35     41 
 20260319    17:07:34       0    136     35     42 
 20260319    17:07:34       1    143     37     44 
 20260319    17:07:34       2    145     36     45 
 20260319    17:07:34       3    139     35     41 
#Date        Time         gpu    pwr  gtemp  mtemp 
#YYYYMMDD    HH:MM:SS     Idx      W      C      C 
 20260319    17:08:04       0    137     35     42 
 20260319    17:08:04       1    143     37     44 
 20260319    17:08:04       2    144     36     45 
 20260319    17:08:04       3    139     35     42 
 20260319    17:08:34       0    137     35     42 
 20260319    17:08:34       1    143     37     44 
 20260319    17:08:34       2    144     36     45 
 20260319    17:08:34       3    139     35     42 
 20260319    17:09:04       0    136     35     42 
 20260319    17:09:04       1    143     37     44 
 20260319    17:09:04       2    144     36     45 
 20260319    17:09:04       3    139     35     41 
 20260319    17:09:34       0    136     35     42 
 20260319    17:09:34       1    143     37     44 
 20260319    17:09:34       2    144     36     45 
 20260319    17:09:34       3    139     35     42 
 20260319    17:10:04       0    137     35     42 
 20260319    17:10:04       1    143     37     44 
 20260319    17:10:04       2    144     36     45 
 20260319    17:10:04       3    139     35     42 
 20260319    17:10:34       0    137     35     42 
 20260319    17:10:34       1    143     37     44 
 20260319    17:10:34       2    144     36     45 
 20260319    17:10:34       3    139     35     41 
 20260319    17:11:04       0    137     35     42 
 20260319    17:11:04       1    143     37     44 
 20260319    17:11:04       2    144     36     45 
 20260319    17:11:04       3    139     35     42 
 20260319    17:11:34       0    136     35     42 
 20260319    17:11:34       1    143     37     44 
 20260319    17:11:34       2    144     36     45 
 20260319    17:11:34       3    139     35     42 
 20260319    17:12:04       0    136     35     42 
 20260319    17:12:04       1    143     37     44 
 20260319    17:12:04       2    144     36     45 
 20260319    17:12:04       3    139     35     41 
 20260319    17:12:34       0    136     35     42 
 20260319    17:12:34       1    143     37     44 
 20260319    17:12:34       2    145     36     45 
 20260319    17:12:34       3    139     35     42 
 20260319    17:13:04       0    137     35     42 
 20260319    17:13:04       1    143     37     44 
 20260319    17:13:04       2    144     36     45 
 20260319    17:13:04       3    139     35     43 
#Date        Time         gpu    pwr  gtemp  mtemp 
#YYYYMMDD    HH:MM:SS     Idx      W      C      C 
 20260319    17:13:34       0    136     35     43 
 20260319    17:13:34       1    143     37     44 
 20260319    17:13:34       2    145     36     45 
 20260319    17:13:34       3    139     35     43 
 20260319    17:14:04       0    137     35     43 
 20260319    17:14:04       1    143     37     44 
 20260319    17:14:04       2    144     36     45 
 20260319    17:14:04       3    139     35     43 
 20260319    17:14:34       0    137     35     42 
 20260319    17:14:34       1    143     37     44 
 20260319    17:14:34       2    145     36     45 
 20260319    17:14:34       3    139     35     43 
 20260319    17:15:04       0    136     35     43 
 20260319    17:15:04       1    143     37     44 
 20260319    17:15:04       2    144     36     45 
 20260319    17:15:04       3    139     35     43 
 20260319    17:15:34       0    136     35     43 
 20260319    17:15:34       1    143     37     44 
 20260319    17:15:34       2    144     36     45 
 20260319    17:15:34       3    139     35     43 
 20260319    17:16:04       0    136     35     43 
 20260319    17:16:04       1    143     37     44 
 20260319    17:16:04       2    144     36     45 
 20260319    17:16:04       3    139     35     43 
 20260319    17:16:34       0    137     35     42 
 20260319    17:16:34       1    143     37     45 
 20260319    17:16:34       2    145     36     45 
 20260319    17:16:34       3    139     35     42 
 20260319    17:17:04       0    136     35     43 
 20260319    17:17:04       1    143     37     45 
 20260319    17:17:04       2    144     36     45 
 20260319    17:17:04       3    139     35     43 
 20260319    17:17:34       0    136     35     42 
 20260319    17:17:34       1    143     37     44 
 20260319    17:17:34       2    144     36     45 
 20260319    17:17:34       3    139     35     41 
 20260319    17:18:04       0    136     35     43 
 20260319    17:18:04       1    143     37     44 
 20260319    17:18:04       2    145     36     45 
 20260319    17:18:04       3    139     35     43 
 20260319    17:18:34       0    136     35     42 
 20260319    17:18:34       1    143     37     44 
 20260319    17:18:34       2    144     36     45 
 20260319    17:18:34       3    139     35     43 
#Date        Time         gpu    pwr  gtemp  mtemp 
#YYYYMMDD    HH:MM:SS     Idx      W      C      C 
 20260319    17:19:04       0    136     35     42 
 20260319    17:19:04       1    143     37     44 
 20260319    17:19:04       2    144     36     45 
 20260319    17:19:04       3    139     35     42 
 20260319    17:19:34       0    136     35     42 
 20260319    17:19:34       1    143     37     44 
 20260319    17:19:34       2    145     36     45 
 20260319    17:19:34       3    139     35     43 
 20260319    17:20:04       0    137     35     42 
 20260319    17:20:04       1    143     37     44 
 20260319    17:20:04       2    144     36     45 
 20260319    17:20:04       3    139     35     42 
 20260319    17:20:34       0    136     35     42 
 20260319    17:20:34       1    143     37     44 
 20260319    17:20:34       2    144     36     45 
 20260319    17:20:34       3    139     35     41 
 20260319    17:21:04       0    136     35     42 
 20260319    17:21:04       1    143     37     44 
 20260319    17:21:04       2    144     36     45 
 20260319    17:21:04       3    139     35     42 
 20260319    17:21:34       0    136     35     42 
 20260319    17:21:34       1    143     37     44 
 20260319    17:21:34       2    144     36     45 
 20260319    17:21:34       3    139     35     42 
 20260319    17:22:04       0    137     35     42 
 20260319    17:22:04       1    143     37     44 
 20260319    17:22:04       2    144     36     45 
 20260319    17:22:04       3    139     35     41 
 20260319    17:22:34       0    137     35     42 
 20260319    17:22:34       1    143     37     44 
 20260319    17:22:34       2    144     36     45 
 20260319    17:22:34       3    139     35     41 
 20260319    17:23:04       0    136     35     42 
 20260319    17:23:04       1    143     37     44 
 20260319    17:23:04       2    144     36     45 
 20260319    17:23:04       3    139     35     41 
 20260319    17:23:34       0    136     35     42 
 20260319    17:23:34       1    143     37     44 
 20260319    17:23:34       2    144     36     45 
 20260319    17:23:34       3    139     35     43 
 20260319    17:24:04       0    136     35     43 
 20260319    17:24:04       1    143     37     44 
 20260319    17:24:04       2    144     36     45 
 20260319    17:24:04       3    139     35     41 
#Date        Time         gpu    pwr  gtemp  mtemp 
#YYYYMMDD    HH:MM:SS     Idx      W      C      C 
 20260319    17:24:34       0    136     35     42 
 20260319    17:24:34       1    143     37     44 
 20260319    17:24:34       2    144     36     45 
 20260319    17:24:34       3    139     35     41 
 20260319    17:25:04       0    136     35     43 
 20260319    17:25:04       1    143     37     44 
 20260319    17:25:04       2    144     36     45 
 20260319    17:25:04       3    139     35     41 
 20260319    17:25:34       0    136     35     42 
 20260319    17:25:34       1    143     37     44 
 20260319    17:25:34       2    144     36     45 
 20260319    17:25:34       3    139     35     41 
 20260319    17:26:04       0    136     35     42 
 20260319    17:26:04       1    143     37     44 
 20260319    17:26:04       2    144     36     45 
 20260319    17:26:04       3    139     35     41 
 20260319    17:26:34       0    136     35     42 
 20260319    17:26:34       1    143     37     44 
 20260319    17:26:34       2    144     36     45 
 20260319    17:26:34       3    139     35     41 
 20260319    17:27:04       0    152     36     43 
 20260319    17:27:04       1    156     38     45 
 20260319    17:27:04       2    152     36     45 
 20260319    17:27:04       3    147     35     42 
 20260319    17:27:34       0    145     36     43 
 20260319    17:27:34       1    153     38     44 
 20260319    17:27:34       2    153     37     45 
 20260319    17:27:34       3    148     36     43 
 20260319    17:28:04       0    136     35     42 
 20260319    17:28:04       1    144     37     44 
 20260319    17:28:04       2    145     36     45 
 20260319    17:28:04       3    140     35     42 
 20260319    17:28:34       0    136     35     43 
 20260319    17:28:34       1    143     37     44 
 20260319    17:28:34       2    145     36     45 
 20260319    17:28:34       3    140     35     41 
 20260319    17:29:04       0    136     35     43 
 20260319    17:29:04       1    143     37     44 
 20260319    17:29:04       2    145     36     45 
 20260319    17:29:04       3    140     35     41 
 20260319    17:29:34       0    136     35     43 
 20260319    17:29:34       1    143     37     44 
 20260319    17:29:34       2    145     36     45 
 20260319    17:29:34       3    140     35     41 
#Date        Time         gpu    pwr  gtemp  mtemp 
#YYYYMMDD    HH:MM:SS     Idx      W      C      C 
 20260319    17:30:04       0    136     35     43 
 20260319    17:30:04       1    144     37     44 
 20260319    17:30:04       2    145     36     45 
 20260319    17:30:04       3    140     35     41 
 20260319    17:30:35       0    136     35     42 
 20260319    17:30:35       1    144     37     44 
 20260319    17:30:35       2    145     36     45 
 20260319    17:30:35       3    140     35     42 
 20260319    17:31:05       0    136     35     42 
 20260319    17:31:05       1    143     37     44 
 20260319    17:31:05       2    144     36     45 
 20260319    17:31:05       3    140     35     43 
 20260319    17:31:35       0    136     35     43 
 20260319    17:31:35       1    143     37     44 
 20260319    17:31:35       2    145     36     45 
 20260319    17:31:35       3    140     35     41 
 20260319    17:32:05       0    136     35     42 
 20260319    17:32:05       1    144     37     44 
 20260319    17:32:05       2    145     36     45 
 20260319    17:32:05       3    140     35     42 
 20260319    17:32:35       0    136     35     43 
 20260319    17:32:35       1    144     37     45 
 20260319    17:32:35       2    144     36     45 
 20260319    17:32:35       3    139     35     43 
 20260319    17:33:05       0    136     35     43 
 20260319    17:33:05       1    144     37     45 
 20260319    17:33:05       2    144     36     45 
 20260319    17:33:05       3    139     35     43 
 20260319    17:33:35       0    136     35     43 
 20260319    17:33:35       1    144     37     44 
 20260319    17:33:35       2    144     36     45 
 20260319    17:33:35       3    139     35     42 
 20260319    17:34:05       0    149     37     44 
 20260319    17:34:05       1    157     38     46 
 20260319    17:34:05       2    157     38     45 
 20260319    17:34:05       3    151     36     43 
 20260319    17:34:35       0    136     35     43 
 20260319    17:34:35       1    144     37     44 
 20260319    17:34:35       2    144     37     45 
 20260319    17:34:35       3    139     35     43 
 20260319    17:35:05       0    151     37     43 
 20260319    17:35:05       1    159     39     46 
 20260319    17:35:05       2    159     38     45 
 20260319    17:35:05       3    153     37     43 
#Date        Time         gpu    pwr  gtemp  mtemp 
#YYYYMMDD    HH:MM:SS     Idx      W      C      C 
 20260319    17:35:35       0    137     35     43 
 20260319    17:35:35       1    145     37     44 
 20260319    17:35:35       2    146     37     45 
 20260319    17:35:35       3    141     35     43 
 20260319    17:36:05       0    137     35     43 
 20260319    17:36:05       1    145     37     44 
 20260319    17:36:05       2    146     37     46 
 20260319    17:36:05       3    141     35     43 
 20260319    17:36:35       0    137     35     43 
 20260319    17:36:35       1    144     37     44 
 20260319    17:36:35       2    146     36     45 
 20260319    17:36:35       3    139     35     42 
 20260319    17:37:05       0    137     35     43 
 20260319    17:37:05       1    144     37     45 
 20260319    17:37:05       2    146     36     45 
 20260319    17:37:05       3    140     35     43 
 20260319    17:37:35       0    137     35     43 
 20260319    17:37:35       1    144     37     44 
 20260319    17:37:35       2    146     36     45 
 20260319    17:37:35       3    140     35     43 
 20260319    17:38:05       0    136     35     43 
 20260319    17:38:05       1    144     37     44 
 20260319    17:38:05       2    146     36     45 
 20260319    17:38:05       3    140     35     42 
 20260319    17:38:35       0    136     35     42 
 20260319    17:38:35       1    144     37     44 
 20260319    17:38:35       2    146     36     45 
 20260319    17:38:35       3    140     35     42 
 20260319    17:39:05       0    137     35     42 
 20260319    17:39:05       1    144     37     44 
 20260319    17:39:05       2    145     36     45 
 20260319    17:39:05       3    140     35     43 
 20260319    17:39:35       0    136     35     43 
 20260319    17:39:35       1    144     37     44 
 20260319    17:39:35       2    146     36     45 
 20260319    17:39:35       3    140     35     42 
 20260319    17:40:05       0    136     35     43 
 20260319    17:40:05       1    144     38     44 
 20260319    17:40:05       2    145     37     46 
 20260319    17:40:05       3    139     35     43 
 20260319    17:40:35       0    136     35     42 
 20260319    17:40:35       1    143     37     44 
 20260319    17:40:35       2    144     36     45 
 20260319    17:40:35       3    139     35     43 
#Date        Time         gpu    pwr  gtemp  mtemp 
#YYYYMMDD    HH:MM:SS     Idx      W      C      C 
 20260319    17:41:05       0    137     35     43 
 20260319    17:41:05       1    144     37     44 
 20260319    17:41:05       2    145     36     45 
 20260319    17:41:05       3    140     35     41 
 20260319    17:41:35       0    136     35     42 
 20260319    17:41:35       1    144     37     44 
 20260319    17:41:35       2    145     36     45 
 20260319    17:41:35       3    140     35     41 
 20260319    17:42:05       0    136     35     42 
 20260319    17:42:05       1    144     37     44 
 20260319    17:42:05       2    145     36     45 
 20260319    17:42:05       3    140     35     41 
 20260319    17:42:35       0    136     35     42 
 20260319    17:42:35       1    144     37     44 
 20260319    17:42:35       2    145     36     45 
 20260319    17:42:35       3    140     35     41 
 20260319    17:43:05       0    137     35     42 
 20260319    17:43:05       1    144     37     44 
 20260319    17:43:05       2    145     36     45 
 20260319    17:43:05       3    140     35     43 
 20260319    17:43:35       0    136     35     42 
 20260319    17:43:35       1    144     37     44 
 20260319    17:43:35       2    145     36     45 
 20260319    17:43:35       3    140     35     41 
 20260319    17:44:05       0    136     35     42 
 20260319    17:44:05       1    144     37     44 
 20260319    17:44:05       2    145     36     45 
 20260319    17:44:05       3    140     35     41 
 20260319    17:44:35       0    136     35     42 
 20260319    17:44:35       1    144     37     44 
 20260319    17:44:35       2    145     36     45 
 20260319    17:44:35       3    140     35     41 
 20260319    17:45:05       0    136     35     42 
 20260319    17:45:05       1    144     37     44 
 20260319    17:45:05       2    145     36     45 
 20260319    17:45:05       3    140     35     41 
 20260319    17:45:35       0    136     35     42 
 20260319    17:45:35       1    144     37     44 
 20260319    17:45:35       2    144     36     45 
 20260319    17:45:35       3    139     35     42 
 20260319    17:46:05       0    136     35     43 
 20260319    17:46:05       1    143     37     44 
 20260319    17:46:05       2    145     36     45 
 20260319    17:46:05       3    139     35     41 
#Date        Time         gpu    pwr  gtemp  mtemp 
#YYYYMMDD    HH:MM:SS     Idx      W      C      C 
 20260319    17:46:35       0    147     35     43 
 20260319    17:46:35       1    153     37     44 
 20260319    17:46:35       2    154     37     45 
 20260319    17:46:35       3    149     36     43 
 20260319    17:47:05       0    137     35     43 
 20260319    17:47:05       1    145     37     44 
 20260319    17:47:05       2    145     36     45 
 20260319    17:47:05       3    140     35     41 
 20260319    17:47:35       0    136     35     42 
 20260319    17:47:35       1    145     37     44 
 20260319    17:47:35       2    145     36     45 
 20260319    17:47:35       3    140     35     41 
 20260319    17:48:05       0    136     35     42 
 20260319    17:48:05       1    144     37     44 
 20260319    17:48:05       2    145     36     45 
 20260319    17:48:05       3    140     35     41 
 20260319    17:48:35       0    136     35     43 
 20260319    17:48:35       1    144     37     44 
 20260319    17:48:35       2    145     36     45 
 20260319    17:48:35       3    140     35     41 
 20260319    17:49:05       0    136     35     42 
 20260319    17:49:05       1    144     37     44 
 20260319    17:49:05       2    145     36     45 
 20260319    17:49:05       3    140     35     42 
 20260319    17:49:35       0    136     35     42 
 20260319    17:49:35       1    144     37     44 
 20260319    17:49:35       2    146     36     45 
 20260319    17:49:35       3    140     35     42 
 20260319    17:50:05       0    136     35     42 
 20260319    17:50:05       1    144     37     44 
 20260319    17:50:05       2    145     36     45 
 20260319    17:50:05       3    140     35     41 
 20260319    17:50:35       0    136     35     42 
 20260319    17:50:35       1    144     37     44 
 20260319    17:50:35       2    145     36     45 
 20260319    17:50:35       3    139     35     41 
 20260319    17:51:05       0    136     35     42 
 20260319    17:51:05       1    144     37     44 
 20260319    17:51:05       2    146     36     45 
 20260319    17:51:05       3    140     35     41 
 20260319    17:51:35       0    151     36     43 
 20260319    17:51:35       1    159     38     44 
 20260319    17:51:35       2    158     37     45 
 20260319    17:51:35       3    152     36     43 
#Date        Time         gpu    pwr  gtemp  mtemp 
#YYYYMMDD    HH:MM:SS     Idx      W      C      C 
 20260319    17:52:05       0    137     36     43 
 20260319    17:52:05       1    147     38     44 
 20260319    17:52:05       2    147     37     45 
 20260319    17:52:05       3    141     36     42 
 20260319    17:52:35       0    137     35     43 
 20260319    17:52:35       1    144     37     44 
 20260319    17:52:35       2    145     36     45 
 20260319    17:52:35       3    138     35     41 
 20260319    17:53:05       0    137     35     42 
 20260319    17:53:05       1    143     37     44 
 20260319    17:53:05       2    145     36     45 
 20260319    17:53:05       3    139     35     41 
 20260319    17:53:35       0    137     35     42 
 20260319    17:53:35       1    144     37     44 
 20260319    17:53:35       2    145     36     45 
 20260319    17:53:35       3    139     35     42 
 20260319    17:54:05       0    137     35     43 
 20260319    17:54:05       1    143     37     44 
 20260319    17:54:05       2    145     36     45 
 20260319    17:54:05       3    139     35     41 
 20260319    17:54:35       0    137     35     43 
 20260319    17:54:35       1    143     37     44 
 20260319    17:54:35       2    145     36     45 
 20260319    17:54:35       3    139     35     41 
 20260319    17:55:05       0    136     35     42 
 20260319    17:55:05       1    144     37     44 
 20260319    17:55:05       2    145     36     45 
 20260319    17:55:05       3    139     35     41 
 20260319    17:55:35       0    137     35     42 
 20260319    17:55:35       1    143     37     44 
 20260319    17:55:35       2    145     36     45 
 20260319    17:55:35       3    139     35     41 
 20260319    17:56:05       0    137     35     42 
 20260319    17:56:05       1    143     37     44 
 20260319    17:56:05       2    145     36     45 
 20260319    17:56:05       3    139     35     41 
 20260319    17:56:35       0    137     35     42 
 20260319    17:56:35       1    144     37     44 
 20260319    17:56:35       2    145     36     45 
 20260319    17:56:35       3    139     35     41 
 20260319    17:57:05       0    145     36     43 
 20260319    17:57:05       1    153     38     44 
 20260319    17:57:05       2    154     37     45 
 20260319    17:57:05       3    148     35     43 
#Date        Time         gpu    pwr  gtemp  mtemp 
#YYYYMMDD    HH:MM:SS     Idx      W      C      C 
 20260319    17:57:35       0    155     38     49 
 20260319    17:57:35       1    161     39     50 
 20260319    17:57:35       2    171     38     48 
 20260319    17:57:35       3    147     35     45 
 20260319    17:58:05       0    137     35     43 
 20260319    17:58:05       1    145     37     45 
 20260319    17:58:05       2    147     36     45 
 20260319    17:58:05       3    140     35     41 
 20260319    17:58:35       0    137     35     42 
 20260319    17:58:35       1    145     37     44 
 20260319    17:58:35       2    146     36     45 
 20260319    17:58:35       3    140     35     41 
 20260319    17:59:05       0    137     35     42 
 20260319    17:59:05       1    145     37     44 
 20260319    17:59:05       2    146     36     45 
 20260319    17:59:05       3    139     35     41 
 20260319    17:59:35       0    137     35     42 
 20260319    17:59:35       1    144     37     44 
 20260319    17:59:35       2    146     36     45 
 20260319    17:59:35       3    139     35     41 
 20260319    18:00:05       0    136     35     43 
 20260319    18:00:05       1    144     37     44 
 20260319    18:00:05       2    146     36     45 
 20260319    18:00:05       3    140     35     41 
 20260319    18:00:35       0    136     35     42 
 20260319    18:00:35       1    144     37     44 
 20260319    18:00:35       2    146     36     45 
 20260319    18:00:35       3    140     35     41 
 20260319    18:01:05       0    136     35     42 
 20260319    18:01:05       1    144     37     44 
 20260319    18:01:05       2    146     36     45 
 20260319    18:01:05       3    140     35     41 
 20260319    18:01:35       0    136     35     42 
 20260319    18:01:35       1    144     37     44 
 20260319    18:01:35       2    145     36     45 
 20260319    18:01:35       3    139     35     41 
 20260319    18:02:05       0    136     35     42 
 20260319    18:02:05       1    144     37     44 
 20260319    18:02:05       2    145     36     45 
 20260319    18:02:05       3    140     35     42 
 20260319    18:02:35       0    136     35     42 
 20260319    18:02:35       1    144     37     44 
 20260319    18:02:35       2    145     36     45 
 20260319    18:02:35       3    139     35     41 
#Date        Time         gpu    pwr  gtemp  mtemp 
#YYYYMMDD    HH:MM:SS     Idx      W      C      C 
 20260319    18:03:05       0    136     35     43 
 20260319    18:03:05       1    144     37     44 
 20260319    18:03:05       2    145     37     45 
 20260319    18:03:05       3    139     35     43 
 20260319    18:03:35       0    136     35     43 
 20260319    18:03:35       1    144     37     45 
 20260319    18:03:35       2    146     36     45 
 20260319    18:03:35       3    140     35     43 
 20260319    18:04:05       0    136     35     42 
 20260319    18:04:05       1    144     37     44 
 20260319    18:04:05       2    145     36     45 
 20260319    18:04:05       3    140     35     41 
 20260319    18:04:35       0    137     35     42 
 20260319    18:04:35       1    144     37     44 
 20260319    18:04:35       2    145     36     45 
 20260319    18:04:35       3    139     35     42 
 20260319    18:05:05       0    137     35     42 
 20260319    18:05:05       1    144     37     44 
 20260319    18:05:05       2    145     36     45 
 20260319    18:05:05       3    139     35     42 
 20260319    18:05:35       0    137     35     42 
 20260319    18:05:35       1    144     37     44 
 20260319    18:05:35       2    145     36     45 
 20260319    18:05:35       3    139     35     41 
 20260319    18:06:05       0    136     35     42 
 20260319    18:06:05       1    144     37     44 
 20260319    18:06:05       2    145     36     45 
 20260319    18:06:05       3    139     35     41 
 20260319    18:06:35       0    137     35     42 
 20260319    18:06:35       1    144     37     44 
 20260319    18:06:35       2    145     36     45 
 20260319    18:06:35       3    139     35     43 
 20260319    18:07:05       0    136     35     42 
 20260319    18:07:05       1    144     37     44 
 20260319    18:07:05       2    145     36     45 
 20260319    18:07:05       3    139     35     41 
 20260319    18:07:35       0    136     35     43 
 20260319    18:07:35       1    144     37     44 
 20260319    18:07:35       2    145     36     45 
 20260319    18:07:35       3    139     35     43 
 20260319    18:08:05       0    137     35     42 
 20260319    18:08:05       1    144     37     44 
 20260319    18:08:05       2    145     36     45 
 20260319    18:08:05       3    139     35     41 
#Date        Time         gpu    pwr  gtemp  mtemp 
#YYYYMMDD    HH:MM:SS     Idx      W      C      C 
 20260319    18:08:35       0    136     35     42 
 20260319    18:08:35       1    143     37     44 
 20260319    18:08:35       2    144     36     45 
 20260319    18:08:35       3    139     35     41 
 20260319    18:09:05       0    151     36     43 
 20260319    18:09:05       1    158     38     44 
 20260319    18:09:05       2    159     37     45 
 20260319    18:09:05       3    154     36     43 
 20260319    18:09:35       0    136     35     42 
 20260319    18:09:35       1    144     37     44 
 20260319    18:09:35       2    145     36     45 
 20260319    18:09:35       3    140     35     41 
 20260319    18:10:05       0    137     35     42 
 20260319    18:10:05       1    144     37     44 
 20260319    18:10:05       2    146     36     45 
 20260319    18:10:05       3    140     35     41 
 20260319    18:10:35       0    136     35     42 
 20260319    18:10:35       1    144     37     44 
 20260319    18:10:35       2    146     36     45 
 20260319    18:10:35       3    140     35     41 
 20260319    18:11:05       0    136     35     42 
 20260319    18:11:05       1    143     36     44 
 20260319    18:11:05       2    145     36     45 
 20260319    18:11:05       3    139     35     41 
 20260319    18:11:35       0    136     35     42 
 20260319    18:11:35       1    143     36     44 
 20260319    18:11:35       2    144     36     45 
 20260319    18:11:35       3    139     35     41 
 20260319    18:12:05       0    136     35     42 
 20260319    18:12:05       1    143     36     44 
 20260319    18:12:05       2    145     36     45 
 20260319    18:12:05       3    140     35     41 
 20260319    18:12:35       0    136     35     42 
 20260319    18:12:35       1    143     36     44 
 20260319    18:12:35       2    144     36     45 
 20260319    18:12:35       3    140     35     41 
 20260319    18:13:05       0    136     35     42 
 20260319    18:13:05       1    143     36     44 
 20260319    18:13:05       2    145     36     44 
 20260319    18:13:05       3    140     35     41 
 20260319    18:13:35       0    136     35     42 
 20260319    18:13:35       1    143     36     44 
 20260319    18:13:35       2    145     36     45 
 20260319    18:13:35       3    140     35     41 
#Date        Time         gpu    pwr  gtemp  mtemp 
#YYYYMMDD    HH:MM:SS     Idx      W      C      C 
 20260319    18:14:05       0    137     35     42 
 20260319    18:14:05       1    143     37     44 
 20260319    18:14:05       2    144     36     45 
 20260319    18:14:05       3    139     35     41 
 20260319    18:14:35       0    136     34     42 
 20260319    18:14:35       1    143     36     44 
 20260319    18:14:35       2    144     36     45 
 20260319    18:14:35       3    139     34     41 
 20260319    18:15:05       0    136     35     42 
 20260319    18:15:05       1    143     36     44 
 20260319    18:15:05       2    145     36     45 
 20260319    18:15:05       3    139     34     42 
 20260319    18:15:35       0    137     35     42 
 20260319    18:15:35       1    143     36     44 
 20260319    18:15:35       2    145     36     45 
 20260319    18:15:35       3    139     34     41 
 20260319    18:16:05       0    136     35     42 
 20260319    18:16:05       1    143     36     44 
 20260319    18:16:05       2    145     36     45 
 20260319    18:16:05       3    139     34     41 
 20260319    18:16:35       0    137     35     42 
 20260319    18:16:35       1    143     36     44 
 20260319    18:16:35       2    145     36     45 
 20260319    18:16:35       3    139     34     41 
 20260319    18:17:05       0    137     35     42 
 20260319    18:17:05       1    143     36     44 
 20260319    18:17:05       2    145     36     45 
 20260319    18:17:05       3    139     35     41 
 20260319    18:17:35       0    137     35     42 
 20260319    18:17:35       1    143     36     44 
 20260319    18:17:35       2    145     36     45 
 20260319    18:17:35       3    139     35     41 
 20260319    18:18:05       0    136     35     42 
 20260319    18:18:05       1    143     36     44 
 20260319    18:18:05       2    145     36     45 
 20260319    18:18:05       3    139     35     41 
 20260319    18:18:35       0    136     35     42 
 20260319    18:18:35       1    143     36     44 
 20260319    18:18:35       2    145     36     45 
 20260319    18:18:35       3    139     35     41 
