rm: cannot remove 'WAVECAR': No such file or directory
 running  512 mpi-ranks, with    8 threads/rank, on   16 nodes
 distrk:  each k-point on  512 cores,    1 groups
 distr:  one band on    1 cores,  512 groups
 Offloading initialized ...   64 GPUs detected
 WARNING: INIT_OFFLOAD: several MPI-ranks need to share a GPU, which is not
     supported by NCCL. The use of NCCL will be switched off. To avoid this,
     reduce the number of MPI-ranks: #-of-ranks <= #-of-GPUs (on every node!).

slurmstepd: error: Detected 1 oom_kill event in StepId=3187725.0. Some of the step tasks have been OOM Killed.
srun: error: nid011119: task 200: Out Of Memory
srun: Terminating StepId=3187725.0
slurmstepd: error: *** STEP 3187725.0 ON nid011102 CANCELLED AT 2026-03-19T17:46:54 ***
srun: error: nid011124: tasks 224-255: Terminated
srun: error: nid011125: tasks 256-287: Terminated
srun: error: nid011102: tasks 0-31: Terminated
srun: error: nid011138: tasks 416-447: Terminated
srun: error: nid011118: tasks 160-191: Terminated
srun: error: nid011114: tasks 96-127: Terminated
srun: error: nid011130: tasks 288-319: Terminated
srun: error: nid011117: tasks 128-159: Terminated
srun: error: nid011140: tasks 448-479: Terminated
srun: error: nid011106: tasks 32-63: Terminated
srun: error: nid011111: tasks 64-95: Terminated
srun: error: nid011136: tasks 384-415: Terminated
srun: error: nid011141: tasks 480-511: Terminated
srun: error: nid011131: tasks 320-351: Terminated
srun: error: nid011134: tasks 352-383: Terminated
srun: Force Terminated StepId=3187725.0
