rm: cannot remove 'WAVECAR': No such file or directory
 running 1024 mpi-ranks, with    8 threads/rank, on   32 nodes
 distrk:  each k-point on 1024 cores,    1 groups
 distr:  one band on    1 cores, 1024 groups
 Offloading initialized ...  128 GPUs detected
 WARNING: INIT_OFFLOAD: several MPI-ranks need to share a GPU, which is not
     supported by NCCL. The use of NCCL will be switched off. To avoid this,
     reduce the number of MPI-ranks: #-of-ranks <= #-of-GPUs (on every node!).

slurmstepd: error: Detected 1 oom_kill event in StepId=3290158.0. Some of the step tasks have been OOM Killed.
srun: error: nid011203: task 951: Out Of Memory
srun: Terminating StepId=3290158.0
slurmstepd: error: *** STEP 3290158.0 ON nid011150 CANCELLED AT 2026-03-23T18:38:40 ***
srun: error: nid011161: tasks 352-381,383: Terminated
srun: error: nid011164: tasks 448-477,479: Terminated
srun: error: nid011156: tasks 192-222: Terminated
srun: error: nid011204: tasks 960-989,991: Terminated
srun: error: nid011157: tasks 224-253,255: Terminated
srun: error: nid011154: tasks 128-157,159: Terminated
srun: error: nid011158: tasks 256-286: Terminated
srun: error: nid011152: tasks 64-93,95: Terminated
srun: error: nid011167: tasks 544-574: Terminated
srun: error: nid011150: tasks 0-30: Terminated
srun: error: nid011160: tasks 320-349,351: Terminated
srun: error: nid011168: tasks 576-606: Terminated
srun: error: nid011166: tasks 512-541,543: Terminated
srun: error: nid011165: tasks 480-509,511: Terminated
srun: error: nid011162: tasks 384-414: Terminated
srun: error: nid011169: tasks 608-633,635-639: Terminated
srun: error: nid011163: tasks 416-445,447: Terminated
srun: error: nid011171: tasks 672-702: Terminated
srun: error: nid011185: tasks 768-797,799: Terminated
srun: error: nid011151: tasks 32-60,62-63: Terminated
srun: error: nid011206: tasks 992-1022: Terminated
srun: error: nid011187: tasks 832-861,863: Terminated
srun: error: nid011153: tasks 96-125,127: Terminated
srun: error: nid011183: tasks 704-734: Terminated
srun: error: nid011170: tasks 640-670: Terminated
srun: error: nid011195: tasks 864-894: Terminated
srun: error: nid011186: tasks 800-828,830-831: Terminated
srun: error: nid011184: tasks 736-764,766-767: Terminated
srun: error: nid011196: tasks 896-926: Terminated
srun: error: nid011159: tasks 288-315,317-319: Terminated
srun: error: nid011155: tasks 160-188,190-191: Terminated
slurmstepd: error: Failed to destroy CXI Service ID 5 (cxi1): Device or resource busy
slurmstepd: error: Failed to destroy CXI Service ID 5 (cxi0): Device or resource busy
srun: error: nid011156: task 223: Terminated
srun: error: nid011167: task 575: Terminated
srun: error: nid011204: task 990: Terminated
srun: error: nid011157: task 254: Terminated
srun: error: nid011150: task 31: Terminated
srun: error: nid011169: task 634: Terminated
srun: error: nid011160: task 350: Terminated
srun: error: nid011159: task 316: Terminated
srun: error: nid011206: task 1023: Terminated
srun: error: nid011171: task 703: Terminated
srun: error: nid011152: task 94: Terminated
srun: error: nid011155: task 189: Terminated
srun: error: nid011153: task 126: Terminated
srun: error: nid011165: task 510: Terminated
srun: error: nid011151: task 61: Terminated
srun: error: nid011195: task 895: Terminated
srun: error: nid011164: task 478: Terminated
srun: error: nid011184: task 765: Terminated
srun: error: nid011168: task 607: Terminated
srun: error: nid011154: task 158: Terminated
srun: error: nid011183: task 735: Terminated
srun: error: nid011187: task 862: Terminated
srun: error: nid011185: task 798: Terminated
srun: error: nid011170: task 671: Terminated
srun: error: nid011166: task 542: Terminated
srun: error: nid011163: task 446: Terminated
srun: error: nid011196: task 927: Terminated
srun: error: nid011162: task 415: Terminated
srun: error: nid011158: task 287: Terminated
srun: error: nid011186: task 829: Terminated
srun: error: nid011161: task 382: Terminated
srun: Force Terminated StepId=3290158.0
